[DESKTOP] baseDir: D:\test
[DESKTOP] dataDir: D:\test\xhs-data
[DESKTOP] backend exe: D:\test\xhs-data\backend\xhs-mcp.exe
[DESKTOP] chromium: D:\test\chromium\chrome-win64\chrome.exe
[DESKTOP] starting backend process...
time="2026-01-06T10:08:49+08:00" level=info msg="Registered 18 MCP tools"
time="2026-01-06T10:08:49+08:00" level=info msg="MCP Server initialized with official SDK"
time="2026-01-06T10:08:49+08:00" level=info msg="启动 HTTP 服务器: :18060"
[GIN] 2026/01/06 - 10:08:49 | 200 |            0s |       127.0.0.1 | GET      "/api/v1/health"
time="2026-01-06T10:08:49+08:00" level=info msg="GET /api/v1/license/status  200"
[GIN] 2026/01/06 - 10:08:49 | 200 |         504µs |       127.0.0.1 | GET      "/api/v1/license/status"
time="2026-01-06T10:08:49+08:00" level=info msg="GET /api/v1/license/machine-id  200"
[GIN] 2026/01/06 - 10:08:49 | 200 |     25.5795ms |       127.0.0.1 | GET      "/api/v1/license/machine-id"
time="2026-01-06T10:08:57+08:00" level=info msg="GET /api/v1/license/status  200"
[GIN] 2026/01/06 - 10:08:57 | 200 |            0s |       127.0.0.1 | GET      "/api/v1/license/status"
time="2026-01-06T10:08:57+08:00" level=info msg="GET /api/v1/accounts  200"
[GIN] 2026/01/06 - 10:08:57 | 200 |            0s |       127.0.0.1 | GET      "/api/v1/accounts"
time="2026-01-06T10:09:04+08:00" level=info msg="browser launch: using attempt-level timeout control"
time="2026-01-06T10:09:04+08:00" level=info msg="cleanupUserDataLocks: cleaning dir=D:\\test\\xhs-data\\profiles\\acc_4\\profile"
time="2026-01-06T10:09:04+08:00" level=debug msg="cleanupUserDataLocks: D:\\test\\xhs-data\\profiles\\acc_4\\profile\\SingletonLock does not exist"
time="2026-01-06T10:09:04+08:00" level=debug msg="cleanupUserDataLocks: D:\\test\\xhs-data\\profiles\\acc_4\\profile\\SingletonCookie does not exist"
time="2026-01-06T10:09:04+08:00" level=debug msg="cleanupUserDataLocks: D:\\test\\xhs-data\\profiles\\acc_4\\profile\\SingletonSocket does not exist"
time="2026-01-06T10:09:04+08:00" level=info msg="cleanupUserDataLocks: removed D:\\test\\xhs-data\\profiles\\acc_4\\profile\\DevToolsActivePort"
time="2026-01-06T10:09:04+08:00" level=info msg="cleanupUserDataLocks: cleaned 1 lock files"
time="2026-01-06T10:09:04+08:00" level=info msg="browser launch: ===== Attempt 1 START ====="
time="2026-01-06T10:09:04+08:00" level=info msg="browser launch: created independent attempt context with 30s timeout"
time="2026-01-06T10:09:04+08:00" level=info msg="browser launch: headless=false mode (visible window)"
time="2026-01-06T10:09:04+08:00" level=info msg="browser launch: created launcher"
time="2026-01-06T10:09:04+08:00" level=info msg="browser launch: headless=false bin=\"D:\\\\test\\\\chromium\\\\chrome-win64\\\\chrome.exe\" userData=\"D:\\\\test\\\\xhs-data\\\\profiles\\\\acc_4\\\\profile\" proxy=\"\" (attempt 1)"
time="2026-01-06T10:09:04+08:00" level=info msg="browser launch args: --disable-background-networking --disable-background-timer-throttling --disable-backgrounding-occluded-windows --disable-breakpad --disable-client-side-phishing-detection --disable-component-extensions-with-background-pages --disable-default-apps --disable-dev-shm-usage --disable-features=site-per-process,TranslateUI --disable-hang-monitor --disable-ipc-flooding-protection --disable-popup-blocking --disable-prompt-on-repost --disable-renderer-backgrounding --disable-site-isolation-trials --disable-sync --enable-automation --enable-features=NetworkService,NetworkServiceInProcess --force-color-profile=srgb --lang=zh-CN --metrics-recording-only --no-default-browser-check --no-first-run --no-sandbox --no-startup-window --remote-debugging-port=0 --use-mock-keychain --user-agent=Mozilla/5.0 (Macintosh; Intel Mac OS X 10_15_7) AppleWebKit/537.36 (KHTML, like Gecko) Chrome/125.0.0.144 Safari/537.36 --user-data-dir=D:\\test\\xhs-data\\profiles\\acc_4\\profile"
time="2026-01-06T10:09:04+08:00" level=info msg="browser launch: cleaning locks before launch"
time="2026-01-06T10:09:04+08:00" level=info msg="cleanupUserDataLocks: cleaning dir=D:\\test\\xhs-data\\profiles\\acc_4\\profile"
time="2026-01-06T10:09:04+08:00" level=debug msg="cleanupUserDataLocks: D:\\test\\xhs-data\\profiles\\acc_4\\profile\\SingletonLock does not exist"
time="2026-01-06T10:09:04+08:00" level=debug msg="cleanupUserDataLocks: D:\\test\\xhs-data\\profiles\\acc_4\\profile\\SingletonCookie does not exist"
time="2026-01-06T10:09:04+08:00" level=debug msg="cleanupUserDataLocks: D:\\test\\xhs-data\\profiles\\acc_4\\profile\\SingletonSocket does not exist"
time="2026-01-06T10:09:04+08:00" level=debug msg="cleanupUserDataLocks: D:\\test\\xhs-data\\profiles\\acc_4\\profile\\DevToolsActivePort does not exist"
time="2026-01-06T10:09:04+08:00" level=info msg="cleanupUserDataLocks: cleaned 0 lock files"
time="2026-01-06T10:09:04+08:00" level=info msg="browser launch: lock cleanup completed"
time="2026-01-06T10:09:04+08:00" level=info msg="browser launch: about to call l.Launch()..."
time="2026-01-06T10:09:04+08:00" level=info msg="browser launch: ===== Attempt 1 EXECUTING LAUNCH ====="
DevTools listening on ws://127.0.0.1:14066/devtools/browser/a645e0d0-80f4-45e7-ab71-0fd015bcd034
time="2026-01-06T10:09:05+08:00" level=info msg="browser launch: ===== Attempt 1 LAUNCH RETURNED (duration: 385.6223ms) ====="
time="2026-01-06T10:09:05+08:00" level=info msg="browser launch: SUCCESS! control url=ws://127.0.0.1:14066/devtools/browser/a645e0d0-80f4-45e7-ab71-0fd015bcd034"
time="2026-01-06T10:09:05+08:00" level=info msg="browser launch: ===== Attempt 1 COMPLETED SUCCESSFULLY ====="
time="2026-01-06T10:09:05+08:00" level=info msg="browser connect: connecting to Chromium"
time="2026-01-06T10:09:05+08:00" level=info msg="browser connect: success"
time="2026-01-06T10:09:05+08:00" level=debug msg="loaded cookies from D:\\test\\xhs-data\\cookies\\acc_4\\cookies.json"
time="2026-01-06T10:09:05+08:00" level=warning msg="apply fingerprint failed: eval js error: TypeError: Cannot read properties of undefined (reading 'apply')\n    at <anonymous>:29:7 <nil>"
time="2026-01-06T10:09:05+08:00" level=info msg="started visible browser window for account acc_4"
time="2026-01-06T10:09:05+08:00" level=info msg="POST /api/v1/accounts/4/start  200"
[GIN] 2026/01/06 - 10:09:05 | 200 |    557.4398ms |       127.0.0.1 | POST     "/api/v1/accounts/4/start"
time="2026-01-06T10:09:06+08:00" level=info msg="GET /api/v1/accounts  200"
[GIN] 2026/01/06 - 10:09:06 | 200 |            0s |       127.0.0.1 | GET      "/api/v1/accounts"
time="2026-01-06T10:09:06+08:00" level=info msg="GET /api/v1/accounts  200"
[GIN] 2026/01/06 - 10:09:06 | 200 |            0s |       127.0.0.1 | GET      "/api/v1/accounts"
time="2026-01-06T10:09:49+08:00" level=info msg="browser launch: using attempt-level timeout control"
time="2026-01-06T10:09:49+08:00" level=info msg="cleanupUserDataLocks: cleaning dir=D:\\test\\xhs-data\\profiles\\acc_4\\profile"
time="2026-01-06T10:09:49+08:00" level=debug msg="cleanupUserDataLocks: D:\\test\\xhs-data\\profiles\\acc_4\\profile\\SingletonLock does not exist"
time="2026-01-06T10:09:49+08:00" level=debug msg="cleanupUserDataLocks: D:\\test\\xhs-data\\profiles\\acc_4\\profile\\SingletonCookie does not exist"
time="2026-01-06T10:09:49+08:00" level=debug msg="cleanupUserDataLocks: D:\\test\\xhs-data\\profiles\\acc_4\\profile\\SingletonSocket does not exist"
time="2026-01-06T10:09:49+08:00" level=info msg="cleanupUserDataLocks: removed D:\\test\\xhs-data\\profiles\\acc_4\\profile\\DevToolsActivePort"
time="2026-01-06T10:09:49+08:00" level=info msg="cleanupUserDataLocks: cleaned 1 lock files"
time="2026-01-06T10:09:49+08:00" level=info msg="browser launch: ===== Attempt 1 START ====="
time="2026-01-06T10:09:49+08:00" level=info msg="browser launch: created independent attempt context with 30s timeout"
time="2026-01-06T10:09:49+08:00" level=info msg="browser launch: headless=false mode (visible window)"
time="2026-01-06T10:09:49+08:00" level=info msg="browser launch: created launcher"
time="2026-01-06T10:09:49+08:00" level=info msg="browser launch: headless=false bin=\"D:\\\\test\\\\chromium\\\\chrome-win64\\\\chrome.exe\" userData=\"D:\\\\test\\\\xhs-data\\\\profiles\\\\acc_4\\\\profile\" proxy=\"\" (attempt 1)"
time="2026-01-06T10:09:49+08:00" level=info msg="browser launch args: --disable-background-networking --disable-background-timer-throttling --disable-backgrounding-occluded-windows --disable-breakpad --disable-client-side-phishing-detection --disable-component-extensions-with-background-pages --disable-default-apps --disable-dev-shm-usage --disable-features=site-per-process,TranslateUI --disable-hang-monitor --disable-ipc-flooding-protection --disable-popup-blocking --disable-prompt-on-repost --disable-renderer-backgrounding --disable-site-isolation-trials --disable-sync --enable-automation --enable-features=NetworkService,NetworkServiceInProcess --force-color-profile=srgb --lang=zh-CN --metrics-recording-only --no-default-browser-check --no-first-run --no-sandbox --no-startup-window --remote-debugging-port=0 --use-mock-keychain --user-agent=Mozilla/5.0 (Macintosh; Intel Mac OS X 10_15_7) AppleWebKit/537.36 (KHTML, like Gecko) Chrome/125.0.0.144 Safari/537.36 --user-data-dir=D:\\test\\xhs-data\\profiles\\acc_4\\profile"
time="2026-01-06T10:09:49+08:00" level=info msg="browser launch: cleaning locks before launch"
time="2026-01-06T10:09:49+08:00" level=info msg="cleanupUserDataLocks: cleaning dir=D:\\test\\xhs-data\\profiles\\acc_4\\profile"
time="2026-01-06T10:09:49+08:00" level=debug msg="cleanupUserDataLocks: D:\\test\\xhs-data\\profiles\\acc_4\\profile\\SingletonLock does not exist"
time="2026-01-06T10:09:49+08:00" level=debug msg="cleanupUserDataLocks: D:\\test\\xhs-data\\profiles\\acc_4\\profile\\SingletonCookie does not exist"
time="2026-01-06T10:09:49+08:00" level=debug msg="cleanupUserDataLocks: D:\\test\\xhs-data\\profiles\\acc_4\\profile\\SingletonSocket does not exist"
time="2026-01-06T10:09:49+08:00" level=debug msg="cleanupUserDataLocks: D:\\test\\xhs-data\\profiles\\acc_4\\profile\\DevToolsActivePort does not exist"
time="2026-01-06T10:09:49+08:00" level=info msg="cleanupUserDataLocks: cleaned 0 lock files"
time="2026-01-06T10:09:49+08:00" level=info msg="browser launch: lock cleanup completed"
time="2026-01-06T10:09:49+08:00" level=info msg="browser launch: about to call l.Launch()..."
time="2026-01-06T10:09:49+08:00" level=info msg="browser launch: ===== Attempt 1 EXECUTING LAUNCH ====="
DevTools listening on ws://127.0.0.1:4078/devtools/browser/e02481ff-0f60-4a29-8742-a2005bf8481e
time="2026-01-06T10:09:49+08:00" level=info msg="browser launch: ===== Attempt 1 LAUNCH RETURNED (duration: 267.252ms) ====="
time="2026-01-06T10:09:49+08:00" level=info msg="browser launch: SUCCESS! control url=ws://127.0.0.1:4078/devtools/browser/e02481ff-0f60-4a29-8742-a2005bf8481e"
time="2026-01-06T10:09:49+08:00" level=info msg="browser launch: ===== Attempt 1 COMPLETED SUCCESSFULLY ====="
time="2026-01-06T10:09:49+08:00" level=info msg="browser connect: connecting to Chromium"
time="2026-01-06T10:09:49+08:00" level=info msg="browser connect: success"
time="2026-01-06T10:09:49+08:00" level=debug msg="loaded cookies from D:\\test\\xhs-data\\cookies\\acc_4\\cookies.json"
time="2026-01-06T10:09:49+08:00" level=warning msg="apply fingerprint failed: eval js error: TypeError: Cannot read properties of undefined (reading 'apply')\n    at <anonymous>:29:7 <nil>"
time="2026-01-06T10:09:49+08:00" level=info msg="started visible browser window for account acc_4"
time="2026-01-06T10:09:49+08:00" level=info msg="POST /api/v1/accounts/4/start  200"
[GIN] 2026/01/06 - 10:09:49 | 200 |    427.0969ms |       127.0.0.1 | POST     "/api/v1/accounts/4/start"
time="2026-01-06T10:09:50+08:00" level=info msg="GET /api/v1/accounts  200"
[GIN] 2026/01/06 - 10:09:50 | 200 |       874.9µs |       127.0.0.1 | GET      "/api/v1/accounts"
time="2026-01-06T10:09:50+08:00" level=info msg="GET /api/v1/accounts  200"
[GIN] 2026/01/06 - 10:09:50 | 200 |            0s |       127.0.0.1 | GET      "/api/v1/accounts"
[GIN] 2026/01/06 - 10:11:13 | 200 |        2.75ms |       127.0.0.1 | POST     "/mcp"
[GIN] 2026/01/06 - 10:11:13 | 202 |            0s |       127.0.0.1 | POST     "/mcp"
time="2026-01-06T10:11:13+08:00" level=info msg="MCP: 搜索Feeds"
time="2026-01-06T10:11:13+08:00" level=info msg="MCP: 搜索Feeds - 关键词: 戒烟"
time="2026-01-06T10:11:13+08:00" level=info msg="browser launch: using attempt-level timeout control"
time="2026-01-06T10:11:13+08:00" level=info msg="cleanupUserDataLocks: cleaning dir=D:\\test\\xhs-data\\profiles\\acc_4\\profile"
time="2026-01-06T10:11:13+08:00" level=debug msg="cleanupUserDataLocks: D:\\test\\xhs-data\\profiles\\acc_4\\profile\\SingletonLock does not exist"
time="2026-01-06T10:11:13+08:00" level=debug msg="cleanupUserDataLocks: D:\\test\\xhs-data\\profiles\\acc_4\\profile\\SingletonCookie does not exist"
time="2026-01-06T10:11:13+08:00" level=debug msg="cleanupUserDataLocks: D:\\test\\xhs-data\\profiles\\acc_4\\profile\\SingletonSocket does not exist"
time="2026-01-06T10:11:13+08:00" level=info msg="cleanupUserDataLocks: removed D:\\test\\xhs-data\\profiles\\acc_4\\profile\\DevToolsActivePort"
time="2026-01-06T10:11:13+08:00" level=info msg="cleanupUserDataLocks: cleaned 1 lock files"
time="2026-01-06T10:11:13+08:00" level=info msg="browser launch: ===== Attempt 1 START ====="
time="2026-01-06T10:11:13+08:00" level=info msg="browser launch: created independent attempt context with 30s timeout"
time="2026-01-06T10:11:13+08:00" level=info msg="browser launch: created launcher"
time="2026-01-06T10:11:13+08:00" level=info msg="browser launch: headless=true bin=\"D:\\\\test\\\\chromium\\\\chrome-win64\\\\chrome.exe\" userData=\"D:\\\\test\\\\xhs-data\\\\profiles\\\\acc_4\\\\profile\" proxy=\"\" (attempt 1)"
time="2026-01-06T10:11:13+08:00" level=info msg="browser launch args: --disable-background-networking --disable-background-timer-throttling --disable-backgrounding-occluded-windows --disable-breakpad --disable-client-side-phishing-detection --disable-component-extensions-with-background-pages --disable-default-apps --disable-dev-shm-usage --disable-features=site-per-process,TranslateUI --disable-hang-monitor --disable-ipc-flooding-protection --disable-popup-blocking --disable-prompt-on-repost --disable-renderer-backgrounding --disable-site-isolation-trials --disable-sync --enable-automation --enable-features=NetworkService,NetworkServiceInProcess --force-color-profile=srgb --headless --lang=zh-CN --metrics-recording-only --no-default-browser-check --no-first-run --no-sandbox --no-startup-window --remote-debugging-port=0 --use-mock-keychain --user-agent=Mozilla/5.0 (Macintosh; Intel Mac OS X 10_15_7) AppleWebKit/537.36 (KHTML, like Gecko) Chrome/125.0.0.144 Safari/537.36 --user-data-dir=D:\\test\\xhs-data\\profiles\\acc_4\\profile"
time="2026-01-06T10:11:13+08:00" level=info msg="browser launch: cleaning locks before launch"
time="2026-01-06T10:11:13+08:00" level=info msg="cleanupUserDataLocks: cleaning dir=D:\\test\\xhs-data\\profiles\\acc_4\\profile"
time="2026-01-06T10:11:13+08:00" level=debug msg="cleanupUserDataLocks: D:\\test\\xhs-data\\profiles\\acc_4\\profile\\SingletonLock does not exist"
time="2026-01-06T10:11:13+08:00" level=debug msg="cleanupUserDataLocks: D:\\test\\xhs-data\\profiles\\acc_4\\profile\\SingletonCookie does not exist"
time="2026-01-06T10:11:13+08:00" level=debug msg="cleanupUserDataLocks: D:\\test\\xhs-data\\profiles\\acc_4\\profile\\SingletonSocket does not exist"
time="2026-01-06T10:11:13+08:00" level=debug msg="cleanupUserDataLocks: D:\\test\\xhs-data\\profiles\\acc_4\\profile\\DevToolsActivePort does not exist"
time="2026-01-06T10:11:13+08:00" level=info msg="cleanupUserDataLocks: cleaned 0 lock files"
time="2026-01-06T10:11:13+08:00" level=info msg="browser launch: lock cleanup completed"
time="2026-01-06T10:11:13+08:00" level=info msg="browser launch: about to call l.Launch()..."
time="2026-01-06T10:11:13+08:00" level=info msg="browser launch: ===== Attempt 1 EXECUTING LAUNCH ====="
DevTools listening on ws://127.0.0.1:3328/devtools/browser/3f93c078-0919-4e27-886e-32b232838b5f
time="2026-01-06T10:11:13+08:00" level=info msg="browser launch: ===== Attempt 1 LAUNCH RETURNED (duration: 283.867ms) ====="
time="2026-01-06T10:11:13+08:00" level=info msg="browser launch: SUCCESS! control url=ws://127.0.0.1:3328/devtools/browser/3f93c078-0919-4e27-886e-32b232838b5f"
time="2026-01-06T10:11:13+08:00" level=info msg="browser launch: ===== Attempt 1 COMPLETED SUCCESSFULLY ====="
time="2026-01-06T10:11:13+08:00" level=info msg="browser connect: connecting to Chromium"
time="2026-01-06T10:11:13+08:00" level=info msg="browser connect: success"
time="2026-01-06T10:11:13+08:00" level=debug msg="loaded cookies from D:\\test\\xhs-data\\cookies\\acc_4\\cookies.json"
time="2026-01-06T10:11:13+08:00" level=warning msg="apply fingerprint failed: eval js error: TypeError: Cannot read properties of undefined (reading 'apply')\n    at <anonymous>:29:7 <nil>"
[3096:3104:0106/101117.616:ERROR:components\device_event_log\device_event_log_impl.cc:198] [10:11:17.616] USB: usb_service_win.cc:105 SetupDiGetDeviceProperty({{A45C254E-DF1C-4EFD-8020-67D146A850E0}, 6}) failed: 找不到元素。 (0x490)
[3096:8756:0106/101118.686:ERROR:google_apis\gcm\engine\registration_request.cc:292] Registration response error message: DEPRECATED_ENDPOINT
[GIN] 2026/01/06 - 10:11:22 | 200 |    8.9275465s |       127.0.0.1 | POST     "/mcp"
[GIN] 2026/01/06 - 10:11:22 | 200 |            0s |       127.0.0.1 | POST     "/mcp"
[GIN] 2026/01/06 - 10:11:22 | 202 |            0s |       127.0.0.1 | POST     "/mcp"
[GIN] 2026/01/06 - 10:11:22 | 200 |       522.4µs |       127.0.0.1 | POST     "/mcp"
time="2026-01-06T10:11:22+08:00" level=info msg="MCP: 获取Feed详情"
time="2026-01-06T10:11:22+08:00" level=info msg="MCP: 获取Feed详情 - Feed ID: 684be055000000002001c0be, loadAllComments=false, config={ClickMoreReplies:false MaxRepliesThreshold:10 MaxCommentItems:0 ScrollSpeed:normal}"
time="2026-01-06T10:11:22+08:00" level=info msg="browser launch: using attempt-level timeout control"
time="2026-01-06T10:11:22+08:00" level=info msg="cleanupUserDataLocks: cleaning dir=D:\\test\\xhs-data\\profiles\\acc_4\\profile"
time="2026-01-06T10:11:22+08:00" level=debug msg="cleanupUserDataLocks: D:\\test\\xhs-data\\profiles\\acc_4\\profile\\SingletonLock does not exist"
time="2026-01-06T10:11:22+08:00" level=debug msg="cleanupUserDataLocks: D:\\test\\xhs-data\\profiles\\acc_4\\profile\\SingletonCookie does not exist"
time="2026-01-06T10:11:22+08:00" level=debug msg="cleanupUserDataLocks: D:\\test\\xhs-data\\profiles\\acc_4\\profile\\SingletonSocket does not exist"
time="2026-01-06T10:11:22+08:00" level=info msg="cleanupUserDataLocks: removed D:\\test\\xhs-data\\profiles\\acc_4\\profile\\DevToolsActivePort"
time="2026-01-06T10:11:22+08:00" level=info msg="cleanupUserDataLocks: cleaned 1 lock files"
time="2026-01-06T10:11:22+08:00" level=info msg="browser launch: ===== Attempt 1 START ====="
time="2026-01-06T10:11:22+08:00" level=info msg="browser launch: created independent attempt context with 30s timeout"
time="2026-01-06T10:11:22+08:00" level=info msg="browser launch: created launcher"
time="2026-01-06T10:11:22+08:00" level=info msg="browser launch: headless=true bin=\"D:\\\\test\\\\chromium\\\\chrome-win64\\\\chrome.exe\" userData=\"D:\\\\test\\\\xhs-data\\\\profiles\\\\acc_4\\\\profile\" proxy=\"\" (attempt 1)"
time="2026-01-06T10:11:22+08:00" level=info msg="browser launch args: --disable-background-networking --disable-background-timer-throttling --disable-backgrounding-occluded-windows --disable-breakpad --disable-client-side-phishing-detection --disable-component-extensions-with-background-pages --disable-default-apps --disable-dev-shm-usage --disable-features=site-per-process,TranslateUI --disable-hang-monitor --disable-ipc-flooding-protection --disable-popup-blocking --disable-prompt-on-repost --disable-renderer-backgrounding --disable-site-isolation-trials --disable-sync --enable-automation --enable-features=NetworkService,NetworkServiceInProcess --force-color-profile=srgb --headless --lang=zh-CN --metrics-recording-only --no-default-browser-check --no-first-run --no-sandbox --no-startup-window --remote-debugging-port=0 --use-mock-keychain --user-agent=Mozilla/5.0 (Macintosh; Intel Mac OS X 10_15_7) AppleWebKit/537.36 (KHTML, like Gecko) Chrome/125.0.0.144 Safari/537.36 --user-data-dir=D:\\test\\xhs-data\\profiles\\acc_4\\profile"
time="2026-01-06T10:11:22+08:00" level=info msg="browser launch: cleaning locks before launch"
time="2026-01-06T10:11:22+08:00" level=info msg="cleanupUserDataLocks: cleaning dir=D:\\test\\xhs-data\\profiles\\acc_4\\profile"
time="2026-01-06T10:11:22+08:00" level=debug msg="cleanupUserDataLocks: D:\\test\\xhs-data\\profiles\\acc_4\\profile\\SingletonLock does not exist"
time="2026-01-06T10:11:22+08:00" level=debug msg="cleanupUserDataLocks: D:\\test\\xhs-data\\profiles\\acc_4\\profile\\SingletonCookie does not exist"
time="2026-01-06T10:11:22+08:00" level=debug msg="cleanupUserDataLocks: D:\\test\\xhs-data\\profiles\\acc_4\\profile\\SingletonSocket does not exist"
time="2026-01-06T10:11:22+08:00" level=debug msg="cleanupUserDataLocks: D:\\test\\xhs-data\\profiles\\acc_4\\profile\\DevToolsActivePort does not exist"
time="2026-01-06T10:11:22+08:00" level=info msg="cleanupUserDataLocks: cleaned 0 lock files"
time="2026-01-06T10:11:22+08:00" level=info msg="browser launch: lock cleanup completed"
time="2026-01-06T10:11:22+08:00" level=info msg="browser launch: about to call l.Launch()..."
time="2026-01-06T10:11:22+08:00" level=info msg="browser launch: ===== Attempt 1 EXECUTING LAUNCH ====="
DevTools listening on ws://127.0.0.1:14140/devtools/browser/d437aa3f-5be1-4d66-afe4-466b075942cd
time="2026-01-06T10:11:22+08:00" level=info msg="browser launch: ===== Attempt 1 LAUNCH RETURNED (duration: 269.1088ms) ====="
time="2026-01-06T10:11:22+08:00" level=info msg="browser launch: SUCCESS! control url=ws://127.0.0.1:14140/devtools/browser/d437aa3f-5be1-4d66-afe4-466b075942cd"
time="2026-01-06T10:11:22+08:00" level=info msg="browser launch: ===== Attempt 1 COMPLETED SUCCESSFULLY ====="
time="2026-01-06T10:11:22+08:00" level=info msg="browser connect: connecting to Chromium"
time="2026-01-06T10:11:22+08:00" level=info msg="browser connect: success"
time="2026-01-06T10:11:22+08:00" level=debug msg="loaded cookies from D:\\test\\xhs-data\\cookies\\acc_4\\cookies.json"
time="2026-01-06T10:11:22+08:00" level=warning msg="apply fingerprint failed: eval js error: TypeError: Cannot read properties of undefined (reading 'apply')\n    at <anonymous>:29:7 <nil>"
time="2026-01-06T10:11:22+08:00" level=info msg="打开 feed 详情页: https://www.xiaohongshu.com/explore/684be055000000002001c0be?xsec_token=AB92dr5USq7_tmm1z_OfmwWePAWFTHe2UUeOiwEFTE5xw=&xsec_source=pc_feed"
time="2026-01-06T10:11:22+08:00" level=info msg="配置: 点击更多=false, 回复阈值=10, 最大评论数=0, 滚动速度=normal"
[17464:11496:0106/101125.690:ERROR:components\device_event_log\device_event_log_impl.cc:198] [10:11:25.690] USB: usb_service_win.cc:105 SetupDiGetDeviceProperty({{A45C254E-DF1C-4EFD-8020-67D146A850E0}, 6}) failed: 找不到元素。 (0x490)
time="2026-01-06T10:11:26+08:00" level=warning msg="笔记不可访问: 当前笔记暂时无法浏览"
[GIN] 2026/01/06 - 10:11:27 | 200 |     5.367774s |       127.0.0.1 | POST     "/mcp"
[GIN] 2026/01/06 - 10:11:27 | 200 |    5.4007483s |       127.0.0.1 | GET      "/mcp"
[GIN] 2026/01/06 - 10:11:57 | 200 |            0s |       127.0.0.1 | POST     "/mcp"
[GIN] 2026/01/06 - 10:11:57 | 202 |            0s |       127.0.0.1 | POST     "/mcp"
[GIN] 2026/01/06 - 10:11:57 | 200 |      1.0313ms |       127.0.0.1 | POST     "/mcp"
time="2026-01-06T10:11:57+08:00" level=info msg="MCP: 获取Feed详情"
time="2026-01-06T10:11:57+08:00" level=info msg="MCP: 获取Feed详情 - Feed ID: 684be055000000002001c0be, loadAllComments=false, config={ClickMoreReplies:false MaxRepliesThreshold:10 MaxCommentItems:0 ScrollSpeed:normal}"
time="2026-01-06T10:11:57+08:00" level=info msg="browser launch: using attempt-level timeout control"
time="2026-01-06T10:11:57+08:00" level=info msg="cleanupUserDataLocks: cleaning dir=D:\\test\\xhs-data\\profiles\\acc_4\\profile"
time="2026-01-06T10:11:57+08:00" level=debug msg="cleanupUserDataLocks: D:\\test\\xhs-data\\profiles\\acc_4\\profile\\SingletonLock does not exist"
time="2026-01-06T10:11:57+08:00" level=debug msg="cleanupUserDataLocks: D:\\test\\xhs-data\\profiles\\acc_4\\profile\\SingletonCookie does not exist"
time="2026-01-06T10:11:57+08:00" level=debug msg="cleanupUserDataLocks: D:\\test\\xhs-data\\profiles\\acc_4\\profile\\SingletonSocket does not exist"
time="2026-01-06T10:11:57+08:00" level=info msg="cleanupUserDataLocks: removed D:\\test\\xhs-data\\profiles\\acc_4\\profile\\DevToolsActivePort"
time="2026-01-06T10:11:57+08:00" level=info msg="cleanupUserDataLocks: cleaned 1 lock files"
time="2026-01-06T10:11:57+08:00" level=info msg="browser launch: ===== Attempt 1 START ====="
time="2026-01-06T10:11:57+08:00" level=info msg="browser launch: created independent attempt context with 30s timeout"
time="2026-01-06T10:11:57+08:00" level=info msg="browser launch: created launcher"
time="2026-01-06T10:11:57+08:00" level=info msg="browser launch: headless=true bin=\"D:\\\\test\\\\chromium\\\\chrome-win64\\\\chrome.exe\" userData=\"D:\\\\test\\\\xhs-data\\\\profiles\\\\acc_4\\\\profile\" proxy=\"\" (attempt 1)"
time="2026-01-06T10:11:57+08:00" level=info msg="browser launch args: --disable-background-networking --disable-background-timer-throttling --disable-backgrounding-occluded-windows --disable-breakpad --disable-client-side-phishing-detection --disable-component-extensions-with-background-pages --disable-default-apps --disable-dev-shm-usage --disable-features=site-per-process,TranslateUI --disable-hang-monitor --disable-ipc-flooding-protection --disable-popup-blocking --disable-prompt-on-repost --disable-renderer-backgrounding --disable-site-isolation-trials --disable-sync --enable-automation --enable-features=NetworkService,NetworkServiceInProcess --force-color-profile=srgb --headless --lang=zh-CN --metrics-recording-only --no-default-browser-check --no-first-run --no-sandbox --no-startup-window --remote-debugging-port=0 --use-mock-keychain --user-agent=Mozilla/5.0 (Macintosh; Intel Mac OS X 10_15_7) AppleWebKit/537.36 (KHTML, like Gecko) Chrome/125.0.0.144 Safari/537.36 --user-data-dir=D:\\test\\xhs-data\\profiles\\acc_4\\profile"
time="2026-01-06T10:11:57+08:00" level=info msg="browser launch: cleaning locks before launch"
time="2026-01-06T10:11:57+08:00" level=info msg="cleanupUserDataLocks: cleaning dir=D:\\test\\xhs-data\\profiles\\acc_4\\profile"
time="2026-01-06T10:11:57+08:00" level=debug msg="cleanupUserDataLocks: D:\\test\\xhs-data\\profiles\\acc_4\\profile\\SingletonLock does not exist"
time="2026-01-06T10:11:57+08:00" level=debug msg="cleanupUserDataLocks: D:\\test\\xhs-data\\profiles\\acc_4\\profile\\SingletonCookie does not exist"
time="2026-01-06T10:11:57+08:00" level=debug msg="cleanupUserDataLocks: D:\\test\\xhs-data\\profiles\\acc_4\\profile\\SingletonSocket does not exist"
time="2026-01-06T10:11:57+08:00" level=debug msg="cleanupUserDataLocks: D:\\test\\xhs-data\\profiles\\acc_4\\profile\\DevToolsActivePort does not exist"
time="2026-01-06T10:11:57+08:00" level=info msg="cleanupUserDataLocks: cleaned 0 lock files"
time="2026-01-06T10:11:57+08:00" level=info msg="browser launch: lock cleanup completed"
time="2026-01-06T10:11:57+08:00" level=info msg="browser launch: about to call l.Launch()..."
time="2026-01-06T10:11:57+08:00" level=info msg="browser launch: ===== Attempt 1 EXECUTING LAUNCH ====="
DevTools listening on ws://127.0.0.1:4640/devtools/browser/803268c8-3800-4652-ba98-9ff17a0469d2
time="2026-01-06T10:11:57+08:00" level=info msg="browser launch: ===== Attempt 1 LAUNCH RETURNED (duration: 270.3967ms) ====="
time="2026-01-06T10:11:57+08:00" level=info msg="browser launch: SUCCESS! control url=ws://127.0.0.1:4640/devtools/browser/803268c8-3800-4652-ba98-9ff17a0469d2"
time="2026-01-06T10:11:57+08:00" level=info msg="browser launch: ===== Attempt 1 COMPLETED SUCCESSFULLY ====="
time="2026-01-06T10:11:57+08:00" level=info msg="browser connect: connecting to Chromium"
time="2026-01-06T10:11:57+08:00" level=info msg="browser connect: success"
time="2026-01-06T10:11:58+08:00" level=debug msg="loaded cookies from D:\\test\\xhs-data\\cookies\\acc_4\\cookies.json"
time="2026-01-06T10:11:58+08:00" level=warning msg="apply fingerprint failed: eval js error: TypeError: Cannot read properties of undefined (reading 'apply')\n    at <anonymous>:29:7 <nil>"
time="2026-01-06T10:11:58+08:00" level=info msg="打开 feed 详情页: https://www.xiaohongshu.com/explore/684be055000000002001c0be?xsec_token=AB92dr5USq7_tmm1z_OfmwWePAWFTHe2UUeOiwEFTE5xw=&xsec_source=pc_feed"
time="2026-01-06T10:11:58+08:00" level=info msg="配置: 点击更多=false, 回复阈值=10, 最大评论数=0, 滚动速度=normal"
[11280:5748:0106/101202.094:ERROR:components\device_event_log\device_event_log_impl.cc:198] [10:12:02.094] USB: usb_service_win.cc:105 SetupDiGetDeviceProperty({{A45C254E-DF1C-4EFD-8020-67D146A850E0}, 6}) failed: 找不到元素。 (0x490)
[11280:11520:0106/101203.232:ERROR:google_apis\gcm\engine\registration_request.cc:292] Registration response error message: DEPRECATED_ENDPOINT
[GIN] 2026/01/06 - 10:12:05 | 200 |    8.3119589s |       127.0.0.1 | POST     "/mcp"
[GIN] 2026/01/06 - 10:12:05 | 200 |     8.320728s |       127.0.0.1 | GET      "/mcp"
[GIN] 2026/01/06 - 10:12:56 | 200 |            0s |       127.0.0.1 | POST     "/mcp"
[GIN] 2026/01/06 - 10:12:56 | 202 |            0s |       127.0.0.1 | POST     "/mcp"
[GIN] 2026/01/06 - 10:12:56 | 200 |       504.6µs |       127.0.0.1 | POST     "/mcp"
time="2026-01-06T10:12:56+08:00" level=info msg="MCP: 获取Feed详情"
time="2026-01-06T10:12:56+08:00" level=info msg="MCP: 获取Feed详情 - Feed ID: 6951ebd9000000002103fc51, loadAllComments=false, config={ClickMoreReplies:false MaxRepliesThreshold:10 MaxCommentItems:0 ScrollSpeed:normal}"
time="2026-01-06T10:12:56+08:00" level=info msg="browser launch: using attempt-level timeout control"
time="2026-01-06T10:12:56+08:00" level=info msg="cleanupUserDataLocks: cleaning dir=D:\\test\\xhs-data\\profiles\\acc_4\\profile"
time="2026-01-06T10:12:56+08:00" level=debug msg="cleanupUserDataLocks: D:\\test\\xhs-data\\profiles\\acc_4\\profile\\SingletonLock does not exist"
time="2026-01-06T10:12:56+08:00" level=debug msg="cleanupUserDataLocks: D:\\test\\xhs-data\\profiles\\acc_4\\profile\\SingletonCookie does not exist"
time="2026-01-06T10:12:56+08:00" level=debug msg="cleanupUserDataLocks: D:\\test\\xhs-data\\profiles\\acc_4\\profile\\SingletonSocket does not exist"
time="2026-01-06T10:12:56+08:00" level=info msg="cleanupUserDataLocks: removed D:\\test\\xhs-data\\profiles\\acc_4\\profile\\DevToolsActivePort"
time="2026-01-06T10:12:56+08:00" level=info msg="cleanupUserDataLocks: cleaned 1 lock files"
time="2026-01-06T10:12:56+08:00" level=info msg="browser launch: ===== Attempt 1 START ====="
time="2026-01-06T10:12:56+08:00" level=info msg="browser launch: created independent attempt context with 30s timeout"
time="2026-01-06T10:12:56+08:00" level=info msg="browser launch: created launcher"
time="2026-01-06T10:12:56+08:00" level=info msg="browser launch: headless=true bin=\"D:\\\\test\\\\chromium\\\\chrome-win64\\\\chrome.exe\" userData=\"D:\\\\test\\\\xhs-data\\\\profiles\\\\acc_4\\\\profile\" proxy=\"\" (attempt 1)"
time="2026-01-06T10:12:56+08:00" level=info msg="browser launch args: --disable-background-networking --disable-background-timer-throttling --disable-backgrounding-occluded-windows --disable-breakpad --disable-client-side-phishing-detection --disable-component-extensions-with-background-pages --disable-default-apps --disable-dev-shm-usage --disable-features=site-per-process,TranslateUI --disable-hang-monitor --disable-ipc-flooding-protection --disable-popup-blocking --disable-prompt-on-repost --disable-renderer-backgrounding --disable-site-isolation-trials --disable-sync --enable-automation --enable-features=NetworkService,NetworkServiceInProcess --force-color-profile=srgb --headless --lang=zh-CN --metrics-recording-only --no-default-browser-check --no-first-run --no-sandbox --no-startup-window --remote-debugging-port=0 --use-mock-keychain --user-agent=Mozilla/5.0 (Macintosh; Intel Mac OS X 10_15_7) AppleWebKit/537.36 (KHTML, like Gecko) Chrome/125.0.0.144 Safari/537.36 --user-data-dir=D:\\test\\xhs-data\\profiles\\acc_4\\profile"
time="2026-01-06T10:12:56+08:00" level=info msg="browser launch: cleaning locks before launch"
time="2026-01-06T10:12:56+08:00" level=info msg="cleanupUserDataLocks: cleaning dir=D:\\test\\xhs-data\\profiles\\acc_4\\profile"
time="2026-01-06T10:12:56+08:00" level=debug msg="cleanupUserDataLocks: D:\\test\\xhs-data\\profiles\\acc_4\\profile\\SingletonLock does not exist"
time="2026-01-06T10:12:56+08:00" level=debug msg="cleanupUserDataLocks: D:\\test\\xhs-data\\profiles\\acc_4\\profile\\SingletonCookie does not exist"
time="2026-01-06T10:12:56+08:00" level=debug msg="cleanupUserDataLocks: D:\\test\\xhs-data\\profiles\\acc_4\\profile\\SingletonSocket does not exist"
time="2026-01-06T10:12:56+08:00" level=debug msg="cleanupUserDataLocks: D:\\test\\xhs-data\\profiles\\acc_4\\profile\\DevToolsActivePort does not exist"
time="2026-01-06T10:12:56+08:00" level=info msg="cleanupUserDataLocks: cleaned 0 lock files"
time="2026-01-06T10:12:56+08:00" level=info msg="browser launch: lock cleanup completed"
time="2026-01-06T10:12:56+08:00" level=info msg="browser launch: about to call l.Launch()..."
time="2026-01-06T10:12:56+08:00" level=info msg="browser launch: ===== Attempt 1 EXECUTING LAUNCH ====="
DevTools listening on ws://127.0.0.1:2835/devtools/browser/3d363d0c-4c6c-43b9-a978-b6d3b83b3400
time="2026-01-06T10:12:56+08:00" level=info msg="browser launch: ===== Attempt 1 LAUNCH RETURNED (duration: 306.3657ms) ====="
time="2026-01-06T10:12:56+08:00" level=info msg="browser launch: SUCCESS! control url=ws://127.0.0.1:2835/devtools/browser/3d363d0c-4c6c-43b9-a978-b6d3b83b3400"
time="2026-01-06T10:12:56+08:00" level=info msg="browser launch: ===== Attempt 1 COMPLETED SUCCESSFULLY ====="
time="2026-01-06T10:12:56+08:00" level=info msg="browser connect: connecting to Chromium"
time="2026-01-06T10:12:56+08:00" level=info msg="browser connect: success"
time="2026-01-06T10:12:56+08:00" level=debug msg="loaded cookies from D:\\test\\xhs-data\\cookies\\acc_4\\cookies.json"
time="2026-01-06T10:12:56+08:00" level=warning msg="apply fingerprint failed: eval js error: TypeError: Cannot read properties of undefined (reading 'apply')\n    at <anonymous>:29:7 <nil>"
time="2026-01-06T10:12:56+08:00" level=info msg="打开 feed 详情页: https://www.xiaohongshu.com/explore/6951ebd9000000002103fc51?xsec_token=ABrPBvmW2ZWHMAPA0V4t-Sf95iVYU5gYLrseYdP8n2clU=&xsec_source=pc_feed"
time="2026-01-06T10:12:56+08:00" level=info msg="配置: 点击更多=false, 回复阈值=10, 最大评论数=0, 滚动速度=normal"
[23424:20944:0106/101300.624:ERROR:components\device_event_log\device_event_log_impl.cc:198] [10:13:00.624] USB: usb_service_win.cc:105 SetupDiGetDeviceProperty({{A45C254E-DF1C-4EFD-8020-67D146A850E0}, 6}) failed: 找不到元素。 (0x490)
[23424:21772:0106/101301.890:ERROR:google_apis\gcm\engine\registration_request.cc:292] Registration response error message: DEPRECATED_ENDPOINT
[GIN] 2026/01/06 - 10:13:04 | 200 |    8.3212182s |       127.0.0.1 | POST     "/mcp"
[GIN] 2026/01/06 - 10:13:04 | 200 |    8.3339355s |       127.0.0.1 | GET      "/mcp"
[GIN] 2026/01/06 - 10:15:06 | 200 |            0s |       127.0.0.1 | POST     "/mcp"
[GIN] 2026/01/06 - 10:15:06 | 202 |            0s |       127.0.0.1 | POST     "/mcp"
[GIN] 2026/01/06 - 10:15:06 | 200 |       543.8µs |       127.0.0.1 | POST     "/mcp"
time="2026-01-06T10:15:06+08:00" level=info msg="MCP: 获取Feed详情"
time="2026-01-06T10:15:06+08:00" level=info msg="MCP: 获取Feed详情 - Feed ID: 67e7b7d7000000001c02c6c9, loadAllComments=false, config={ClickMoreReplies:false MaxRepliesThreshold:10 MaxCommentItems:0 ScrollSpeed:normal}"
time="2026-01-06T10:15:06+08:00" level=info msg="browser launch: using attempt-level timeout control"
time="2026-01-06T10:15:06+08:00" level=info msg="cleanupUserDataLocks: cleaning dir=D:\\test\\xhs-data\\profiles\\acc_4\\profile"
time="2026-01-06T10:15:06+08:00" level=debug msg="cleanupUserDataLocks: D:\\test\\xhs-data\\profiles\\acc_4\\profile\\SingletonLock does not exist"
time="2026-01-06T10:15:06+08:00" level=debug msg="cleanupUserDataLocks: D:\\test\\xhs-data\\profiles\\acc_4\\profile\\SingletonCookie does not exist"
time="2026-01-06T10:15:06+08:00" level=debug msg="cleanupUserDataLocks: D:\\test\\xhs-data\\profiles\\acc_4\\profile\\SingletonSocket does not exist"
time="2026-01-06T10:15:06+08:00" level=info msg="cleanupUserDataLocks: removed D:\\test\\xhs-data\\profiles\\acc_4\\profile\\DevToolsActivePort"
time="2026-01-06T10:15:06+08:00" level=info msg="cleanupUserDataLocks: cleaned 1 lock files"
time="2026-01-06T10:15:06+08:00" level=info msg="browser launch: ===== Attempt 1 START ====="
time="2026-01-06T10:15:06+08:00" level=info msg="browser launch: created independent attempt context with 30s timeout"
time="2026-01-06T10:15:06+08:00" level=info msg="browser launch: created launcher"
time="2026-01-06T10:15:06+08:00" level=info msg="browser launch: headless=true bin=\"D:\\\\test\\\\chromium\\\\chrome-win64\\\\chrome.exe\" userData=\"D:\\\\test\\\\xhs-data\\\\profiles\\\\acc_4\\\\profile\" proxy=\"\" (attempt 1)"
time="2026-01-06T10:15:06+08:00" level=info msg="browser launch args: --disable-background-networking --disable-background-timer-throttling --disable-backgrounding-occluded-windows --disable-breakpad --disable-client-side-phishing-detection --disable-component-extensions-with-background-pages --disable-default-apps --disable-dev-shm-usage --disable-features=site-per-process,TranslateUI --disable-hang-monitor --disable-ipc-flooding-protection --disable-popup-blocking --disable-prompt-on-repost --disable-renderer-backgrounding --disable-site-isolation-trials --disable-sync --enable-automation --enable-features=NetworkService,NetworkServiceInProcess --force-color-profile=srgb --headless --lang=zh-CN --metrics-recording-only --no-default-browser-check --no-first-run --no-sandbox --no-startup-window --remote-debugging-port=0 --use-mock-keychain --user-agent=Mozilla/5.0 (Macintosh; Intel Mac OS X 10_15_7) AppleWebKit/537.36 (KHTML, like Gecko) Chrome/125.0.0.144 Safari/537.36 --user-data-dir=D:\\test\\xhs-data\\profiles\\acc_4\\profile"
time="2026-01-06T10:15:06+08:00" level=info msg="browser launch: cleaning locks before launch"
time="2026-01-06T10:15:06+08:00" level=info msg="cleanupUserDataLocks: cleaning dir=D:\\test\\xhs-data\\profiles\\acc_4\\profile"
time="2026-01-06T10:15:06+08:00" level=debug msg="cleanupUserDataLocks: D:\\test\\xhs-data\\profiles\\acc_4\\profile\\SingletonLock does not exist"
time="2026-01-06T10:15:06+08:00" level=debug msg="cleanupUserDataLocks: D:\\test\\xhs-data\\profiles\\acc_4\\profile\\SingletonCookie does not exist"
time="2026-01-06T10:15:06+08:00" level=debug msg="cleanupUserDataLocks: D:\\test\\xhs-data\\profiles\\acc_4\\profile\\SingletonSocket does not exist"
time="2026-01-06T10:15:06+08:00" level=debug msg="cleanupUserDataLocks: D:\\test\\xhs-data\\profiles\\acc_4\\profile\\DevToolsActivePort does not exist"
time="2026-01-06T10:15:06+08:00" level=info msg="cleanupUserDataLocks: cleaned 0 lock files"
time="2026-01-06T10:15:06+08:00" level=info msg="browser launch: lock cleanup completed"
time="2026-01-06T10:15:06+08:00" level=info msg="browser launch: about to call l.Launch()..."
time="2026-01-06T10:15:06+08:00" level=info msg="browser launch: ===== Attempt 1 EXECUTING LAUNCH ====="
DevTools listening on ws://127.0.0.1:14986/devtools/browser/1608d2a5-91c4-4ded-a314-73e3afdbec36
time="2026-01-06T10:15:06+08:00" level=info msg="browser launch: ===== Attempt 1 LAUNCH RETURNED (duration: 292.278ms) ====="
time="2026-01-06T10:15:06+08:00" level=info msg="browser launch: SUCCESS! control url=ws://127.0.0.1:14986/devtools/browser/1608d2a5-91c4-4ded-a314-73e3afdbec36"
time="2026-01-06T10:15:06+08:00" level=info msg="browser launch: ===== Attempt 1 COMPLETED SUCCESSFULLY ====="
time="2026-01-06T10:15:06+08:00" level=info msg="browser connect: connecting to Chromium"
time="2026-01-06T10:15:06+08:00" level=info msg="browser connect: success"
time="2026-01-06T10:15:06+08:00" level=debug msg="loaded cookies from D:\\test\\xhs-data\\cookies\\acc_4\\cookies.json"
time="2026-01-06T10:15:06+08:00" level=warning msg="apply fingerprint failed: eval js error: TypeError: Cannot read properties of undefined (reading 'apply')\n    at <anonymous>:29:7 <nil>"
time="2026-01-06T10:15:06+08:00" level=info msg="打开 feed 详情页: https://www.xiaohongshu.com/explore/67e7b7d7000000001c02c6c9?xsec_token=ABaTUCDsQe7JWr94MkdXK0AbjM4TZatUmz-lXzWvThZtA=&xsec_source=pc_feed"
time="2026-01-06T10:15:06+08:00" level=info msg="配置: 点击更多=false, 回复阈值=10, 最大评论数=0, 滚动速度=normal"
[20196:7120:0106/101509.575:ERROR:components\device_event_log\device_event_log_impl.cc:198] [10:15:09.576] USB: usb_service_win.cc:105 SetupDiGetDeviceProperty({{A45C254E-DF1C-4EFD-8020-67D146A850E0}, 6}) failed: 找不到元素。 (0x490)
time="2026-01-06T10:15:10+08:00" level=warning msg="笔记不可访问: 当前笔记暂时无法浏览"
[GIN] 2026/01/06 - 10:15:11 | 200 |    5.3510739s |       127.0.0.1 | POST     "/mcp"
[GIN] 2026/01/06 - 10:15:11 | 200 |    5.3589075s |       127.0.0.1 | GET      "/mcp"
[GIN] 2026/01/06 - 10:15:41 | 200 |        69.7µs |       127.0.0.1 | POST     "/mcp"
[GIN] 2026/01/06 - 10:15:41 | 202 |            0s |       127.0.0.1 | POST     "/mcp"
[GIN] 2026/01/06 - 10:15:41 | 200 |       521.5µs |       127.0.0.1 | POST     "/mcp"
time="2026-01-06T10:15:41+08:00" level=info msg="MCP: 获取Feed详情"
time="2026-01-06T10:15:41+08:00" level=info msg="MCP: 获取Feed详情 - Feed ID: 67e7b7d7000000001c02c6c9, loadAllComments=false, config={ClickMoreReplies:false MaxRepliesThreshold:10 MaxCommentItems:0 ScrollSpeed:normal}"
time="2026-01-06T10:15:41+08:00" level=info msg="browser launch: using attempt-level timeout control"
time="2026-01-06T10:15:41+08:00" level=info msg="cleanupUserDataLocks: cleaning dir=D:\\test\\xhs-data\\profiles\\acc_4\\profile"
time="2026-01-06T10:15:41+08:00" level=debug msg="cleanupUserDataLocks: D:\\test\\xhs-data\\profiles\\acc_4\\profile\\SingletonLock does not exist"
time="2026-01-06T10:15:41+08:00" level=debug msg="cleanupUserDataLocks: D:\\test\\xhs-data\\profiles\\acc_4\\profile\\SingletonCookie does not exist"
time="2026-01-06T10:15:41+08:00" level=debug msg="cleanupUserDataLocks: D:\\test\\xhs-data\\profiles\\acc_4\\profile\\SingletonSocket does not exist"
time="2026-01-06T10:15:41+08:00" level=info msg="cleanupUserDataLocks: removed D:\\test\\xhs-data\\profiles\\acc_4\\profile\\DevToolsActivePort"
time="2026-01-06T10:15:41+08:00" level=info msg="cleanupUserDataLocks: cleaned 1 lock files"
time="2026-01-06T10:15:41+08:00" level=info msg="browser launch: ===== Attempt 1 START ====="
time="2026-01-06T10:15:41+08:00" level=info msg="browser launch: created independent attempt context with 30s timeout"
time="2026-01-06T10:15:41+08:00" level=info msg="browser launch: created launcher"
time="2026-01-06T10:15:41+08:00" level=info msg="browser launch: headless=true bin=\"D:\\\\test\\\\chromium\\\\chrome-win64\\\\chrome.exe\" userData=\"D:\\\\test\\\\xhs-data\\\\profiles\\\\acc_4\\\\profile\" proxy=\"\" (attempt 1)"
time="2026-01-06T10:15:41+08:00" level=info msg="browser launch args: --disable-background-networking --disable-background-timer-throttling --disable-backgrounding-occluded-windows --disable-breakpad --disable-client-side-phishing-detection --disable-component-extensions-with-background-pages --disable-default-apps --disable-dev-shm-usage --disable-features=site-per-process,TranslateUI --disable-hang-monitor --disable-ipc-flooding-protection --disable-popup-blocking --disable-prompt-on-repost --disable-renderer-backgrounding --disable-site-isolation-trials --disable-sync --enable-automation --enable-features=NetworkService,NetworkServiceInProcess --force-color-profile=srgb --headless --lang=zh-CN --metrics-recording-only --no-default-browser-check --no-first-run --no-sandbox --no-startup-window --remote-debugging-port=0 --use-mock-keychain --user-agent=Mozilla/5.0 (Macintosh; Intel Mac OS X 10_15_7) AppleWebKit/537.36 (KHTML, like Gecko) Chrome/125.0.0.144 Safari/537.36 --user-data-dir=D:\\test\\xhs-data\\profiles\\acc_4\\profile"
time="2026-01-06T10:15:41+08:00" level=info msg="browser launch: cleaning locks before launch"
time="2026-01-06T10:15:41+08:00" level=info msg="cleanupUserDataLocks: cleaning dir=D:\\test\\xhs-data\\profiles\\acc_4\\profile"
time="2026-01-06T10:15:41+08:00" level=debug msg="cleanupUserDataLocks: D:\\test\\xhs-data\\profiles\\acc_4\\profile\\SingletonLock does not exist"
time="2026-01-06T10:15:41+08:00" level=debug msg="cleanupUserDataLocks: D:\\test\\xhs-data\\profiles\\acc_4\\profile\\SingletonCookie does not exist"
time="2026-01-06T10:15:41+08:00" level=debug msg="cleanupUserDataLocks: D:\\test\\xhs-data\\profiles\\acc_4\\profile\\SingletonSocket does not exist"
time="2026-01-06T10:15:41+08:00" level=debug msg="cleanupUserDataLocks: D:\\test\\xhs-data\\profiles\\acc_4\\profile\\DevToolsActivePort does not exist"
time="2026-01-06T10:15:41+08:00" level=info msg="cleanupUserDataLocks: cleaned 0 lock files"
time="2026-01-06T10:15:41+08:00" level=info msg="browser launch: lock cleanup completed"
time="2026-01-06T10:15:41+08:00" level=info msg="browser launch: about to call l.Launch()..."
time="2026-01-06T10:15:41+08:00" level=info msg="browser launch: ===== Attempt 1 EXECUTING LAUNCH ====="
DevTools listening on ws://127.0.0.1:6399/devtools/browser/f32f14e1-9f24-4ce9-a421-5f01573108d5
time="2026-01-06T10:15:41+08:00" level=info msg="browser launch: ===== Attempt 1 LAUNCH RETURNED (duration: 280.449ms) ====="
time="2026-01-06T10:15:41+08:00" level=info msg="browser launch: SUCCESS! control url=ws://127.0.0.1:6399/devtools/browser/f32f14e1-9f24-4ce9-a421-5f01573108d5"
time="2026-01-06T10:15:41+08:00" level=info msg="browser launch: ===== Attempt 1 COMPLETED SUCCESSFULLY ====="
time="2026-01-06T10:15:41+08:00" level=info msg="browser connect: connecting to Chromium"
time="2026-01-06T10:15:41+08:00" level=info msg="browser connect: success"
time="2026-01-06T10:15:41+08:00" level=debug msg="loaded cookies from D:\\test\\xhs-data\\cookies\\acc_4\\cookies.json"
time="2026-01-06T10:15:41+08:00" level=warning msg="apply fingerprint failed: eval js error: TypeError: Cannot read properties of undefined (reading 'apply')\n    at <anonymous>:29:7 <nil>"
time="2026-01-06T10:15:41+08:00" level=info msg="打开 feed 详情页: https://www.xiaohongshu.com/explore/67e7b7d7000000001c02c6c9?xsec_token=ABaTUCDsQe7JWr94MkdXK0AbjM4TZatUmz-lXzWvThZtA=&xsec_source=pc_feed"
time="2026-01-06T10:15:41+08:00" level=info msg="配置: 点击更多=false, 回复阈值=10, 最大评论数=0, 滚动速度=normal"
[15856:10668:0106/101544.908:ERROR:components\device_event_log\device_event_log_impl.cc:198] [10:15:44.909] USB: usb_service_win.cc:105 SetupDiGetDeviceProperty({{A45C254E-DF1C-4EFD-8020-67D146A850E0}, 6}) failed: 找不到元素。 (0x490)
time="2026-01-06T10:15:45+08:00" level=warning msg="笔记不可访问: 当前笔记暂时无法浏览"
[GIN] 2026/01/06 - 10:15:46 | 200 |    5.3022307s |       127.0.0.1 | POST     "/mcp"
[GIN] 2026/01/06 - 10:15:46 | 200 |    5.3089841s |       127.0.0.1 | GET      "/mcp"
[GIN] 2026/01/06 - 10:16:13 | 200 |          5m0s |       127.0.0.1 | GET      "/mcp"
[GIN] 2026/01/06 - 10:16:16 | 200 |            0s |       127.0.0.1 | POST     "/mcp"
[GIN] 2026/01/06 - 10:16:16 | 202 |            0s |       127.0.0.1 | POST     "/mcp"
[GIN] 2026/01/06 - 10:16:16 | 200 |       519.8µs |       127.0.0.1 | POST     "/mcp"
time="2026-01-06T10:16:16+08:00" level=info msg="MCP: 获取Feed详情"
time="2026-01-06T10:16:16+08:00" level=info msg="MCP: 获取Feed详情 - Feed ID: 67e7b7d7000000001c02c6c9, loadAllComments=false, config={ClickMoreReplies:false MaxRepliesThreshold:10 MaxCommentItems:0 ScrollSpeed:normal}"
time="2026-01-06T10:16:16+08:00" level=info msg="browser launch: using attempt-level timeout control"
time="2026-01-06T10:16:16+08:00" level=info msg="cleanupUserDataLocks: cleaning dir=D:\\test\\xhs-data\\profiles\\acc_4\\profile"
time="2026-01-06T10:16:16+08:00" level=debug msg="cleanupUserDataLocks: D:\\test\\xhs-data\\profiles\\acc_4\\profile\\SingletonLock does not exist"
time="2026-01-06T10:16:16+08:00" level=debug msg="cleanupUserDataLocks: D:\\test\\xhs-data\\profiles\\acc_4\\profile\\SingletonCookie does not exist"
time="2026-01-06T10:16:16+08:00" level=debug msg="cleanupUserDataLocks: D:\\test\\xhs-data\\profiles\\acc_4\\profile\\SingletonSocket does not exist"
time="2026-01-06T10:16:16+08:00" level=info msg="cleanupUserDataLocks: removed D:\\test\\xhs-data\\profiles\\acc_4\\profile\\DevToolsActivePort"
time="2026-01-06T10:16:16+08:00" level=info msg="cleanupUserDataLocks: cleaned 1 lock files"
time="2026-01-06T10:16:16+08:00" level=info msg="browser launch: ===== Attempt 1 START ====="
time="2026-01-06T10:16:16+08:00" level=info msg="browser launch: created independent attempt context with 30s timeout"
time="2026-01-06T10:16:16+08:00" level=info msg="browser launch: created launcher"
time="2026-01-06T10:16:16+08:00" level=info msg="browser launch: headless=true bin=\"D:\\\\test\\\\chromium\\\\chrome-win64\\\\chrome.exe\" userData=\"D:\\\\test\\\\xhs-data\\\\profiles\\\\acc_4\\\\profile\" proxy=\"\" (attempt 1)"
time="2026-01-06T10:16:16+08:00" level=info msg="browser launch args: --disable-background-networking --disable-background-timer-throttling --disable-backgrounding-occluded-windows --disable-breakpad --disable-client-side-phishing-detection --disable-component-extensions-with-background-pages --disable-default-apps --disable-dev-shm-usage --disable-features=site-per-process,TranslateUI --disable-hang-monitor --disable-ipc-flooding-protection --disable-popup-blocking --disable-prompt-on-repost --disable-renderer-backgrounding --disable-site-isolation-trials --disable-sync --enable-automation --enable-features=NetworkService,NetworkServiceInProcess --force-color-profile=srgb --headless --lang=zh-CN --metrics-recording-only --no-default-browser-check --no-first-run --no-sandbox --no-startup-window --remote-debugging-port=0 --use-mock-keychain --user-agent=Mozilla/5.0 (Macintosh; Intel Mac OS X 10_15_7) AppleWebKit/537.36 (KHTML, like Gecko) Chrome/125.0.0.144 Safari/537.36 --user-data-dir=D:\\test\\xhs-data\\profiles\\acc_4\\profile"
time="2026-01-06T10:16:16+08:00" level=info msg="browser launch: cleaning locks before launch"
time="2026-01-06T10:16:16+08:00" level=info msg="cleanupUserDataLocks: cleaning dir=D:\\test\\xhs-data\\profiles\\acc_4\\profile"
time="2026-01-06T10:16:16+08:00" level=debug msg="cleanupUserDataLocks: D:\\test\\xhs-data\\profiles\\acc_4\\profile\\SingletonLock does not exist"
time="2026-01-06T10:16:16+08:00" level=debug msg="cleanupUserDataLocks: D:\\test\\xhs-data\\profiles\\acc_4\\profile\\SingletonCookie does not exist"
time="2026-01-06T10:16:16+08:00" level=debug msg="cleanupUserDataLocks: D:\\test\\xhs-data\\profiles\\acc_4\\profile\\SingletonSocket does not exist"
time="2026-01-06T10:16:16+08:00" level=debug msg="cleanupUserDataLocks: D:\\test\\xhs-data\\profiles\\acc_4\\profile\\DevToolsActivePort does not exist"
time="2026-01-06T10:16:16+08:00" level=info msg="cleanupUserDataLocks: cleaned 0 lock files"
time="2026-01-06T10:16:16+08:00" level=info msg="browser launch: lock cleanup completed"
time="2026-01-06T10:16:16+08:00" level=info msg="browser launch: about to call l.Launch()..."
time="2026-01-06T10:16:16+08:00" level=info msg="browser launch: ===== Attempt 1 EXECUTING LAUNCH ====="
DevTools listening on ws://127.0.0.1:5638/devtools/browser/7eacd346-759e-42af-b3f1-cb89518afece
time="2026-01-06T10:16:17+08:00" level=info msg="browser launch: ===== Attempt 1 LAUNCH RETURNED (duration: 261.1817ms) ====="
time="2026-01-06T10:16:17+08:00" level=info msg="browser launch: SUCCESS! control url=ws://127.0.0.1:5638/devtools/browser/7eacd346-759e-42af-b3f1-cb89518afece"
time="2026-01-06T10:16:17+08:00" level=info msg="browser launch: ===== Attempt 1 COMPLETED SUCCESSFULLY ====="
time="2026-01-06T10:16:17+08:00" level=info msg="browser connect: connecting to Chromium"
time="2026-01-06T10:16:17+08:00" level=info msg="browser connect: success"
time="2026-01-06T10:16:17+08:00" level=debug msg="loaded cookies from D:\\test\\xhs-data\\cookies\\acc_4\\cookies.json"
time="2026-01-06T10:16:17+08:00" level=warning msg="apply fingerprint failed: eval js error: TypeError: Cannot read properties of undefined (reading 'apply')\n    at <anonymous>:29:7 <nil>"
time="2026-01-06T10:16:17+08:00" level=info msg="打开 feed 详情页: https://www.xiaohongshu.com/explore/67e7b7d7000000001c02c6c9?xsec_token=ABaTUCDsQe7JWr94MkdXK0AbjM4TZatUmz-lXzWvThZtA=&xsec_source=pc_feed"
time="2026-01-06T10:16:17+08:00" level=info msg="配置: 点击更多=false, 回复阈值=10, 最大评论数=0, 滚动速度=normal"
[17492:22068:0106/101620.210:ERROR:components\device_event_log\device_event_log_impl.cc:198] [10:16:20.210] USB: usb_service_win.cc:105 SetupDiGetDeviceProperty({{A45C254E-DF1C-4EFD-8020-67D146A850E0}, 6}) failed: 找不到元素。 (0x490)
[17492:3208:0106/101621.292:ERROR:google_apis\gcm\engine\registration_request.cc:292] Registration response error message: DEPRECATED_ENDPOINT
[GIN] 2026/01/06 - 10:16:25 | 200 |    8.2513031s |       127.0.0.1 | POST     "/mcp"
[GIN] 2026/01/06 - 10:16:25 | 200 |    8.2678128s |       127.0.0.1 | GET      "/mcp"
[GIN] 2026/01/06 - 10:17:22 | 200 |       561.4µs |       127.0.0.1 | POST     "/mcp"
[GIN] 2026/01/06 - 10:17:22 | 202 |            0s |       127.0.0.1 | POST     "/mcp"
[GIN] 2026/01/06 - 10:17:22 | 200 |       513.3µs |       127.0.0.1 | POST     "/mcp"
time="2026-01-06T10:17:22+08:00" level=info msg="MCP: 获取Feed详情"
time="2026-01-06T10:17:22+08:00" level=info msg="MCP: 获取Feed详情 - Feed ID: 692417ab000000001e02eb1b, loadAllComments=false, config={ClickMoreReplies:false MaxRepliesThreshold:10 MaxCommentItems:0 ScrollSpeed:normal}"
time="2026-01-06T10:17:22+08:00" level=info msg="browser launch: using attempt-level timeout control"
time="2026-01-06T10:17:22+08:00" level=info msg="cleanupUserDataLocks: cleaning dir=D:\\test\\xhs-data\\profiles\\acc_4\\profile"
time="2026-01-06T10:17:22+08:00" level=debug msg="cleanupUserDataLocks: D:\\test\\xhs-data\\profiles\\acc_4\\profile\\SingletonLock does not exist"
time="2026-01-06T10:17:22+08:00" level=debug msg="cleanupUserDataLocks: D:\\test\\xhs-data\\profiles\\acc_4\\profile\\SingletonCookie does not exist"
time="2026-01-06T10:17:22+08:00" level=debug msg="cleanupUserDataLocks: D:\\test\\xhs-data\\profiles\\acc_4\\profile\\SingletonSocket does not exist"
time="2026-01-06T10:17:22+08:00" level=info msg="cleanupUserDataLocks: removed D:\\test\\xhs-data\\profiles\\acc_4\\profile\\DevToolsActivePort"
time="2026-01-06T10:17:22+08:00" level=info msg="cleanupUserDataLocks: cleaned 1 lock files"
time="2026-01-06T10:17:22+08:00" level=info msg="browser launch: ===== Attempt 1 START ====="
time="2026-01-06T10:17:22+08:00" level=info msg="browser launch: created independent attempt context with 30s timeout"
time="2026-01-06T10:17:22+08:00" level=info msg="browser launch: created launcher"
time="2026-01-06T10:17:22+08:00" level=info msg="browser launch: headless=true bin=\"D:\\\\test\\\\chromium\\\\chrome-win64\\\\chrome.exe\" userData=\"D:\\\\test\\\\xhs-data\\\\profiles\\\\acc_4\\\\profile\" proxy=\"\" (attempt 1)"
time="2026-01-06T10:17:22+08:00" level=info msg="browser launch args: --disable-background-networking --disable-background-timer-throttling --disable-backgrounding-occluded-windows --disable-breakpad --disable-client-side-phishing-detection --disable-component-extensions-with-background-pages --disable-default-apps --disable-dev-shm-usage --disable-features=site-per-process,TranslateUI --disable-hang-monitor --disable-ipc-flooding-protection --disable-popup-blocking --disable-prompt-on-repost --disable-renderer-backgrounding --disable-site-isolation-trials --disable-sync --enable-automation --enable-features=NetworkService,NetworkServiceInProcess --force-color-profile=srgb --headless --lang=zh-CN --metrics-recording-only --no-default-browser-check --no-first-run --no-sandbox --no-startup-window --remote-debugging-port=0 --use-mock-keychain --user-agent=Mozilla/5.0 (Macintosh; Intel Mac OS X 10_15_7) AppleWebKit/537.36 (KHTML, like Gecko) Chrome/125.0.0.144 Safari/537.36 --user-data-dir=D:\\test\\xhs-data\\profiles\\acc_4\\profile"
time="2026-01-06T10:17:22+08:00" level=info msg="browser launch: cleaning locks before launch"
time="2026-01-06T10:17:22+08:00" level=info msg="cleanupUserDataLocks: cleaning dir=D:\\test\\xhs-data\\profiles\\acc_4\\profile"
time="2026-01-06T10:17:22+08:00" level=debug msg="cleanupUserDataLocks: D:\\test\\xhs-data\\profiles\\acc_4\\profile\\SingletonLock does not exist"
time="2026-01-06T10:17:22+08:00" level=debug msg="cleanupUserDataLocks: D:\\test\\xhs-data\\profiles\\acc_4\\profile\\SingletonCookie does not exist"
time="2026-01-06T10:17:22+08:00" level=debug msg="cleanupUserDataLocks: D:\\test\\xhs-data\\profiles\\acc_4\\profile\\SingletonSocket does not exist"
time="2026-01-06T10:17:22+08:00" level=debug msg="cleanupUserDataLocks: D:\\test\\xhs-data\\profiles\\acc_4\\profile\\DevToolsActivePort does not exist"
time="2026-01-06T10:17:22+08:00" level=info msg="cleanupUserDataLocks: cleaned 0 lock files"
time="2026-01-06T10:17:22+08:00" level=info msg="browser launch: lock cleanup completed"
time="2026-01-06T10:17:22+08:00" level=info msg="browser launch: about to call l.Launch()..."
time="2026-01-06T10:17:22+08:00" level=info msg="browser launch: ===== Attempt 1 EXECUTING LAUNCH ====="
DevTools listening on ws://127.0.0.1:6409/devtools/browser/61ef5f33-cd1b-4360-8b63-8223c7d6f5e1
time="2026-01-06T10:17:22+08:00" level=info msg="browser launch: ===== Attempt 1 LAUNCH RETURNED (duration: 264.2924ms) ====="
time="2026-01-06T10:17:22+08:00" level=info msg="browser launch: SUCCESS! control url=ws://127.0.0.1:6409/devtools/browser/61ef5f33-cd1b-4360-8b63-8223c7d6f5e1"
time="2026-01-06T10:17:22+08:00" level=info msg="browser launch: ===== Attempt 1 COMPLETED SUCCESSFULLY ====="
time="2026-01-06T10:17:22+08:00" level=info msg="browser connect: connecting to Chromium"
time="2026-01-06T10:17:22+08:00" level=info msg="browser connect: success"
time="2026-01-06T10:17:22+08:00" level=debug msg="loaded cookies from D:\\test\\xhs-data\\cookies\\acc_4\\cookies.json"
time="2026-01-06T10:17:22+08:00" level=warning msg="apply fingerprint failed: eval js error: TypeError: Cannot read properties of undefined (reading 'apply')\n    at <anonymous>:29:7 <nil>"
time="2026-01-06T10:17:22+08:00" level=info msg="打开 feed 详情页: https://www.xiaohongshu.com/explore/692417ab000000001e02eb1b?xsec_token=ABVoul4bqS21dKUwsYDxn9bXA4H0_aPzpR-WweoIUTZ2s=&xsec_source=pc_feed"
time="2026-01-06T10:17:22+08:00" level=info msg="配置: 点击更多=false, 回复阈值=10, 最大评论数=0, 滚动速度=normal"
[5084:23152:0106/101726.438:ERROR:components\device_event_log\device_event_log_impl.cc:198] [10:17:26.438] USB: usb_service_win.cc:105 SetupDiGetDeviceProperty({{A45C254E-DF1C-4EFD-8020-67D146A850E0}, 6}) failed: 找不到元素。 (0x490)
[5084:3924:0106/101728.170:ERROR:google_apis\gcm\engine\registration_request.cc:292] Registration response error message: DEPRECATED_ENDPOINT
[GIN] 2026/01/06 - 10:17:30 | 200 |    8.3128841s |       127.0.0.1 | POST     "/mcp"
[GIN] 2026/01/06 - 10:17:30 | 200 |    8.3269176s |       127.0.0.1 | GET      "/mcp"
[GIN] 2026/01/06 - 10:18:07 | 200 |            0s |       127.0.0.1 | POST     "/mcp"
[GIN] 2026/01/06 - 10:18:07 | 202 |            0s |       127.0.0.1 | POST     "/mcp"
[GIN] 2026/01/06 - 10:18:07 | 200 |       541.2µs |       127.0.0.1 | POST     "/mcp"
time="2026-01-06T10:18:07+08:00" level=info msg="MCP: 获取Feed详情"
time="2026-01-06T10:18:07+08:00" level=info msg="MCP: 获取Feed详情 - Feed ID: 67a35d40000000001801280e, loadAllComments=false, config={ClickMoreReplies:false MaxRepliesThreshold:10 MaxCommentItems:0 ScrollSpeed:normal}"
time="2026-01-06T10:18:07+08:00" level=info msg="browser launch: using attempt-level timeout control"
time="2026-01-06T10:18:07+08:00" level=info msg="cleanupUserDataLocks: cleaning dir=D:\\test\\xhs-data\\profiles\\acc_4\\profile"
time="2026-01-06T10:18:07+08:00" level=debug msg="cleanupUserDataLocks: D:\\test\\xhs-data\\profiles\\acc_4\\profile\\SingletonLock does not exist"
time="2026-01-06T10:18:07+08:00" level=debug msg="cleanupUserDataLocks: D:\\test\\xhs-data\\profiles\\acc_4\\profile\\SingletonCookie does not exist"
time="2026-01-06T10:18:07+08:00" level=debug msg="cleanupUserDataLocks: D:\\test\\xhs-data\\profiles\\acc_4\\profile\\SingletonSocket does not exist"
time="2026-01-06T10:18:07+08:00" level=info msg="cleanupUserDataLocks: removed D:\\test\\xhs-data\\profiles\\acc_4\\profile\\DevToolsActivePort"
time="2026-01-06T10:18:07+08:00" level=info msg="cleanupUserDataLocks: cleaned 1 lock files"
time="2026-01-06T10:18:07+08:00" level=info msg="browser launch: ===== Attempt 1 START ====="
time="2026-01-06T10:18:07+08:00" level=info msg="browser launch: created independent attempt context with 30s timeout"
time="2026-01-06T10:18:07+08:00" level=info msg="browser launch: created launcher"
time="2026-01-06T10:18:07+08:00" level=info msg="browser launch: headless=true bin=\"D:\\\\test\\\\chromium\\\\chrome-win64\\\\chrome.exe\" userData=\"D:\\\\test\\\\xhs-data\\\\profiles\\\\acc_4\\\\profile\" proxy=\"\" (attempt 1)"
time="2026-01-06T10:18:07+08:00" level=info msg="browser launch args: --disable-background-networking --disable-background-timer-throttling --disable-backgrounding-occluded-windows --disable-breakpad --disable-client-side-phishing-detection --disable-component-extensions-with-background-pages --disable-default-apps --disable-dev-shm-usage --disable-features=site-per-process,TranslateUI --disable-hang-monitor --disable-ipc-flooding-protection --disable-popup-blocking --disable-prompt-on-repost --disable-renderer-backgrounding --disable-site-isolation-trials --disable-sync --enable-automation --enable-features=NetworkService,NetworkServiceInProcess --force-color-profile=srgb --headless --lang=zh-CN --metrics-recording-only --no-default-browser-check --no-first-run --no-sandbox --no-startup-window --remote-debugging-port=0 --use-mock-keychain --user-agent=Mozilla/5.0 (Macintosh; Intel Mac OS X 10_15_7) AppleWebKit/537.36 (KHTML, like Gecko) Chrome/125.0.0.144 Safari/537.36 --user-data-dir=D:\\test\\xhs-data\\profiles\\acc_4\\profile"
time="2026-01-06T10:18:07+08:00" level=info msg="browser launch: cleaning locks before launch"
time="2026-01-06T10:18:07+08:00" level=info msg="cleanupUserDataLocks: cleaning dir=D:\\test\\xhs-data\\profiles\\acc_4\\profile"
time="2026-01-06T10:18:07+08:00" level=debug msg="cleanupUserDataLocks: D:\\test\\xhs-data\\profiles\\acc_4\\profile\\SingletonLock does not exist"
time="2026-01-06T10:18:07+08:00" level=debug msg="cleanupUserDataLocks: D:\\test\\xhs-data\\profiles\\acc_4\\profile\\SingletonCookie does not exist"
time="2026-01-06T10:18:07+08:00" level=debug msg="cleanupUserDataLocks: D:\\test\\xhs-data\\profiles\\acc_4\\profile\\SingletonSocket does not exist"
time="2026-01-06T10:18:07+08:00" level=debug msg="cleanupUserDataLocks: D:\\test\\xhs-data\\profiles\\acc_4\\profile\\DevToolsActivePort does not exist"
time="2026-01-06T10:18:07+08:00" level=info msg="cleanupUserDataLocks: cleaned 0 lock files"
time="2026-01-06T10:18:07+08:00" level=info msg="browser launch: lock cleanup completed"
time="2026-01-06T10:18:07+08:00" level=info msg="browser launch: about to call l.Launch()..."
time="2026-01-06T10:18:07+08:00" level=info msg="browser launch: ===== Attempt 1 EXECUTING LAUNCH ====="
DevTools listening on ws://127.0.0.1:8350/devtools/browser/d4e24720-44c4-4071-99fd-7d7beb06f65d
time="2026-01-06T10:18:07+08:00" level=info msg="browser launch: ===== Attempt 1 LAUNCH RETURNED (duration: 246.201ms) ====="
time="2026-01-06T10:18:07+08:00" level=info msg="browser launch: SUCCESS! control url=ws://127.0.0.1:8350/devtools/browser/d4e24720-44c4-4071-99fd-7d7beb06f65d"
time="2026-01-06T10:18:07+08:00" level=info msg="browser launch: ===== Attempt 1 COMPLETED SUCCESSFULLY ====="
time="2026-01-06T10:18:07+08:00" level=info msg="browser connect: connecting to Chromium"
time="2026-01-06T10:18:07+08:00" level=info msg="browser connect: success"
time="2026-01-06T10:18:07+08:00" level=debug msg="loaded cookies from D:\\test\\xhs-data\\cookies\\acc_4\\cookies.json"
time="2026-01-06T10:18:08+08:00" level=warning msg="apply fingerprint failed: eval js error: TypeError: Cannot read properties of undefined (reading 'apply')\n    at <anonymous>:29:7 <nil>"
time="2026-01-06T10:18:08+08:00" level=info msg="打开 feed 详情页: https://www.xiaohongshu.com/explore/67a35d40000000001801280e?xsec_token=ABWn-sh8-B-SW3p8VJP9WZDqQKHzEkFlyWW-IOBbuqSZo=&xsec_source=pc_feed"
time="2026-01-06T10:18:08+08:00" level=info msg="配置: 点击更多=false, 回复阈值=10, 最大评论数=0, 滚动速度=normal"
[7020:22332:0106/101811.089:ERROR:components\device_event_log\device_event_log_impl.cc:198] [10:18:11.089] USB: usb_service_win.cc:105 SetupDiGetDeviceProperty({{A45C254E-DF1C-4EFD-8020-67D146A850E0}, 6}) failed: 找不到元素。 (0x490)
time="2026-01-06T10:18:11+08:00" level=warning msg="笔记不可访问: 当前笔记暂时无法浏览"
[GIN] 2026/01/06 - 10:18:13 | 200 |    5.3362539s |       127.0.0.1 | POST     "/mcp"
[GIN] 2026/01/06 - 10:18:13 | 200 |    5.3445235s |       127.0.0.1 | GET      "/mcp"
[GIN] 2026/01/06 - 10:18:43 | 200 |         503µs |       127.0.0.1 | POST     "/mcp"
[GIN] 2026/01/06 - 10:18:43 | 202 |            0s |       127.0.0.1 | POST     "/mcp"
[GIN] 2026/01/06 - 10:18:43 | 200 |       503.1µs |       127.0.0.1 | POST     "/mcp"
time="2026-01-06T10:18:43+08:00" level=info msg="MCP: 获取Feed详情"
time="2026-01-06T10:18:43+08:00" level=info msg="MCP: 获取Feed详情 - Feed ID: 67a35d40000000001801280e, loadAllComments=false, config={ClickMoreReplies:false MaxRepliesThreshold:10 MaxCommentItems:0 ScrollSpeed:normal}"
time="2026-01-06T10:18:43+08:00" level=info msg="browser launch: using attempt-level timeout control"
time="2026-01-06T10:18:43+08:00" level=info msg="cleanupUserDataLocks: cleaning dir=D:\\test\\xhs-data\\profiles\\acc_4\\profile"
time="2026-01-06T10:18:43+08:00" level=debug msg="cleanupUserDataLocks: D:\\test\\xhs-data\\profiles\\acc_4\\profile\\SingletonLock does not exist"
time="2026-01-06T10:18:43+08:00" level=debug msg="cleanupUserDataLocks: D:\\test\\xhs-data\\profiles\\acc_4\\profile\\SingletonCookie does not exist"
time="2026-01-06T10:18:43+08:00" level=debug msg="cleanupUserDataLocks: D:\\test\\xhs-data\\profiles\\acc_4\\profile\\SingletonSocket does not exist"
time="2026-01-06T10:18:43+08:00" level=info msg="cleanupUserDataLocks: removed D:\\test\\xhs-data\\profiles\\acc_4\\profile\\DevToolsActivePort"
time="2026-01-06T10:18:43+08:00" level=info msg="cleanupUserDataLocks: cleaned 1 lock files"
time="2026-01-06T10:18:43+08:00" level=info msg="browser launch: ===== Attempt 1 START ====="
time="2026-01-06T10:18:43+08:00" level=info msg="browser launch: created independent attempt context with 30s timeout"
time="2026-01-06T10:18:43+08:00" level=info msg="browser launch: created launcher"
time="2026-01-06T10:18:43+08:00" level=info msg="browser launch: headless=true bin=\"D:\\\\test\\\\chromium\\\\chrome-win64\\\\chrome.exe\" userData=\"D:\\\\test\\\\xhs-data\\\\profiles\\\\acc_4\\\\profile\" proxy=\"\" (attempt 1)"
time="2026-01-06T10:18:43+08:00" level=info msg="browser launch args: --disable-background-networking --disable-background-timer-throttling --disable-backgrounding-occluded-windows --disable-breakpad --disable-client-side-phishing-detection --disable-component-extensions-with-background-pages --disable-default-apps --disable-dev-shm-usage --disable-features=site-per-process,TranslateUI --disable-hang-monitor --disable-ipc-flooding-protection --disable-popup-blocking --disable-prompt-on-repost --disable-renderer-backgrounding --disable-site-isolation-trials --disable-sync --enable-automation --enable-features=NetworkService,NetworkServiceInProcess --force-color-profile=srgb --headless --lang=zh-CN --metrics-recording-only --no-default-browser-check --no-first-run --no-sandbox --no-startup-window --remote-debugging-port=0 --use-mock-keychain --user-agent=Mozilla/5.0 (Macintosh; Intel Mac OS X 10_15_7) AppleWebKit/537.36 (KHTML, like Gecko) Chrome/125.0.0.144 Safari/537.36 --user-data-dir=D:\\test\\xhs-data\\profiles\\acc_4\\profile"
time="2026-01-06T10:18:43+08:00" level=info msg="browser launch: cleaning locks before launch"
time="2026-01-06T10:18:43+08:00" level=info msg="cleanupUserDataLocks: cleaning dir=D:\\test\\xhs-data\\profiles\\acc_4\\profile"
time="2026-01-06T10:18:43+08:00" level=debug msg="cleanupUserDataLocks: D:\\test\\xhs-data\\profiles\\acc_4\\profile\\SingletonLock does not exist"
time="2026-01-06T10:18:43+08:00" level=debug msg="cleanupUserDataLocks: D:\\test\\xhs-data\\profiles\\acc_4\\profile\\SingletonCookie does not exist"
time="2026-01-06T10:18:43+08:00" level=debug msg="cleanupUserDataLocks: D:\\test\\xhs-data\\profiles\\acc_4\\profile\\SingletonSocket does not exist"
time="2026-01-06T10:18:43+08:00" level=debug msg="cleanupUserDataLocks: D:\\test\\xhs-data\\profiles\\acc_4\\profile\\DevToolsActivePort does not exist"
time="2026-01-06T10:18:43+08:00" level=info msg="cleanupUserDataLocks: cleaned 0 lock files"
time="2026-01-06T10:18:43+08:00" level=info msg="browser launch: lock cleanup completed"
time="2026-01-06T10:18:43+08:00" level=info msg="browser launch: about to call l.Launch()..."
time="2026-01-06T10:18:43+08:00" level=info msg="browser launch: ===== Attempt 1 EXECUTING LAUNCH ====="
DevTools listening on ws://127.0.0.1:8609/devtools/browser/7475b574-bfa8-4532-95b8-f2bbeca7f8af
time="2026-01-06T10:18:43+08:00" level=info msg="browser launch: ===== Attempt 1 LAUNCH RETURNED (duration: 261.912ms) ====="
time="2026-01-06T10:18:43+08:00" level=info msg="browser launch: SUCCESS! control url=ws://127.0.0.1:8609/devtools/browser/7475b574-bfa8-4532-95b8-f2bbeca7f8af"
time="2026-01-06T10:18:43+08:00" level=info msg="browser launch: ===== Attempt 1 COMPLETED SUCCESSFULLY ====="
time="2026-01-06T10:18:43+08:00" level=info msg="browser connect: connecting to Chromium"
time="2026-01-06T10:18:43+08:00" level=info msg="browser connect: success"
time="2026-01-06T10:18:43+08:00" level=debug msg="loaded cookies from D:\\test\\xhs-data\\cookies\\acc_4\\cookies.json"
time="2026-01-06T10:18:43+08:00" level=warning msg="apply fingerprint failed: eval js error: TypeError: Cannot read properties of undefined (reading 'apply')\n    at <anonymous>:29:7 <nil>"
time="2026-01-06T10:18:43+08:00" level=info msg="打开 feed 详情页: https://www.xiaohongshu.com/explore/67a35d40000000001801280e?xsec_token=ABWn-sh8-B-SW3p8VJP9WZDqQKHzEkFlyWW-IOBbuqSZo=&xsec_source=pc_feed"
time="2026-01-06T10:18:43+08:00" level=info msg="配置: 点击更多=false, 回复阈值=10, 最大评论数=0, 滚动速度=normal"
[13760:5692:0106/101846.439:ERROR:components\device_event_log\device_event_log_impl.cc:198] [10:18:46.440] USB: usb_service_win.cc:105 SetupDiGetDeviceProperty({{A45C254E-DF1C-4EFD-8020-67D146A850E0}, 6}) failed: 找不到元素。 (0x490)
time="2026-01-06T10:18:47+08:00" level=warning msg="笔记不可访问: 当前笔记暂时无法浏览"
[GIN] 2026/01/06 - 10:18:48 | 200 |    5.2615504s |       127.0.0.1 | POST     "/mcp"
[GIN] 2026/01/06 - 10:18:48 | 200 |    5.2693849s |       127.0.0.1 | GET      "/mcp"
[GIN] 2026/01/06 - 10:19:19 | 200 |            0s |       127.0.0.1 | POST     "/mcp"
[GIN] 2026/01/06 - 10:19:19 | 202 |            0s |       127.0.0.1 | POST     "/mcp"
[GIN] 2026/01/06 - 10:19:19 | 200 |       503.6µs |       127.0.0.1 | POST     "/mcp"
time="2026-01-06T10:19:19+08:00" level=info msg="MCP: 获取Feed详情"
time="2026-01-06T10:19:19+08:00" level=info msg="MCP: 获取Feed详情 - Feed ID: 5b006681-30ce-436f-8266-e3b79aac041b#1767665479719, loadAllComments=false, config={ClickMoreReplies:false MaxRepliesThreshold:10 MaxCommentItems:0 ScrollSpeed:normal}"
time="2026-01-06T10:19:19+08:00" level=info msg="browser launch: using attempt-level timeout control"
time="2026-01-06T10:19:19+08:00" level=info msg="cleanupUserDataLocks: cleaning dir=D:\\test\\xhs-data\\profiles\\acc_4\\profile"
time="2026-01-06T10:19:19+08:00" level=debug msg="cleanupUserDataLocks: D:\\test\\xhs-data\\profiles\\acc_4\\profile\\SingletonLock does not exist"
time="2026-01-06T10:19:19+08:00" level=debug msg="cleanupUserDataLocks: D:\\test\\xhs-data\\profiles\\acc_4\\profile\\SingletonCookie does not exist"
time="2026-01-06T10:19:19+08:00" level=debug msg="cleanupUserDataLocks: D:\\test\\xhs-data\\profiles\\acc_4\\profile\\SingletonSocket does not exist"
time="2026-01-06T10:19:19+08:00" level=info msg="cleanupUserDataLocks: removed D:\\test\\xhs-data\\profiles\\acc_4\\profile\\DevToolsActivePort"
time="2026-01-06T10:19:19+08:00" level=info msg="cleanupUserDataLocks: cleaned 1 lock files"
time="2026-01-06T10:19:19+08:00" level=info msg="browser launch: ===== Attempt 1 START ====="
time="2026-01-06T10:19:19+08:00" level=info msg="browser launch: created independent attempt context with 30s timeout"
time="2026-01-06T10:19:19+08:00" level=info msg="browser launch: created launcher"
time="2026-01-06T10:19:19+08:00" level=info msg="browser launch: headless=true bin=\"D:\\\\test\\\\chromium\\\\chrome-win64\\\\chrome.exe\" userData=\"D:\\\\test\\\\xhs-data\\\\profiles\\\\acc_4\\\\profile\" proxy=\"\" (attempt 1)"
time="2026-01-06T10:19:19+08:00" level=info msg="browser launch args: --disable-background-networking --disable-background-timer-throttling --disable-backgrounding-occluded-windows --disable-breakpad --disable-client-side-phishing-detection --disable-component-extensions-with-background-pages --disable-default-apps --disable-dev-shm-usage --disable-features=site-per-process,TranslateUI --disable-hang-monitor --disable-ipc-flooding-protection --disable-popup-blocking --disable-prompt-on-repost --disable-renderer-backgrounding --disable-site-isolation-trials --disable-sync --enable-automation --enable-features=NetworkService,NetworkServiceInProcess --force-color-profile=srgb --headless --lang=zh-CN --metrics-recording-only --no-default-browser-check --no-first-run --no-sandbox --no-startup-window --remote-debugging-port=0 --use-mock-keychain --user-agent=Mozilla/5.0 (Macintosh; Intel Mac OS X 10_15_7) AppleWebKit/537.36 (KHTML, like Gecko) Chrome/125.0.0.144 Safari/537.36 --user-data-dir=D:\\test\\xhs-data\\profiles\\acc_4\\profile"
time="2026-01-06T10:19:19+08:00" level=info msg="browser launch: cleaning locks before launch"
time="2026-01-06T10:19:19+08:00" level=info msg="cleanupUserDataLocks: cleaning dir=D:\\test\\xhs-data\\profiles\\acc_4\\profile"
time="2026-01-06T10:19:19+08:00" level=debug msg="cleanupUserDataLocks: D:\\test\\xhs-data\\profiles\\acc_4\\profile\\SingletonLock does not exist"
time="2026-01-06T10:19:19+08:00" level=debug msg="cleanupUserDataLocks: D:\\test\\xhs-data\\profiles\\acc_4\\profile\\SingletonCookie does not exist"
time="2026-01-06T10:19:19+08:00" level=debug msg="cleanupUserDataLocks: D:\\test\\xhs-data\\profiles\\acc_4\\profile\\SingletonSocket does not exist"
time="2026-01-06T10:19:19+08:00" level=debug msg="cleanupUserDataLocks: D:\\test\\xhs-data\\profiles\\acc_4\\profile\\DevToolsActivePort does not exist"
time="2026-01-06T10:19:19+08:00" level=info msg="cleanupUserDataLocks: cleaned 0 lock files"
time="2026-01-06T10:19:19+08:00" level=info msg="browser launch: lock cleanup completed"
time="2026-01-06T10:19:19+08:00" level=info msg="browser launch: about to call l.Launch()..."
time="2026-01-06T10:19:19+08:00" level=info msg="browser launch: ===== Attempt 1 EXECUTING LAUNCH ====="
DevTools listening on ws://127.0.0.1:4958/devtools/browser/9487691e-7bbf-4b51-8456-eb7a5adbf9b6
time="2026-01-06T10:19:20+08:00" level=info msg="browser launch: ===== Attempt 1 LAUNCH RETURNED (duration: 269.3031ms) ====="
time="2026-01-06T10:19:20+08:00" level=info msg="browser launch: SUCCESS! control url=ws://127.0.0.1:4958/devtools/browser/9487691e-7bbf-4b51-8456-eb7a5adbf9b6"
time="2026-01-06T10:19:20+08:00" level=info msg="browser launch: ===== Attempt 1 COMPLETED SUCCESSFULLY ====="
time="2026-01-06T10:19:20+08:00" level=info msg="browser connect: connecting to Chromium"
time="2026-01-06T10:19:20+08:00" level=info msg="browser connect: success"
time="2026-01-06T10:19:20+08:00" level=debug msg="loaded cookies from D:\\test\\xhs-data\\cookies\\acc_4\\cookies.json"
time="2026-01-06T10:19:20+08:00" level=warning msg="apply fingerprint failed: eval js error: TypeError: Cannot read properties of undefined (reading 'apply')\n    at <anonymous>:29:7 <nil>"
time="2026-01-06T10:19:20+08:00" level=info msg="打开 feed 详情页: https://www.xiaohongshu.com/explore/5b006681-30ce-436f-8266-e3b79aac041b#1767665479719?xsec_token=AB9_FReMnjp6Uwp9xb4FJewpn_8mMU7ZGLmxsav4zLCKmXkc_IYNCSuviEo2fWmZ-xm-IjSwuYV09gTx4642NhnQEr5SrjIlyfUuj66lg6-RM=&xsec_source=pc_feed"
time="2026-01-06T10:19:20+08:00" level=info msg="配置: 点击更多=false, 回复阈值=10, 最大评论数=0, 滚动速度=normal"
[23088:12396:0106/101923.378:ERROR:components\device_event_log\device_event_log_impl.cc:198] [10:19:23.378] USB: usb_service_win.cc:105 SetupDiGetDeviceProperty({{A45C254E-DF1C-4EFD-8020-67D146A850E0}, 6}) failed: 找不到元素。 (0x490)
[23088:18592:0106/101924.455:ERROR:google_apis\gcm\engine\registration_request.cc:292] Registration response error message: DEPRECATED_ENDPOINT
[GIN] 2026/01/06 - 10:19:32 | 200 |   12.4039567s |       127.0.0.1 | POST     "/mcp"
[GIN] 2026/01/06 - 10:19:32 | 200 |   12.4123616s |       127.0.0.1 | GET      "/mcp"
[GIN] 2026/01/06 - 10:20:03 | 200 |       503.7µs |       127.0.0.1 | POST     "/mcp"
[GIN] 2026/01/06 - 10:20:03 | 202 |            0s |       127.0.0.1 | POST     "/mcp"
[GIN] 2026/01/06 - 10:20:03 | 200 |         138µs |       127.0.0.1 | POST     "/mcp"
time="2026-01-06T10:20:03+08:00" level=info msg="MCP: 获取Feed详情"
time="2026-01-06T10:20:03+08:00" level=info msg="MCP: 获取Feed详情 - Feed ID: 65d36385000000000700456e, loadAllComments=false, config={ClickMoreReplies:false MaxRepliesThreshold:10 MaxCommentItems:0 ScrollSpeed:normal}"
time="2026-01-06T10:20:03+08:00" level=info msg="browser launch: using attempt-level timeout control"
time="2026-01-06T10:20:03+08:00" level=info msg="cleanupUserDataLocks: cleaning dir=D:\\test\\xhs-data\\profiles\\acc_4\\profile"
time="2026-01-06T10:20:03+08:00" level=debug msg="cleanupUserDataLocks: D:\\test\\xhs-data\\profiles\\acc_4\\profile\\SingletonLock does not exist"
time="2026-01-06T10:20:03+08:00" level=debug msg="cleanupUserDataLocks: D:\\test\\xhs-data\\profiles\\acc_4\\profile\\SingletonCookie does not exist"
time="2026-01-06T10:20:03+08:00" level=debug msg="cleanupUserDataLocks: D:\\test\\xhs-data\\profiles\\acc_4\\profile\\SingletonSocket does not exist"
time="2026-01-06T10:20:03+08:00" level=info msg="cleanupUserDataLocks: removed D:\\test\\xhs-data\\profiles\\acc_4\\profile\\DevToolsActivePort"
time="2026-01-06T10:20:03+08:00" level=info msg="cleanupUserDataLocks: cleaned 1 lock files"
time="2026-01-06T10:20:03+08:00" level=info msg="browser launch: ===== Attempt 1 START ====="
time="2026-01-06T10:20:03+08:00" level=info msg="browser launch: created independent attempt context with 30s timeout"
time="2026-01-06T10:20:03+08:00" level=info msg="browser launch: created launcher"
time="2026-01-06T10:20:03+08:00" level=info msg="browser launch: headless=true bin=\"D:\\\\test\\\\chromium\\\\chrome-win64\\\\chrome.exe\" userData=\"D:\\\\test\\\\xhs-data\\\\profiles\\\\acc_4\\\\profile\" proxy=\"\" (attempt 1)"
time="2026-01-06T10:20:03+08:00" level=info msg="browser launch args: --disable-background-networking --disable-background-timer-throttling --disable-backgrounding-occluded-windows --disable-breakpad --disable-client-side-phishing-detection --disable-component-extensions-with-background-pages --disable-default-apps --disable-dev-shm-usage --disable-features=site-per-process,TranslateUI --disable-hang-monitor --disable-ipc-flooding-protection --disable-popup-blocking --disable-prompt-on-repost --disable-renderer-backgrounding --disable-site-isolation-trials --disable-sync --enable-automation --enable-features=NetworkService,NetworkServiceInProcess --force-color-profile=srgb --headless --lang=zh-CN --metrics-recording-only --no-default-browser-check --no-first-run --no-sandbox --no-startup-window --remote-debugging-port=0 --use-mock-keychain --user-agent=Mozilla/5.0 (Macintosh; Intel Mac OS X 10_15_7) AppleWebKit/537.36 (KHTML, like Gecko) Chrome/125.0.0.144 Safari/537.36 --user-data-dir=D:\\test\\xhs-data\\profiles\\acc_4\\profile"
time="2026-01-06T10:20:03+08:00" level=info msg="browser launch: cleaning locks before launch"
time="2026-01-06T10:20:03+08:00" level=info msg="cleanupUserDataLocks: cleaning dir=D:\\test\\xhs-data\\profiles\\acc_4\\profile"
time="2026-01-06T10:20:03+08:00" level=debug msg="cleanupUserDataLocks: D:\\test\\xhs-data\\profiles\\acc_4\\profile\\SingletonLock does not exist"
time="2026-01-06T10:20:03+08:00" level=debug msg="cleanupUserDataLocks: D:\\test\\xhs-data\\profiles\\acc_4\\profile\\SingletonCookie does not exist"
time="2026-01-06T10:20:03+08:00" level=debug msg="cleanupUserDataLocks: D:\\test\\xhs-data\\profiles\\acc_4\\profile\\SingletonSocket does not exist"
time="2026-01-06T10:20:03+08:00" level=debug msg="cleanupUserDataLocks: D:\\test\\xhs-data\\profiles\\acc_4\\profile\\DevToolsActivePort does not exist"
time="2026-01-06T10:20:03+08:00" level=info msg="cleanupUserDataLocks: cleaned 0 lock files"
time="2026-01-06T10:20:03+08:00" level=info msg="browser launch: lock cleanup completed"
time="2026-01-06T10:20:03+08:00" level=info msg="browser launch: about to call l.Launch()..."
time="2026-01-06T10:20:03+08:00" level=info msg="browser launch: ===== Attempt 1 EXECUTING LAUNCH ====="
DevTools listening on ws://127.0.0.1:8311/devtools/browser/023694af-695b-4ed2-88b9-7e98d5d1f17e
time="2026-01-06T10:20:03+08:00" level=info msg="browser launch: ===== Attempt 1 LAUNCH RETURNED (duration: 277.6339ms) ====="
time="2026-01-06T10:20:03+08:00" level=info msg="browser launch: SUCCESS! control url=ws://127.0.0.1:8311/devtools/browser/023694af-695b-4ed2-88b9-7e98d5d1f17e"
time="2026-01-06T10:20:03+08:00" level=info msg="browser launch: ===== Attempt 1 COMPLETED SUCCESSFULLY ====="
time="2026-01-06T10:20:03+08:00" level=info msg="browser connect: connecting to Chromium"
time="2026-01-06T10:20:03+08:00" level=info msg="browser connect: success"
time="2026-01-06T10:20:03+08:00" level=debug msg="loaded cookies from D:\\test\\xhs-data\\cookies\\acc_4\\cookies.json"
time="2026-01-06T10:20:04+08:00" level=warning msg="apply fingerprint failed: eval js error: TypeError: Cannot read properties of undefined (reading 'apply')\n    at <anonymous>:29:7 <nil>"
time="2026-01-06T10:20:04+08:00" level=info msg="打开 feed 详情页: https://www.xiaohongshu.com/explore/65d36385000000000700456e?xsec_token=ABOxDjMQSEGrK4r5snWROKSloJVu9ZLPCnGZlCkKTWYM8=&xsec_source=pc_feed"
time="2026-01-06T10:20:04+08:00" level=info msg="配置: 点击更多=false, 回复阈值=10, 最大评论数=0, 滚动速度=normal"
[4340:11124:0106/102007.135:ERROR:components\device_event_log\device_event_log_impl.cc:198] [10:20:07.135] USB: usb_service_win.cc:105 SetupDiGetDeviceProperty({{A45C254E-DF1C-4EFD-8020-67D146A850E0}, 6}) failed: 找不到元素。 (0x490)
[4340:20464:0106/102008.204:ERROR:google_apis\gcm\engine\registration_request.cc:292] Registration response error message: DEPRECATED_ENDPOINT
time="2026-01-06T10:20:08+08:00" level=warning msg="笔记不可访问: 当前笔记暂时无法浏览"
[GIN] 2026/01/06 - 10:20:09 | 200 |     5.618502s |       127.0.0.1 | POST     "/mcp"
[GIN] 2026/01/06 - 10:20:09 | 200 |    5.6273721s |       127.0.0.1 | GET      "/mcp"
[GIN] 2026/01/06 - 10:20:40 | 200 |            0s |       127.0.0.1 | POST     "/mcp"
[GIN] 2026/01/06 - 10:20:40 | 202 |            0s |       127.0.0.1 | POST     "/mcp"
[GIN] 2026/01/06 - 10:20:40 | 200 |       547.8µs |       127.0.0.1 | POST     "/mcp"
time="2026-01-06T10:20:40+08:00" level=info msg="MCP: 获取Feed详情"
time="2026-01-06T10:20:40+08:00" level=info msg="MCP: 获取Feed详情 - Feed ID: 66ce1697000000001d03b5ee, loadAllComments=false, config={ClickMoreReplies:false MaxRepliesThreshold:10 MaxCommentItems:0 ScrollSpeed:normal}"
time="2026-01-06T10:20:40+08:00" level=info msg="browser launch: using attempt-level timeout control"
time="2026-01-06T10:20:40+08:00" level=info msg="cleanupUserDataLocks: cleaning dir=D:\\test\\xhs-data\\profiles\\acc_4\\profile"
time="2026-01-06T10:20:40+08:00" level=debug msg="cleanupUserDataLocks: D:\\test\\xhs-data\\profiles\\acc_4\\profile\\SingletonLock does not exist"
time="2026-01-06T10:20:40+08:00" level=debug msg="cleanupUserDataLocks: D:\\test\\xhs-data\\profiles\\acc_4\\profile\\SingletonCookie does not exist"
time="2026-01-06T10:20:40+08:00" level=debug msg="cleanupUserDataLocks: D:\\test\\xhs-data\\profiles\\acc_4\\profile\\SingletonSocket does not exist"
time="2026-01-06T10:20:40+08:00" level=info msg="cleanupUserDataLocks: removed D:\\test\\xhs-data\\profiles\\acc_4\\profile\\DevToolsActivePort"
time="2026-01-06T10:20:40+08:00" level=info msg="cleanupUserDataLocks: cleaned 1 lock files"
time="2026-01-06T10:20:40+08:00" level=info msg="browser launch: ===== Attempt 1 START ====="
time="2026-01-06T10:20:40+08:00" level=info msg="browser launch: created independent attempt context with 30s timeout"
time="2026-01-06T10:20:40+08:00" level=info msg="browser launch: created launcher"
time="2026-01-06T10:20:40+08:00" level=info msg="browser launch: headless=true bin=\"D:\\\\test\\\\chromium\\\\chrome-win64\\\\chrome.exe\" userData=\"D:\\\\test\\\\xhs-data\\\\profiles\\\\acc_4\\\\profile\" proxy=\"\" (attempt 1)"
time="2026-01-06T10:20:40+08:00" level=info msg="browser launch args: --disable-background-networking --disable-background-timer-throttling --disable-backgrounding-occluded-windows --disable-breakpad --disable-client-side-phishing-detection --disable-component-extensions-with-background-pages --disable-default-apps --disable-dev-shm-usage --disable-features=site-per-process,TranslateUI --disable-hang-monitor --disable-ipc-flooding-protection --disable-popup-blocking --disable-prompt-on-repost --disable-renderer-backgrounding --disable-site-isolation-trials --disable-sync --enable-automation --enable-features=NetworkService,NetworkServiceInProcess --force-color-profile=srgb --headless --lang=zh-CN --metrics-recording-only --no-default-browser-check --no-first-run --no-sandbox --no-startup-window --remote-debugging-port=0 --use-mock-keychain --user-agent=Mozilla/5.0 (Macintosh; Intel Mac OS X 10_15_7) AppleWebKit/537.36 (KHTML, like Gecko) Chrome/125.0.0.144 Safari/537.36 --user-data-dir=D:\\test\\xhs-data\\profiles\\acc_4\\profile"
time="2026-01-06T10:20:40+08:00" level=info msg="browser launch: cleaning locks before launch"
time="2026-01-06T10:20:40+08:00" level=info msg="cleanupUserDataLocks: cleaning dir=D:\\test\\xhs-data\\profiles\\acc_4\\profile"
time="2026-01-06T10:20:40+08:00" level=debug msg="cleanupUserDataLocks: D:\\test\\xhs-data\\profiles\\acc_4\\profile\\SingletonLock does not exist"
time="2026-01-06T10:20:40+08:00" level=debug msg="cleanupUserDataLocks: D:\\test\\xhs-data\\profiles\\acc_4\\profile\\SingletonCookie does not exist"
time="2026-01-06T10:20:40+08:00" level=debug msg="cleanupUserDataLocks: D:\\test\\xhs-data\\profiles\\acc_4\\profile\\SingletonSocket does not exist"
time="2026-01-06T10:20:40+08:00" level=debug msg="cleanupUserDataLocks: D:\\test\\xhs-data\\profiles\\acc_4\\profile\\DevToolsActivePort does not exist"
time="2026-01-06T10:20:40+08:00" level=info msg="cleanupUserDataLocks: cleaned 0 lock files"
time="2026-01-06T10:20:40+08:00" level=info msg="browser launch: lock cleanup completed"
time="2026-01-06T10:20:40+08:00" level=info msg="browser launch: about to call l.Launch()..."
time="2026-01-06T10:20:40+08:00" level=info msg="browser launch: ===== Attempt 1 EXECUTING LAUNCH ====="
DevTools listening on ws://127.0.0.1:10036/devtools/browser/e7dccae2-38de-436f-b4e9-5d2fd9e660f0
time="2026-01-06T10:20:40+08:00" level=info msg="browser launch: ===== Attempt 1 LAUNCH RETURNED (duration: 265.6046ms) ====="
time="2026-01-06T10:20:40+08:00" level=info msg="browser launch: SUCCESS! control url=ws://127.0.0.1:10036/devtools/browser/e7dccae2-38de-436f-b4e9-5d2fd9e660f0"
time="2026-01-06T10:20:40+08:00" level=info msg="browser launch: ===== Attempt 1 COMPLETED SUCCESSFULLY ====="
time="2026-01-06T10:20:40+08:00" level=info msg="browser connect: connecting to Chromium"
time="2026-01-06T10:20:40+08:00" level=info msg="browser connect: success"
time="2026-01-06T10:20:40+08:00" level=debug msg="loaded cookies from D:\\test\\xhs-data\\cookies\\acc_4\\cookies.json"
time="2026-01-06T10:20:40+08:00" level=warning msg="apply fingerprint failed: eval js error: TypeError: Cannot read properties of undefined (reading 'apply')\n    at <anonymous>:29:7 <nil>"
time="2026-01-06T10:20:40+08:00" level=info msg="打开 feed 详情页: https://www.xiaohongshu.com/explore/66ce1697000000001d03b5ee?xsec_token=ABretUAO7RebQlHilqXQaEPvKemzyk2BXtEuHf37mEl3I=&xsec_source=pc_feed"
time="2026-01-06T10:20:40+08:00" level=info msg="配置: 点击更多=false, 回复阈值=10, 最大评论数=0, 滚动速度=normal"
[22380:14988:0106/102044.955:ERROR:components\device_event_log\device_event_log_impl.cc:198] [10:20:44.955] USB: usb_service_win.cc:105 SetupDiGetDeviceProperty({{A45C254E-DF1C-4EFD-8020-67D146A850E0}, 6}) failed: 找不到元素。 (0x490)
[22380:16012:0106/102046.063:ERROR:google_apis\gcm\engine\registration_request.cc:292] Registration response error message: DEPRECATED_ENDPOINT
[GIN] 2026/01/06 - 10:20:48 | 200 |     8.236711s |       127.0.0.1 | POST     "/mcp"
[GIN] 2026/01/06 - 10:20:48 | 200 |    8.2455208s |       127.0.0.1 | GET      "/mcp"
[GIN] 2026/01/06 - 10:21:15 | 200 |          5m0s |       127.0.0.1 | GET      "/mcp"
[GIN] 2026/01/06 - 10:21:24 | 200 |            0s |       127.0.0.1 | POST     "/mcp"
[GIN] 2026/01/06 - 10:21:24 | 202 |            0s |       127.0.0.1 | POST     "/mcp"
[GIN] 2026/01/06 - 10:21:24 | 200 |       518.2µs |       127.0.0.1 | POST     "/mcp"
time="2026-01-06T10:21:24+08:00" level=info msg="MCP: 获取Feed详情"
time="2026-01-06T10:21:24+08:00" level=info msg="MCP: 获取Feed详情 - Feed ID: 682469ef0000000022004fa0, loadAllComments=false, config={ClickMoreReplies:false MaxRepliesThreshold:10 MaxCommentItems:0 ScrollSpeed:normal}"
time="2026-01-06T10:21:24+08:00" level=info msg="browser launch: using attempt-level timeout control"
time="2026-01-06T10:21:24+08:00" level=info msg="cleanupUserDataLocks: cleaning dir=D:\\test\\xhs-data\\profiles\\acc_4\\profile"
time="2026-01-06T10:21:24+08:00" level=debug msg="cleanupUserDataLocks: D:\\test\\xhs-data\\profiles\\acc_4\\profile\\SingletonLock does not exist"
time="2026-01-06T10:21:24+08:00" level=debug msg="cleanupUserDataLocks: D:\\test\\xhs-data\\profiles\\acc_4\\profile\\SingletonCookie does not exist"
time="2026-01-06T10:21:24+08:00" level=debug msg="cleanupUserDataLocks: D:\\test\\xhs-data\\profiles\\acc_4\\profile\\SingletonSocket does not exist"
time="2026-01-06T10:21:24+08:00" level=info msg="cleanupUserDataLocks: removed D:\\test\\xhs-data\\profiles\\acc_4\\profile\\DevToolsActivePort"
time="2026-01-06T10:21:24+08:00" level=info msg="cleanupUserDataLocks: cleaned 1 lock files"
time="2026-01-06T10:21:24+08:00" level=info msg="browser launch: ===== Attempt 1 START ====="
time="2026-01-06T10:21:24+08:00" level=info msg="browser launch: created independent attempt context with 30s timeout"
time="2026-01-06T10:21:24+08:00" level=info msg="browser launch: created launcher"
time="2026-01-06T10:21:24+08:00" level=info msg="browser launch: headless=true bin=\"D:\\\\test\\\\chromium\\\\chrome-win64\\\\chrome.exe\" userData=\"D:\\\\test\\\\xhs-data\\\\profiles\\\\acc_4\\\\profile\" proxy=\"\" (attempt 1)"
time="2026-01-06T10:21:24+08:00" level=info msg="browser launch args: --disable-background-networking --disable-background-timer-throttling --disable-backgrounding-occluded-windows --disable-breakpad --disable-client-side-phishing-detection --disable-component-extensions-with-background-pages --disable-default-apps --disable-dev-shm-usage --disable-features=site-per-process,TranslateUI --disable-hang-monitor --disable-ipc-flooding-protection --disable-popup-blocking --disable-prompt-on-repost --disable-renderer-backgrounding --disable-site-isolation-trials --disable-sync --enable-automation --enable-features=NetworkService,NetworkServiceInProcess --force-color-profile=srgb --headless --lang=zh-CN --metrics-recording-only --no-default-browser-check --no-first-run --no-sandbox --no-startup-window --remote-debugging-port=0 --use-mock-keychain --user-agent=Mozilla/5.0 (Macintosh; Intel Mac OS X 10_15_7) AppleWebKit/537.36 (KHTML, like Gecko) Chrome/125.0.0.144 Safari/537.36 --user-data-dir=D:\\test\\xhs-data\\profiles\\acc_4\\profile"
time="2026-01-06T10:21:24+08:00" level=info msg="browser launch: cleaning locks before launch"
time="2026-01-06T10:21:24+08:00" level=info msg="cleanupUserDataLocks: cleaning dir=D:\\test\\xhs-data\\profiles\\acc_4\\profile"
time="2026-01-06T10:21:24+08:00" level=debug msg="cleanupUserDataLocks: D:\\test\\xhs-data\\profiles\\acc_4\\profile\\SingletonLock does not exist"
time="2026-01-06T10:21:24+08:00" level=debug msg="cleanupUserDataLocks: D:\\test\\xhs-data\\profiles\\acc_4\\profile\\SingletonCookie does not exist"
time="2026-01-06T10:21:24+08:00" level=debug msg="cleanupUserDataLocks: D:\\test\\xhs-data\\profiles\\acc_4\\profile\\SingletonSocket does not exist"
time="2026-01-06T10:21:24+08:00" level=debug msg="cleanupUserDataLocks: D:\\test\\xhs-data\\profiles\\acc_4\\profile\\DevToolsActivePort does not exist"
time="2026-01-06T10:21:24+08:00" level=info msg="cleanupUserDataLocks: cleaned 0 lock files"
time="2026-01-06T10:21:24+08:00" level=info msg="browser launch: lock cleanup completed"
time="2026-01-06T10:21:24+08:00" level=info msg="browser launch: about to call l.Launch()..."
time="2026-01-06T10:21:24+08:00" level=info msg="browser launch: ===== Attempt 1 EXECUTING LAUNCH ====="
DevTools listening on ws://127.0.0.1:13398/devtools/browser/2e0c0305-475f-414d-b37a-14748503a674
time="2026-01-06T10:21:25+08:00" level=info msg="browser launch: ===== Attempt 1 LAUNCH RETURNED (duration: 249.2442ms) ====="
time="2026-01-06T10:21:25+08:00" level=info msg="browser launch: SUCCESS! control url=ws://127.0.0.1:13398/devtools/browser/2e0c0305-475f-414d-b37a-14748503a674"
time="2026-01-06T10:21:25+08:00" level=info msg="browser launch: ===== Attempt 1 COMPLETED SUCCESSFULLY ====="
time="2026-01-06T10:21:25+08:00" level=info msg="browser connect: connecting to Chromium"
time="2026-01-06T10:21:25+08:00" level=info msg="browser connect: success"
time="2026-01-06T10:21:25+08:00" level=debug msg="loaded cookies from D:\\test\\xhs-data\\cookies\\acc_4\\cookies.json"
time="2026-01-06T10:21:25+08:00" level=warning msg="apply fingerprint failed: eval js error: TypeError: Cannot read properties of undefined (reading 'apply')\n    at <anonymous>:29:7 <nil>"
time="2026-01-06T10:21:25+08:00" level=info msg="打开 feed 详情页: https://www.xiaohongshu.com/explore/682469ef0000000022004fa0?xsec_token=ABdGnc6piMpxWg9FgAMvWmTNromeQwASBNU6_6hDs4z5E=&xsec_source=pc_feed"
time="2026-01-06T10:21:25+08:00" level=info msg="配置: 点击更多=false, 回复阈值=10, 最大评论数=0, 滚动速度=normal"
[7284:19676:0106/102128.328:ERROR:components\device_event_log\device_event_log_impl.cc:198] [10:21:28.328] USB: usb_service_win.cc:105 SetupDiGetDeviceProperty({{A45C254E-DF1C-4EFD-8020-67D146A850E0}, 6}) failed: 找不到元素。 (0x490)
[7284:9708:0106/102129.380:ERROR:google_apis\gcm\engine\registration_request.cc:292] Registration response error message: DEPRECATED_ENDPOINT
[GIN] 2026/01/06 - 10:21:33 | 200 |     8.239813s |       127.0.0.1 | POST     "/mcp"
[GIN] 2026/01/06 - 10:21:33 | 200 |    8.2486325s |       127.0.0.1 | GET      "/mcp"
[GIN] 2026/01/06 - 10:22:59 | 200 |       515.5µs |       127.0.0.1 | POST     "/mcp"
[GIN] 2026/01/06 - 10:22:59 | 202 |            0s |       127.0.0.1 | POST     "/mcp"
[GIN] 2026/01/06 - 10:22:59 | 200 |       548.6µs |       127.0.0.1 | POST     "/mcp"
time="2026-01-06T10:22:59+08:00" level=info msg="MCP: 获取Feed详情"
time="2026-01-06T10:22:59+08:00" level=info msg="MCP: 获取Feed详情 - Feed ID: 67f8895e000000001b026dba, loadAllComments=false, config={ClickMoreReplies:false MaxRepliesThreshold:10 MaxCommentItems:0 ScrollSpeed:normal}"
time="2026-01-06T10:22:59+08:00" level=info msg="browser launch: using attempt-level timeout control"
time="2026-01-06T10:22:59+08:00" level=info msg="cleanupUserDataLocks: cleaning dir=D:\\test\\xhs-data\\profiles\\acc_4\\profile"
time="2026-01-06T10:22:59+08:00" level=debug msg="cleanupUserDataLocks: D:\\test\\xhs-data\\profiles\\acc_4\\profile\\SingletonLock does not exist"
time="2026-01-06T10:22:59+08:00" level=debug msg="cleanupUserDataLocks: D:\\test\\xhs-data\\profiles\\acc_4\\profile\\SingletonCookie does not exist"
time="2026-01-06T10:22:59+08:00" level=debug msg="cleanupUserDataLocks: D:\\test\\xhs-data\\profiles\\acc_4\\profile\\SingletonSocket does not exist"
time="2026-01-06T10:22:59+08:00" level=info msg="cleanupUserDataLocks: removed D:\\test\\xhs-data\\profiles\\acc_4\\profile\\DevToolsActivePort"
time="2026-01-06T10:22:59+08:00" level=info msg="cleanupUserDataLocks: cleaned 1 lock files"
time="2026-01-06T10:22:59+08:00" level=info msg="browser launch: ===== Attempt 1 START ====="
time="2026-01-06T10:22:59+08:00" level=info msg="browser launch: created independent attempt context with 30s timeout"
time="2026-01-06T10:22:59+08:00" level=info msg="browser launch: created launcher"
time="2026-01-06T10:22:59+08:00" level=info msg="browser launch: headless=true bin=\"D:\\\\test\\\\chromium\\\\chrome-win64\\\\chrome.exe\" userData=\"D:\\\\test\\\\xhs-data\\\\profiles\\\\acc_4\\\\profile\" proxy=\"\" (attempt 1)"
time="2026-01-06T10:22:59+08:00" level=info msg="browser launch args: --disable-background-networking --disable-background-timer-throttling --disable-backgrounding-occluded-windows --disable-breakpad --disable-client-side-phishing-detection --disable-component-extensions-with-background-pages --disable-default-apps --disable-dev-shm-usage --disable-features=site-per-process,TranslateUI --disable-hang-monitor --disable-ipc-flooding-protection --disable-popup-blocking --disable-prompt-on-repost --disable-renderer-backgrounding --disable-site-isolation-trials --disable-sync --enable-automation --enable-features=NetworkService,NetworkServiceInProcess --force-color-profile=srgb --headless --lang=zh-CN --metrics-recording-only --no-default-browser-check --no-first-run --no-sandbox --no-startup-window --remote-debugging-port=0 --use-mock-keychain --user-agent=Mozilla/5.0 (Macintosh; Intel Mac OS X 10_15_7) AppleWebKit/537.36 (KHTML, like Gecko) Chrome/125.0.0.144 Safari/537.36 --user-data-dir=D:\\test\\xhs-data\\profiles\\acc_4\\profile"
time="2026-01-06T10:22:59+08:00" level=info msg="browser launch: cleaning locks before launch"
time="2026-01-06T10:22:59+08:00" level=info msg="cleanupUserDataLocks: cleaning dir=D:\\test\\xhs-data\\profiles\\acc_4\\profile"
time="2026-01-06T10:22:59+08:00" level=debug msg="cleanupUserDataLocks: D:\\test\\xhs-data\\profiles\\acc_4\\profile\\SingletonLock does not exist"
time="2026-01-06T10:22:59+08:00" level=debug msg="cleanupUserDataLocks: D:\\test\\xhs-data\\profiles\\acc_4\\profile\\SingletonCookie does not exist"
time="2026-01-06T10:22:59+08:00" level=debug msg="cleanupUserDataLocks: D:\\test\\xhs-data\\profiles\\acc_4\\profile\\SingletonSocket does not exist"
time="2026-01-06T10:22:59+08:00" level=debug msg="cleanupUserDataLocks: D:\\test\\xhs-data\\profiles\\acc_4\\profile\\DevToolsActivePort does not exist"
time="2026-01-06T10:22:59+08:00" level=info msg="cleanupUserDataLocks: cleaned 0 lock files"
time="2026-01-06T10:22:59+08:00" level=info msg="browser launch: lock cleanup completed"
time="2026-01-06T10:22:59+08:00" level=info msg="browser launch: about to call l.Launch()..."
time="2026-01-06T10:22:59+08:00" level=info msg="browser launch: ===== Attempt 1 EXECUTING LAUNCH ====="
DevTools listening on ws://127.0.0.1:13432/devtools/browser/9b0d67b6-df1d-444b-b247-87dd64c625e0
time="2026-01-06T10:22:59+08:00" level=info msg="browser launch: ===== Attempt 1 LAUNCH RETURNED (duration: 259.6836ms) ====="
time="2026-01-06T10:22:59+08:00" level=info msg="browser launch: SUCCESS! control url=ws://127.0.0.1:13432/devtools/browser/9b0d67b6-df1d-444b-b247-87dd64c625e0"
time="2026-01-06T10:22:59+08:00" level=info msg="browser launch: ===== Attempt 1 COMPLETED SUCCESSFULLY ====="
time="2026-01-06T10:22:59+08:00" level=info msg="browser connect: connecting to Chromium"
time="2026-01-06T10:22:59+08:00" level=info msg="browser connect: success"
time="2026-01-06T10:22:59+08:00" level=debug msg="loaded cookies from D:\\test\\xhs-data\\cookies\\acc_4\\cookies.json"
time="2026-01-06T10:22:59+08:00" level=warning msg="apply fingerprint failed: eval js error: TypeError: Cannot read properties of undefined (reading 'apply')\n    at <anonymous>:29:7 <nil>"
time="2026-01-06T10:22:59+08:00" level=info msg="打开 feed 详情页: https://www.xiaohongshu.com/explore/67f8895e000000001b026dba?xsec_token=ABE1x63PqiwMfG_cqyP3j1sldPdH6VURpSNaCReAB8ggU=&xsec_source=pc_feed"
time="2026-01-06T10:22:59+08:00" level=info msg="配置: 点击更多=false, 回复阈值=10, 最大评论数=0, 滚动速度=normal"
[22720:2704:0106/102302.815:ERROR:components\device_event_log\device_event_log_impl.cc:198] [10:23:02.816] USB: usb_service_win.cc:105 SetupDiGetDeviceProperty({{A45C254E-DF1C-4EFD-8020-67D146A850E0}, 6}) failed: 找不到元素。 (0x490)
time="2026-01-06T10:23:03+08:00" level=warning msg="笔记不可访问: 当前笔记暂时无法浏览"
[GIN] 2026/01/06 - 10:23:04 | 200 |     5.381097s |       127.0.0.1 | POST     "/mcp"
[GIN] 2026/01/06 - 10:23:04 | 200 |    5.3954126s |       127.0.0.1 | GET      "/mcp"
[GIN] 2026/01/06 - 10:23:36 | 200 |            0s |       127.0.0.1 | POST     "/mcp"
[GIN] 2026/01/06 - 10:23:36 | 202 |            0s |       127.0.0.1 | POST     "/mcp"
[GIN] 2026/01/06 - 10:23:36 | 200 |       538.3µs |       127.0.0.1 | POST     "/mcp"
time="2026-01-06T10:23:36+08:00" level=info msg="MCP: 获取Feed详情"
time="2026-01-06T10:23:36+08:00" level=info msg="MCP: 获取Feed详情 - Feed ID: 668176fa000000001c024605, loadAllComments=false, config={ClickMoreReplies:false MaxRepliesThreshold:10 MaxCommentItems:0 ScrollSpeed:normal}"
time="2026-01-06T10:23:36+08:00" level=info msg="browser launch: using attempt-level timeout control"
time="2026-01-06T10:23:36+08:00" level=info msg="cleanupUserDataLocks: cleaning dir=D:\\test\\xhs-data\\profiles\\acc_4\\profile"
time="2026-01-06T10:23:36+08:00" level=debug msg="cleanupUserDataLocks: D:\\test\\xhs-data\\profiles\\acc_4\\profile\\SingletonLock does not exist"
time="2026-01-06T10:23:36+08:00" level=debug msg="cleanupUserDataLocks: D:\\test\\xhs-data\\profiles\\acc_4\\profile\\SingletonCookie does not exist"
time="2026-01-06T10:23:36+08:00" level=debug msg="cleanupUserDataLocks: D:\\test\\xhs-data\\profiles\\acc_4\\profile\\SingletonSocket does not exist"
time="2026-01-06T10:23:36+08:00" level=info msg="cleanupUserDataLocks: removed D:\\test\\xhs-data\\profiles\\acc_4\\profile\\DevToolsActivePort"
time="2026-01-06T10:23:36+08:00" level=info msg="cleanupUserDataLocks: cleaned 1 lock files"
time="2026-01-06T10:23:36+08:00" level=info msg="browser launch: ===== Attempt 1 START ====="
time="2026-01-06T10:23:36+08:00" level=info msg="browser launch: created independent attempt context with 30s timeout"
time="2026-01-06T10:23:36+08:00" level=info msg="browser launch: created launcher"
time="2026-01-06T10:23:36+08:00" level=info msg="browser launch: headless=true bin=\"D:\\\\test\\\\chromium\\\\chrome-win64\\\\chrome.exe\" userData=\"D:\\\\test\\\\xhs-data\\\\profiles\\\\acc_4\\\\profile\" proxy=\"\" (attempt 1)"
time="2026-01-06T10:23:36+08:00" level=info msg="browser launch args: --disable-background-networking --disable-background-timer-throttling --disable-backgrounding-occluded-windows --disable-breakpad --disable-client-side-phishing-detection --disable-component-extensions-with-background-pages --disable-default-apps --disable-dev-shm-usage --disable-features=site-per-process,TranslateUI --disable-hang-monitor --disable-ipc-flooding-protection --disable-popup-blocking --disable-prompt-on-repost --disable-renderer-backgrounding --disable-site-isolation-trials --disable-sync --enable-automation --enable-features=NetworkService,NetworkServiceInProcess --force-color-profile=srgb --headless --lang=zh-CN --metrics-recording-only --no-default-browser-check --no-first-run --no-sandbox --no-startup-window --remote-debugging-port=0 --use-mock-keychain --user-agent=Mozilla/5.0 (Macintosh; Intel Mac OS X 10_15_7) AppleWebKit/537.36 (KHTML, like Gecko) Chrome/125.0.0.144 Safari/537.36 --user-data-dir=D:\\test\\xhs-data\\profiles\\acc_4\\profile"
time="2026-01-06T10:23:36+08:00" level=info msg="browser launch: cleaning locks before launch"
time="2026-01-06T10:23:36+08:00" level=info msg="cleanupUserDataLocks: cleaning dir=D:\\test\\xhs-data\\profiles\\acc_4\\profile"
time="2026-01-06T10:23:36+08:00" level=debug msg="cleanupUserDataLocks: D:\\test\\xhs-data\\profiles\\acc_4\\profile\\SingletonLock does not exist"
time="2026-01-06T10:23:36+08:00" level=debug msg="cleanupUserDataLocks: D:\\test\\xhs-data\\profiles\\acc_4\\profile\\SingletonCookie does not exist"
time="2026-01-06T10:23:36+08:00" level=debug msg="cleanupUserDataLocks: D:\\test\\xhs-data\\profiles\\acc_4\\profile\\SingletonSocket does not exist"
time="2026-01-06T10:23:36+08:00" level=debug msg="cleanupUserDataLocks: D:\\test\\xhs-data\\profiles\\acc_4\\profile\\DevToolsActivePort does not exist"
time="2026-01-06T10:23:36+08:00" level=info msg="cleanupUserDataLocks: cleaned 0 lock files"
time="2026-01-06T10:23:36+08:00" level=info msg="browser launch: lock cleanup completed"
time="2026-01-06T10:23:36+08:00" level=info msg="browser launch: about to call l.Launch()..."
time="2026-01-06T10:23:36+08:00" level=info msg="browser launch: ===== Attempt 1 EXECUTING LAUNCH ====="
DevTools listening on ws://127.0.0.1:8325/devtools/browser/de5968e2-7fdf-46fa-b922-3c701d2bbfcd
time="2026-01-06T10:23:36+08:00" level=info msg="browser launch: ===== Attempt 1 LAUNCH RETURNED (duration: 260.2165ms) ====="
time="2026-01-06T10:23:36+08:00" level=info msg="browser launch: SUCCESS! control url=ws://127.0.0.1:8325/devtools/browser/de5968e2-7fdf-46fa-b922-3c701d2bbfcd"
time="2026-01-06T10:23:36+08:00" level=info msg="browser launch: ===== Attempt 1 COMPLETED SUCCESSFULLY ====="
time="2026-01-06T10:23:36+08:00" level=info msg="browser connect: connecting to Chromium"
time="2026-01-06T10:23:36+08:00" level=info msg="browser connect: success"
time="2026-01-06T10:23:36+08:00" level=debug msg="loaded cookies from D:\\test\\xhs-data\\cookies\\acc_4\\cookies.json"
time="2026-01-06T10:23:36+08:00" level=warning msg="apply fingerprint failed: eval js error: TypeError: Cannot read properties of undefined (reading 'apply')\n    at <anonymous>:29:7 <nil>"
time="2026-01-06T10:23:36+08:00" level=info msg="打开 feed 详情页: https://www.xiaohongshu.com/explore/668176fa000000001c024605?xsec_token=ABgDuzFBRVY2mjyphIxwWEc-Dv9MwdLNEHNHpWRocuq74=&xsec_source=pc_feed"
time="2026-01-06T10:23:36+08:00" level=info msg="配置: 点击更多=false, 回复阈值=10, 最大评论数=0, 滚动速度=normal"
[5336:2544:0106/102340.194:ERROR:components\device_event_log\device_event_log_impl.cc:198] [10:23:40.195] USB: usb_service_win.cc:105 SetupDiGetDeviceProperty({{A45C254E-DF1C-4EFD-8020-67D146A850E0}, 6}) failed: 找不到元素。 (0x490)
[5336:10188:0106/102341.246:ERROR:google_apis\gcm\engine\registration_request.cc:292] Registration response error message: DEPRECATED_ENDPOINT
[GIN] 2026/01/06 - 10:23:44 | 200 |    8.2481793s |       127.0.0.1 | POST     "/mcp"
[GIN] 2026/01/06 - 10:23:44 | 200 |    8.2570592s |       127.0.0.1 | GET      "/mcp"
[GIN] 2026/01/06 - 10:24:31 | 200 |            0s |       127.0.0.1 | POST     "/mcp"
[GIN] 2026/01/06 - 10:24:31 | 202 |            0s |       127.0.0.1 | POST     "/mcp"
[GIN] 2026/01/06 - 10:24:31 | 200 |       516.1µs |       127.0.0.1 | POST     "/mcp"
time="2026-01-06T10:24:31+08:00" level=info msg="MCP: 获取Feed详情"
time="2026-01-06T10:24:31+08:00" level=info msg="MCP: 获取Feed详情 - Feed ID: 68d4d98a0000000012017dd3, loadAllComments=false, config={ClickMoreReplies:false MaxRepliesThreshold:10 MaxCommentItems:0 ScrollSpeed:normal}"
time="2026-01-06T10:24:31+08:00" level=info msg="browser launch: using attempt-level timeout control"
time="2026-01-06T10:24:31+08:00" level=info msg="cleanupUserDataLocks: cleaning dir=D:\\test\\xhs-data\\profiles\\acc_4\\profile"
time="2026-01-06T10:24:31+08:00" level=debug msg="cleanupUserDataLocks: D:\\test\\xhs-data\\profiles\\acc_4\\profile\\SingletonLock does not exist"
time="2026-01-06T10:24:31+08:00" level=debug msg="cleanupUserDataLocks: D:\\test\\xhs-data\\profiles\\acc_4\\profile\\SingletonCookie does not exist"
time="2026-01-06T10:24:31+08:00" level=debug msg="cleanupUserDataLocks: D:\\test\\xhs-data\\profiles\\acc_4\\profile\\SingletonSocket does not exist"
time="2026-01-06T10:24:31+08:00" level=info msg="cleanupUserDataLocks: removed D:\\test\\xhs-data\\profiles\\acc_4\\profile\\DevToolsActivePort"
time="2026-01-06T10:24:31+08:00" level=info msg="cleanupUserDataLocks: cleaned 1 lock files"
time="2026-01-06T10:24:31+08:00" level=info msg="browser launch: ===== Attempt 1 START ====="
time="2026-01-06T10:24:31+08:00" level=info msg="browser launch: created independent attempt context with 30s timeout"
time="2026-01-06T10:24:31+08:00" level=info msg="browser launch: created launcher"
time="2026-01-06T10:24:31+08:00" level=info msg="browser launch: headless=true bin=\"D:\\\\test\\\\chromium\\\\chrome-win64\\\\chrome.exe\" userData=\"D:\\\\test\\\\xhs-data\\\\profiles\\\\acc_4\\\\profile\" proxy=\"\" (attempt 1)"
time="2026-01-06T10:24:31+08:00" level=info msg="browser launch args: --disable-background-networking --disable-background-timer-throttling --disable-backgrounding-occluded-windows --disable-breakpad --disable-client-side-phishing-detection --disable-component-extensions-with-background-pages --disable-default-apps --disable-dev-shm-usage --disable-features=site-per-process,TranslateUI --disable-hang-monitor --disable-ipc-flooding-protection --disable-popup-blocking --disable-prompt-on-repost --disable-renderer-backgrounding --disable-site-isolation-trials --disable-sync --enable-automation --enable-features=NetworkService,NetworkServiceInProcess --force-color-profile=srgb --headless --lang=zh-CN --metrics-recording-only --no-default-browser-check --no-first-run --no-sandbox --no-startup-window --remote-debugging-port=0 --use-mock-keychain --user-agent=Mozilla/5.0 (Macintosh; Intel Mac OS X 10_15_7) AppleWebKit/537.36 (KHTML, like Gecko) Chrome/125.0.0.144 Safari/537.36 --user-data-dir=D:\\test\\xhs-data\\profiles\\acc_4\\profile"
time="2026-01-06T10:24:31+08:00" level=info msg="browser launch: cleaning locks before launch"
time="2026-01-06T10:24:31+08:00" level=info msg="cleanupUserDataLocks: cleaning dir=D:\\test\\xhs-data\\profiles\\acc_4\\profile"
time="2026-01-06T10:24:31+08:00" level=debug msg="cleanupUserDataLocks: D:\\test\\xhs-data\\profiles\\acc_4\\profile\\SingletonLock does not exist"
time="2026-01-06T10:24:31+08:00" level=debug msg="cleanupUserDataLocks: D:\\test\\xhs-data\\profiles\\acc_4\\profile\\SingletonCookie does not exist"
time="2026-01-06T10:24:31+08:00" level=debug msg="cleanupUserDataLocks: D:\\test\\xhs-data\\profiles\\acc_4\\profile\\SingletonSocket does not exist"
time="2026-01-06T10:24:31+08:00" level=debug msg="cleanupUserDataLocks: D:\\test\\xhs-data\\profiles\\acc_4\\profile\\DevToolsActivePort does not exist"
time="2026-01-06T10:24:31+08:00" level=info msg="cleanupUserDataLocks: cleaned 0 lock files"
time="2026-01-06T10:24:31+08:00" level=info msg="browser launch: lock cleanup completed"
time="2026-01-06T10:24:31+08:00" level=info msg="browser launch: about to call l.Launch()..."
time="2026-01-06T10:24:31+08:00" level=info msg="browser launch: ===== Attempt 1 EXECUTING LAUNCH ====="
DevTools listening on ws://127.0.0.1:11922/devtools/browser/bd889ec4-c392-449c-99c9-1e2c724d0488
time="2026-01-06T10:24:31+08:00" level=info msg="browser launch: ===== Attempt 1 LAUNCH RETURNED (duration: 261.1402ms) ====="
time="2026-01-06T10:24:31+08:00" level=info msg="browser launch: SUCCESS! control url=ws://127.0.0.1:11922/devtools/browser/bd889ec4-c392-449c-99c9-1e2c724d0488"
time="2026-01-06T10:24:31+08:00" level=info msg="browser launch: ===== Attempt 1 COMPLETED SUCCESSFULLY ====="
time="2026-01-06T10:24:31+08:00" level=info msg="browser connect: connecting to Chromium"
time="2026-01-06T10:24:31+08:00" level=info msg="browser connect: success"
time="2026-01-06T10:24:31+08:00" level=debug msg="loaded cookies from D:\\test\\xhs-data\\cookies\\acc_4\\cookies.json"
time="2026-01-06T10:24:31+08:00" level=warning msg="apply fingerprint failed: eval js error: TypeError: Cannot read properties of undefined (reading 'apply')\n    at <anonymous>:29:7 <nil>"
time="2026-01-06T10:24:31+08:00" level=info msg="打开 feed 详情页: https://www.xiaohongshu.com/explore/68d4d98a0000000012017dd3?xsec_token=ABtRx2oxEn1m-AchnT-jtcZTGicHlhYY6ssJHg0vvAL40=&xsec_source=pc_feed"
time="2026-01-06T10:24:31+08:00" level=info msg="配置: 点击更多=false, 回复阈值=10, 最大评论数=0, 滚动速度=normal"
[1032:13592:0106/102434.814:ERROR:components\device_event_log\device_event_log_impl.cc:198] [10:24:34.815] USB: usb_service_win.cc:105 SetupDiGetDeviceProperty({{A45C254E-DF1C-4EFD-8020-67D146A850E0}, 6}) failed: 找不到元素。 (0x490)
time="2026-01-06T10:24:35+08:00" level=warning msg="笔记不可访问: 当前笔记暂时无法浏览"
[GIN] 2026/01/06 - 10:24:36 | 200 |     5.325647s |       127.0.0.1 | POST     "/mcp"
[GIN] 2026/01/06 - 10:24:36 | 200 |    5.3358982s |       127.0.0.1 | GET      "/mcp"
[GIN] 2026/01/06 - 10:25:08 | 200 |            0s |       127.0.0.1 | POST     "/mcp"
[GIN] 2026/01/06 - 10:25:08 | 202 |            0s |       127.0.0.1 | POST     "/mcp"
[GIN] 2026/01/06 - 10:25:08 | 200 |        82.1µs |       127.0.0.1 | POST     "/mcp"
time="2026-01-06T10:25:08+08:00" level=info msg="MCP: 获取Feed详情"
time="2026-01-06T10:25:08+08:00" level=info msg="MCP: 获取Feed详情 - Feed ID: 68b2b7f8000000001b03e075, loadAllComments=false, config={ClickMoreReplies:false MaxRepliesThreshold:10 MaxCommentItems:0 ScrollSpeed:normal}"
time="2026-01-06T10:25:08+08:00" level=info msg="browser launch: using attempt-level timeout control"
time="2026-01-06T10:25:08+08:00" level=info msg="cleanupUserDataLocks: cleaning dir=D:\\test\\xhs-data\\profiles\\acc_4\\profile"
time="2026-01-06T10:25:08+08:00" level=debug msg="cleanupUserDataLocks: D:\\test\\xhs-data\\profiles\\acc_4\\profile\\SingletonLock does not exist"
time="2026-01-06T10:25:08+08:00" level=debug msg="cleanupUserDataLocks: D:\\test\\xhs-data\\profiles\\acc_4\\profile\\SingletonCookie does not exist"
time="2026-01-06T10:25:08+08:00" level=debug msg="cleanupUserDataLocks: D:\\test\\xhs-data\\profiles\\acc_4\\profile\\SingletonSocket does not exist"
time="2026-01-06T10:25:08+08:00" level=info msg="cleanupUserDataLocks: removed D:\\test\\xhs-data\\profiles\\acc_4\\profile\\DevToolsActivePort"
time="2026-01-06T10:25:08+08:00" level=info msg="cleanupUserDataLocks: cleaned 1 lock files"
time="2026-01-06T10:25:08+08:00" level=info msg="browser launch: ===== Attempt 1 START ====="
time="2026-01-06T10:25:08+08:00" level=info msg="browser launch: created independent attempt context with 30s timeout"
time="2026-01-06T10:25:08+08:00" level=info msg="browser launch: created launcher"
time="2026-01-06T10:25:08+08:00" level=info msg="browser launch: headless=true bin=\"D:\\\\test\\\\chromium\\\\chrome-win64\\\\chrome.exe\" userData=\"D:\\\\test\\\\xhs-data\\\\profiles\\\\acc_4\\\\profile\" proxy=\"\" (attempt 1)"
time="2026-01-06T10:25:08+08:00" level=info msg="browser launch args: --disable-background-networking --disable-background-timer-throttling --disable-backgrounding-occluded-windows --disable-breakpad --disable-client-side-phishing-detection --disable-component-extensions-with-background-pages --disable-default-apps --disable-dev-shm-usage --disable-features=site-per-process,TranslateUI --disable-hang-monitor --disable-ipc-flooding-protection --disable-popup-blocking --disable-prompt-on-repost --disable-renderer-backgrounding --disable-site-isolation-trials --disable-sync --enable-automation --enable-features=NetworkService,NetworkServiceInProcess --force-color-profile=srgb --headless --lang=zh-CN --metrics-recording-only --no-default-browser-check --no-first-run --no-sandbox --no-startup-window --remote-debugging-port=0 --use-mock-keychain --user-agent=Mozilla/5.0 (Macintosh; Intel Mac OS X 10_15_7) AppleWebKit/537.36 (KHTML, like Gecko) Chrome/125.0.0.144 Safari/537.36 --user-data-dir=D:\\test\\xhs-data\\profiles\\acc_4\\profile"
time="2026-01-06T10:25:08+08:00" level=info msg="browser launch: cleaning locks before launch"
time="2026-01-06T10:25:08+08:00" level=info msg="cleanupUserDataLocks: cleaning dir=D:\\test\\xhs-data\\profiles\\acc_4\\profile"
time="2026-01-06T10:25:08+08:00" level=debug msg="cleanupUserDataLocks: D:\\test\\xhs-data\\profiles\\acc_4\\profile\\SingletonLock does not exist"
time="2026-01-06T10:25:08+08:00" level=debug msg="cleanupUserDataLocks: D:\\test\\xhs-data\\profiles\\acc_4\\profile\\SingletonCookie does not exist"
time="2026-01-06T10:25:08+08:00" level=debug msg="cleanupUserDataLocks: D:\\test\\xhs-data\\profiles\\acc_4\\profile\\SingletonSocket does not exist"
time="2026-01-06T10:25:08+08:00" level=debug msg="cleanupUserDataLocks: D:\\test\\xhs-data\\profiles\\acc_4\\profile\\DevToolsActivePort does not exist"
time="2026-01-06T10:25:08+08:00" level=info msg="cleanupUserDataLocks: cleaned 0 lock files"
time="2026-01-06T10:25:08+08:00" level=info msg="browser launch: lock cleanup completed"
time="2026-01-06T10:25:08+08:00" level=info msg="browser launch: about to call l.Launch()..."
time="2026-01-06T10:25:08+08:00" level=info msg="browser launch: ===== Attempt 1 EXECUTING LAUNCH ====="
DevTools listening on ws://127.0.0.1:14332/devtools/browser/4a96c2d1-e8c2-4a0f-b15a-1056738bc444
time="2026-01-06T10:25:08+08:00" level=info msg="browser launch: ===== Attempt 1 LAUNCH RETURNED (duration: 261.3779ms) ====="
time="2026-01-06T10:25:08+08:00" level=info msg="browser launch: SUCCESS! control url=ws://127.0.0.1:14332/devtools/browser/4a96c2d1-e8c2-4a0f-b15a-1056738bc444"
time="2026-01-06T10:25:08+08:00" level=info msg="browser launch: ===== Attempt 1 COMPLETED SUCCESSFULLY ====="
time="2026-01-06T10:25:08+08:00" level=info msg="browser connect: connecting to Chromium"
time="2026-01-06T10:25:08+08:00" level=info msg="browser connect: success"
time="2026-01-06T10:25:08+08:00" level=debug msg="loaded cookies from D:\\test\\xhs-data\\cookies\\acc_4\\cookies.json"
time="2026-01-06T10:25:08+08:00" level=warning msg="apply fingerprint failed: eval js error: TypeError: Cannot read properties of undefined (reading 'apply')\n    at <anonymous>:29:7 <nil>"
time="2026-01-06T10:25:08+08:00" level=info msg="打开 feed 详情页: https://www.xiaohongshu.com/explore/68b2b7f8000000001b03e075?xsec_token=ABosZ-v3Nc04MwZscQPscjmeOce24eGcHQ_cVmv0OmJzQ=&xsec_source=pc_feed"
time="2026-01-06T10:25:08+08:00" level=info msg="配置: 点击更多=false, 回复阈值=10, 最大评论数=0, 滚动速度=normal"
[21032:13020:0106/102511.399:ERROR:components\device_event_log\device_event_log_impl.cc:198] [10:25:11.400] USB: usb_service_win.cc:105 SetupDiGetDeviceProperty({{A45C254E-DF1C-4EFD-8020-67D146A850E0}, 6}) failed: 找不到元素。 (0x490)
[21032:21812:0106/102512.452:ERROR:google_apis\gcm\engine\registration_request.cc:292] Registration response error message: DEPRECATED_ENDPOINT
[GIN] 2026/01/06 - 10:25:16 | 200 |    8.3064913s |       127.0.0.1 | POST     "/mcp"
[GIN] 2026/01/06 - 10:25:16 | 200 |    8.3140625s |       127.0.0.1 | GET      "/mcp"
[GIN] 2026/01/06 - 10:26:16 | 200 |          5m0s |       127.0.0.1 | GET      "/mcp"
[GIN] 2026/01/06 - 10:27:52 | 200 |            0s |       127.0.0.1 | POST     "/mcp"
[GIN] 2026/01/06 - 10:27:52 | 202 |            0s |       127.0.0.1 | POST     "/mcp"
time="2026-01-06T10:27:52+08:00" level=info msg="MCP: 搜索Feeds"
time="2026-01-06T10:27:52+08:00" level=info msg="MCP: 搜索Feeds - 关键词: 戒烟"
time="2026-01-06T10:27:52+08:00" level=info msg="browser launch: using attempt-level timeout control"
time="2026-01-06T10:27:52+08:00" level=info msg="cleanupUserDataLocks: cleaning dir=D:\\test\\xhs-data\\profiles\\acc_4\\profile"
time="2026-01-06T10:27:52+08:00" level=debug msg="cleanupUserDataLocks: D:\\test\\xhs-data\\profiles\\acc_4\\profile\\SingletonLock does not exist"
time="2026-01-06T10:27:52+08:00" level=debug msg="cleanupUserDataLocks: D:\\test\\xhs-data\\profiles\\acc_4\\profile\\SingletonCookie does not exist"
time="2026-01-06T10:27:52+08:00" level=debug msg="cleanupUserDataLocks: D:\\test\\xhs-data\\profiles\\acc_4\\profile\\SingletonSocket does not exist"
time="2026-01-06T10:27:52+08:00" level=info msg="cleanupUserDataLocks: removed D:\\test\\xhs-data\\profiles\\acc_4\\profile\\DevToolsActivePort"
time="2026-01-06T10:27:52+08:00" level=info msg="cleanupUserDataLocks: cleaned 1 lock files"
time="2026-01-06T10:27:52+08:00" level=info msg="browser launch: ===== Attempt 1 START ====="
time="2026-01-06T10:27:52+08:00" level=info msg="browser launch: created independent attempt context with 30s timeout"
time="2026-01-06T10:27:52+08:00" level=info msg="browser launch: created launcher"
time="2026-01-06T10:27:52+08:00" level=info msg="browser launch: headless=true bin=\"D:\\\\test\\\\chromium\\\\chrome-win64\\\\chrome.exe\" userData=\"D:\\\\test\\\\xhs-data\\\\profiles\\\\acc_4\\\\profile\" proxy=\"\" (attempt 1)"
time="2026-01-06T10:27:52+08:00" level=info msg="browser launch args: --disable-background-networking --disable-background-timer-throttling --disable-backgrounding-occluded-windows --disable-breakpad --disable-client-side-phishing-detection --disable-component-extensions-with-background-pages --disable-default-apps --disable-dev-shm-usage --disable-features=site-per-process,TranslateUI --disable-hang-monitor --disable-ipc-flooding-protection --disable-popup-blocking --disable-prompt-on-repost --disable-renderer-backgrounding --disable-site-isolation-trials --disable-sync --enable-automation --enable-features=NetworkService,NetworkServiceInProcess --force-color-profile=srgb --headless --lang=zh-CN --metrics-recording-only --no-default-browser-check --no-first-run --no-sandbox --no-startup-window --remote-debugging-port=0 --use-mock-keychain --user-agent=Mozilla/5.0 (Macintosh; Intel Mac OS X 10_15_7) AppleWebKit/537.36 (KHTML, like Gecko) Chrome/125.0.0.144 Safari/537.36 --user-data-dir=D:\\test\\xhs-data\\profiles\\acc_4\\profile"
time="2026-01-06T10:27:52+08:00" level=info msg="browser launch: cleaning locks before launch"
time="2026-01-06T10:27:52+08:00" level=info msg="cleanupUserDataLocks: cleaning dir=D:\\test\\xhs-data\\profiles\\acc_4\\profile"
time="2026-01-06T10:27:52+08:00" level=debug msg="cleanupUserDataLocks: D:\\test\\xhs-data\\profiles\\acc_4\\profile\\SingletonLock does not exist"
time="2026-01-06T10:27:52+08:00" level=debug msg="cleanupUserDataLocks: D:\\test\\xhs-data\\profiles\\acc_4\\profile\\SingletonCookie does not exist"
time="2026-01-06T10:27:52+08:00" level=debug msg="cleanupUserDataLocks: D:\\test\\xhs-data\\profiles\\acc_4\\profile\\SingletonSocket does not exist"
time="2026-01-06T10:27:52+08:00" level=debug msg="cleanupUserDataLocks: D:\\test\\xhs-data\\profiles\\acc_4\\profile\\DevToolsActivePort does not exist"
time="2026-01-06T10:27:52+08:00" level=info msg="cleanupUserDataLocks: cleaned 0 lock files"
time="2026-01-06T10:27:52+08:00" level=info msg="browser launch: lock cleanup completed"
time="2026-01-06T10:27:52+08:00" level=info msg="browser launch: about to call l.Launch()..."
time="2026-01-06T10:27:52+08:00" level=info msg="browser launch: ===== Attempt 1 EXECUTING LAUNCH ====="
DevTools listening on ws://127.0.0.1:3622/devtools/browser/4fcb01cf-d8f0-44f6-9fd0-1b088bf08de6
time="2026-01-06T10:27:52+08:00" level=info msg="browser launch: ===== Attempt 1 LAUNCH RETURNED (duration: 317.1239ms) ====="
time="2026-01-06T10:27:52+08:00" level=info msg="browser launch: SUCCESS! control url=ws://127.0.0.1:3622/devtools/browser/4fcb01cf-d8f0-44f6-9fd0-1b088bf08de6"
time="2026-01-06T10:27:52+08:00" level=info msg="browser launch: ===== Attempt 1 COMPLETED SUCCESSFULLY ====="
time="2026-01-06T10:27:52+08:00" level=info msg="browser connect: connecting to Chromium"
time="2026-01-06T10:27:52+08:00" level=info msg="browser connect: success"
time="2026-01-06T10:27:52+08:00" level=debug msg="loaded cookies from D:\\test\\xhs-data\\cookies\\acc_4\\cookies.json"
time="2026-01-06T10:27:52+08:00" level=warning msg="apply fingerprint failed: eval js error: TypeError: Cannot read properties of undefined (reading 'apply')\n    at <anonymous>:29:7 <nil>"
[23088:9104:0106/102756.552:ERROR:components\device_event_log\device_event_log_impl.cc:198] [10:27:56.552] USB: usb_service_win.cc:105 SetupDiGetDeviceProperty({{A45C254E-DF1C-4EFD-8020-67D146A850E0}, 6}) failed: 找不到元素。 (0x490)
[23088:21960:0106/102757.596:ERROR:google_apis\gcm\engine\registration_request.cc:292] Registration response error message: DEPRECATED_ENDPOINT
[GIN] 2026/01/06 - 10:28:01 | 200 |    9.1711516s |       127.0.0.1 | POST     "/mcp"
[GIN] 2026/01/06 - 10:28:01 | 200 |            0s |       127.0.0.1 | POST     "/mcp"
[GIN] 2026/01/06 - 10:28:01 | 202 |            0s |       127.0.0.1 | POST     "/mcp"
[GIN] 2026/01/06 - 10:28:01 | 200 |       519.7µs |       127.0.0.1 | POST     "/mcp"
time="2026-01-06T10:28:01+08:00" level=info msg="MCP: 获取Feed详情"
time="2026-01-06T10:28:01+08:00" level=info msg="MCP: 获取Feed详情 - Feed ID: 684be055000000002001c0be, loadAllComments=false, config={ClickMoreReplies:false MaxRepliesThreshold:10 MaxCommentItems:0 ScrollSpeed:normal}"
time="2026-01-06T10:28:01+08:00" level=info msg="browser launch: using attempt-level timeout control"
time="2026-01-06T10:28:01+08:00" level=info msg="cleanupUserDataLocks: cleaning dir=D:\\test\\xhs-data\\profiles\\acc_4\\profile"
time="2026-01-06T10:28:01+08:00" level=debug msg="cleanupUserDataLocks: D:\\test\\xhs-data\\profiles\\acc_4\\profile\\SingletonLock does not exist"
time="2026-01-06T10:28:01+08:00" level=debug msg="cleanupUserDataLocks: D:\\test\\xhs-data\\profiles\\acc_4\\profile\\SingletonCookie does not exist"
time="2026-01-06T10:28:01+08:00" level=debug msg="cleanupUserDataLocks: D:\\test\\xhs-data\\profiles\\acc_4\\profile\\SingletonSocket does not exist"
time="2026-01-06T10:28:01+08:00" level=info msg="cleanupUserDataLocks: removed D:\\test\\xhs-data\\profiles\\acc_4\\profile\\DevToolsActivePort"
time="2026-01-06T10:28:01+08:00" level=info msg="cleanupUserDataLocks: cleaned 1 lock files"
time="2026-01-06T10:28:01+08:00" level=info msg="browser launch: ===== Attempt 1 START ====="
time="2026-01-06T10:28:01+08:00" level=info msg="browser launch: created independent attempt context with 30s timeout"
time="2026-01-06T10:28:01+08:00" level=info msg="browser launch: created launcher"
time="2026-01-06T10:28:01+08:00" level=info msg="browser launch: headless=true bin=\"D:\\\\test\\\\chromium\\\\chrome-win64\\\\chrome.exe\" userData=\"D:\\\\test\\\\xhs-data\\\\profiles\\\\acc_4\\\\profile\" proxy=\"\" (attempt 1)"
time="2026-01-06T10:28:01+08:00" level=info msg="browser launch args: --disable-background-networking --disable-background-timer-throttling --disable-backgrounding-occluded-windows --disable-breakpad --disable-client-side-phishing-detection --disable-component-extensions-with-background-pages --disable-default-apps --disable-dev-shm-usage --disable-features=site-per-process,TranslateUI --disable-hang-monitor --disable-ipc-flooding-protection --disable-popup-blocking --disable-prompt-on-repost --disable-renderer-backgrounding --disable-site-isolation-trials --disable-sync --enable-automation --enable-features=NetworkService,NetworkServiceInProcess --force-color-profile=srgb --headless --lang=zh-CN --metrics-recording-only --no-default-browser-check --no-first-run --no-sandbox --no-startup-window --remote-debugging-port=0 --use-mock-keychain --user-agent=Mozilla/5.0 (Macintosh; Intel Mac OS X 10_15_7) AppleWebKit/537.36 (KHTML, like Gecko) Chrome/125.0.0.144 Safari/537.36 --user-data-dir=D:\\test\\xhs-data\\profiles\\acc_4\\profile"
time="2026-01-06T10:28:01+08:00" level=info msg="browser launch: cleaning locks before launch"
time="2026-01-06T10:28:01+08:00" level=info msg="cleanupUserDataLocks: cleaning dir=D:\\test\\xhs-data\\profiles\\acc_4\\profile"
time="2026-01-06T10:28:01+08:00" level=debug msg="cleanupUserDataLocks: D:\\test\\xhs-data\\profiles\\acc_4\\profile\\SingletonLock does not exist"
time="2026-01-06T10:28:01+08:00" level=debug msg="cleanupUserDataLocks: D:\\test\\xhs-data\\profiles\\acc_4\\profile\\SingletonCookie does not exist"
time="2026-01-06T10:28:01+08:00" level=debug msg="cleanupUserDataLocks: D:\\test\\xhs-data\\profiles\\acc_4\\profile\\SingletonSocket does not exist"
time="2026-01-06T10:28:01+08:00" level=debug msg="cleanupUserDataLocks: D:\\test\\xhs-data\\profiles\\acc_4\\profile\\DevToolsActivePort does not exist"
time="2026-01-06T10:28:01+08:00" level=info msg="cleanupUserDataLocks: cleaned 0 lock files"
time="2026-01-06T10:28:01+08:00" level=info msg="browser launch: lock cleanup completed"
time="2026-01-06T10:28:01+08:00" level=info msg="browser launch: about to call l.Launch()..."
time="2026-01-06T10:28:01+08:00" level=info msg="browser launch: ===== Attempt 1 EXECUTING LAUNCH ====="
DevTools listening on ws://127.0.0.1:2260/devtools/browser/802f0347-65bd-46fd-9285-5ab825cca5e2
time="2026-01-06T10:28:01+08:00" level=info msg="browser launch: ===== Attempt 1 LAUNCH RETURNED (duration: 267.6499ms) ====="
time="2026-01-06T10:28:01+08:00" level=info msg="browser launch: SUCCESS! control url=ws://127.0.0.1:2260/devtools/browser/802f0347-65bd-46fd-9285-5ab825cca5e2"
time="2026-01-06T10:28:01+08:00" level=info msg="browser launch: ===== Attempt 1 COMPLETED SUCCESSFULLY ====="
time="2026-01-06T10:28:01+08:00" level=info msg="browser connect: connecting to Chromium"
time="2026-01-06T10:28:01+08:00" level=info msg="browser connect: success"
time="2026-01-06T10:28:01+08:00" level=debug msg="loaded cookies from D:\\test\\xhs-data\\cookies\\acc_4\\cookies.json"
time="2026-01-06T10:28:01+08:00" level=warning msg="apply fingerprint failed: eval js error: TypeError: Cannot read properties of undefined (reading 'apply')\n    at <anonymous>:29:7 <nil>"
time="2026-01-06T10:28:01+08:00" level=info msg="打开 feed 详情页: https://www.xiaohongshu.com/explore/684be055000000002001c0be?xsec_token=AB92dr5USq7_tmm1z_OfmwWePAWFTHe2UUeOiwEFTE5xw=&xsec_source=pc_feed"
time="2026-01-06T10:28:01+08:00" level=info msg="配置: 点击更多=false, 回复阈值=10, 最大评论数=0, 滚动速度=normal"
[4640:4404:0106/102804.672:ERROR:components\device_event_log\device_event_log_impl.cc:198] [10:28:04.672] USB: usb_service_win.cc:105 SetupDiGetDeviceProperty({{A45C254E-DF1C-4EFD-8020-67D146A850E0}, 6}) failed: 找不到元素。 (0x490)
[4640:8776:0106/102805.715:ERROR:google_apis\gcm\engine\registration_request.cc:292] Registration response error message: DEPRECATED_ENDPOINT
[GIN] 2026/01/06 - 10:28:09 | 200 |    8.2616785s |       127.0.0.1 | POST     "/mcp"
[GIN] 2026/01/06 - 10:28:09 | 200 |    8.2721243s |       127.0.0.1 | GET      "/mcp"
[GIN] 2026/01/06 - 10:31:18 | 200 |          5m0s |       127.0.0.1 | GET      "/mcp"
[GIN] 2026/01/06 - 10:31:26 | 200 |            0s |       127.0.0.1 | POST     "/mcp"
[GIN] 2026/01/06 - 10:31:26 | 202 |            0s |       127.0.0.1 | POST     "/mcp"
time="2026-01-06T10:31:26+08:00" level=info msg="MCP: 搜索Feeds"
time="2026-01-06T10:31:26+08:00" level=info msg="MCP: 搜索Feeds - 关键词: 戒烟"
time="2026-01-06T10:31:26+08:00" level=info msg="browser launch: using attempt-level timeout control"
time="2026-01-06T10:31:26+08:00" level=info msg="cleanupUserDataLocks: cleaning dir=D:\\test\\xhs-data\\profiles\\acc_4\\profile"
time="2026-01-06T10:31:26+08:00" level=debug msg="cleanupUserDataLocks: D:\\test\\xhs-data\\profiles\\acc_4\\profile\\SingletonLock does not exist"
time="2026-01-06T10:31:26+08:00" level=debug msg="cleanupUserDataLocks: D:\\test\\xhs-data\\profiles\\acc_4\\profile\\SingletonCookie does not exist"
time="2026-01-06T10:31:26+08:00" level=debug msg="cleanupUserDataLocks: D:\\test\\xhs-data\\profiles\\acc_4\\profile\\SingletonSocket does not exist"
time="2026-01-06T10:31:26+08:00" level=info msg="cleanupUserDataLocks: removed D:\\test\\xhs-data\\profiles\\acc_4\\profile\\DevToolsActivePort"
time="2026-01-06T10:31:26+08:00" level=info msg="cleanupUserDataLocks: cleaned 1 lock files"
time="2026-01-06T10:31:26+08:00" level=info msg="browser launch: ===== Attempt 1 START ====="
time="2026-01-06T10:31:26+08:00" level=info msg="browser launch: created independent attempt context with 30s timeout"
time="2026-01-06T10:31:26+08:00" level=info msg="browser launch: created launcher"
time="2026-01-06T10:31:26+08:00" level=info msg="browser launch: headless=true bin=\"D:\\\\test\\\\chromium\\\\chrome-win64\\\\chrome.exe\" userData=\"D:\\\\test\\\\xhs-data\\\\profiles\\\\acc_4\\\\profile\" proxy=\"\" (attempt 1)"
time="2026-01-06T10:31:26+08:00" level=info msg="browser launch args: --disable-background-networking --disable-background-timer-throttling --disable-backgrounding-occluded-windows --disable-breakpad --disable-client-side-phishing-detection --disable-component-extensions-with-background-pages --disable-default-apps --disable-dev-shm-usage --disable-features=site-per-process,TranslateUI --disable-hang-monitor --disable-ipc-flooding-protection --disable-popup-blocking --disable-prompt-on-repost --disable-renderer-backgrounding --disable-site-isolation-trials --disable-sync --enable-automation --enable-features=NetworkService,NetworkServiceInProcess --force-color-profile=srgb --headless --lang=zh-CN --metrics-recording-only --no-default-browser-check --no-first-run --no-sandbox --no-startup-window --remote-debugging-port=0 --use-mock-keychain --user-agent=Mozilla/5.0 (Macintosh; Intel Mac OS X 10_15_7) AppleWebKit/537.36 (KHTML, like Gecko) Chrome/125.0.0.144 Safari/537.36 --user-data-dir=D:\\test\\xhs-data\\profiles\\acc_4\\profile"
time="2026-01-06T10:31:26+08:00" level=info msg="browser launch: cleaning locks before launch"
time="2026-01-06T10:31:26+08:00" level=info msg="cleanupUserDataLocks: cleaning dir=D:\\test\\xhs-data\\profiles\\acc_4\\profile"
time="2026-01-06T10:31:26+08:00" level=debug msg="cleanupUserDataLocks: D:\\test\\xhs-data\\profiles\\acc_4\\profile\\SingletonLock does not exist"
time="2026-01-06T10:31:26+08:00" level=debug msg="cleanupUserDataLocks: D:\\test\\xhs-data\\profiles\\acc_4\\profile\\SingletonCookie does not exist"
time="2026-01-06T10:31:26+08:00" level=debug msg="cleanupUserDataLocks: D:\\test\\xhs-data\\profiles\\acc_4\\profile\\SingletonSocket does not exist"
time="2026-01-06T10:31:26+08:00" level=debug msg="cleanupUserDataLocks: D:\\test\\xhs-data\\profiles\\acc_4\\profile\\DevToolsActivePort does not exist"
time="2026-01-06T10:31:26+08:00" level=info msg="cleanupUserDataLocks: cleaned 0 lock files"
time="2026-01-06T10:31:26+08:00" level=info msg="browser launch: lock cleanup completed"
time="2026-01-06T10:31:26+08:00" level=info msg="browser launch: about to call l.Launch()..."
time="2026-01-06T10:31:26+08:00" level=info msg="browser launch: ===== Attempt 1 EXECUTING LAUNCH ====="
DevTools listening on ws://127.0.0.1:5281/devtools/browser/101c9657-0445-4faa-a46a-4d1cf4cf0d93
time="2026-01-06T10:31:26+08:00" level=info msg="browser launch: ===== Attempt 1 LAUNCH RETURNED (duration: 286.6234ms) ====="
time="2026-01-06T10:31:26+08:00" level=info msg="browser launch: SUCCESS! control url=ws://127.0.0.1:5281/devtools/browser/101c9657-0445-4faa-a46a-4d1cf4cf0d93"
time="2026-01-06T10:31:26+08:00" level=info msg="browser launch: ===== Attempt 1 COMPLETED SUCCESSFULLY ====="
time="2026-01-06T10:31:26+08:00" level=info msg="browser connect: connecting to Chromium"
time="2026-01-06T10:31:26+08:00" level=info msg="browser connect: success"
time="2026-01-06T10:31:26+08:00" level=debug msg="loaded cookies from D:\\test\\xhs-data\\cookies\\acc_4\\cookies.json"
time="2026-01-06T10:31:26+08:00" level=warning msg="apply fingerprint failed: eval js error: TypeError: Cannot read properties of undefined (reading 'apply')\n    at <anonymous>:29:7 <nil>"
[8748:21368:0106/103130.705:ERROR:components\device_event_log\device_event_log_impl.cc:198] [10:31:30.706] USB: usb_service_win.cc:105 SetupDiGetDeviceProperty({{A45C254E-DF1C-4EFD-8020-67D146A850E0}, 6}) failed: 找不到元素。 (0x490)
[8748:23128:0106/103131.827:ERROR:google_apis\gcm\engine\registration_request.cc:292] Registration response error message: DEPRECATED_ENDPOINT
[GIN] 2026/01/06 - 10:31:35 | 200 |     8.783802s |       127.0.0.1 | POST     "/mcp"
[GIN] 2026/01/06 - 10:31:35 | 200 |       515.3µs |       127.0.0.1 | POST     "/mcp"
[GIN] 2026/01/06 - 10:31:35 | 202 |            0s |       127.0.0.1 | POST     "/mcp"
[GIN] 2026/01/06 - 10:31:35 | 200 |         515µs |       127.0.0.1 | POST     "/mcp"
time="2026-01-06T10:31:35+08:00" level=info msg="MCP: 获取Feed详情"
time="2026-01-06T10:31:35+08:00" level=info msg="MCP: 获取Feed详情 - Feed ID: 6951ebd9000000002103fc51, loadAllComments=false, config={ClickMoreReplies:false MaxRepliesThreshold:10 MaxCommentItems:0 ScrollSpeed:normal}"
time="2026-01-06T10:31:35+08:00" level=info msg="browser launch: using attempt-level timeout control"
time="2026-01-06T10:31:35+08:00" level=info msg="cleanupUserDataLocks: cleaning dir=D:\\test\\xhs-data\\profiles\\acc_4\\profile"
time="2026-01-06T10:31:35+08:00" level=debug msg="cleanupUserDataLocks: D:\\test\\xhs-data\\profiles\\acc_4\\profile\\SingletonLock does not exist"
time="2026-01-06T10:31:35+08:00" level=debug msg="cleanupUserDataLocks: D:\\test\\xhs-data\\profiles\\acc_4\\profile\\SingletonCookie does not exist"
time="2026-01-06T10:31:35+08:00" level=debug msg="cleanupUserDataLocks: D:\\test\\xhs-data\\profiles\\acc_4\\profile\\SingletonSocket does not exist"
time="2026-01-06T10:31:35+08:00" level=info msg="cleanupUserDataLocks: removed D:\\test\\xhs-data\\profiles\\acc_4\\profile\\DevToolsActivePort"
time="2026-01-06T10:31:35+08:00" level=info msg="cleanupUserDataLocks: cleaned 1 lock files"
time="2026-01-06T10:31:35+08:00" level=info msg="browser launch: ===== Attempt 1 START ====="
time="2026-01-06T10:31:35+08:00" level=info msg="browser launch: created independent attempt context with 30s timeout"
time="2026-01-06T10:31:35+08:00" level=info msg="browser launch: created launcher"
time="2026-01-06T10:31:35+08:00" level=info msg="browser launch: headless=true bin=\"D:\\\\test\\\\chromium\\\\chrome-win64\\\\chrome.exe\" userData=\"D:\\\\test\\\\xhs-data\\\\profiles\\\\acc_4\\\\profile\" proxy=\"\" (attempt 1)"
time="2026-01-06T10:31:35+08:00" level=info msg="browser launch args: --disable-background-networking --disable-background-timer-throttling --disable-backgrounding-occluded-windows --disable-breakpad --disable-client-side-phishing-detection --disable-component-extensions-with-background-pages --disable-default-apps --disable-dev-shm-usage --disable-features=site-per-process,TranslateUI --disable-hang-monitor --disable-ipc-flooding-protection --disable-popup-blocking --disable-prompt-on-repost --disable-renderer-backgrounding --disable-site-isolation-trials --disable-sync --enable-automation --enable-features=NetworkService,NetworkServiceInProcess --force-color-profile=srgb --headless --lang=zh-CN --metrics-recording-only --no-default-browser-check --no-first-run --no-sandbox --no-startup-window --remote-debugging-port=0 --use-mock-keychain --user-agent=Mozilla/5.0 (Macintosh; Intel Mac OS X 10_15_7) AppleWebKit/537.36 (KHTML, like Gecko) Chrome/125.0.0.144 Safari/537.36 --user-data-dir=D:\\test\\xhs-data\\profiles\\acc_4\\profile"
time="2026-01-06T10:31:35+08:00" level=info msg="browser launch: cleaning locks before launch"
time="2026-01-06T10:31:35+08:00" level=info msg="cleanupUserDataLocks: cleaning dir=D:\\test\\xhs-data\\profiles\\acc_4\\profile"
time="2026-01-06T10:31:35+08:00" level=debug msg="cleanupUserDataLocks: D:\\test\\xhs-data\\profiles\\acc_4\\profile\\SingletonLock does not exist"
time="2026-01-06T10:31:35+08:00" level=debug msg="cleanupUserDataLocks: D:\\test\\xhs-data\\profiles\\acc_4\\profile\\SingletonCookie does not exist"
time="2026-01-06T10:31:35+08:00" level=debug msg="cleanupUserDataLocks: D:\\test\\xhs-data\\profiles\\acc_4\\profile\\SingletonSocket does not exist"
time="2026-01-06T10:31:35+08:00" level=debug msg="cleanupUserDataLocks: D:\\test\\xhs-data\\profiles\\acc_4\\profile\\DevToolsActivePort does not exist"
time="2026-01-06T10:31:35+08:00" level=info msg="cleanupUserDataLocks: cleaned 0 lock files"
time="2026-01-06T10:31:35+08:00" level=info msg="browser launch: lock cleanup completed"
time="2026-01-06T10:31:35+08:00" level=info msg="browser launch: about to call l.Launch()..."
time="2026-01-06T10:31:35+08:00" level=info msg="browser launch: ===== Attempt 1 EXECUTING LAUNCH ====="
DevTools listening on ws://127.0.0.1:5783/devtools/browser/c76b6950-162c-49e9-9019-0869878b00de
time="2026-01-06T10:31:35+08:00" level=info msg="browser launch: ===== Attempt 1 LAUNCH RETURNED (duration: 313.8108ms) ====="
time="2026-01-06T10:31:35+08:00" level=info msg="browser launch: SUCCESS! control url=ws://127.0.0.1:5783/devtools/browser/c76b6950-162c-49e9-9019-0869878b00de"
time="2026-01-06T10:31:35+08:00" level=info msg="browser launch: ===== Attempt 1 COMPLETED SUCCESSFULLY ====="
time="2026-01-06T10:31:35+08:00" level=info msg="browser connect: connecting to Chromium"
time="2026-01-06T10:31:35+08:00" level=info msg="browser connect: success"
time="2026-01-06T10:31:35+08:00" level=debug msg="loaded cookies from D:\\test\\xhs-data\\cookies\\acc_4\\cookies.json"
time="2026-01-06T10:31:35+08:00" level=warning msg="apply fingerprint failed: eval js error: TypeError: Cannot read properties of undefined (reading 'apply')\n    at <anonymous>:29:7 <nil>"
time="2026-01-06T10:31:35+08:00" level=info msg="打开 feed 详情页: https://www.xiaohongshu.com/explore/6951ebd9000000002103fc51?xsec_token=ABrPBvmW2ZWHMAPA0V4t-Sf95iVYU5gYLrseYdP8n2clU=&xsec_source=pc_feed"
time="2026-01-06T10:31:35+08:00" level=info msg="配置: 点击更多=false, 回复阈值=10, 最大评论数=0, 滚动速度=normal"
[18004:23756:0106/103138.529:ERROR:components\device_event_log\device_event_log_impl.cc:198] [10:31:38.530] USB: usb_service_win.cc:105 SetupDiGetDeviceProperty({{A45C254E-DF1C-4EFD-8020-67D146A850E0}, 6}) failed: 找不到元素。 (0x490)
time="2026-01-06T10:31:39+08:00" level=warning msg="笔记不可访问: 当前笔记暂时无法浏览"
[GIN] 2026/01/06 - 10:31:40 | 200 |    5.3306806s |       127.0.0.1 | POST     "/mcp"
[GIN] 2026/01/06 - 10:31:40 | 200 |    5.3369852s |       127.0.0.1 | GET      "/mcp"
[GIN] 2026/01/06 - 10:32:52 | 200 |          5m0s |       127.0.0.1 | GET      "/mcp"
[GIN] 2026/01/06 - 10:35:51 | 200 |            0s |       127.0.0.1 | POST     "/mcp"
[GIN] 2026/01/06 - 10:35:51 | 202 |            0s |       127.0.0.1 | POST     "/mcp"
time="2026-01-06T10:35:51+08:00" level=info msg="MCP: 搜索Feeds"
time="2026-01-06T10:35:51+08:00" level=info msg="MCP: 搜索Feeds - 关键词: 戒烟"
time="2026-01-06T10:35:51+08:00" level=info msg="browser launch: using attempt-level timeout control"
time="2026-01-06T10:35:51+08:00" level=info msg="cleanupUserDataLocks: cleaning dir=D:\\test\\xhs-data\\profiles\\acc_4\\profile"
time="2026-01-06T10:35:51+08:00" level=debug msg="cleanupUserDataLocks: D:\\test\\xhs-data\\profiles\\acc_4\\profile\\SingletonLock does not exist"
time="2026-01-06T10:35:51+08:00" level=debug msg="cleanupUserDataLocks: D:\\test\\xhs-data\\profiles\\acc_4\\profile\\SingletonCookie does not exist"
time="2026-01-06T10:35:51+08:00" level=debug msg="cleanupUserDataLocks: D:\\test\\xhs-data\\profiles\\acc_4\\profile\\SingletonSocket does not exist"
time="2026-01-06T10:35:51+08:00" level=info msg="cleanupUserDataLocks: removed D:\\test\\xhs-data\\profiles\\acc_4\\profile\\DevToolsActivePort"
time="2026-01-06T10:35:51+08:00" level=info msg="cleanupUserDataLocks: cleaned 1 lock files"
time="2026-01-06T10:35:51+08:00" level=info msg="browser launch: ===== Attempt 1 START ====="
time="2026-01-06T10:35:51+08:00" level=info msg="browser launch: created independent attempt context with 30s timeout"
time="2026-01-06T10:35:51+08:00" level=info msg="browser launch: created launcher"
time="2026-01-06T10:35:51+08:00" level=info msg="browser launch: headless=true bin=\"D:\\\\test\\\\chromium\\\\chrome-win64\\\\chrome.exe\" userData=\"D:\\\\test\\\\xhs-data\\\\profiles\\\\acc_4\\\\profile\" proxy=\"\" (attempt 1)"
time="2026-01-06T10:35:51+08:00" level=info msg="browser launch args: --disable-background-networking --disable-background-timer-throttling --disable-backgrounding-occluded-windows --disable-breakpad --disable-client-side-phishing-detection --disable-component-extensions-with-background-pages --disable-default-apps --disable-dev-shm-usage --disable-features=site-per-process,TranslateUI --disable-hang-monitor --disable-ipc-flooding-protection --disable-popup-blocking --disable-prompt-on-repost --disable-renderer-backgrounding --disable-site-isolation-trials --disable-sync --enable-automation --enable-features=NetworkService,NetworkServiceInProcess --force-color-profile=srgb --headless --lang=zh-CN --metrics-recording-only --no-default-browser-check --no-first-run --no-sandbox --no-startup-window --remote-debugging-port=0 --use-mock-keychain --user-agent=Mozilla/5.0 (Macintosh; Intel Mac OS X 10_15_7) AppleWebKit/537.36 (KHTML, like Gecko) Chrome/125.0.0.144 Safari/537.36 --user-data-dir=D:\\test\\xhs-data\\profiles\\acc_4\\profile"
time="2026-01-06T10:35:51+08:00" level=info msg="browser launch: cleaning locks before launch"
time="2026-01-06T10:35:51+08:00" level=info msg="cleanupUserDataLocks: cleaning dir=D:\\test\\xhs-data\\profiles\\acc_4\\profile"
time="2026-01-06T10:35:51+08:00" level=debug msg="cleanupUserDataLocks: D:\\test\\xhs-data\\profiles\\acc_4\\profile\\SingletonLock does not exist"
time="2026-01-06T10:35:51+08:00" level=debug msg="cleanupUserDataLocks: D:\\test\\xhs-data\\profiles\\acc_4\\profile\\SingletonCookie does not exist"
time="2026-01-06T10:35:51+08:00" level=debug msg="cleanupUserDataLocks: D:\\test\\xhs-data\\profiles\\acc_4\\profile\\SingletonSocket does not exist"
time="2026-01-06T10:35:51+08:00" level=debug msg="cleanupUserDataLocks: D:\\test\\xhs-data\\profiles\\acc_4\\profile\\DevToolsActivePort does not exist"
time="2026-01-06T10:35:51+08:00" level=info msg="cleanupUserDataLocks: cleaned 0 lock files"
time="2026-01-06T10:35:51+08:00" level=info msg="browser launch: lock cleanup completed"
time="2026-01-06T10:35:51+08:00" level=info msg="browser launch: about to call l.Launch()..."
time="2026-01-06T10:35:51+08:00" level=info msg="browser launch: ===== Attempt 1 EXECUTING LAUNCH ====="
DevTools listening on ws://127.0.0.1:8316/devtools/browser/cf604a77-dea6-48c0-8c2c-2711ced7437b
time="2026-01-06T10:35:51+08:00" level=info msg="browser launch: ===== Attempt 1 LAUNCH RETURNED (duration: 293.5927ms) ====="
time="2026-01-06T10:35:51+08:00" level=info msg="browser launch: SUCCESS! control url=ws://127.0.0.1:8316/devtools/browser/cf604a77-dea6-48c0-8c2c-2711ced7437b"
time="2026-01-06T10:35:51+08:00" level=info msg="browser launch: ===== Attempt 1 COMPLETED SUCCESSFULLY ====="
time="2026-01-06T10:35:51+08:00" level=info msg="browser connect: connecting to Chromium"
time="2026-01-06T10:35:51+08:00" level=info msg="browser connect: success"
time="2026-01-06T10:35:51+08:00" level=debug msg="loaded cookies from D:\\test\\xhs-data\\cookies\\acc_4\\cookies.json"
time="2026-01-06T10:35:51+08:00" level=warning msg="apply fingerprint failed: eval js error: TypeError: Cannot read properties of undefined (reading 'apply')\n    at <anonymous>:29:7 <nil>"
[3320:23560:0106/103555.474:ERROR:components\device_event_log\device_event_log_impl.cc:198] [10:35:55.475] USB: usb_service_win.cc:105 SetupDiGetDeviceProperty({{A45C254E-DF1C-4EFD-8020-67D146A850E0}, 6}) failed: 找不到元素。 (0x490)
[3320:17292:0106/103556.619:ERROR:google_apis\gcm\engine\registration_request.cc:292] Registration response error message: DEPRECATED_ENDPOINT
[GIN] 2026/01/06 - 10:36:00 | 200 |    8.9796469s |       127.0.0.1 | POST     "/mcp"
[GIN] 2026/01/06 - 10:36:00 | 200 |            0s |       127.0.0.1 | POST     "/mcp"
[GIN] 2026/01/06 - 10:36:00 | 202 |            0s |       127.0.0.1 | POST     "/mcp"
[GIN] 2026/01/06 - 10:36:00 | 200 |       508.7µs |       127.0.0.1 | POST     "/mcp"
time="2026-01-06T10:36:00+08:00" level=info msg="MCP: 获取Feed详情"
time="2026-01-06T10:36:00+08:00" level=info msg="MCP: 获取Feed详情 - Feed ID: 684be055000000002001c0be, loadAllComments=false, config={ClickMoreReplies:false MaxRepliesThreshold:10 MaxCommentItems:0 ScrollSpeed:normal}"
time="2026-01-06T10:36:00+08:00" level=info msg="browser launch: using attempt-level timeout control"
time="2026-01-06T10:36:00+08:00" level=info msg="cleanupUserDataLocks: cleaning dir=D:\\test\\xhs-data\\profiles\\acc_4\\profile"
time="2026-01-06T10:36:00+08:00" level=debug msg="cleanupUserDataLocks: D:\\test\\xhs-data\\profiles\\acc_4\\profile\\SingletonLock does not exist"
time="2026-01-06T10:36:00+08:00" level=debug msg="cleanupUserDataLocks: D:\\test\\xhs-data\\profiles\\acc_4\\profile\\SingletonCookie does not exist"
time="2026-01-06T10:36:00+08:00" level=debug msg="cleanupUserDataLocks: D:\\test\\xhs-data\\profiles\\acc_4\\profile\\SingletonSocket does not exist"
time="2026-01-06T10:36:00+08:00" level=info msg="cleanupUserDataLocks: removed D:\\test\\xhs-data\\profiles\\acc_4\\profile\\DevToolsActivePort"
time="2026-01-06T10:36:00+08:00" level=info msg="cleanupUserDataLocks: cleaned 1 lock files"
time="2026-01-06T10:36:00+08:00" level=info msg="browser launch: ===== Attempt 1 START ====="
time="2026-01-06T10:36:00+08:00" level=info msg="browser launch: created independent attempt context with 30s timeout"
time="2026-01-06T10:36:00+08:00" level=info msg="browser launch: created launcher"
time="2026-01-06T10:36:00+08:00" level=info msg="browser launch: headless=true bin=\"D:\\\\test\\\\chromium\\\\chrome-win64\\\\chrome.exe\" userData=\"D:\\\\test\\\\xhs-data\\\\profiles\\\\acc_4\\\\profile\" proxy=\"\" (attempt 1)"
time="2026-01-06T10:36:00+08:00" level=info msg="browser launch args: --disable-background-networking --disable-background-timer-throttling --disable-backgrounding-occluded-windows --disable-breakpad --disable-client-side-phishing-detection --disable-component-extensions-with-background-pages --disable-default-apps --disable-dev-shm-usage --disable-features=site-per-process,TranslateUI --disable-hang-monitor --disable-ipc-flooding-protection --disable-popup-blocking --disable-prompt-on-repost --disable-renderer-backgrounding --disable-site-isolation-trials --disable-sync --enable-automation --enable-features=NetworkService,NetworkServiceInProcess --force-color-profile=srgb --headless --lang=zh-CN --metrics-recording-only --no-default-browser-check --no-first-run --no-sandbox --no-startup-window --remote-debugging-port=0 --use-mock-keychain --user-agent=Mozilla/5.0 (Macintosh; Intel Mac OS X 10_15_7) AppleWebKit/537.36 (KHTML, like Gecko) Chrome/125.0.0.144 Safari/537.36 --user-data-dir=D:\\test\\xhs-data\\profiles\\acc_4\\profile"
time="2026-01-06T10:36:00+08:00" level=info msg="browser launch: cleaning locks before launch"
time="2026-01-06T10:36:00+08:00" level=info msg="cleanupUserDataLocks: cleaning dir=D:\\test\\xhs-data\\profiles\\acc_4\\profile"
time="2026-01-06T10:36:00+08:00" level=debug msg="cleanupUserDataLocks: D:\\test\\xhs-data\\profiles\\acc_4\\profile\\SingletonLock does not exist"
time="2026-01-06T10:36:00+08:00" level=debug msg="cleanupUserDataLocks: D:\\test\\xhs-data\\profiles\\acc_4\\profile\\SingletonCookie does not exist"
time="2026-01-06T10:36:00+08:00" level=debug msg="cleanupUserDataLocks: D:\\test\\xhs-data\\profiles\\acc_4\\profile\\SingletonSocket does not exist"
time="2026-01-06T10:36:00+08:00" level=debug msg="cleanupUserDataLocks: D:\\test\\xhs-data\\profiles\\acc_4\\profile\\DevToolsActivePort does not exist"
time="2026-01-06T10:36:00+08:00" level=info msg="cleanupUserDataLocks: cleaned 0 lock files"
time="2026-01-06T10:36:00+08:00" level=info msg="browser launch: lock cleanup completed"
time="2026-01-06T10:36:00+08:00" level=info msg="browser launch: about to call l.Launch()..."
time="2026-01-06T10:36:00+08:00" level=info msg="browser launch: ===== Attempt 1 EXECUTING LAUNCH ====="
DevTools listening on ws://127.0.0.1:6148/devtools/browser/1ffab839-d647-462c-9e88-d7eb5e7d27d7
time="2026-01-06T10:36:00+08:00" level=info msg="browser launch: ===== Attempt 1 LAUNCH RETURNED (duration: 275.1143ms) ====="
time="2026-01-06T10:36:00+08:00" level=info msg="browser launch: SUCCESS! control url=ws://127.0.0.1:6148/devtools/browser/1ffab839-d647-462c-9e88-d7eb5e7d27d7"
time="2026-01-06T10:36:00+08:00" level=info msg="browser launch: ===== Attempt 1 COMPLETED SUCCESSFULLY ====="
time="2026-01-06T10:36:00+08:00" level=info msg="browser connect: connecting to Chromium"
time="2026-01-06T10:36:00+08:00" level=info msg="browser connect: success"
time="2026-01-06T10:36:00+08:00" level=debug msg="loaded cookies from D:\\test\\xhs-data\\cookies\\acc_4\\cookies.json"
time="2026-01-06T10:36:00+08:00" level=warning msg="apply fingerprint failed: eval js error: TypeError: Cannot read properties of undefined (reading 'apply')\n    at <anonymous>:29:7 <nil>"
time="2026-01-06T10:36:00+08:00" level=info msg="打开 feed 详情页: https://www.xiaohongshu.com/explore/684be055000000002001c0be?xsec_token=AB92dr5USq7_tmm1z_OfmwWePAWFTHe2UUeOiwEFTE5xw=&xsec_source=pc_feed"
time="2026-01-06T10:36:00+08:00" level=info msg="配置: 点击更多=false, 回复阈值=10, 最大评论数=0, 滚动速度=normal"
[18152:2428:0106/103603.470:ERROR:components\device_event_log\device_event_log_impl.cc:198] [10:36:03.471] USB: usb_service_win.cc:105 SetupDiGetDeviceProperty({{A45C254E-DF1C-4EFD-8020-67D146A850E0}, 6}) failed: 找不到元素。 (0x490)
[18152:21272:0106/103604.453:ERROR:google_apis\gcm\engine\registration_request.cc:292] Registration response error message: DEPRECATED_ENDPOINT
[GIN] 2026/01/06 - 10:36:08 | 200 |    8.2607246s |       127.0.0.1 | POST     "/mcp"
[GIN] 2026/01/06 - 10:36:08 | 200 |    8.2682681s |       127.0.0.1 | GET      "/mcp"
[GIN] 2026/01/06 - 10:36:20 | 200 |          5m0s |       127.0.0.1 | GET      "/mcp"
[GIN] 2026/01/06 - 10:36:26 | 200 |          5m0s |       127.0.0.1 | GET      "/mcp"
[GIN] 2026/01/06 - 10:36:55 | 200 |            0s |       127.0.0.1 | POST     "/mcp"
[GIN] 2026/01/06 - 10:36:55 | 202 |            0s |       127.0.0.1 | POST     "/mcp"
[GIN] 2026/01/06 - 10:36:55 | 200 |            0s |       127.0.0.1 | POST     "/mcp"
time="2026-01-06T10:36:55+08:00" level=info msg="MCP: 获取Feed详情"
time="2026-01-06T10:36:55+08:00" level=info msg="MCP: 获取Feed详情 - Feed ID: 6951ebd9000000002103fc51, loadAllComments=false, config={ClickMoreReplies:false MaxRepliesThreshold:10 MaxCommentItems:0 ScrollSpeed:normal}"
time="2026-01-06T10:36:55+08:00" level=info msg="browser launch: using attempt-level timeout control"
time="2026-01-06T10:36:55+08:00" level=info msg="cleanupUserDataLocks: cleaning dir=D:\\test\\xhs-data\\profiles\\acc_4\\profile"
time="2026-01-06T10:36:55+08:00" level=debug msg="cleanupUserDataLocks: D:\\test\\xhs-data\\profiles\\acc_4\\profile\\SingletonLock does not exist"
time="2026-01-06T10:36:55+08:00" level=debug msg="cleanupUserDataLocks: D:\\test\\xhs-data\\profiles\\acc_4\\profile\\SingletonCookie does not exist"
time="2026-01-06T10:36:55+08:00" level=debug msg="cleanupUserDataLocks: D:\\test\\xhs-data\\profiles\\acc_4\\profile\\SingletonSocket does not exist"
time="2026-01-06T10:36:55+08:00" level=info msg="cleanupUserDataLocks: removed D:\\test\\xhs-data\\profiles\\acc_4\\profile\\DevToolsActivePort"
time="2026-01-06T10:36:55+08:00" level=info msg="cleanupUserDataLocks: cleaned 1 lock files"
time="2026-01-06T10:36:55+08:00" level=info msg="browser launch: ===== Attempt 1 START ====="
time="2026-01-06T10:36:55+08:00" level=info msg="browser launch: created independent attempt context with 30s timeout"
time="2026-01-06T10:36:55+08:00" level=info msg="browser launch: created launcher"
time="2026-01-06T10:36:55+08:00" level=info msg="browser launch: headless=true bin=\"D:\\\\test\\\\chromium\\\\chrome-win64\\\\chrome.exe\" userData=\"D:\\\\test\\\\xhs-data\\\\profiles\\\\acc_4\\\\profile\" proxy=\"\" (attempt 1)"
time="2026-01-06T10:36:55+08:00" level=info msg="browser launch args: --disable-background-networking --disable-background-timer-throttling --disable-backgrounding-occluded-windows --disable-breakpad --disable-client-side-phishing-detection --disable-component-extensions-with-background-pages --disable-default-apps --disable-dev-shm-usage --disable-features=site-per-process,TranslateUI --disable-hang-monitor --disable-ipc-flooding-protection --disable-popup-blocking --disable-prompt-on-repost --disable-renderer-backgrounding --disable-site-isolation-trials --disable-sync --enable-automation --enable-features=NetworkService,NetworkServiceInProcess --force-color-profile=srgb --headless --lang=zh-CN --metrics-recording-only --no-default-browser-check --no-first-run --no-sandbox --no-startup-window --remote-debugging-port=0 --use-mock-keychain --user-agent=Mozilla/5.0 (Macintosh; Intel Mac OS X 10_15_7) AppleWebKit/537.36 (KHTML, like Gecko) Chrome/125.0.0.144 Safari/537.36 --user-data-dir=D:\\test\\xhs-data\\profiles\\acc_4\\profile"
time="2026-01-06T10:36:55+08:00" level=info msg="browser launch: cleaning locks before launch"
time="2026-01-06T10:36:55+08:00" level=info msg="cleanupUserDataLocks: cleaning dir=D:\\test\\xhs-data\\profiles\\acc_4\\profile"
time="2026-01-06T10:36:55+08:00" level=debug msg="cleanupUserDataLocks: D:\\test\\xhs-data\\profiles\\acc_4\\profile\\SingletonLock does not exist"
time="2026-01-06T10:36:55+08:00" level=debug msg="cleanupUserDataLocks: D:\\test\\xhs-data\\profiles\\acc_4\\profile\\SingletonCookie does not exist"
time="2026-01-06T10:36:55+08:00" level=debug msg="cleanupUserDataLocks: D:\\test\\xhs-data\\profiles\\acc_4\\profile\\SingletonSocket does not exist"
time="2026-01-06T10:36:55+08:00" level=debug msg="cleanupUserDataLocks: D:\\test\\xhs-data\\profiles\\acc_4\\profile\\DevToolsActivePort does not exist"
time="2026-01-06T10:36:55+08:00" level=info msg="cleanupUserDataLocks: cleaned 0 lock files"
time="2026-01-06T10:36:55+08:00" level=info msg="browser launch: lock cleanup completed"
time="2026-01-06T10:36:55+08:00" level=info msg="browser launch: about to call l.Launch()..."
time="2026-01-06T10:36:55+08:00" level=info msg="browser launch: ===== Attempt 1 EXECUTING LAUNCH ====="
DevTools listening on ws://127.0.0.1:8309/devtools/browser/f5d6df02-0ec8-4eeb-b2c5-6c6b50401daf
time="2026-01-06T10:36:56+08:00" level=info msg="browser launch: ===== Attempt 1 LAUNCH RETURNED (duration: 266.9582ms) ====="
time="2026-01-06T10:36:56+08:00" level=info msg="browser launch: SUCCESS! control url=ws://127.0.0.1:8309/devtools/browser/f5d6df02-0ec8-4eeb-b2c5-6c6b50401daf"
time="2026-01-06T10:36:56+08:00" level=info msg="browser launch: ===== Attempt 1 COMPLETED SUCCESSFULLY ====="
time="2026-01-06T10:36:56+08:00" level=info msg="browser connect: connecting to Chromium"
time="2026-01-06T10:36:56+08:00" level=info msg="browser connect: success"
time="2026-01-06T10:36:56+08:00" level=debug msg="loaded cookies from D:\\test\\xhs-data\\cookies\\acc_4\\cookies.json"
time="2026-01-06T10:36:56+08:00" level=warning msg="apply fingerprint failed: eval js error: TypeError: Cannot read properties of undefined (reading 'apply')\n    at <anonymous>:29:7 <nil>"
time="2026-01-06T10:36:56+08:00" level=info msg="打开 feed 详情页: https://www.xiaohongshu.com/explore/6951ebd9000000002103fc51?xsec_token=ABrPBvmW2ZWHMAPA0V4t-Sf95iVYU5gYLrseYdP8n2clU=&xsec_source=pc_feed"
time="2026-01-06T10:36:56+08:00" level=info msg="配置: 点击更多=false, 回复阈值=10, 最大评论数=0, 滚动速度=normal"
[23652:24296:0106/103659.438:ERROR:components\device_event_log\device_event_log_impl.cc:198] [10:36:59.439] USB: usb_service_win.cc:105 SetupDiGetDeviceProperty({{A45C254E-DF1C-4EFD-8020-67D146A850E0}, 6}) failed: 找不到元素。 (0x490)
time="2026-01-06T10:37:00+08:00" level=warning msg="笔记不可访问: 当前笔记暂时无法浏览"
[GIN] 2026/01/06 - 10:37:01 | 200 |    5.4267393s |       127.0.0.1 | POST     "/mcp"
[GIN] 2026/01/06 - 10:37:01 | 200 |       5.4326s |       127.0.0.1 | GET      "/mcp"
[GIN] 2026/01/06 - 10:37:31 | 200 |            0s |       127.0.0.1 | POST     "/mcp"
[GIN] 2026/01/06 - 10:37:31 | 202 |            0s |       127.0.0.1 | POST     "/mcp"
[GIN] 2026/01/06 - 10:37:31 | 200 |       515.4µs |       127.0.0.1 | POST     "/mcp"
time="2026-01-06T10:37:31+08:00" level=info msg="MCP: 获取Feed详情"
time="2026-01-06T10:37:31+08:00" level=info msg="MCP: 获取Feed详情 - Feed ID: 6951ebd9000000002103fc51, loadAllComments=false, config={ClickMoreReplies:false MaxRepliesThreshold:10 MaxCommentItems:0 ScrollSpeed:normal}"
time="2026-01-06T10:37:31+08:00" level=info msg="browser launch: using attempt-level timeout control"
time="2026-01-06T10:37:31+08:00" level=info msg="cleanupUserDataLocks: cleaning dir=D:\\test\\xhs-data\\profiles\\acc_4\\profile"
time="2026-01-06T10:37:31+08:00" level=debug msg="cleanupUserDataLocks: D:\\test\\xhs-data\\profiles\\acc_4\\profile\\SingletonLock does not exist"
time="2026-01-06T10:37:31+08:00" level=debug msg="cleanupUserDataLocks: D:\\test\\xhs-data\\profiles\\acc_4\\profile\\SingletonCookie does not exist"
time="2026-01-06T10:37:31+08:00" level=debug msg="cleanupUserDataLocks: D:\\test\\xhs-data\\profiles\\acc_4\\profile\\SingletonSocket does not exist"
time="2026-01-06T10:37:31+08:00" level=info msg="cleanupUserDataLocks: removed D:\\test\\xhs-data\\profiles\\acc_4\\profile\\DevToolsActivePort"
time="2026-01-06T10:37:31+08:00" level=info msg="cleanupUserDataLocks: cleaned 1 lock files"
time="2026-01-06T10:37:31+08:00" level=info msg="browser launch: ===== Attempt 1 START ====="
time="2026-01-06T10:37:31+08:00" level=info msg="browser launch: created independent attempt context with 30s timeout"
time="2026-01-06T10:37:31+08:00" level=info msg="browser launch: created launcher"
time="2026-01-06T10:37:31+08:00" level=info msg="browser launch: headless=true bin=\"D:\\\\test\\\\chromium\\\\chrome-win64\\\\chrome.exe\" userData=\"D:\\\\test\\\\xhs-data\\\\profiles\\\\acc_4\\\\profile\" proxy=\"\" (attempt 1)"
time="2026-01-06T10:37:31+08:00" level=info msg="browser launch args: --disable-background-networking --disable-background-timer-throttling --disable-backgrounding-occluded-windows --disable-breakpad --disable-client-side-phishing-detection --disable-component-extensions-with-background-pages --disable-default-apps --disable-dev-shm-usage --disable-features=site-per-process,TranslateUI --disable-hang-monitor --disable-ipc-flooding-protection --disable-popup-blocking --disable-prompt-on-repost --disable-renderer-backgrounding --disable-site-isolation-trials --disable-sync --enable-automation --enable-features=NetworkService,NetworkServiceInProcess --force-color-profile=srgb --headless --lang=zh-CN --metrics-recording-only --no-default-browser-check --no-first-run --no-sandbox --no-startup-window --remote-debugging-port=0 --use-mock-keychain --user-agent=Mozilla/5.0 (Macintosh; Intel Mac OS X 10_15_7) AppleWebKit/537.36 (KHTML, like Gecko) Chrome/125.0.0.144 Safari/537.36 --user-data-dir=D:\\test\\xhs-data\\profiles\\acc_4\\profile"
time="2026-01-06T10:37:31+08:00" level=info msg="browser launch: cleaning locks before launch"
time="2026-01-06T10:37:31+08:00" level=info msg="cleanupUserDataLocks: cleaning dir=D:\\test\\xhs-data\\profiles\\acc_4\\profile"
time="2026-01-06T10:37:31+08:00" level=debug msg="cleanupUserDataLocks: D:\\test\\xhs-data\\profiles\\acc_4\\profile\\SingletonLock does not exist"
time="2026-01-06T10:37:31+08:00" level=debug msg="cleanupUserDataLocks: D:\\test\\xhs-data\\profiles\\acc_4\\profile\\SingletonCookie does not exist"
time="2026-01-06T10:37:31+08:00" level=debug msg="cleanupUserDataLocks: D:\\test\\xhs-data\\profiles\\acc_4\\profile\\SingletonSocket does not exist"
time="2026-01-06T10:37:31+08:00" level=debug msg="cleanupUserDataLocks: D:\\test\\xhs-data\\profiles\\acc_4\\profile\\DevToolsActivePort does not exist"
time="2026-01-06T10:37:31+08:00" level=info msg="cleanupUserDataLocks: cleaned 0 lock files"
time="2026-01-06T10:37:31+08:00" level=info msg="browser launch: lock cleanup completed"
time="2026-01-06T10:37:31+08:00" level=info msg="browser launch: about to call l.Launch()..."
time="2026-01-06T10:37:31+08:00" level=info msg="browser launch: ===== Attempt 1 EXECUTING LAUNCH ====="
DevTools listening on ws://127.0.0.1:5339/devtools/browser/b1b90a11-2194-44e5-8b96-5d35a9d15e72
time="2026-01-06T10:37:31+08:00" level=info msg="browser launch: ===== Attempt 1 LAUNCH RETURNED (duration: 284.7159ms) ====="
time="2026-01-06T10:37:31+08:00" level=info msg="browser launch: SUCCESS! control url=ws://127.0.0.1:5339/devtools/browser/b1b90a11-2194-44e5-8b96-5d35a9d15e72"
time="2026-01-06T10:37:31+08:00" level=info msg="browser launch: ===== Attempt 1 COMPLETED SUCCESSFULLY ====="
time="2026-01-06T10:37:31+08:00" level=info msg="browser connect: connecting to Chromium"
time="2026-01-06T10:37:31+08:00" level=info msg="browser connect: success"
time="2026-01-06T10:37:31+08:00" level=debug msg="loaded cookies from D:\\test\\xhs-data\\cookies\\acc_4\\cookies.json"
time="2026-01-06T10:37:31+08:00" level=warning msg="apply fingerprint failed: eval js error: TypeError: Cannot read properties of undefined (reading 'apply')\n    at <anonymous>:29:7 <nil>"
time="2026-01-06T10:37:31+08:00" level=info msg="打开 feed 详情页: https://www.xiaohongshu.com/explore/6951ebd9000000002103fc51?xsec_token=ABrPBvmW2ZWHMAPA0V4t-Sf95iVYU5gYLrseYdP8n2clU=&xsec_source=pc_feed"
time="2026-01-06T10:37:31+08:00" level=info msg="配置: 点击更多=false, 回复阈值=10, 最大评论数=0, 滚动速度=normal"
[4512:4396:0106/103734.893:ERROR:components\device_event_log\device_event_log_impl.cc:198] [10:37:34.894] USB: usb_service_win.cc:105 SetupDiGetDeviceProperty({{A45C254E-DF1C-4EFD-8020-67D146A850E0}, 6}) failed: 找不到元素。 (0x490)
time="2026-01-06T10:37:35+08:00" level=warning msg="笔记不可访问: 当前笔记暂时无法浏览"
[GIN] 2026/01/06 - 10:37:36 | 200 |    5.4398079s |       127.0.0.1 | POST     "/mcp"
[GIN] 2026/01/06 - 10:37:36 | 200 |    5.4482114s |       127.0.0.1 | GET      "/mcp"
[GIN] 2026/01/06 - 10:37:54 | 200 |          5m0s |       127.0.0.1 | GET      "/mcp"
[GIN] 2026/01/06 - 10:38:06 | 200 |            0s |       127.0.0.1 | POST     "/mcp"
[GIN] 2026/01/06 - 10:38:06 | 202 |            0s |       127.0.0.1 | POST     "/mcp"
[GIN] 2026/01/06 - 10:38:06 | 200 |         520µs |       127.0.0.1 | POST     "/mcp"
time="2026-01-06T10:38:06+08:00" level=info msg="MCP: 获取Feed详情"
time="2026-01-06T10:38:06+08:00" level=info msg="MCP: 获取Feed详情 - Feed ID: 6951ebd9000000002103fc51, loadAllComments=false, config={ClickMoreReplies:false MaxRepliesThreshold:10 MaxCommentItems:0 ScrollSpeed:normal}"
time="2026-01-06T10:38:06+08:00" level=info msg="browser launch: using attempt-level timeout control"
time="2026-01-06T10:38:06+08:00" level=info msg="cleanupUserDataLocks: cleaning dir=D:\\test\\xhs-data\\profiles\\acc_4\\profile"
time="2026-01-06T10:38:06+08:00" level=debug msg="cleanupUserDataLocks: D:\\test\\xhs-data\\profiles\\acc_4\\profile\\SingletonLock does not exist"
time="2026-01-06T10:38:06+08:00" level=debug msg="cleanupUserDataLocks: D:\\test\\xhs-data\\profiles\\acc_4\\profile\\SingletonCookie does not exist"
time="2026-01-06T10:38:06+08:00" level=debug msg="cleanupUserDataLocks: D:\\test\\xhs-data\\profiles\\acc_4\\profile\\SingletonSocket does not exist"
time="2026-01-06T10:38:06+08:00" level=info msg="cleanupUserDataLocks: removed D:\\test\\xhs-data\\profiles\\acc_4\\profile\\DevToolsActivePort"
time="2026-01-06T10:38:06+08:00" level=info msg="cleanupUserDataLocks: cleaned 1 lock files"
time="2026-01-06T10:38:06+08:00" level=info msg="browser launch: ===== Attempt 1 START ====="
time="2026-01-06T10:38:06+08:00" level=info msg="browser launch: created independent attempt context with 30s timeout"
time="2026-01-06T10:38:06+08:00" level=info msg="browser launch: created launcher"
time="2026-01-06T10:38:06+08:00" level=info msg="browser launch: headless=true bin=\"D:\\\\test\\\\chromium\\\\chrome-win64\\\\chrome.exe\" userData=\"D:\\\\test\\\\xhs-data\\\\profiles\\\\acc_4\\\\profile\" proxy=\"\" (attempt 1)"
time="2026-01-06T10:38:06+08:00" level=info msg="browser launch args: --disable-background-networking --disable-background-timer-throttling --disable-backgrounding-occluded-windows --disable-breakpad --disable-client-side-phishing-detection --disable-component-extensions-with-background-pages --disable-default-apps --disable-dev-shm-usage --disable-features=site-per-process,TranslateUI --disable-hang-monitor --disable-ipc-flooding-protection --disable-popup-blocking --disable-prompt-on-repost --disable-renderer-backgrounding --disable-site-isolation-trials --disable-sync --enable-automation --enable-features=NetworkService,NetworkServiceInProcess --force-color-profile=srgb --headless --lang=zh-CN --metrics-recording-only --no-default-browser-check --no-first-run --no-sandbox --no-startup-window --remote-debugging-port=0 --use-mock-keychain --user-agent=Mozilla/5.0 (Macintosh; Intel Mac OS X 10_15_7) AppleWebKit/537.36 (KHTML, like Gecko) Chrome/125.0.0.144 Safari/537.36 --user-data-dir=D:\\test\\xhs-data\\profiles\\acc_4\\profile"
time="2026-01-06T10:38:06+08:00" level=info msg="browser launch: cleaning locks before launch"
time="2026-01-06T10:38:06+08:00" level=info msg="cleanupUserDataLocks: cleaning dir=D:\\test\\xhs-data\\profiles\\acc_4\\profile"
time="2026-01-06T10:38:06+08:00" level=debug msg="cleanupUserDataLocks: D:\\test\\xhs-data\\profiles\\acc_4\\profile\\SingletonLock does not exist"
time="2026-01-06T10:38:06+08:00" level=debug msg="cleanupUserDataLocks: D:\\test\\xhs-data\\profiles\\acc_4\\profile\\SingletonCookie does not exist"
time="2026-01-06T10:38:06+08:00" level=debug msg="cleanupUserDataLocks: D:\\test\\xhs-data\\profiles\\acc_4\\profile\\SingletonSocket does not exist"
time="2026-01-06T10:38:06+08:00" level=debug msg="cleanupUserDataLocks: D:\\test\\xhs-data\\profiles\\acc_4\\profile\\DevToolsActivePort does not exist"
time="2026-01-06T10:38:06+08:00" level=info msg="cleanupUserDataLocks: cleaned 0 lock files"
time="2026-01-06T10:38:06+08:00" level=info msg="browser launch: lock cleanup completed"
time="2026-01-06T10:38:06+08:00" level=info msg="browser launch: about to call l.Launch()..."
time="2026-01-06T10:38:06+08:00" level=info msg="browser launch: ===== Attempt 1 EXECUTING LAUNCH ====="
DevTools listening on ws://127.0.0.1:14564/devtools/browser/5fe0b21a-5ed9-49cf-8779-71b39a85bf3e
time="2026-01-06T10:38:07+08:00" level=info msg="browser launch: ===== Attempt 1 LAUNCH RETURNED (duration: 258.7684ms) ====="
time="2026-01-06T10:38:07+08:00" level=info msg="browser launch: SUCCESS! control url=ws://127.0.0.1:14564/devtools/browser/5fe0b21a-5ed9-49cf-8779-71b39a85bf3e"
time="2026-01-06T10:38:07+08:00" level=info msg="browser launch: ===== Attempt 1 COMPLETED SUCCESSFULLY ====="
time="2026-01-06T10:38:07+08:00" level=info msg="browser connect: connecting to Chromium"
time="2026-01-06T10:38:07+08:00" level=info msg="browser connect: success"
time="2026-01-06T10:38:07+08:00" level=debug msg="loaded cookies from D:\\test\\xhs-data\\cookies\\acc_4\\cookies.json"
time="2026-01-06T10:38:07+08:00" level=warning msg="apply fingerprint failed: eval js error: TypeError: Cannot read properties of undefined (reading 'apply')\n    at <anonymous>:29:7 <nil>"
time="2026-01-06T10:38:07+08:00" level=info msg="打开 feed 详情页: https://www.xiaohongshu.com/explore/6951ebd9000000002103fc51?xsec_token=ABrPBvmW2ZWHMAPA0V4t-Sf95iVYU5gYLrseYdP8n2clU=&xsec_source=pc_feed"
time="2026-01-06T10:38:07+08:00" level=info msg="配置: 点击更多=false, 回复阈值=10, 最大评论数=0, 滚动速度=normal"
[2516:4396:0106/103810.352:ERROR:components\device_event_log\device_event_log_impl.cc:198] [10:38:10.353] USB: usb_service_win.cc:105 SetupDiGetDeviceProperty({{A45C254E-DF1C-4EFD-8020-67D146A850E0}, 6}) failed: 找不到元素。 (0x490)
time="2026-01-06T10:38:11+08:00" level=warning msg="笔记不可访问: 当前笔记暂时无法浏览"
[GIN] 2026/01/06 - 10:38:12 | 200 |    5.3068773s |       127.0.0.1 | POST     "/mcp"
[GIN] 2026/01/06 - 10:38:12 | 200 |    5.3145654s |       127.0.0.1 | GET      "/mcp"
[GIN] 2026/01/06 - 10:38:43 | 200 |            0s |       127.0.0.1 | POST     "/mcp"
[GIN] 2026/01/06 - 10:38:43 | 202 |            0s |       127.0.0.1 | POST     "/mcp"
[GIN] 2026/01/06 - 10:38:43 | 200 |       510.4µs |       127.0.0.1 | POST     "/mcp"
time="2026-01-06T10:38:43+08:00" level=info msg="MCP: 获取Feed详情"
time="2026-01-06T10:38:43+08:00" level=info msg="MCP: 获取Feed详情 - Feed ID: 67e7b7d7000000001c02c6c9, loadAllComments=false, config={ClickMoreReplies:false MaxRepliesThreshold:10 MaxCommentItems:0 ScrollSpeed:normal}"
time="2026-01-06T10:38:43+08:00" level=info msg="browser launch: using attempt-level timeout control"
time="2026-01-06T10:38:43+08:00" level=info msg="cleanupUserDataLocks: cleaning dir=D:\\test\\xhs-data\\profiles\\acc_4\\profile"
time="2026-01-06T10:38:43+08:00" level=debug msg="cleanupUserDataLocks: D:\\test\\xhs-data\\profiles\\acc_4\\profile\\SingletonLock does not exist"
time="2026-01-06T10:38:43+08:00" level=debug msg="cleanupUserDataLocks: D:\\test\\xhs-data\\profiles\\acc_4\\profile\\SingletonCookie does not exist"
time="2026-01-06T10:38:43+08:00" level=debug msg="cleanupUserDataLocks: D:\\test\\xhs-data\\profiles\\acc_4\\profile\\SingletonSocket does not exist"
time="2026-01-06T10:38:43+08:00" level=info msg="cleanupUserDataLocks: removed D:\\test\\xhs-data\\profiles\\acc_4\\profile\\DevToolsActivePort"
time="2026-01-06T10:38:43+08:00" level=info msg="cleanupUserDataLocks: cleaned 1 lock files"
time="2026-01-06T10:38:43+08:00" level=info msg="browser launch: ===== Attempt 1 START ====="
time="2026-01-06T10:38:43+08:00" level=info msg="browser launch: created independent attempt context with 30s timeout"
time="2026-01-06T10:38:43+08:00" level=info msg="browser launch: created launcher"
time="2026-01-06T10:38:43+08:00" level=info msg="browser launch: headless=true bin=\"D:\\\\test\\\\chromium\\\\chrome-win64\\\\chrome.exe\" userData=\"D:\\\\test\\\\xhs-data\\\\profiles\\\\acc_4\\\\profile\" proxy=\"\" (attempt 1)"
time="2026-01-06T10:38:43+08:00" level=info msg="browser launch args: --disable-background-networking --disable-background-timer-throttling --disable-backgrounding-occluded-windows --disable-breakpad --disable-client-side-phishing-detection --disable-component-extensions-with-background-pages --disable-default-apps --disable-dev-shm-usage --disable-features=site-per-process,TranslateUI --disable-hang-monitor --disable-ipc-flooding-protection --disable-popup-blocking --disable-prompt-on-repost --disable-renderer-backgrounding --disable-site-isolation-trials --disable-sync --enable-automation --enable-features=NetworkService,NetworkServiceInProcess --force-color-profile=srgb --headless --lang=zh-CN --metrics-recording-only --no-default-browser-check --no-first-run --no-sandbox --no-startup-window --remote-debugging-port=0 --use-mock-keychain --user-agent=Mozilla/5.0 (Macintosh; Intel Mac OS X 10_15_7) AppleWebKit/537.36 (KHTML, like Gecko) Chrome/125.0.0.144 Safari/537.36 --user-data-dir=D:\\test\\xhs-data\\profiles\\acc_4\\profile"
time="2026-01-06T10:38:43+08:00" level=info msg="browser launch: cleaning locks before launch"
time="2026-01-06T10:38:43+08:00" level=info msg="cleanupUserDataLocks: cleaning dir=D:\\test\\xhs-data\\profiles\\acc_4\\profile"
time="2026-01-06T10:38:43+08:00" level=debug msg="cleanupUserDataLocks: D:\\test\\xhs-data\\profiles\\acc_4\\profile\\SingletonLock does not exist"
time="2026-01-06T10:38:43+08:00" level=debug msg="cleanupUserDataLocks: D:\\test\\xhs-data\\profiles\\acc_4\\profile\\SingletonCookie does not exist"
time="2026-01-06T10:38:43+08:00" level=debug msg="cleanupUserDataLocks: D:\\test\\xhs-data\\profiles\\acc_4\\profile\\SingletonSocket does not exist"
time="2026-01-06T10:38:43+08:00" level=debug msg="cleanupUserDataLocks: D:\\test\\xhs-data\\profiles\\acc_4\\profile\\DevToolsActivePort does not exist"
time="2026-01-06T10:38:43+08:00" level=info msg="cleanupUserDataLocks: cleaned 0 lock files"
time="2026-01-06T10:38:43+08:00" level=info msg="browser launch: lock cleanup completed"
time="2026-01-06T10:38:43+08:00" level=info msg="browser launch: about to call l.Launch()..."
time="2026-01-06T10:38:43+08:00" level=info msg="browser launch: ===== Attempt 1 EXECUTING LAUNCH ====="
DevTools listening on ws://127.0.0.1:7206/devtools/browser/117ce1e5-4f08-4e53-b740-c3cfac679aae
time="2026-01-06T10:38:43+08:00" level=info msg="browser launch: ===== Attempt 1 LAUNCH RETURNED (duration: 265.7614ms) ====="
time="2026-01-06T10:38:43+08:00" level=info msg="browser launch: SUCCESS! control url=ws://127.0.0.1:7206/devtools/browser/117ce1e5-4f08-4e53-b740-c3cfac679aae"
time="2026-01-06T10:38:43+08:00" level=info msg="browser launch: ===== Attempt 1 COMPLETED SUCCESSFULLY ====="
time="2026-01-06T10:38:43+08:00" level=info msg="browser connect: connecting to Chromium"
time="2026-01-06T10:38:43+08:00" level=info msg="browser connect: success"
time="2026-01-06T10:38:43+08:00" level=debug msg="loaded cookies from D:\\test\\xhs-data\\cookies\\acc_4\\cookies.json"
time="2026-01-06T10:38:44+08:00" level=warning msg="apply fingerprint failed: eval js error: TypeError: Cannot read properties of undefined (reading 'apply')\n    at <anonymous>:29:7 <nil>"
time="2026-01-06T10:38:44+08:00" level=info msg="打开 feed 详情页: https://www.xiaohongshu.com/explore/67e7b7d7000000001c02c6c9?xsec_token=ABaTUCDsQe7JWr94MkdXK0AbjM4TZatUmz-lXzWvThZtA=&xsec_source=pc_feed"
time="2026-01-06T10:38:44+08:00" level=info msg="配置: 点击更多=false, 回复阈值=10, 最大评论数=0, 滚动速度=normal"
[20412:23876:0106/103849.002:ERROR:components\device_event_log\device_event_log_impl.cc:198] [10:38:49.002] USB: usb_service_win.cc:105 SetupDiGetDeviceProperty({{A45C254E-DF1C-4EFD-8020-67D146A850E0}, 6}) failed: 找不到元素。 (0x490)
[20412:21704:0106/103850.030:ERROR:google_apis\gcm\engine\registration_request.cc:292] Registration response error message: QUOTA_EXCEEDED
[GIN] 2026/01/06 - 10:38:51 | 200 |    8.3609529s |       127.0.0.1 | POST     "/mcp"
[GIN] 2026/01/06 - 10:38:51 | 200 |     8.370674s |       127.0.0.1 | GET      "/mcp"
[GIN] 2026/01/06 - 10:39:49 | 200 |       505.4µs |       127.0.0.1 | POST     "/mcp"
[GIN] 2026/01/06 - 10:39:49 | 202 |            0s |       127.0.0.1 | POST     "/mcp"
[GIN] 2026/01/06 - 10:39:49 | 200 |       645.2µs |       127.0.0.1 | POST     "/mcp"
time="2026-01-06T10:39:49+08:00" level=info msg="MCP: 获取Feed详情"
time="2026-01-06T10:39:49+08:00" level=info msg="MCP: 获取Feed详情 - Feed ID: 65d36385000000000700456e, loadAllComments=false, config={ClickMoreReplies:false MaxRepliesThreshold:10 MaxCommentItems:0 ScrollSpeed:normal}"
time="2026-01-06T10:39:49+08:00" level=info msg="browser launch: using attempt-level timeout control"
time="2026-01-06T10:39:49+08:00" level=info msg="cleanupUserDataLocks: cleaning dir=D:\\test\\xhs-data\\profiles\\acc_4\\profile"
time="2026-01-06T10:39:49+08:00" level=debug msg="cleanupUserDataLocks: D:\\test\\xhs-data\\profiles\\acc_4\\profile\\SingletonLock does not exist"
time="2026-01-06T10:39:49+08:00" level=debug msg="cleanupUserDataLocks: D:\\test\\xhs-data\\profiles\\acc_4\\profile\\SingletonCookie does not exist"
time="2026-01-06T10:39:49+08:00" level=debug msg="cleanupUserDataLocks: D:\\test\\xhs-data\\profiles\\acc_4\\profile\\SingletonSocket does not exist"
time="2026-01-06T10:39:49+08:00" level=info msg="cleanupUserDataLocks: removed D:\\test\\xhs-data\\profiles\\acc_4\\profile\\DevToolsActivePort"
time="2026-01-06T10:39:49+08:00" level=info msg="cleanupUserDataLocks: cleaned 1 lock files"
time="2026-01-06T10:39:49+08:00" level=info msg="browser launch: ===== Attempt 1 START ====="
time="2026-01-06T10:39:49+08:00" level=info msg="browser launch: created independent attempt context with 30s timeout"
time="2026-01-06T10:39:49+08:00" level=info msg="browser launch: created launcher"
time="2026-01-06T10:39:49+08:00" level=info msg="browser launch: headless=true bin=\"D:\\\\test\\\\chromium\\\\chrome-win64\\\\chrome.exe\" userData=\"D:\\\\test\\\\xhs-data\\\\profiles\\\\acc_4\\\\profile\" proxy=\"\" (attempt 1)"
time="2026-01-06T10:39:49+08:00" level=info msg="browser launch args: --disable-background-networking --disable-background-timer-throttling --disable-backgrounding-occluded-windows --disable-breakpad --disable-client-side-phishing-detection --disable-component-extensions-with-background-pages --disable-default-apps --disable-dev-shm-usage --disable-features=site-per-process,TranslateUI --disable-hang-monitor --disable-ipc-flooding-protection --disable-popup-blocking --disable-prompt-on-repost --disable-renderer-backgrounding --disable-site-isolation-trials --disable-sync --enable-automation --enable-features=NetworkService,NetworkServiceInProcess --force-color-profile=srgb --headless --lang=zh-CN --metrics-recording-only --no-default-browser-check --no-first-run --no-sandbox --no-startup-window --remote-debugging-port=0 --use-mock-keychain --user-agent=Mozilla/5.0 (Macintosh; Intel Mac OS X 10_15_7) AppleWebKit/537.36 (KHTML, like Gecko) Chrome/125.0.0.144 Safari/537.36 --user-data-dir=D:\\test\\xhs-data\\profiles\\acc_4\\profile"
time="2026-01-06T10:39:49+08:00" level=info msg="browser launch: cleaning locks before launch"
time="2026-01-06T10:39:49+08:00" level=info msg="cleanupUserDataLocks: cleaning dir=D:\\test\\xhs-data\\profiles\\acc_4\\profile"
time="2026-01-06T10:39:49+08:00" level=debug msg="cleanupUserDataLocks: D:\\test\\xhs-data\\profiles\\acc_4\\profile\\SingletonLock does not exist"
time="2026-01-06T10:39:49+08:00" level=debug msg="cleanupUserDataLocks: D:\\test\\xhs-data\\profiles\\acc_4\\profile\\SingletonCookie does not exist"
time="2026-01-06T10:39:49+08:00" level=debug msg="cleanupUserDataLocks: D:\\test\\xhs-data\\profiles\\acc_4\\profile\\SingletonSocket does not exist"
time="2026-01-06T10:39:49+08:00" level=debug msg="cleanupUserDataLocks: D:\\test\\xhs-data\\profiles\\acc_4\\profile\\DevToolsActivePort does not exist"
time="2026-01-06T10:39:49+08:00" level=info msg="cleanupUserDataLocks: cleaned 0 lock files"
time="2026-01-06T10:39:49+08:00" level=info msg="browser launch: lock cleanup completed"
time="2026-01-06T10:39:49+08:00" level=info msg="browser launch: about to call l.Launch()..."
time="2026-01-06T10:39:49+08:00" level=info msg="browser launch: ===== Attempt 1 EXECUTING LAUNCH ====="
DevTools listening on ws://127.0.0.1:10402/devtools/browser/50da26e6-0efa-4bd7-85eb-cf08d531a858
time="2026-01-06T10:39:49+08:00" level=info msg="browser launch: ===== Attempt 1 LAUNCH RETURNED (duration: 304.7183ms) ====="
time="2026-01-06T10:39:49+08:00" level=info msg="browser launch: SUCCESS! control url=ws://127.0.0.1:10402/devtools/browser/50da26e6-0efa-4bd7-85eb-cf08d531a858"
time="2026-01-06T10:39:49+08:00" level=info msg="browser launch: ===== Attempt 1 COMPLETED SUCCESSFULLY ====="
time="2026-01-06T10:39:49+08:00" level=info msg="browser connect: connecting to Chromium"
time="2026-01-06T10:39:49+08:00" level=info msg="browser connect: success"
time="2026-01-06T10:39:49+08:00" level=debug msg="loaded cookies from D:\\test\\xhs-data\\cookies\\acc_4\\cookies.json"
time="2026-01-06T10:39:49+08:00" level=warning msg="apply fingerprint failed: eval js error: TypeError: Cannot read properties of undefined (reading 'apply')\n    at <anonymous>:29:7 <nil>"
time="2026-01-06T10:39:49+08:00" level=info msg="打开 feed 详情页: https://www.xiaohongshu.com/explore/65d36385000000000700456e?xsec_token=ABOxDjMQSEGrK4r5snWROKSloJVu9ZLPCnGZlCkKTWYM8=&xsec_source=pc_feed"
time="2026-01-06T10:39:49+08:00" level=info msg="配置: 点击更多=false, 回复阈值=10, 最大评论数=0, 滚动速度=normal"
[13184:3028:0106/103953.754:ERROR:components\device_event_log\device_event_log_impl.cc:198] [10:39:53.755] USB: usb_service_win.cc:105 SetupDiGetDeviceProperty({{A45C254E-DF1C-4EFD-8020-67D146A850E0}, 6}) failed: 找不到元素。 (0x490)
[13184:22012:0106/103954.808:ERROR:google_apis\gcm\engine\registration_request.cc:292] Registration response error message: DEPRECATED_ENDPOINT
[GIN] 2026/01/06 - 10:39:57 | 200 |    8.4506308s |       127.0.0.1 | POST     "/mcp"
[GIN] 2026/01/06 - 10:39:57 | 200 |    8.4581624s |       127.0.0.1 | GET      "/mcp"
[GIN] 2026/01/06 - 10:40:34 | 200 |       526.5µs |       127.0.0.1 | POST     "/mcp"
[GIN] 2026/01/06 - 10:40:34 | 202 |            0s |       127.0.0.1 | POST     "/mcp"
[GIN] 2026/01/06 - 10:40:34 | 200 |       519.8µs |       127.0.0.1 | POST     "/mcp"
time="2026-01-06T10:40:34+08:00" level=info msg="MCP: 获取Feed详情"
time="2026-01-06T10:40:34+08:00" level=info msg="MCP: 获取Feed详情 - Feed ID: 69464186000000000d00f72a, loadAllComments=false, config={ClickMoreReplies:false MaxRepliesThreshold:10 MaxCommentItems:0 ScrollSpeed:normal}"
time="2026-01-06T10:40:34+08:00" level=info msg="browser launch: using attempt-level timeout control"
time="2026-01-06T10:40:34+08:00" level=info msg="cleanupUserDataLocks: cleaning dir=D:\\test\\xhs-data\\profiles\\acc_4\\profile"
time="2026-01-06T10:40:34+08:00" level=debug msg="cleanupUserDataLocks: D:\\test\\xhs-data\\profiles\\acc_4\\profile\\SingletonLock does not exist"
time="2026-01-06T10:40:34+08:00" level=debug msg="cleanupUserDataLocks: D:\\test\\xhs-data\\profiles\\acc_4\\profile\\SingletonCookie does not exist"
time="2026-01-06T10:40:34+08:00" level=debug msg="cleanupUserDataLocks: D:\\test\\xhs-data\\profiles\\acc_4\\profile\\SingletonSocket does not exist"
time="2026-01-06T10:40:34+08:00" level=info msg="cleanupUserDataLocks: removed D:\\test\\xhs-data\\profiles\\acc_4\\profile\\DevToolsActivePort"
time="2026-01-06T10:40:34+08:00" level=info msg="cleanupUserDataLocks: cleaned 1 lock files"
time="2026-01-06T10:40:34+08:00" level=info msg="browser launch: ===== Attempt 1 START ====="
time="2026-01-06T10:40:34+08:00" level=info msg="browser launch: created independent attempt context with 30s timeout"
time="2026-01-06T10:40:34+08:00" level=info msg="browser launch: created launcher"
time="2026-01-06T10:40:34+08:00" level=info msg="browser launch: headless=true bin=\"D:\\\\test\\\\chromium\\\\chrome-win64\\\\chrome.exe\" userData=\"D:\\\\test\\\\xhs-data\\\\profiles\\\\acc_4\\\\profile\" proxy=\"\" (attempt 1)"
time="2026-01-06T10:40:34+08:00" level=info msg="browser launch args: --disable-background-networking --disable-background-timer-throttling --disable-backgrounding-occluded-windows --disable-breakpad --disable-client-side-phishing-detection --disable-component-extensions-with-background-pages --disable-default-apps --disable-dev-shm-usage --disable-features=site-per-process,TranslateUI --disable-hang-monitor --disable-ipc-flooding-protection --disable-popup-blocking --disable-prompt-on-repost --disable-renderer-backgrounding --disable-site-isolation-trials --disable-sync --enable-automation --enable-features=NetworkService,NetworkServiceInProcess --force-color-profile=srgb --headless --lang=zh-CN --metrics-recording-only --no-default-browser-check --no-first-run --no-sandbox --no-startup-window --remote-debugging-port=0 --use-mock-keychain --user-agent=Mozilla/5.0 (Macintosh; Intel Mac OS X 10_15_7) AppleWebKit/537.36 (KHTML, like Gecko) Chrome/125.0.0.144 Safari/537.36 --user-data-dir=D:\\test\\xhs-data\\profiles\\acc_4\\profile"
time="2026-01-06T10:40:34+08:00" level=info msg="browser launch: cleaning locks before launch"
time="2026-01-06T10:40:34+08:00" level=info msg="cleanupUserDataLocks: cleaning dir=D:\\test\\xhs-data\\profiles\\acc_4\\profile"
time="2026-01-06T10:40:34+08:00" level=debug msg="cleanupUserDataLocks: D:\\test\\xhs-data\\profiles\\acc_4\\profile\\SingletonLock does not exist"
time="2026-01-06T10:40:34+08:00" level=debug msg="cleanupUserDataLocks: D:\\test\\xhs-data\\profiles\\acc_4\\profile\\SingletonCookie does not exist"
time="2026-01-06T10:40:34+08:00" level=debug msg="cleanupUserDataLocks: D:\\test\\xhs-data\\profiles\\acc_4\\profile\\SingletonSocket does not exist"
time="2026-01-06T10:40:34+08:00" level=debug msg="cleanupUserDataLocks: D:\\test\\xhs-data\\profiles\\acc_4\\profile\\DevToolsActivePort does not exist"
time="2026-01-06T10:40:34+08:00" level=info msg="cleanupUserDataLocks: cleaned 0 lock files"
time="2026-01-06T10:40:34+08:00" level=info msg="browser launch: lock cleanup completed"
time="2026-01-06T10:40:34+08:00" level=info msg="browser launch: about to call l.Launch()..."
time="2026-01-06T10:40:34+08:00" level=info msg="browser launch: ===== Attempt 1 EXECUTING LAUNCH ====="
DevTools listening on ws://127.0.0.1:11464/devtools/browser/1d29c05f-f298-44fb-8144-8fd03d2e4d11
time="2026-01-06T10:40:34+08:00" level=info msg="browser launch: ===== Attempt 1 LAUNCH RETURNED (duration: 280.3928ms) ====="
time="2026-01-06T10:40:34+08:00" level=info msg="browser launch: SUCCESS! control url=ws://127.0.0.1:11464/devtools/browser/1d29c05f-f298-44fb-8144-8fd03d2e4d11"
time="2026-01-06T10:40:34+08:00" level=info msg="browser launch: ===== Attempt 1 COMPLETED SUCCESSFULLY ====="
time="2026-01-06T10:40:34+08:00" level=info msg="browser connect: connecting to Chromium"
time="2026-01-06T10:40:34+08:00" level=info msg="browser connect: success"
time="2026-01-06T10:40:34+08:00" level=debug msg="loaded cookies from D:\\test\\xhs-data\\cookies\\acc_4\\cookies.json"
time="2026-01-06T10:40:34+08:00" level=warning msg="apply fingerprint failed: eval js error: TypeError: Cannot read properties of undefined (reading 'apply')\n    at <anonymous>:29:7 <nil>"
time="2026-01-06T10:40:34+08:00" level=info msg="打开 feed 详情页: https://www.xiaohongshu.com/explore/69464186000000000d00f72a?xsec_token=ABp2xtJYBk3jNPBgMSmTPfNEmw6q4iIJimtkoOpcCJE1s=&xsec_source=pc_feed"
time="2026-01-06T10:40:34+08:00" level=info msg="配置: 点击更多=false, 回复阈值=10, 最大评论数=0, 滚动速度=normal"
[21020:16900:0106/104037.716:ERROR:components\device_event_log\device_event_log_impl.cc:198] [10:40:37.716] USB: usb_service_win.cc:105 SetupDiGetDeviceProperty({{A45C254E-DF1C-4EFD-8020-67D146A850E0}, 6}) failed: 找不到元素。 (0x490)
[21020:23896:0106/104038.805:ERROR:google_apis\gcm\engine\registration_request.cc:292] Registration response error message: DEPRECATED_ENDPOINT
[GIN] 2026/01/06 - 10:40:42 | 200 |    8.3126744s |       127.0.0.1 | POST     "/mcp"
[GIN] 2026/01/06 - 10:40:42 | 200 |     8.320323s |       127.0.0.1 | GET      "/mcp"
[GIN] 2026/01/06 - 10:40:51 | 200 |          5m0s |       127.0.0.1 | GET      "/mcp"
[GIN] 2026/01/06 - 10:41:21 | 200 |          5m0s |       127.0.0.1 | GET      "/mcp"
[GIN] 2026/01/06 - 10:41:28 | 200 |          5m0s |       127.0.0.1 | GET      "/mcp"
[GIN] 2026/01/06 - 10:41:33 | 200 |            0s |       127.0.0.1 | POST     "/mcp"
[GIN] 2026/01/06 - 10:41:33 | 202 |            0s |       127.0.0.1 | POST     "/mcp"
[GIN] 2026/01/06 - 10:41:33 | 200 |       508.4µs |       127.0.0.1 | POST     "/mcp"
time="2026-01-06T10:41:33+08:00" level=info msg="MCP: 获取Feed详情"
time="2026-01-06T10:41:33+08:00" level=info msg="MCP: 获取Feed详情 - Feed ID: 692417ab000000001e02eb1b, loadAllComments=false, config={ClickMoreReplies:false MaxRepliesThreshold:10 MaxCommentItems:0 ScrollSpeed:normal}"
time="2026-01-06T10:41:33+08:00" level=info msg="browser launch: using attempt-level timeout control"
time="2026-01-06T10:41:33+08:00" level=info msg="cleanupUserDataLocks: cleaning dir=D:\\test\\xhs-data\\profiles\\acc_4\\profile"
time="2026-01-06T10:41:33+08:00" level=debug msg="cleanupUserDataLocks: D:\\test\\xhs-data\\profiles\\acc_4\\profile\\SingletonLock does not exist"
time="2026-01-06T10:41:33+08:00" level=debug msg="cleanupUserDataLocks: D:\\test\\xhs-data\\profiles\\acc_4\\profile\\SingletonCookie does not exist"
time="2026-01-06T10:41:33+08:00" level=debug msg="cleanupUserDataLocks: D:\\test\\xhs-data\\profiles\\acc_4\\profile\\SingletonSocket does not exist"
time="2026-01-06T10:41:33+08:00" level=info msg="cleanupUserDataLocks: removed D:\\test\\xhs-data\\profiles\\acc_4\\profile\\DevToolsActivePort"
time="2026-01-06T10:41:33+08:00" level=info msg="cleanupUserDataLocks: cleaned 1 lock files"
time="2026-01-06T10:41:33+08:00" level=info msg="browser launch: ===== Attempt 1 START ====="
time="2026-01-06T10:41:33+08:00" level=info msg="browser launch: created independent attempt context with 30s timeout"
time="2026-01-06T10:41:33+08:00" level=info msg="browser launch: created launcher"
time="2026-01-06T10:41:33+08:00" level=info msg="browser launch: headless=true bin=\"D:\\\\test\\\\chromium\\\\chrome-win64\\\\chrome.exe\" userData=\"D:\\\\test\\\\xhs-data\\\\profiles\\\\acc_4\\\\profile\" proxy=\"\" (attempt 1)"
time="2026-01-06T10:41:33+08:00" level=info msg="browser launch args: --disable-background-networking --disable-background-timer-throttling --disable-backgrounding-occluded-windows --disable-breakpad --disable-client-side-phishing-detection --disable-component-extensions-with-background-pages --disable-default-apps --disable-dev-shm-usage --disable-features=site-per-process,TranslateUI --disable-hang-monitor --disable-ipc-flooding-protection --disable-popup-blocking --disable-prompt-on-repost --disable-renderer-backgrounding --disable-site-isolation-trials --disable-sync --enable-automation --enable-features=NetworkService,NetworkServiceInProcess --force-color-profile=srgb --headless --lang=zh-CN --metrics-recording-only --no-default-browser-check --no-first-run --no-sandbox --no-startup-window --remote-debugging-port=0 --use-mock-keychain --user-agent=Mozilla/5.0 (Macintosh; Intel Mac OS X 10_15_7) AppleWebKit/537.36 (KHTML, like Gecko) Chrome/125.0.0.144 Safari/537.36 --user-data-dir=D:\\test\\xhs-data\\profiles\\acc_4\\profile"
time="2026-01-06T10:41:33+08:00" level=info msg="browser launch: cleaning locks before launch"
time="2026-01-06T10:41:33+08:00" level=info msg="cleanupUserDataLocks: cleaning dir=D:\\test\\xhs-data\\profiles\\acc_4\\profile"
time="2026-01-06T10:41:33+08:00" level=debug msg="cleanupUserDataLocks: D:\\test\\xhs-data\\profiles\\acc_4\\profile\\SingletonLock does not exist"
time="2026-01-06T10:41:33+08:00" level=debug msg="cleanupUserDataLocks: D:\\test\\xhs-data\\profiles\\acc_4\\profile\\SingletonCookie does not exist"
time="2026-01-06T10:41:33+08:00" level=debug msg="cleanupUserDataLocks: D:\\test\\xhs-data\\profiles\\acc_4\\profile\\SingletonSocket does not exist"
time="2026-01-06T10:41:33+08:00" level=debug msg="cleanupUserDataLocks: D:\\test\\xhs-data\\profiles\\acc_4\\profile\\DevToolsActivePort does not exist"
time="2026-01-06T10:41:33+08:00" level=info msg="cleanupUserDataLocks: cleaned 0 lock files"
time="2026-01-06T10:41:33+08:00" level=info msg="browser launch: lock cleanup completed"
time="2026-01-06T10:41:33+08:00" level=info msg="browser launch: about to call l.Launch()..."
time="2026-01-06T10:41:33+08:00" level=info msg="browser launch: ===== Attempt 1 EXECUTING LAUNCH ====="
DevTools listening on ws://127.0.0.1:5014/devtools/browser/c9b05757-cf8a-428d-b49a-90a8e9db1e94
time="2026-01-06T10:41:33+08:00" level=info msg="browser launch: ===== Attempt 1 LAUNCH RETURNED (duration: 254.9043ms) ====="
time="2026-01-06T10:41:33+08:00" level=info msg="browser launch: SUCCESS! control url=ws://127.0.0.1:5014/devtools/browser/c9b05757-cf8a-428d-b49a-90a8e9db1e94"
time="2026-01-06T10:41:33+08:00" level=info msg="browser launch: ===== Attempt 1 COMPLETED SUCCESSFULLY ====="
time="2026-01-06T10:41:33+08:00" level=info msg="browser connect: connecting to Chromium"
time="2026-01-06T10:41:33+08:00" level=info msg="browser connect: success"
time="2026-01-06T10:41:33+08:00" level=debug msg="loaded cookies from D:\\test\\xhs-data\\cookies\\acc_4\\cookies.json"
time="2026-01-06T10:41:33+08:00" level=warning msg="apply fingerprint failed: eval js error: TypeError: Cannot read properties of undefined (reading 'apply')\n    at <anonymous>:29:7 <nil>"
time="2026-01-06T10:41:33+08:00" level=info msg="打开 feed 详情页: https://www.xiaohongshu.com/explore/692417ab000000001e02eb1b?xsec_token=ABVoul4bqS21dKUwsYDxn9bXA4H0_aPzpR-WweoIUTZ2s=&xsec_source=pc_feed"
time="2026-01-06T10:41:33+08:00" level=info msg="配置: 点击更多=false, 回复阈值=10, 最大评论数=0, 滚动速度=normal"
[19808:23240:0106/104136.467:ERROR:components\device_event_log\device_event_log_impl.cc:198] [10:41:36.467] USB: usb_service_win.cc:105 SetupDiGetDeviceProperty({{A45C254E-DF1C-4EFD-8020-67D146A850E0}, 6}) failed: 找不到元素。 (0x490)
time="2026-01-06T10:41:37+08:00" level=warning msg="笔记不可访问: 当前笔记暂时无法浏览"
[GIN] 2026/01/06 - 10:41:38 | 200 |    5.2764885s |       127.0.0.1 | POST     "/mcp"
[GIN] 2026/01/06 - 10:41:38 | 200 |    5.2862514s |       127.0.0.1 | GET      "/mcp"
[GIN] 2026/01/06 - 10:42:08 | 200 |       909.1µs |       127.0.0.1 | POST     "/mcp"
[GIN] 2026/01/06 - 10:42:08 | 202 |            0s |       127.0.0.1 | POST     "/mcp"
[GIN] 2026/01/06 - 10:42:08 | 200 |            0s |       127.0.0.1 | POST     "/mcp"
time="2026-01-06T10:42:08+08:00" level=info msg="MCP: 获取Feed详情"
time="2026-01-06T10:42:08+08:00" level=info msg="MCP: 获取Feed详情 - Feed ID: 692417ab000000001e02eb1b, loadAllComments=false, config={ClickMoreReplies:false MaxRepliesThreshold:10 MaxCommentItems:0 ScrollSpeed:normal}"
time="2026-01-06T10:42:08+08:00" level=info msg="browser launch: using attempt-level timeout control"
time="2026-01-06T10:42:08+08:00" level=info msg="cleanupUserDataLocks: cleaning dir=D:\\test\\xhs-data\\profiles\\acc_4\\profile"
time="2026-01-06T10:42:08+08:00" level=debug msg="cleanupUserDataLocks: D:\\test\\xhs-data\\profiles\\acc_4\\profile\\SingletonLock does not exist"
time="2026-01-06T10:42:08+08:00" level=debug msg="cleanupUserDataLocks: D:\\test\\xhs-data\\profiles\\acc_4\\profile\\SingletonCookie does not exist"
time="2026-01-06T10:42:08+08:00" level=debug msg="cleanupUserDataLocks: D:\\test\\xhs-data\\profiles\\acc_4\\profile\\SingletonSocket does not exist"
time="2026-01-06T10:42:08+08:00" level=info msg="cleanupUserDataLocks: removed D:\\test\\xhs-data\\profiles\\acc_4\\profile\\DevToolsActivePort"
time="2026-01-06T10:42:08+08:00" level=info msg="cleanupUserDataLocks: cleaned 1 lock files"
time="2026-01-06T10:42:08+08:00" level=info msg="browser launch: ===== Attempt 1 START ====="
time="2026-01-06T10:42:08+08:00" level=info msg="browser launch: created independent attempt context with 30s timeout"
time="2026-01-06T10:42:08+08:00" level=info msg="browser launch: created launcher"
time="2026-01-06T10:42:08+08:00" level=info msg="browser launch: headless=true bin=\"D:\\\\test\\\\chromium\\\\chrome-win64\\\\chrome.exe\" userData=\"D:\\\\test\\\\xhs-data\\\\profiles\\\\acc_4\\\\profile\" proxy=\"\" (attempt 1)"
time="2026-01-06T10:42:08+08:00" level=info msg="browser launch args: --disable-background-networking --disable-background-timer-throttling --disable-backgrounding-occluded-windows --disable-breakpad --disable-client-side-phishing-detection --disable-component-extensions-with-background-pages --disable-default-apps --disable-dev-shm-usage --disable-features=site-per-process,TranslateUI --disable-hang-monitor --disable-ipc-flooding-protection --disable-popup-blocking --disable-prompt-on-repost --disable-renderer-backgrounding --disable-site-isolation-trials --disable-sync --enable-automation --enable-features=NetworkService,NetworkServiceInProcess --force-color-profile=srgb --headless --lang=zh-CN --metrics-recording-only --no-default-browser-check --no-first-run --no-sandbox --no-startup-window --remote-debugging-port=0 --use-mock-keychain --user-agent=Mozilla/5.0 (Macintosh; Intel Mac OS X 10_15_7) AppleWebKit/537.36 (KHTML, like Gecko) Chrome/125.0.0.144 Safari/537.36 --user-data-dir=D:\\test\\xhs-data\\profiles\\acc_4\\profile"
time="2026-01-06T10:42:08+08:00" level=info msg="browser launch: cleaning locks before launch"
time="2026-01-06T10:42:08+08:00" level=info msg="cleanupUserDataLocks: cleaning dir=D:\\test\\xhs-data\\profiles\\acc_4\\profile"
time="2026-01-06T10:42:08+08:00" level=debug msg="cleanupUserDataLocks: D:\\test\\xhs-data\\profiles\\acc_4\\profile\\SingletonLock does not exist"
time="2026-01-06T10:42:08+08:00" level=debug msg="cleanupUserDataLocks: D:\\test\\xhs-data\\profiles\\acc_4\\profile\\SingletonCookie does not exist"
time="2026-01-06T10:42:08+08:00" level=debug msg="cleanupUserDataLocks: D:\\test\\xhs-data\\profiles\\acc_4\\profile\\SingletonSocket does not exist"
time="2026-01-06T10:42:08+08:00" level=debug msg="cleanupUserDataLocks: D:\\test\\xhs-data\\profiles\\acc_4\\profile\\DevToolsActivePort does not exist"
time="2026-01-06T10:42:08+08:00" level=info msg="cleanupUserDataLocks: cleaned 0 lock files"
time="2026-01-06T10:42:08+08:00" level=info msg="browser launch: lock cleanup completed"
time="2026-01-06T10:42:08+08:00" level=info msg="browser launch: about to call l.Launch()..."
time="2026-01-06T10:42:08+08:00" level=info msg="browser launch: ===== Attempt 1 EXECUTING LAUNCH ====="
DevTools listening on ws://127.0.0.1:2205/devtools/browser/f202ef7e-9aed-4fc9-8b28-7a24f1d95f4e
time="2026-01-06T10:42:08+08:00" level=info msg="browser launch: ===== Attempt 1 LAUNCH RETURNED (duration: 278.9427ms) ====="
time="2026-01-06T10:42:08+08:00" level=info msg="browser launch: SUCCESS! control url=ws://127.0.0.1:2205/devtools/browser/f202ef7e-9aed-4fc9-8b28-7a24f1d95f4e"
time="2026-01-06T10:42:08+08:00" level=info msg="browser launch: ===== Attempt 1 COMPLETED SUCCESSFULLY ====="
time="2026-01-06T10:42:08+08:00" level=info msg="browser connect: connecting to Chromium"
time="2026-01-06T10:42:08+08:00" level=info msg="browser connect: success"
time="2026-01-06T10:42:08+08:00" level=debug msg="loaded cookies from D:\\test\\xhs-data\\cookies\\acc_4\\cookies.json"
time="2026-01-06T10:42:08+08:00" level=warning msg="apply fingerprint failed: eval js error: TypeError: Cannot read properties of undefined (reading 'apply')\n    at <anonymous>:29:7 <nil>"
time="2026-01-06T10:42:08+08:00" level=info msg="打开 feed 详情页: https://www.xiaohongshu.com/explore/692417ab000000001e02eb1b?xsec_token=ABVoul4bqS21dKUwsYDxn9bXA4H0_aPzpR-WweoIUTZ2s=&xsec_source=pc_feed"
time="2026-01-06T10:42:08+08:00" level=info msg="配置: 点击更多=false, 回复阈值=10, 最大评论数=0, 滚动速度=normal"
[7912:9664:0106/104211.766:ERROR:components\device_event_log\device_event_log_impl.cc:198] [10:42:11.767] USB: usb_service_win.cc:105 SetupDiGetDeviceProperty({{A45C254E-DF1C-4EFD-8020-67D146A850E0}, 6}) failed: 找不到元素。 (0x490)
[7912:14016:0106/104212.842:ERROR:google_apis\gcm\engine\registration_request.cc:292] Registration response error message: DEPRECATED_ENDPOINT
[GIN] 2026/01/06 - 10:42:16 | 200 |    8.3439308s |       127.0.0.1 | POST     "/mcp"
[GIN] 2026/01/06 - 10:42:16 | 200 |    8.3527624s |       127.0.0.1 | GET      "/mcp"
[GIN] 2026/01/06 - 10:42:55 | 200 |          5m0s |       127.0.0.1 | GET      "/mcp"
[GIN] 2026/01/06 - 10:42:57 | 200 |         505µs |       127.0.0.1 | POST     "/mcp"
[GIN] 2026/01/06 - 10:42:57 | 202 |            0s |       127.0.0.1 | POST     "/mcp"
[GIN] 2026/01/06 - 10:42:57 | 200 |       521.2µs |       127.0.0.1 | POST     "/mcp"
time="2026-01-06T10:42:57+08:00" level=info msg="MCP: 获取Feed详情"
time="2026-01-06T10:42:57+08:00" level=info msg="MCP: 获取Feed详情 - Feed ID: d756eeed-5046-42a4-b6ac-e59315fdd8f3#1767666957666, loadAllComments=false, config={ClickMoreReplies:false MaxRepliesThreshold:10 MaxCommentItems:0 ScrollSpeed:normal}"
time="2026-01-06T10:42:57+08:00" level=info msg="browser launch: using attempt-level timeout control"
time="2026-01-06T10:42:57+08:00" level=info msg="cleanupUserDataLocks: cleaning dir=D:\\test\\xhs-data\\profiles\\acc_4\\profile"
time="2026-01-06T10:42:57+08:00" level=debug msg="cleanupUserDataLocks: D:\\test\\xhs-data\\profiles\\acc_4\\profile\\SingletonLock does not exist"
time="2026-01-06T10:42:57+08:00" level=debug msg="cleanupUserDataLocks: D:\\test\\xhs-data\\profiles\\acc_4\\profile\\SingletonCookie does not exist"
time="2026-01-06T10:42:57+08:00" level=debug msg="cleanupUserDataLocks: D:\\test\\xhs-data\\profiles\\acc_4\\profile\\SingletonSocket does not exist"
time="2026-01-06T10:42:57+08:00" level=info msg="cleanupUserDataLocks: removed D:\\test\\xhs-data\\profiles\\acc_4\\profile\\DevToolsActivePort"
time="2026-01-06T10:42:57+08:00" level=info msg="cleanupUserDataLocks: cleaned 1 lock files"
time="2026-01-06T10:42:57+08:00" level=info msg="browser launch: ===== Attempt 1 START ====="
time="2026-01-06T10:42:57+08:00" level=info msg="browser launch: created independent attempt context with 30s timeout"
time="2026-01-06T10:42:57+08:00" level=info msg="browser launch: created launcher"
time="2026-01-06T10:42:57+08:00" level=info msg="browser launch: headless=true bin=\"D:\\\\test\\\\chromium\\\\chrome-win64\\\\chrome.exe\" userData=\"D:\\\\test\\\\xhs-data\\\\profiles\\\\acc_4\\\\profile\" proxy=\"\" (attempt 1)"
time="2026-01-06T10:42:57+08:00" level=info msg="browser launch args: --disable-background-networking --disable-background-timer-throttling --disable-backgrounding-occluded-windows --disable-breakpad --disable-client-side-phishing-detection --disable-component-extensions-with-background-pages --disable-default-apps --disable-dev-shm-usage --disable-features=site-per-process,TranslateUI --disable-hang-monitor --disable-ipc-flooding-protection --disable-popup-blocking --disable-prompt-on-repost --disable-renderer-backgrounding --disable-site-isolation-trials --disable-sync --enable-automation --enable-features=NetworkService,NetworkServiceInProcess --force-color-profile=srgb --headless --lang=zh-CN --metrics-recording-only --no-default-browser-check --no-first-run --no-sandbox --no-startup-window --remote-debugging-port=0 --use-mock-keychain --user-agent=Mozilla/5.0 (Macintosh; Intel Mac OS X 10_15_7) AppleWebKit/537.36 (KHTML, like Gecko) Chrome/125.0.0.144 Safari/537.36 --user-data-dir=D:\\test\\xhs-data\\profiles\\acc_4\\profile"
time="2026-01-06T10:42:57+08:00" level=info msg="browser launch: cleaning locks before launch"
time="2026-01-06T10:42:57+08:00" level=info msg="cleanupUserDataLocks: cleaning dir=D:\\test\\xhs-data\\profiles\\acc_4\\profile"
time="2026-01-06T10:42:57+08:00" level=debug msg="cleanupUserDataLocks: D:\\test\\xhs-data\\profiles\\acc_4\\profile\\SingletonLock does not exist"
time="2026-01-06T10:42:57+08:00" level=debug msg="cleanupUserDataLocks: D:\\test\\xhs-data\\profiles\\acc_4\\profile\\SingletonCookie does not exist"
time="2026-01-06T10:42:57+08:00" level=debug msg="cleanupUserDataLocks: D:\\test\\xhs-data\\profiles\\acc_4\\profile\\SingletonSocket does not exist"
time="2026-01-06T10:42:57+08:00" level=debug msg="cleanupUserDataLocks: D:\\test\\xhs-data\\profiles\\acc_4\\profile\\DevToolsActivePort does not exist"
time="2026-01-06T10:42:57+08:00" level=info msg="cleanupUserDataLocks: cleaned 0 lock files"
time="2026-01-06T10:42:57+08:00" level=info msg="browser launch: lock cleanup completed"
time="2026-01-06T10:42:57+08:00" level=info msg="browser launch: about to call l.Launch()..."
time="2026-01-06T10:42:57+08:00" level=info msg="browser launch: ===== Attempt 1 EXECUTING LAUNCH ====="
DevTools listening on ws://127.0.0.1:8657/devtools/browser/3e51fcc7-575a-462f-8f6a-13e9f1f3e0e0
time="2026-01-06T10:42:58+08:00" level=info msg="browser launch: ===== Attempt 1 LAUNCH RETURNED (duration: 270.8777ms) ====="
time="2026-01-06T10:42:58+08:00" level=info msg="browser launch: SUCCESS! control url=ws://127.0.0.1:8657/devtools/browser/3e51fcc7-575a-462f-8f6a-13e9f1f3e0e0"
time="2026-01-06T10:42:58+08:00" level=info msg="browser launch: ===== Attempt 1 COMPLETED SUCCESSFULLY ====="
time="2026-01-06T10:42:58+08:00" level=info msg="browser connect: connecting to Chromium"
time="2026-01-06T10:42:58+08:00" level=info msg="browser connect: success"
time="2026-01-06T10:42:58+08:00" level=debug msg="loaded cookies from D:\\test\\xhs-data\\cookies\\acc_4\\cookies.json"
time="2026-01-06T10:42:58+08:00" level=warning msg="apply fingerprint failed: eval js error: TypeError: Cannot read properties of undefined (reading 'apply')\n    at <anonymous>:29:7 <nil>"
time="2026-01-06T10:42:58+08:00" level=info msg="打开 feed 详情页: https://www.xiaohongshu.com/explore/d756eeed-5046-42a4-b6ac-e59315fdd8f3#1767666957666?xsec_token=AB6hKsmz0BQuadkk6KWyXxFA4Z3w5Rsg3BGho_PfSqkLLAqitegs2_ybKZpcj5f6DYleZJPgxGc4hCoVWO5efLE9i6qp8c7H5ZYuUbb1yQ-7o=&xsec_source=pc_feed"
time="2026-01-06T10:42:58+08:00" level=info msg="配置: 点击更多=false, 回复阈值=10, 最大评论数=0, 滚动速度=normal"
[24200:23584:0106/104301.200:ERROR:components\device_event_log\device_event_log_impl.cc:198] [10:43:01.200] USB: usb_service_win.cc:105 SetupDiGetDeviceProperty({{A45C254E-DF1C-4EFD-8020-67D146A850E0}, 6}) failed: 找不到元素。 (0x490)
[24200:6872:0106/104302.261:ERROR:google_apis\gcm\engine\registration_request.cc:292] Registration response error message: DEPRECATED_ENDPOINT
[GIN] 2026/01/06 - 10:43:09 | 200 |   11.4017486s |       127.0.0.1 | POST     "/mcp"
[GIN] 2026/01/06 - 10:43:09 | 200 |   11.4100514s |       127.0.0.1 | GET      "/mcp"
[GIN] 2026/01/06 - 10:43:39 | 200 |            0s |       127.0.0.1 | POST     "/mcp"
[GIN] 2026/01/06 - 10:43:39 | 202 |            0s |       127.0.0.1 | POST     "/mcp"
[GIN] 2026/01/06 - 10:43:39 | 200 |       510.9µs |       127.0.0.1 | POST     "/mcp"
time="2026-01-06T10:43:39+08:00" level=info msg="MCP: 获取Feed详情"
time="2026-01-06T10:43:39+08:00" level=info msg="MCP: 获取Feed详情 - Feed ID: d756eeed-5046-42a4-b6ac-e59315fdd8f3#1767666957666, loadAllComments=false, config={ClickMoreReplies:false MaxRepliesThreshold:10 MaxCommentItems:0 ScrollSpeed:normal}"
time="2026-01-06T10:43:39+08:00" level=info msg="browser launch: using attempt-level timeout control"
time="2026-01-06T10:43:39+08:00" level=info msg="cleanupUserDataLocks: cleaning dir=D:\\test\\xhs-data\\profiles\\acc_4\\profile"
time="2026-01-06T10:43:39+08:00" level=debug msg="cleanupUserDataLocks: D:\\test\\xhs-data\\profiles\\acc_4\\profile\\SingletonLock does not exist"
time="2026-01-06T10:43:39+08:00" level=debug msg="cleanupUserDataLocks: D:\\test\\xhs-data\\profiles\\acc_4\\profile\\SingletonCookie does not exist"
time="2026-01-06T10:43:39+08:00" level=debug msg="cleanupUserDataLocks: D:\\test\\xhs-data\\profiles\\acc_4\\profile\\SingletonSocket does not exist"
time="2026-01-06T10:43:39+08:00" level=info msg="cleanupUserDataLocks: removed D:\\test\\xhs-data\\profiles\\acc_4\\profile\\DevToolsActivePort"
time="2026-01-06T10:43:39+08:00" level=info msg="cleanupUserDataLocks: cleaned 1 lock files"
time="2026-01-06T10:43:39+08:00" level=info msg="browser launch: ===== Attempt 1 START ====="
time="2026-01-06T10:43:39+08:00" level=info msg="browser launch: created independent attempt context with 30s timeout"
time="2026-01-06T10:43:39+08:00" level=info msg="browser launch: created launcher"
time="2026-01-06T10:43:39+08:00" level=info msg="browser launch: headless=true bin=\"D:\\\\test\\\\chromium\\\\chrome-win64\\\\chrome.exe\" userData=\"D:\\\\test\\\\xhs-data\\\\profiles\\\\acc_4\\\\profile\" proxy=\"\" (attempt 1)"
time="2026-01-06T10:43:39+08:00" level=info msg="browser launch args: --disable-background-networking --disable-background-timer-throttling --disable-backgrounding-occluded-windows --disable-breakpad --disable-client-side-phishing-detection --disable-component-extensions-with-background-pages --disable-default-apps --disable-dev-shm-usage --disable-features=site-per-process,TranslateUI --disable-hang-monitor --disable-ipc-flooding-protection --disable-popup-blocking --disable-prompt-on-repost --disable-renderer-backgrounding --disable-site-isolation-trials --disable-sync --enable-automation --enable-features=NetworkService,NetworkServiceInProcess --force-color-profile=srgb --headless --lang=zh-CN --metrics-recording-only --no-default-browser-check --no-first-run --no-sandbox --no-startup-window --remote-debugging-port=0 --use-mock-keychain --user-agent=Mozilla/5.0 (Macintosh; Intel Mac OS X 10_15_7) AppleWebKit/537.36 (KHTML, like Gecko) Chrome/125.0.0.144 Safari/537.36 --user-data-dir=D:\\test\\xhs-data\\profiles\\acc_4\\profile"
time="2026-01-06T10:43:39+08:00" level=info msg="browser launch: cleaning locks before launch"
time="2026-01-06T10:43:39+08:00" level=info msg="cleanupUserDataLocks: cleaning dir=D:\\test\\xhs-data\\profiles\\acc_4\\profile"
time="2026-01-06T10:43:39+08:00" level=debug msg="cleanupUserDataLocks: D:\\test\\xhs-data\\profiles\\acc_4\\profile\\SingletonLock does not exist"
time="2026-01-06T10:43:39+08:00" level=debug msg="cleanupUserDataLocks: D:\\test\\xhs-data\\profiles\\acc_4\\profile\\SingletonCookie does not exist"
time="2026-01-06T10:43:39+08:00" level=debug msg="cleanupUserDataLocks: D:\\test\\xhs-data\\profiles\\acc_4\\profile\\SingletonSocket does not exist"
time="2026-01-06T10:43:39+08:00" level=debug msg="cleanupUserDataLocks: D:\\test\\xhs-data\\profiles\\acc_4\\profile\\DevToolsActivePort does not exist"
time="2026-01-06T10:43:39+08:00" level=info msg="cleanupUserDataLocks: cleaned 0 lock files"
time="2026-01-06T10:43:39+08:00" level=info msg="browser launch: lock cleanup completed"
time="2026-01-06T10:43:39+08:00" level=info msg="browser launch: about to call l.Launch()..."
time="2026-01-06T10:43:39+08:00" level=info msg="browser launch: ===== Attempt 1 EXECUTING LAUNCH ====="
DevTools listening on ws://127.0.0.1:14093/devtools/browser/31cd27d9-e79b-4562-916a-3ed9af290973
time="2026-01-06T10:43:39+08:00" level=info msg="browser launch: ===== Attempt 1 LAUNCH RETURNED (duration: 272.4329ms) ====="
time="2026-01-06T10:43:39+08:00" level=info msg="browser launch: SUCCESS! control url=ws://127.0.0.1:14093/devtools/browser/31cd27d9-e79b-4562-916a-3ed9af290973"
time="2026-01-06T10:43:39+08:00" level=info msg="browser launch: ===== Attempt 1 COMPLETED SUCCESSFULLY ====="
time="2026-01-06T10:43:39+08:00" level=info msg="browser connect: connecting to Chromium"
time="2026-01-06T10:43:39+08:00" level=info msg="browser connect: success"
time="2026-01-06T10:43:39+08:00" level=debug msg="loaded cookies from D:\\test\\xhs-data\\cookies\\acc_4\\cookies.json"
time="2026-01-06T10:43:39+08:00" level=warning msg="apply fingerprint failed: eval js error: TypeError: Cannot read properties of undefined (reading 'apply')\n    at <anonymous>:29:7 <nil>"
time="2026-01-06T10:43:39+08:00" level=info msg="打开 feed 详情页: https://www.xiaohongshu.com/explore/d756eeed-5046-42a4-b6ac-e59315fdd8f3#1767666957666?xsec_token=AB6hKsmz0BQuadkk6KWyXxFA4Z3w5Rsg3BGho_PfSqkLLAqitegs2_ybKZpcj5f6DYleZJPgxGc4hCoVWO5efLE9i6qp8c7H5ZYuUbb1yQ-7o=&xsec_source=pc_feed"
time="2026-01-06T10:43:39+08:00" level=info msg="配置: 点击更多=false, 回复阈值=10, 最大评论数=0, 滚动速度=normal"
[24056:23660:0106/104342.662:ERROR:components\device_event_log\device_event_log_impl.cc:198] [10:43:42.663] USB: usb_service_win.cc:105 SetupDiGetDeviceProperty({{A45C254E-DF1C-4EFD-8020-67D146A850E0}, 6}) failed: 找不到元素。 (0x490)
[24056:20792:0106/104343.788:ERROR:google_apis\gcm\engine\registration_request.cc:292] Registration response error message: DEPRECATED_ENDPOINT
[GIN] 2026/01/06 - 10:43:51 | 200 |   12.4618889s |       127.0.0.1 | POST     "/mcp"
[GIN] 2026/01/06 - 10:43:51 | 200 |     12.47283s |       127.0.0.1 | GET      "/mcp"
[GIN] 2026/01/06 - 10:44:21 | 200 |            0s |       127.0.0.1 | POST     "/mcp"
[GIN] 2026/01/06 - 10:44:21 | 202 |            0s |       127.0.0.1 | POST     "/mcp"
[GIN] 2026/01/06 - 10:44:21 | 200 |       552.9µs |       127.0.0.1 | POST     "/mcp"
time="2026-01-06T10:44:21+08:00" level=info msg="MCP: 获取Feed详情"
time="2026-01-06T10:44:21+08:00" level=info msg="MCP: 获取Feed详情 - Feed ID: d756eeed-5046-42a4-b6ac-e59315fdd8f3#1767666957666, loadAllComments=false, config={ClickMoreReplies:false MaxRepliesThreshold:10 MaxCommentItems:0 ScrollSpeed:normal}"
time="2026-01-06T10:44:21+08:00" level=info msg="browser launch: using attempt-level timeout control"
time="2026-01-06T10:44:21+08:00" level=info msg="cleanupUserDataLocks: cleaning dir=D:\\test\\xhs-data\\profiles\\acc_4\\profile"
time="2026-01-06T10:44:21+08:00" level=debug msg="cleanupUserDataLocks: D:\\test\\xhs-data\\profiles\\acc_4\\profile\\SingletonLock does not exist"
time="2026-01-06T10:44:21+08:00" level=debug msg="cleanupUserDataLocks: D:\\test\\xhs-data\\profiles\\acc_4\\profile\\SingletonCookie does not exist"
time="2026-01-06T10:44:21+08:00" level=debug msg="cleanupUserDataLocks: D:\\test\\xhs-data\\profiles\\acc_4\\profile\\SingletonSocket does not exist"
time="2026-01-06T10:44:21+08:00" level=info msg="cleanupUserDataLocks: removed D:\\test\\xhs-data\\profiles\\acc_4\\profile\\DevToolsActivePort"
time="2026-01-06T10:44:21+08:00" level=info msg="cleanupUserDataLocks: cleaned 1 lock files"
time="2026-01-06T10:44:21+08:00" level=info msg="browser launch: ===== Attempt 1 START ====="
time="2026-01-06T10:44:21+08:00" level=info msg="browser launch: created independent attempt context with 30s timeout"
time="2026-01-06T10:44:21+08:00" level=info msg="browser launch: created launcher"
time="2026-01-06T10:44:21+08:00" level=info msg="browser launch: headless=true bin=\"D:\\\\test\\\\chromium\\\\chrome-win64\\\\chrome.exe\" userData=\"D:\\\\test\\\\xhs-data\\\\profiles\\\\acc_4\\\\profile\" proxy=\"\" (attempt 1)"
time="2026-01-06T10:44:21+08:00" level=info msg="browser launch args: --disable-background-networking --disable-background-timer-throttling --disable-backgrounding-occluded-windows --disable-breakpad --disable-client-side-phishing-detection --disable-component-extensions-with-background-pages --disable-default-apps --disable-dev-shm-usage --disable-features=site-per-process,TranslateUI --disable-hang-monitor --disable-ipc-flooding-protection --disable-popup-blocking --disable-prompt-on-repost --disable-renderer-backgrounding --disable-site-isolation-trials --disable-sync --enable-automation --enable-features=NetworkService,NetworkServiceInProcess --force-color-profile=srgb --headless --lang=zh-CN --metrics-recording-only --no-default-browser-check --no-first-run --no-sandbox --no-startup-window --remote-debugging-port=0 --use-mock-keychain --user-agent=Mozilla/5.0 (Macintosh; Intel Mac OS X 10_15_7) AppleWebKit/537.36 (KHTML, like Gecko) Chrome/125.0.0.144 Safari/537.36 --user-data-dir=D:\\test\\xhs-data\\profiles\\acc_4\\profile"
time="2026-01-06T10:44:21+08:00" level=info msg="browser launch: cleaning locks before launch"
time="2026-01-06T10:44:21+08:00" level=info msg="cleanupUserDataLocks: cleaning dir=D:\\test\\xhs-data\\profiles\\acc_4\\profile"
time="2026-01-06T10:44:21+08:00" level=debug msg="cleanupUserDataLocks: D:\\test\\xhs-data\\profiles\\acc_4\\profile\\SingletonLock does not exist"
time="2026-01-06T10:44:21+08:00" level=debug msg="cleanupUserDataLocks: D:\\test\\xhs-data\\profiles\\acc_4\\profile\\SingletonCookie does not exist"
time="2026-01-06T10:44:21+08:00" level=debug msg="cleanupUserDataLocks: D:\\test\\xhs-data\\profiles\\acc_4\\profile\\SingletonSocket does not exist"
time="2026-01-06T10:44:21+08:00" level=debug msg="cleanupUserDataLocks: D:\\test\\xhs-data\\profiles\\acc_4\\profile\\DevToolsActivePort does not exist"
time="2026-01-06T10:44:21+08:00" level=info msg="cleanupUserDataLocks: cleaned 0 lock files"
time="2026-01-06T10:44:21+08:00" level=info msg="browser launch: lock cleanup completed"
time="2026-01-06T10:44:21+08:00" level=info msg="browser launch: about to call l.Launch()..."
time="2026-01-06T10:44:21+08:00" level=info msg="browser launch: ===== Attempt 1 EXECUTING LAUNCH ====="
DevTools listening on ws://127.0.0.1:2631/devtools/browser/a3f7b4ff-f4e0-465a-8fae-1149189eedcd
time="2026-01-06T10:44:22+08:00" level=info msg="browser launch: ===== Attempt 1 LAUNCH RETURNED (duration: 282.7734ms) ====="
time="2026-01-06T10:44:22+08:00" level=info msg="browser launch: SUCCESS! control url=ws://127.0.0.1:2631/devtools/browser/a3f7b4ff-f4e0-465a-8fae-1149189eedcd"
time="2026-01-06T10:44:22+08:00" level=info msg="browser launch: ===== Attempt 1 COMPLETED SUCCESSFULLY ====="
time="2026-01-06T10:44:22+08:00" level=info msg="browser connect: connecting to Chromium"
time="2026-01-06T10:44:22+08:00" level=info msg="browser connect: success"
time="2026-01-06T10:44:22+08:00" level=debug msg="loaded cookies from D:\\test\\xhs-data\\cookies\\acc_4\\cookies.json"
time="2026-01-06T10:44:22+08:00" level=warning msg="apply fingerprint failed: eval js error: TypeError: Cannot read properties of undefined (reading 'apply')\n    at <anonymous>:29:7 <nil>"
time="2026-01-06T10:44:22+08:00" level=info msg="打开 feed 详情页: https://www.xiaohongshu.com/explore/d756eeed-5046-42a4-b6ac-e59315fdd8f3#1767666957666?xsec_token=AB6hKsmz0BQuadkk6KWyXxFA4Z3w5Rsg3BGho_PfSqkLLAqitegs2_ybKZpcj5f6DYleZJPgxGc4hCoVWO5efLE9i6qp8c7H5ZYuUbb1yQ-7o=&xsec_source=pc_feed"
time="2026-01-06T10:44:22+08:00" level=info msg="配置: 点击更多=false, 回复阈值=10, 最大评论数=0, 滚动速度=normal"
[22780:11176:0106/104425.172:ERROR:components\device_event_log\device_event_log_impl.cc:198] [10:44:25.172] USB: usb_service_win.cc:105 SetupDiGetDeviceProperty({{A45C254E-DF1C-4EFD-8020-67D146A850E0}, 6}) failed: 找不到元素。 (0x490)
[22780:23596:0106/104426.258:ERROR:google_apis\gcm\engine\registration_request.cc:292] Registration response error message: DEPRECATED_ENDPOINT
[GIN] 2026/01/06 - 10:44:34 | 200 |   12.5104444s |       127.0.0.1 | POST     "/mcp"
[GIN] 2026/01/06 - 10:44:34 | 200 |   12.5189199s |       127.0.0.1 | GET      "/mcp"
[GIN] 2026/01/06 - 10:45:52 | 200 |          5m0s |       127.0.0.1 | GET      "/mcp"
[GIN] 2026/01/06 - 10:46:23 | 200 |          5m0s |       127.0.0.1 | GET      "/mcp"
[GIN] 2026/01/06 - 10:46:29 | 200 |          5m0s |       127.0.0.1 | GET      "/mcp"
[GIN] 2026/01/06 - 10:47:57 | 200 |          5m0s |       127.0.0.1 | GET      "/mcp"
[GIN] 2026/01/06 - 10:48:24 | 200 |            0s |       127.0.0.1 | POST     "/mcp"
[GIN] 2026/01/06 - 10:48:24 | 202 |            0s |       127.0.0.1 | POST     "/mcp"
time="2026-01-06T10:48:24+08:00" level=info msg="MCP: 搜索Feeds"
time="2026-01-06T10:48:24+08:00" level=info msg="MCP: 搜索Feeds - 关键词: 戒烟"
time="2026-01-06T10:48:24+08:00" level=info msg="browser launch: using attempt-level timeout control"
time="2026-01-06T10:48:24+08:00" level=info msg="cleanupUserDataLocks: cleaning dir=D:\\test\\xhs-data\\profiles\\acc_4\\profile"
time="2026-01-06T10:48:24+08:00" level=debug msg="cleanupUserDataLocks: D:\\test\\xhs-data\\profiles\\acc_4\\profile\\SingletonLock does not exist"
time="2026-01-06T10:48:24+08:00" level=debug msg="cleanupUserDataLocks: D:\\test\\xhs-data\\profiles\\acc_4\\profile\\SingletonCookie does not exist"
time="2026-01-06T10:48:24+08:00" level=debug msg="cleanupUserDataLocks: D:\\test\\xhs-data\\profiles\\acc_4\\profile\\SingletonSocket does not exist"
time="2026-01-06T10:48:24+08:00" level=info msg="cleanupUserDataLocks: removed D:\\test\\xhs-data\\profiles\\acc_4\\profile\\DevToolsActivePort"
time="2026-01-06T10:48:24+08:00" level=info msg="cleanupUserDataLocks: cleaned 1 lock files"
time="2026-01-06T10:48:24+08:00" level=info msg="browser launch: ===== Attempt 1 START ====="
time="2026-01-06T10:48:24+08:00" level=info msg="browser launch: created independent attempt context with 30s timeout"
time="2026-01-06T10:48:24+08:00" level=info msg="browser launch: created launcher"
time="2026-01-06T10:48:24+08:00" level=info msg="browser launch: headless=true bin=\"D:\\\\test\\\\chromium\\\\chrome-win64\\\\chrome.exe\" userData=\"D:\\\\test\\\\xhs-data\\\\profiles\\\\acc_4\\\\profile\" proxy=\"\" (attempt 1)"
time="2026-01-06T10:48:24+08:00" level=info msg="browser launch args: --disable-background-networking --disable-background-timer-throttling --disable-backgrounding-occluded-windows --disable-breakpad --disable-client-side-phishing-detection --disable-component-extensions-with-background-pages --disable-default-apps --disable-dev-shm-usage --disable-features=site-per-process,TranslateUI --disable-hang-monitor --disable-ipc-flooding-protection --disable-popup-blocking --disable-prompt-on-repost --disable-renderer-backgrounding --disable-site-isolation-trials --disable-sync --enable-automation --enable-features=NetworkService,NetworkServiceInProcess --force-color-profile=srgb --headless --lang=zh-CN --metrics-recording-only --no-default-browser-check --no-first-run --no-sandbox --no-startup-window --remote-debugging-port=0 --use-mock-keychain --user-agent=Mozilla/5.0 (Macintosh; Intel Mac OS X 10_15_7) AppleWebKit/537.36 (KHTML, like Gecko) Chrome/125.0.0.144 Safari/537.36 --user-data-dir=D:\\test\\xhs-data\\profiles\\acc_4\\profile"
time="2026-01-06T10:48:24+08:00" level=info msg="browser launch: cleaning locks before launch"
time="2026-01-06T10:48:24+08:00" level=info msg="cleanupUserDataLocks: cleaning dir=D:\\test\\xhs-data\\profiles\\acc_4\\profile"
time="2026-01-06T10:48:24+08:00" level=debug msg="cleanupUserDataLocks: D:\\test\\xhs-data\\profiles\\acc_4\\profile\\SingletonLock does not exist"
time="2026-01-06T10:48:24+08:00" level=debug msg="cleanupUserDataLocks: D:\\test\\xhs-data\\profiles\\acc_4\\profile\\SingletonCookie does not exist"
time="2026-01-06T10:48:24+08:00" level=debug msg="cleanupUserDataLocks: D:\\test\\xhs-data\\profiles\\acc_4\\profile\\SingletonSocket does not exist"
time="2026-01-06T10:48:24+08:00" level=debug msg="cleanupUserDataLocks: D:\\test\\xhs-data\\profiles\\acc_4\\profile\\DevToolsActivePort does not exist"
time="2026-01-06T10:48:24+08:00" level=info msg="cleanupUserDataLocks: cleaned 0 lock files"
time="2026-01-06T10:48:24+08:00" level=info msg="browser launch: lock cleanup completed"
time="2026-01-06T10:48:24+08:00" level=info msg="browser launch: about to call l.Launch()..."
time="2026-01-06T10:48:24+08:00" level=info msg="browser launch: ===== Attempt 1 EXECUTING LAUNCH ====="
DevTools listening on ws://127.0.0.1:3792/devtools/browser/6bd3a7ec-2568-4a27-b151-5b98b850c779
time="2026-01-06T10:48:25+08:00" level=info msg="browser launch: ===== Attempt 1 LAUNCH RETURNED (duration: 293.5385ms) ====="
time="2026-01-06T10:48:25+08:00" level=info msg="browser launch: SUCCESS! control url=ws://127.0.0.1:3792/devtools/browser/6bd3a7ec-2568-4a27-b151-5b98b850c779"
time="2026-01-06T10:48:25+08:00" level=info msg="browser launch: ===== Attempt 1 COMPLETED SUCCESSFULLY ====="
time="2026-01-06T10:48:25+08:00" level=info msg="browser connect: connecting to Chromium"
time="2026-01-06T10:48:25+08:00" level=info msg="browser connect: success"
time="2026-01-06T10:48:25+08:00" level=debug msg="loaded cookies from D:\\test\\xhs-data\\cookies\\acc_4\\cookies.json"
time="2026-01-06T10:48:25+08:00" level=warning msg="apply fingerprint failed: eval js error: TypeError: Cannot read properties of undefined (reading 'apply')\n    at <anonymous>:29:7 <nil>"
[20392:17604:0106/104829.402:ERROR:components\device_event_log\device_event_log_impl.cc:198] [10:48:29.402] USB: usb_service_win.cc:105 SetupDiGetDeviceProperty({{A45C254E-DF1C-4EFD-8020-67D146A850E0}, 6}) failed: 找不到元素。 (0x490)
[20392:23568:0106/104830.508:ERROR:google_apis\gcm\engine\registration_request.cc:292] Registration response error message: DEPRECATED_ENDPOINT
[GIN] 2026/01/06 - 10:48:33 | 200 |    8.9715817s |       127.0.0.1 | POST     "/mcp"
[GIN] 2026/01/06 - 10:50:06 | 200 |            0s |       127.0.0.1 | POST     "/mcp"
[GIN] 2026/01/06 - 10:50:06 | 202 |            0s |       127.0.0.1 | POST     "/mcp"
time="2026-01-06T10:50:06+08:00" level=info msg="MCP: 搜索Feeds"
time="2026-01-06T10:50:06+08:00" level=info msg="MCP: 搜索Feeds - 关键词: 戒烟"
time="2026-01-06T10:50:06+08:00" level=info msg="browser launch: using attempt-level timeout control"
time="2026-01-06T10:50:06+08:00" level=info msg="cleanupUserDataLocks: cleaning dir=D:\\test\\xhs-data\\profiles\\acc_4\\profile"
time="2026-01-06T10:50:06+08:00" level=debug msg="cleanupUserDataLocks: D:\\test\\xhs-data\\profiles\\acc_4\\profile\\SingletonLock does not exist"
time="2026-01-06T10:50:06+08:00" level=debug msg="cleanupUserDataLocks: D:\\test\\xhs-data\\profiles\\acc_4\\profile\\SingletonCookie does not exist"
time="2026-01-06T10:50:06+08:00" level=debug msg="cleanupUserDataLocks: D:\\test\\xhs-data\\profiles\\acc_4\\profile\\SingletonSocket does not exist"
time="2026-01-06T10:50:06+08:00" level=info msg="cleanupUserDataLocks: removed D:\\test\\xhs-data\\profiles\\acc_4\\profile\\DevToolsActivePort"
time="2026-01-06T10:50:06+08:00" level=info msg="cleanupUserDataLocks: cleaned 1 lock files"
time="2026-01-06T10:50:06+08:00" level=info msg="browser launch: ===== Attempt 1 START ====="
time="2026-01-06T10:50:06+08:00" level=info msg="browser launch: created independent attempt context with 30s timeout"
time="2026-01-06T10:50:06+08:00" level=info msg="browser launch: created launcher"
time="2026-01-06T10:50:06+08:00" level=info msg="browser launch: headless=true bin=\"D:\\\\test\\\\chromium\\\\chrome-win64\\\\chrome.exe\" userData=\"D:\\\\test\\\\xhs-data\\\\profiles\\\\acc_4\\\\profile\" proxy=\"\" (attempt 1)"
time="2026-01-06T10:50:06+08:00" level=info msg="browser launch args: --disable-background-networking --disable-background-timer-throttling --disable-backgrounding-occluded-windows --disable-breakpad --disable-client-side-phishing-detection --disable-component-extensions-with-background-pages --disable-default-apps --disable-dev-shm-usage --disable-features=site-per-process,TranslateUI --disable-hang-monitor --disable-ipc-flooding-protection --disable-popup-blocking --disable-prompt-on-repost --disable-renderer-backgrounding --disable-site-isolation-trials --disable-sync --enable-automation --enable-features=NetworkService,NetworkServiceInProcess --force-color-profile=srgb --headless --lang=zh-CN --metrics-recording-only --no-default-browser-check --no-first-run --no-sandbox --no-startup-window --remote-debugging-port=0 --use-mock-keychain --user-agent=Mozilla/5.0 (Macintosh; Intel Mac OS X 10_15_7) AppleWebKit/537.36 (KHTML, like Gecko) Chrome/125.0.0.144 Safari/537.36 --user-data-dir=D:\\test\\xhs-data\\profiles\\acc_4\\profile"
time="2026-01-06T10:50:06+08:00" level=info msg="browser launch: cleaning locks before launch"
time="2026-01-06T10:50:06+08:00" level=info msg="cleanupUserDataLocks: cleaning dir=D:\\test\\xhs-data\\profiles\\acc_4\\profile"
time="2026-01-06T10:50:06+08:00" level=debug msg="cleanupUserDataLocks: D:\\test\\xhs-data\\profiles\\acc_4\\profile\\SingletonLock does not exist"
time="2026-01-06T10:50:06+08:00" level=debug msg="cleanupUserDataLocks: D:\\test\\xhs-data\\profiles\\acc_4\\profile\\SingletonCookie does not exist"
time="2026-01-06T10:50:06+08:00" level=debug msg="cleanupUserDataLocks: D:\\test\\xhs-data\\profiles\\acc_4\\profile\\SingletonSocket does not exist"
time="2026-01-06T10:50:06+08:00" level=debug msg="cleanupUserDataLocks: D:\\test\\xhs-data\\profiles\\acc_4\\profile\\DevToolsActivePort does not exist"
time="2026-01-06T10:50:06+08:00" level=info msg="cleanupUserDataLocks: cleaned 0 lock files"
time="2026-01-06T10:50:06+08:00" level=info msg="browser launch: lock cleanup completed"
time="2026-01-06T10:50:06+08:00" level=info msg="browser launch: about to call l.Launch()..."
time="2026-01-06T10:50:06+08:00" level=info msg="browser launch: ===== Attempt 1 EXECUTING LAUNCH ====="
DevTools listening on ws://127.0.0.1:7609/devtools/browser/cc6af0ca-c549-4210-8e33-730bbc24d31e
time="2026-01-06T10:50:06+08:00" level=info msg="browser launch: ===== Attempt 1 LAUNCH RETURNED (duration: 265.9182ms) ====="
time="2026-01-06T10:50:06+08:00" level=info msg="browser launch: SUCCESS! control url=ws://127.0.0.1:7609/devtools/browser/cc6af0ca-c549-4210-8e33-730bbc24d31e"
time="2026-01-06T10:50:06+08:00" level=info msg="browser launch: ===== Attempt 1 COMPLETED SUCCESSFULLY ====="
time="2026-01-06T10:50:06+08:00" level=info msg="browser connect: connecting to Chromium"
time="2026-01-06T10:50:06+08:00" level=info msg="browser connect: success"
time="2026-01-06T10:50:06+08:00" level=debug msg="loaded cookies from D:\\test\\xhs-data\\cookies\\acc_4\\cookies.json"
time="2026-01-06T10:50:06+08:00" level=warning msg="apply fingerprint failed: eval js error: TypeError: Cannot read properties of undefined (reading 'apply')\n    at <anonymous>:29:7 <nil>"
[22252:4264:0106/105010.553:ERROR:components\device_event_log\device_event_log_impl.cc:198] [10:50:10.553] USB: usb_service_win.cc:105 SetupDiGetDeviceProperty({{A45C254E-DF1C-4EFD-8020-67D146A850E0}, 6}) failed: 找不到元素。 (0x490)
[22252:18712:0106/105011.595:ERROR:google_apis\gcm\engine\registration_request.cc:292] Registration response error message: DEPRECATED_ENDPOINT
[GIN] 2026/01/06 - 10:50:14 | 200 |    8.7488212s |       127.0.0.1 | POST     "/mcp"
[GIN] 2026/01/06 - 10:50:14 | 200 |            0s |       127.0.0.1 | POST     "/mcp"
[GIN] 2026/01/06 - 10:50:14 | 202 |            0s |       127.0.0.1 | POST     "/mcp"
[GIN] 2026/01/06 - 10:50:14 | 200 |       521.9µs |       127.0.0.1 | POST     "/mcp"
time="2026-01-06T10:50:14+08:00" level=info msg="MCP: 获取Feed详情"
time="2026-01-06T10:50:14+08:00" level=info msg="MCP: 获取Feed详情 - Feed ID: 684be055000000002001c0be, loadAllComments=false, config={ClickMoreReplies:false MaxRepliesThreshold:10 MaxCommentItems:0 ScrollSpeed:normal}"
time="2026-01-06T10:50:14+08:00" level=info msg="browser launch: using attempt-level timeout control"
time="2026-01-06T10:50:14+08:00" level=info msg="cleanupUserDataLocks: cleaning dir=D:\\test\\xhs-data\\profiles\\acc_4\\profile"
time="2026-01-06T10:50:14+08:00" level=debug msg="cleanupUserDataLocks: D:\\test\\xhs-data\\profiles\\acc_4\\profile\\SingletonLock does not exist"
time="2026-01-06T10:50:14+08:00" level=debug msg="cleanupUserDataLocks: D:\\test\\xhs-data\\profiles\\acc_4\\profile\\SingletonCookie does not exist"
time="2026-01-06T10:50:14+08:00" level=debug msg="cleanupUserDataLocks: D:\\test\\xhs-data\\profiles\\acc_4\\profile\\SingletonSocket does not exist"
time="2026-01-06T10:50:14+08:00" level=info msg="cleanupUserDataLocks: removed D:\\test\\xhs-data\\profiles\\acc_4\\profile\\DevToolsActivePort"
time="2026-01-06T10:50:14+08:00" level=info msg="cleanupUserDataLocks: cleaned 1 lock files"
time="2026-01-06T10:50:14+08:00" level=info msg="browser launch: ===== Attempt 1 START ====="
time="2026-01-06T10:50:14+08:00" level=info msg="browser launch: created independent attempt context with 30s timeout"
time="2026-01-06T10:50:14+08:00" level=info msg="browser launch: created launcher"
time="2026-01-06T10:50:14+08:00" level=info msg="browser launch: headless=true bin=\"D:\\\\test\\\\chromium\\\\chrome-win64\\\\chrome.exe\" userData=\"D:\\\\test\\\\xhs-data\\\\profiles\\\\acc_4\\\\profile\" proxy=\"\" (attempt 1)"
time="2026-01-06T10:50:14+08:00" level=info msg="browser launch args: --disable-background-networking --disable-background-timer-throttling --disable-backgrounding-occluded-windows --disable-breakpad --disable-client-side-phishing-detection --disable-component-extensions-with-background-pages --disable-default-apps --disable-dev-shm-usage --disable-features=site-per-process,TranslateUI --disable-hang-monitor --disable-ipc-flooding-protection --disable-popup-blocking --disable-prompt-on-repost --disable-renderer-backgrounding --disable-site-isolation-trials --disable-sync --enable-automation --enable-features=NetworkService,NetworkServiceInProcess --force-color-profile=srgb --headless --lang=zh-CN --metrics-recording-only --no-default-browser-check --no-first-run --no-sandbox --no-startup-window --remote-debugging-port=0 --use-mock-keychain --user-agent=Mozilla/5.0 (Macintosh; Intel Mac OS X 10_15_7) AppleWebKit/537.36 (KHTML, like Gecko) Chrome/125.0.0.144 Safari/537.36 --user-data-dir=D:\\test\\xhs-data\\profiles\\acc_4\\profile"
time="2026-01-06T10:50:14+08:00" level=info msg="browser launch: cleaning locks before launch"
time="2026-01-06T10:50:14+08:00" level=info msg="cleanupUserDataLocks: cleaning dir=D:\\test\\xhs-data\\profiles\\acc_4\\profile"
time="2026-01-06T10:50:14+08:00" level=debug msg="cleanupUserDataLocks: D:\\test\\xhs-data\\profiles\\acc_4\\profile\\SingletonLock does not exist"
time="2026-01-06T10:50:14+08:00" level=debug msg="cleanupUserDataLocks: D:\\test\\xhs-data\\profiles\\acc_4\\profile\\SingletonCookie does not exist"
time="2026-01-06T10:50:14+08:00" level=debug msg="cleanupUserDataLocks: D:\\test\\xhs-data\\profiles\\acc_4\\profile\\SingletonSocket does not exist"
time="2026-01-06T10:50:14+08:00" level=debug msg="cleanupUserDataLocks: D:\\test\\xhs-data\\profiles\\acc_4\\profile\\DevToolsActivePort does not exist"
time="2026-01-06T10:50:14+08:00" level=info msg="cleanupUserDataLocks: cleaned 0 lock files"
time="2026-01-06T10:50:14+08:00" level=info msg="browser launch: lock cleanup completed"
time="2026-01-06T10:50:14+08:00" level=info msg="browser launch: about to call l.Launch()..."
time="2026-01-06T10:50:14+08:00" level=info msg="browser launch: ===== Attempt 1 EXECUTING LAUNCH ====="
DevTools listening on ws://127.0.0.1:6908/devtools/browser/a8cb5bef-5e80-4875-b7ae-20a022bee712
time="2026-01-06T10:50:15+08:00" level=info msg="browser launch: ===== Attempt 1 LAUNCH RETURNED (duration: 278.8919ms) ====="
time="2026-01-06T10:50:15+08:00" level=info msg="browser launch: SUCCESS! control url=ws://127.0.0.1:6908/devtools/browser/a8cb5bef-5e80-4875-b7ae-20a022bee712"
time="2026-01-06T10:50:15+08:00" level=info msg="browser launch: ===== Attempt 1 COMPLETED SUCCESSFULLY ====="
time="2026-01-06T10:50:15+08:00" level=info msg="browser connect: connecting to Chromium"
time="2026-01-06T10:50:15+08:00" level=info msg="browser connect: success"
time="2026-01-06T10:50:15+08:00" level=debug msg="loaded cookies from D:\\test\\xhs-data\\cookies\\acc_4\\cookies.json"
time="2026-01-06T10:50:15+08:00" level=warning msg="apply fingerprint failed: eval js error: TypeError: Cannot read properties of undefined (reading 'apply')\n    at <anonymous>:29:7 <nil>"
time="2026-01-06T10:50:15+08:00" level=info msg="打开 feed 详情页: https://www.xiaohongshu.com/explore/684be055000000002001c0be?xsec_token=AB92dr5USq7_tmm1z_OfmwWePAWFTHe2UUeOiwEFTE5xw=&xsec_source=pc_feed"
time="2026-01-06T10:50:15+08:00" level=info msg="配置: 点击更多=false, 回复阈值=10, 最大评论数=0, 滚动速度=normal"
[7176:20984:0106/105018.341:ERROR:components\device_event_log\device_event_log_impl.cc:198] [10:50:18.342] USB: usb_service_win.cc:105 SetupDiGetDeviceProperty({{A45C254E-DF1C-4EFD-8020-67D146A850E0}, 6}) failed: 找不到元素。 (0x490)
time="2026-01-06T10:50:19+08:00" level=warning msg="笔记不可访问: 当前笔记暂时无法浏览"
[7176:23888:0106/105019.333:ERROR:google_apis\gcm\engine\registration_request.cc:292] Registration response error message: DEPRECATED_ENDPOINT
[GIN] 2026/01/06 - 10:50:20 | 200 |    5.4180423s |       127.0.0.1 | POST     "/mcp"
[GIN] 2026/01/06 - 10:50:20 | 200 |    5.4265504s |       127.0.0.1 | GET      "/mcp"
[GIN] 2026/01/06 - 10:50:50 | 200 |       441.1µs |       127.0.0.1 | POST     "/mcp"
[GIN] 2026/01/06 - 10:50:50 | 202 |            0s |       127.0.0.1 | POST     "/mcp"
[GIN] 2026/01/06 - 10:50:50 | 200 |       510.7µs |       127.0.0.1 | POST     "/mcp"
time="2026-01-06T10:50:50+08:00" level=info msg="MCP: 获取Feed详情"
time="2026-01-06T10:50:50+08:00" level=info msg="MCP: 获取Feed详情 - Feed ID: 684be055000000002001c0be, loadAllComments=false, config={ClickMoreReplies:false MaxRepliesThreshold:10 MaxCommentItems:0 ScrollSpeed:normal}"
time="2026-01-06T10:50:50+08:00" level=info msg="browser launch: using attempt-level timeout control"
time="2026-01-06T10:50:50+08:00" level=info msg="cleanupUserDataLocks: cleaning dir=D:\\test\\xhs-data\\profiles\\acc_4\\profile"
time="2026-01-06T10:50:50+08:00" level=debug msg="cleanupUserDataLocks: D:\\test\\xhs-data\\profiles\\acc_4\\profile\\SingletonLock does not exist"
time="2026-01-06T10:50:50+08:00" level=debug msg="cleanupUserDataLocks: D:\\test\\xhs-data\\profiles\\acc_4\\profile\\SingletonCookie does not exist"
time="2026-01-06T10:50:50+08:00" level=debug msg="cleanupUserDataLocks: D:\\test\\xhs-data\\profiles\\acc_4\\profile\\SingletonSocket does not exist"
time="2026-01-06T10:50:50+08:00" level=info msg="cleanupUserDataLocks: removed D:\\test\\xhs-data\\profiles\\acc_4\\profile\\DevToolsActivePort"
time="2026-01-06T10:50:50+08:00" level=info msg="cleanupUserDataLocks: cleaned 1 lock files"
time="2026-01-06T10:50:50+08:00" level=info msg="browser launch: ===== Attempt 1 START ====="
time="2026-01-06T10:50:50+08:00" level=info msg="browser launch: created independent attempt context with 30s timeout"
time="2026-01-06T10:50:50+08:00" level=info msg="browser launch: created launcher"
time="2026-01-06T10:50:50+08:00" level=info msg="browser launch: headless=true bin=\"D:\\\\test\\\\chromium\\\\chrome-win64\\\\chrome.exe\" userData=\"D:\\\\test\\\\xhs-data\\\\profiles\\\\acc_4\\\\profile\" proxy=\"\" (attempt 1)"
time="2026-01-06T10:50:50+08:00" level=info msg="browser launch args: --disable-background-networking --disable-background-timer-throttling --disable-backgrounding-occluded-windows --disable-breakpad --disable-client-side-phishing-detection --disable-component-extensions-with-background-pages --disable-default-apps --disable-dev-shm-usage --disable-features=site-per-process,TranslateUI --disable-hang-monitor --disable-ipc-flooding-protection --disable-popup-blocking --disable-prompt-on-repost --disable-renderer-backgrounding --disable-site-isolation-trials --disable-sync --enable-automation --enable-features=NetworkService,NetworkServiceInProcess --force-color-profile=srgb --headless --lang=zh-CN --metrics-recording-only --no-default-browser-check --no-first-run --no-sandbox --no-startup-window --remote-debugging-port=0 --use-mock-keychain --user-agent=Mozilla/5.0 (Macintosh; Intel Mac OS X 10_15_7) AppleWebKit/537.36 (KHTML, like Gecko) Chrome/125.0.0.144 Safari/537.36 --user-data-dir=D:\\test\\xhs-data\\profiles\\acc_4\\profile"
time="2026-01-06T10:50:50+08:00" level=info msg="browser launch: cleaning locks before launch"
time="2026-01-06T10:50:50+08:00" level=info msg="cleanupUserDataLocks: cleaning dir=D:\\test\\xhs-data\\profiles\\acc_4\\profile"
time="2026-01-06T10:50:50+08:00" level=debug msg="cleanupUserDataLocks: D:\\test\\xhs-data\\profiles\\acc_4\\profile\\SingletonLock does not exist"
time="2026-01-06T10:50:50+08:00" level=debug msg="cleanupUserDataLocks: D:\\test\\xhs-data\\profiles\\acc_4\\profile\\SingletonCookie does not exist"
time="2026-01-06T10:50:50+08:00" level=debug msg="cleanupUserDataLocks: D:\\test\\xhs-data\\profiles\\acc_4\\profile\\SingletonSocket does not exist"
time="2026-01-06T10:50:50+08:00" level=debug msg="cleanupUserDataLocks: D:\\test\\xhs-data\\profiles\\acc_4\\profile\\DevToolsActivePort does not exist"
time="2026-01-06T10:50:50+08:00" level=info msg="cleanupUserDataLocks: cleaned 0 lock files"
time="2026-01-06T10:50:50+08:00" level=info msg="browser launch: lock cleanup completed"
time="2026-01-06T10:50:50+08:00" level=info msg="browser launch: about to call l.Launch()..."
time="2026-01-06T10:50:50+08:00" level=info msg="browser launch: ===== Attempt 1 EXECUTING LAUNCH ====="
DevTools listening on ws://127.0.0.1:10901/devtools/browser/6975a320-9bbe-4a54-9786-187eed99ac8e
time="2026-01-06T10:50:50+08:00" level=info msg="browser launch: ===== Attempt 1 LAUNCH RETURNED (duration: 258.595ms) ====="
time="2026-01-06T10:50:50+08:00" level=info msg="browser launch: SUCCESS! control url=ws://127.0.0.1:10901/devtools/browser/6975a320-9bbe-4a54-9786-187eed99ac8e"
time="2026-01-06T10:50:50+08:00" level=info msg="browser launch: ===== Attempt 1 COMPLETED SUCCESSFULLY ====="
time="2026-01-06T10:50:50+08:00" level=info msg="browser connect: connecting to Chromium"
time="2026-01-06T10:50:50+08:00" level=info msg="browser connect: success"
time="2026-01-06T10:50:50+08:00" level=debug msg="loaded cookies from D:\\test\\xhs-data\\cookies\\acc_4\\cookies.json"
time="2026-01-06T10:50:50+08:00" level=warning msg="apply fingerprint failed: eval js error: TypeError: Cannot read properties of undefined (reading 'apply')\n    at <anonymous>:29:7 <nil>"
time="2026-01-06T10:50:50+08:00" level=info msg="打开 feed 详情页: https://www.xiaohongshu.com/explore/684be055000000002001c0be?xsec_token=AB92dr5USq7_tmm1z_OfmwWePAWFTHe2UUeOiwEFTE5xw=&xsec_source=pc_feed"
time="2026-01-06T10:50:50+08:00" level=info msg="配置: 点击更多=false, 回复阈值=10, 最大评论数=0, 滚动速度=normal"
[13352:15036:0106/105053.774:ERROR:components\device_event_log\device_event_log_impl.cc:198] [10:50:53.774] USB: usb_service_win.cc:105 SetupDiGetDeviceProperty({{A45C254E-DF1C-4EFD-8020-67D146A850E0}, 6}) failed: 找不到元素。 (0x490)
[GIN] 2026/01/06 - 10:50:54 | 200 |          5m0s |       127.0.0.1 | GET      "/mcp"
[13352:3528:0106/105054.902:ERROR:google_apis\gcm\engine\registration_request.cc:292] Registration response error message: DEPRECATED_ENDPOINT
[GIN] 2026/01/06 - 10:50:58 | 200 |     8.288009s |       127.0.0.1 | POST     "/mcp"
[GIN] 2026/01/06 - 10:50:58 | 200 |    8.2968537s |       127.0.0.1 | GET      "/mcp"
[GIN] 2026/01/06 - 10:51:25 | 200 |          5m0s |       127.0.0.1 | GET      "/mcp"
[GIN] 2026/01/06 - 10:51:31 | 200 |          5m0s |       127.0.0.1 | GET      "/mcp"
[GIN] 2026/01/06 - 10:51:52 | 200 |            0s |       127.0.0.1 | POST     "/mcp"
[GIN] 2026/01/06 - 10:51:52 | 202 |            0s |       127.0.0.1 | POST     "/mcp"
[GIN] 2026/01/06 - 10:51:52 | 200 |       526.4µs |       127.0.0.1 | POST     "/mcp"
time="2026-01-06T10:51:52+08:00" level=info msg="MCP: 获取Feed详情"
time="2026-01-06T10:51:52+08:00" level=info msg="MCP: 获取Feed详情 - Feed ID: 6951ebd9000000002103fc51, loadAllComments=false, config={ClickMoreReplies:false MaxRepliesThreshold:10 MaxCommentItems:0 ScrollSpeed:normal}"
time="2026-01-06T10:51:52+08:00" level=info msg="browser launch: using attempt-level timeout control"
time="2026-01-06T10:51:52+08:00" level=info msg="cleanupUserDataLocks: cleaning dir=D:\\test\\xhs-data\\profiles\\acc_4\\profile"
time="2026-01-06T10:51:52+08:00" level=debug msg="cleanupUserDataLocks: D:\\test\\xhs-data\\profiles\\acc_4\\profile\\SingletonLock does not exist"
time="2026-01-06T10:51:52+08:00" level=debug msg="cleanupUserDataLocks: D:\\test\\xhs-data\\profiles\\acc_4\\profile\\SingletonCookie does not exist"
time="2026-01-06T10:51:52+08:00" level=debug msg="cleanupUserDataLocks: D:\\test\\xhs-data\\profiles\\acc_4\\profile\\SingletonSocket does not exist"
time="2026-01-06T10:51:52+08:00" level=info msg="cleanupUserDataLocks: removed D:\\test\\xhs-data\\profiles\\acc_4\\profile\\DevToolsActivePort"
time="2026-01-06T10:51:52+08:00" level=info msg="cleanupUserDataLocks: cleaned 1 lock files"
time="2026-01-06T10:51:52+08:00" level=info msg="browser launch: ===== Attempt 1 START ====="
time="2026-01-06T10:51:52+08:00" level=info msg="browser launch: created independent attempt context with 30s timeout"
time="2026-01-06T10:51:52+08:00" level=info msg="browser launch: created launcher"
time="2026-01-06T10:51:52+08:00" level=info msg="browser launch: headless=true bin=\"D:\\\\test\\\\chromium\\\\chrome-win64\\\\chrome.exe\" userData=\"D:\\\\test\\\\xhs-data\\\\profiles\\\\acc_4\\\\profile\" proxy=\"\" (attempt 1)"
time="2026-01-06T10:51:52+08:00" level=info msg="browser launch args: --disable-background-networking --disable-background-timer-throttling --disable-backgrounding-occluded-windows --disable-breakpad --disable-client-side-phishing-detection --disable-component-extensions-with-background-pages --disable-default-apps --disable-dev-shm-usage --disable-features=site-per-process,TranslateUI --disable-hang-monitor --disable-ipc-flooding-protection --disable-popup-blocking --disable-prompt-on-repost --disable-renderer-backgrounding --disable-site-isolation-trials --disable-sync --enable-automation --enable-features=NetworkService,NetworkServiceInProcess --force-color-profile=srgb --headless --lang=zh-CN --metrics-recording-only --no-default-browser-check --no-first-run --no-sandbox --no-startup-window --remote-debugging-port=0 --use-mock-keychain --user-agent=Mozilla/5.0 (Macintosh; Intel Mac OS X 10_15_7) AppleWebKit/537.36 (KHTML, like Gecko) Chrome/125.0.0.144 Safari/537.36 --user-data-dir=D:\\test\\xhs-data\\profiles\\acc_4\\profile"
time="2026-01-06T10:51:52+08:00" level=info msg="browser launch: cleaning locks before launch"
time="2026-01-06T10:51:52+08:00" level=info msg="cleanupUserDataLocks: cleaning dir=D:\\test\\xhs-data\\profiles\\acc_4\\profile"
time="2026-01-06T10:51:52+08:00" level=debug msg="cleanupUserDataLocks: D:\\test\\xhs-data\\profiles\\acc_4\\profile\\SingletonLock does not exist"
time="2026-01-06T10:51:52+08:00" level=debug msg="cleanupUserDataLocks: D:\\test\\xhs-data\\profiles\\acc_4\\profile\\SingletonCookie does not exist"
time="2026-01-06T10:51:52+08:00" level=debug msg="cleanupUserDataLocks: D:\\test\\xhs-data\\profiles\\acc_4\\profile\\SingletonSocket does not exist"
time="2026-01-06T10:51:52+08:00" level=debug msg="cleanupUserDataLocks: D:\\test\\xhs-data\\profiles\\acc_4\\profile\\DevToolsActivePort does not exist"
time="2026-01-06T10:51:52+08:00" level=info msg="cleanupUserDataLocks: cleaned 0 lock files"
time="2026-01-06T10:51:52+08:00" level=info msg="browser launch: lock cleanup completed"
time="2026-01-06T10:51:52+08:00" level=info msg="browser launch: about to call l.Launch()..."
time="2026-01-06T10:51:52+08:00" level=info msg="browser launch: ===== Attempt 1 EXECUTING LAUNCH ====="
DevTools listening on ws://127.0.0.1:1849/devtools/browser/6e7af34e-1ba4-44ef-b342-b7e828c01dd6
time="2026-01-06T10:51:52+08:00" level=info msg="browser launch: ===== Attempt 1 LAUNCH RETURNED (duration: 280.7526ms) ====="
time="2026-01-06T10:51:52+08:00" level=info msg="browser launch: SUCCESS! control url=ws://127.0.0.1:1849/devtools/browser/6e7af34e-1ba4-44ef-b342-b7e828c01dd6"
time="2026-01-06T10:51:52+08:00" level=info msg="browser launch: ===== Attempt 1 COMPLETED SUCCESSFULLY ====="
time="2026-01-06T10:51:52+08:00" level=info msg="browser connect: connecting to Chromium"
time="2026-01-06T10:51:52+08:00" level=info msg="browser connect: success"
time="2026-01-06T10:51:52+08:00" level=debug msg="loaded cookies from D:\\test\\xhs-data\\cookies\\acc_4\\cookies.json"
time="2026-01-06T10:51:52+08:00" level=warning msg="apply fingerprint failed: eval js error: TypeError: Cannot read properties of undefined (reading 'apply')\n    at <anonymous>:29:7 <nil>"
time="2026-01-06T10:51:52+08:00" level=info msg="打开 feed 详情页: https://www.xiaohongshu.com/explore/6951ebd9000000002103fc51?xsec_token=ABrPBvmW2ZWHMAPA0V4t-Sf95iVYU5gYLrseYdP8n2clU=&xsec_source=pc_feed"
time="2026-01-06T10:51:52+08:00" level=info msg="配置: 点击更多=false, 回复阈值=10, 最大评论数=0, 滚动速度=normal"
[8728:23772:0106/105155.759:ERROR:components\device_event_log\device_event_log_impl.cc:198] [10:51:55.760] USB: usb_service_win.cc:105 SetupDiGetDeviceProperty({{A45C254E-DF1C-4EFD-8020-67D146A850E0}, 6}) failed: 找不到元素。 (0x490)
[8728:7172:0106/105156.940:ERROR:google_apis\gcm\engine\registration_request.cc:292] Registration response error message: DEPRECATED_ENDPOINT
[GIN] 2026/01/06 - 10:52:00 | 200 |    8.2974478s |       127.0.0.1 | POST     "/mcp"
[GIN] 2026/01/06 - 10:52:00 | 200 |    8.3063751s |       127.0.0.1 | GET      "/mcp"
[GIN] 2026/01/06 - 10:52:58 | 200 |          5m0s |       127.0.0.1 | GET      "/mcp"
[GIN] 2026/01/06 - 10:53:25 | 200 |          5m0s |       127.0.0.1 | GET      "/mcp"
[GIN] 2026/01/06 - 10:53:28 | 200 |            0s |       127.0.0.1 | POST     "/mcp"
[GIN] 2026/01/06 - 10:53:28 | 202 |       515.8µs |       127.0.0.1 | POST     "/mcp"
[GIN] 2026/01/06 - 10:53:28 | 200 |       503.8µs |       127.0.0.1 | POST     "/mcp"
time="2026-01-06T10:53:28+08:00" level=info msg="MCP: 获取Feed详情"
time="2026-01-06T10:53:28+08:00" level=info msg="MCP: 获取Feed详情 - Feed ID: 692417ab000000001e02eb1b, loadAllComments=false, config={ClickMoreReplies:false MaxRepliesThreshold:10 MaxCommentItems:0 ScrollSpeed:normal}"
time="2026-01-06T10:53:28+08:00" level=info msg="browser launch: using attempt-level timeout control"
time="2026-01-06T10:53:28+08:00" level=info msg="cleanupUserDataLocks: cleaning dir=D:\\test\\xhs-data\\profiles\\acc_4\\profile"
time="2026-01-06T10:53:28+08:00" level=debug msg="cleanupUserDataLocks: D:\\test\\xhs-data\\profiles\\acc_4\\profile\\SingletonLock does not exist"
time="2026-01-06T10:53:28+08:00" level=debug msg="cleanupUserDataLocks: D:\\test\\xhs-data\\profiles\\acc_4\\profile\\SingletonCookie does not exist"
time="2026-01-06T10:53:28+08:00" level=debug msg="cleanupUserDataLocks: D:\\test\\xhs-data\\profiles\\acc_4\\profile\\SingletonSocket does not exist"
time="2026-01-06T10:53:28+08:00" level=info msg="cleanupUserDataLocks: removed D:\\test\\xhs-data\\profiles\\acc_4\\profile\\DevToolsActivePort"
time="2026-01-06T10:53:28+08:00" level=info msg="cleanupUserDataLocks: cleaned 1 lock files"
time="2026-01-06T10:53:28+08:00" level=info msg="browser launch: ===== Attempt 1 START ====="
time="2026-01-06T10:53:28+08:00" level=info msg="browser launch: created independent attempt context with 30s timeout"
time="2026-01-06T10:53:28+08:00" level=info msg="browser launch: created launcher"
time="2026-01-06T10:53:28+08:00" level=info msg="browser launch: headless=true bin=\"D:\\\\test\\\\chromium\\\\chrome-win64\\\\chrome.exe\" userData=\"D:\\\\test\\\\xhs-data\\\\profiles\\\\acc_4\\\\profile\" proxy=\"\" (attempt 1)"
time="2026-01-06T10:53:28+08:00" level=info msg="browser launch args: --disable-background-networking --disable-background-timer-throttling --disable-backgrounding-occluded-windows --disable-breakpad --disable-client-side-phishing-detection --disable-component-extensions-with-background-pages --disable-default-apps --disable-dev-shm-usage --disable-features=site-per-process,TranslateUI --disable-hang-monitor --disable-ipc-flooding-protection --disable-popup-blocking --disable-prompt-on-repost --disable-renderer-backgrounding --disable-site-isolation-trials --disable-sync --enable-automation --enable-features=NetworkService,NetworkServiceInProcess --force-color-profile=srgb --headless --lang=zh-CN --metrics-recording-only --no-default-browser-check --no-first-run --no-sandbox --no-startup-window --remote-debugging-port=0 --use-mock-keychain --user-agent=Mozilla/5.0 (Macintosh; Intel Mac OS X 10_15_7) AppleWebKit/537.36 (KHTML, like Gecko) Chrome/125.0.0.144 Safari/537.36 --user-data-dir=D:\\test\\xhs-data\\profiles\\acc_4\\profile"
time="2026-01-06T10:53:28+08:00" level=info msg="browser launch: cleaning locks before launch"
time="2026-01-06T10:53:28+08:00" level=info msg="cleanupUserDataLocks: cleaning dir=D:\\test\\xhs-data\\profiles\\acc_4\\profile"
time="2026-01-06T10:53:28+08:00" level=debug msg="cleanupUserDataLocks: D:\\test\\xhs-data\\profiles\\acc_4\\profile\\SingletonLock does not exist"
time="2026-01-06T10:53:28+08:00" level=debug msg="cleanupUserDataLocks: D:\\test\\xhs-data\\profiles\\acc_4\\profile\\SingletonCookie does not exist"
time="2026-01-06T10:53:28+08:00" level=debug msg="cleanupUserDataLocks: D:\\test\\xhs-data\\profiles\\acc_4\\profile\\SingletonSocket does not exist"
time="2026-01-06T10:53:28+08:00" level=debug msg="cleanupUserDataLocks: D:\\test\\xhs-data\\profiles\\acc_4\\profile\\DevToolsActivePort does not exist"
time="2026-01-06T10:53:28+08:00" level=info msg="cleanupUserDataLocks: cleaned 0 lock files"
time="2026-01-06T10:53:28+08:00" level=info msg="browser launch: lock cleanup completed"
time="2026-01-06T10:53:28+08:00" level=info msg="browser launch: about to call l.Launch()..."
time="2026-01-06T10:53:28+08:00" level=info msg="browser launch: ===== Attempt 1 EXECUTING LAUNCH ====="
DevTools listening on ws://127.0.0.1:10957/devtools/browser/7b2c0f65-7ad5-41cb-baf1-22b0fb67e156
time="2026-01-06T10:53:28+08:00" level=info msg="browser launch: ===== Attempt 1 LAUNCH RETURNED (duration: 256.5987ms) ====="
time="2026-01-06T10:53:28+08:00" level=info msg="browser launch: SUCCESS! control url=ws://127.0.0.1:10957/devtools/browser/7b2c0f65-7ad5-41cb-baf1-22b0fb67e156"
time="2026-01-06T10:53:28+08:00" level=info msg="browser launch: ===== Attempt 1 COMPLETED SUCCESSFULLY ====="
time="2026-01-06T10:53:28+08:00" level=info msg="browser connect: connecting to Chromium"
time="2026-01-06T10:53:28+08:00" level=info msg="browser connect: success"
time="2026-01-06T10:53:28+08:00" level=debug msg="loaded cookies from D:\\test\\xhs-data\\cookies\\acc_4\\cookies.json"
time="2026-01-06T10:53:28+08:00" level=warning msg="apply fingerprint failed: eval js error: TypeError: Cannot read properties of undefined (reading 'apply')\n    at <anonymous>:29:7 <nil>"
time="2026-01-06T10:53:28+08:00" level=info msg="打开 feed 详情页: https://www.xiaohongshu.com/explore/692417ab000000001e02eb1b?xsec_token=ABVoul4bqS21dKUwsYDxn9bXA4H0_aPzpR-WweoIUTZ2s=&xsec_source=pc_feed"
time="2026-01-06T10:53:28+08:00" level=info msg="配置: 点击更多=false, 回复阈值=10, 最大评论数=0, 滚动速度=normal"
[13472:6192:0106/105332.652:ERROR:components\device_event_log\device_event_log_impl.cc:198] [10:53:32.652] USB: usb_service_win.cc:105 SetupDiGetDeviceProperty({{A45C254E-DF1C-4EFD-8020-67D146A850E0}, 6}) failed: 找不到元素。 (0x490)
[13472:5032:0106/105333.726:ERROR:google_apis\gcm\engine\registration_request.cc:292] Registration response error message: DEPRECATED_ENDPOINT
[GIN] 2026/01/06 - 10:53:36 | 200 |    8.2800481s |       127.0.0.1 | POST     "/mcp"
[GIN] 2026/01/06 - 10:53:36 | 200 |    8.2895256s |       127.0.0.1 | GET      "/mcp"
[GIN] 2026/01/06 - 10:54:13 | 200 |       512.5µs |       127.0.0.1 | POST     "/mcp"
[GIN] 2026/01/06 - 10:54:13 | 202 |            0s |       127.0.0.1 | POST     "/mcp"
[GIN] 2026/01/06 - 10:54:13 | 200 |       529.2µs |       127.0.0.1 | POST     "/mcp"
time="2026-01-06T10:54:13+08:00" level=info msg="MCP: 获取Feed详情"
time="2026-01-06T10:54:13+08:00" level=info msg="MCP: 获取Feed详情 - Feed ID: 67e7b7d7000000001c02c6c9, loadAllComments=false, config={ClickMoreReplies:false MaxRepliesThreshold:10 MaxCommentItems:0 ScrollSpeed:normal}"
time="2026-01-06T10:54:13+08:00" level=info msg="browser launch: using attempt-level timeout control"
time="2026-01-06T10:54:13+08:00" level=info msg="cleanupUserDataLocks: cleaning dir=D:\\test\\xhs-data\\profiles\\acc_4\\profile"
time="2026-01-06T10:54:13+08:00" level=debug msg="cleanupUserDataLocks: D:\\test\\xhs-data\\profiles\\acc_4\\profile\\SingletonLock does not exist"
time="2026-01-06T10:54:13+08:00" level=debug msg="cleanupUserDataLocks: D:\\test\\xhs-data\\profiles\\acc_4\\profile\\SingletonCookie does not exist"
time="2026-01-06T10:54:13+08:00" level=debug msg="cleanupUserDataLocks: D:\\test\\xhs-data\\profiles\\acc_4\\profile\\SingletonSocket does not exist"
time="2026-01-06T10:54:13+08:00" level=info msg="cleanupUserDataLocks: removed D:\\test\\xhs-data\\profiles\\acc_4\\profile\\DevToolsActivePort"
time="2026-01-06T10:54:13+08:00" level=info msg="cleanupUserDataLocks: cleaned 1 lock files"
time="2026-01-06T10:54:13+08:00" level=info msg="browser launch: ===== Attempt 1 START ====="
time="2026-01-06T10:54:13+08:00" level=info msg="browser launch: created independent attempt context with 30s timeout"
time="2026-01-06T10:54:13+08:00" level=info msg="browser launch: created launcher"
time="2026-01-06T10:54:13+08:00" level=info msg="browser launch: headless=true bin=\"D:\\\\test\\\\chromium\\\\chrome-win64\\\\chrome.exe\" userData=\"D:\\\\test\\\\xhs-data\\\\profiles\\\\acc_4\\\\profile\" proxy=\"\" (attempt 1)"
time="2026-01-06T10:54:13+08:00" level=info msg="browser launch args: --disable-background-networking --disable-background-timer-throttling --disable-backgrounding-occluded-windows --disable-breakpad --disable-client-side-phishing-detection --disable-component-extensions-with-background-pages --disable-default-apps --disable-dev-shm-usage --disable-features=site-per-process,TranslateUI --disable-hang-monitor --disable-ipc-flooding-protection --disable-popup-blocking --disable-prompt-on-repost --disable-renderer-backgrounding --disable-site-isolation-trials --disable-sync --enable-automation --enable-features=NetworkService,NetworkServiceInProcess --force-color-profile=srgb --headless --lang=zh-CN --metrics-recording-only --no-default-browser-check --no-first-run --no-sandbox --no-startup-window --remote-debugging-port=0 --use-mock-keychain --user-agent=Mozilla/5.0 (Macintosh; Intel Mac OS X 10_15_7) AppleWebKit/537.36 (KHTML, like Gecko) Chrome/125.0.0.144 Safari/537.36 --user-data-dir=D:\\test\\xhs-data\\profiles\\acc_4\\profile"
time="2026-01-06T10:54:13+08:00" level=info msg="browser launch: cleaning locks before launch"
time="2026-01-06T10:54:13+08:00" level=info msg="cleanupUserDataLocks: cleaning dir=D:\\test\\xhs-data\\profiles\\acc_4\\profile"
time="2026-01-06T10:54:13+08:00" level=debug msg="cleanupUserDataLocks: D:\\test\\xhs-data\\profiles\\acc_4\\profile\\SingletonLock does not exist"
time="2026-01-06T10:54:13+08:00" level=debug msg="cleanupUserDataLocks: D:\\test\\xhs-data\\profiles\\acc_4\\profile\\SingletonCookie does not exist"
time="2026-01-06T10:54:13+08:00" level=debug msg="cleanupUserDataLocks: D:\\test\\xhs-data\\profiles\\acc_4\\profile\\SingletonSocket does not exist"
time="2026-01-06T10:54:13+08:00" level=debug msg="cleanupUserDataLocks: D:\\test\\xhs-data\\profiles\\acc_4\\profile\\DevToolsActivePort does not exist"
time="2026-01-06T10:54:13+08:00" level=info msg="cleanupUserDataLocks: cleaned 0 lock files"
time="2026-01-06T10:54:13+08:00" level=info msg="browser launch: lock cleanup completed"
time="2026-01-06T10:54:13+08:00" level=info msg="browser launch: about to call l.Launch()..."
time="2026-01-06T10:54:13+08:00" level=info msg="browser launch: ===== Attempt 1 EXECUTING LAUNCH ====="
DevTools listening on ws://127.0.0.1:10840/devtools/browser/b1da8d21-0e41-4667-934b-09f5e8e75413
time="2026-01-06T10:54:14+08:00" level=info msg="browser launch: ===== Attempt 1 LAUNCH RETURNED (duration: 282.5929ms) ====="
time="2026-01-06T10:54:14+08:00" level=info msg="browser launch: SUCCESS! control url=ws://127.0.0.1:10840/devtools/browser/b1da8d21-0e41-4667-934b-09f5e8e75413"
time="2026-01-06T10:54:14+08:00" level=info msg="browser launch: ===== Attempt 1 COMPLETED SUCCESSFULLY ====="
time="2026-01-06T10:54:14+08:00" level=info msg="browser connect: connecting to Chromium"
time="2026-01-06T10:54:14+08:00" level=info msg="browser connect: success"
time="2026-01-06T10:54:14+08:00" level=debug msg="loaded cookies from D:\\test\\xhs-data\\cookies\\acc_4\\cookies.json"
time="2026-01-06T10:54:14+08:00" level=warning msg="apply fingerprint failed: eval js error: TypeError: Cannot read properties of undefined (reading 'apply')\n    at <anonymous>:29:7 <nil>"
time="2026-01-06T10:54:14+08:00" level=info msg="打开 feed 详情页: https://www.xiaohongshu.com/explore/67e7b7d7000000001c02c6c9?xsec_token=ABaTUCDsQe7JWr94MkdXK0AbjM4TZatUmz-lXzWvThZtA=&xsec_source=pc_feed"
time="2026-01-06T10:54:14+08:00" level=info msg="配置: 点击更多=false, 回复阈值=10, 最大评论数=0, 滚动速度=normal"
[9060:8748:0106/105417.411:ERROR:components\device_event_log\device_event_log_impl.cc:198] [10:54:17.411] USB: usb_service_win.cc:105 SetupDiGetDeviceProperty({{A45C254E-DF1C-4EFD-8020-67D146A850E0}, 6}) failed: 找不到元素。 (0x490)
time="2026-01-06T10:54:18+08:00" level=warning msg="笔记不可访问: 当前笔记暂时无法浏览"
[GIN] 2026/01/06 - 10:54:19 | 200 |    5.3153109s |       127.0.0.1 | POST     "/mcp"
[GIN] 2026/01/06 - 10:54:19 | 200 |    5.3231152s |       127.0.0.1 | GET      "/mcp"
[GIN] 2026/01/06 - 10:54:49 | 200 |            0s |       127.0.0.1 | POST     "/mcp"
[GIN] 2026/01/06 - 10:54:49 | 202 |            0s |       127.0.0.1 | POST     "/mcp"
[GIN] 2026/01/06 - 10:54:49 | 200 |       520.1µs |       127.0.0.1 | POST     "/mcp"
time="2026-01-06T10:54:49+08:00" level=info msg="MCP: 获取Feed详情"
time="2026-01-06T10:54:49+08:00" level=info msg="MCP: 获取Feed详情 - Feed ID: 67e7b7d7000000001c02c6c9, loadAllComments=false, config={ClickMoreReplies:false MaxRepliesThreshold:10 MaxCommentItems:0 ScrollSpeed:normal}"
time="2026-01-06T10:54:49+08:00" level=info msg="browser launch: using attempt-level timeout control"
time="2026-01-06T10:54:49+08:00" level=info msg="cleanupUserDataLocks: cleaning dir=D:\\test\\xhs-data\\profiles\\acc_4\\profile"
time="2026-01-06T10:54:49+08:00" level=debug msg="cleanupUserDataLocks: D:\\test\\xhs-data\\profiles\\acc_4\\profile\\SingletonLock does not exist"
time="2026-01-06T10:54:49+08:00" level=debug msg="cleanupUserDataLocks: D:\\test\\xhs-data\\profiles\\acc_4\\profile\\SingletonCookie does not exist"
time="2026-01-06T10:54:49+08:00" level=debug msg="cleanupUserDataLocks: D:\\test\\xhs-data\\profiles\\acc_4\\profile\\SingletonSocket does not exist"
time="2026-01-06T10:54:49+08:00" level=info msg="cleanupUserDataLocks: removed D:\\test\\xhs-data\\profiles\\acc_4\\profile\\DevToolsActivePort"
time="2026-01-06T10:54:49+08:00" level=info msg="cleanupUserDataLocks: cleaned 1 lock files"
time="2026-01-06T10:54:49+08:00" level=info msg="browser launch: ===== Attempt 1 START ====="
time="2026-01-06T10:54:49+08:00" level=info msg="browser launch: created independent attempt context with 30s timeout"
time="2026-01-06T10:54:49+08:00" level=info msg="browser launch: created launcher"
time="2026-01-06T10:54:49+08:00" level=info msg="browser launch: headless=true bin=\"D:\\\\test\\\\chromium\\\\chrome-win64\\\\chrome.exe\" userData=\"D:\\\\test\\\\xhs-data\\\\profiles\\\\acc_4\\\\profile\" proxy=\"\" (attempt 1)"
time="2026-01-06T10:54:49+08:00" level=info msg="browser launch args: --disable-background-networking --disable-background-timer-throttling --disable-backgrounding-occluded-windows --disable-breakpad --disable-client-side-phishing-detection --disable-component-extensions-with-background-pages --disable-default-apps --disable-dev-shm-usage --disable-features=site-per-process,TranslateUI --disable-hang-monitor --disable-ipc-flooding-protection --disable-popup-blocking --disable-prompt-on-repost --disable-renderer-backgrounding --disable-site-isolation-trials --disable-sync --enable-automation --enable-features=NetworkService,NetworkServiceInProcess --force-color-profile=srgb --headless --lang=zh-CN --metrics-recording-only --no-default-browser-check --no-first-run --no-sandbox --no-startup-window --remote-debugging-port=0 --use-mock-keychain --user-agent=Mozilla/5.0 (Macintosh; Intel Mac OS X 10_15_7) AppleWebKit/537.36 (KHTML, like Gecko) Chrome/125.0.0.144 Safari/537.36 --user-data-dir=D:\\test\\xhs-data\\profiles\\acc_4\\profile"
time="2026-01-06T10:54:49+08:00" level=info msg="browser launch: cleaning locks before launch"
time="2026-01-06T10:54:49+08:00" level=info msg="cleanupUserDataLocks: cleaning dir=D:\\test\\xhs-data\\profiles\\acc_4\\profile"
time="2026-01-06T10:54:49+08:00" level=debug msg="cleanupUserDataLocks: D:\\test\\xhs-data\\profiles\\acc_4\\profile\\SingletonLock does not exist"
time="2026-01-06T10:54:49+08:00" level=debug msg="cleanupUserDataLocks: D:\\test\\xhs-data\\profiles\\acc_4\\profile\\SingletonCookie does not exist"
time="2026-01-06T10:54:49+08:00" level=debug msg="cleanupUserDataLocks: D:\\test\\xhs-data\\profiles\\acc_4\\profile\\SingletonSocket does not exist"
time="2026-01-06T10:54:49+08:00" level=debug msg="cleanupUserDataLocks: D:\\test\\xhs-data\\profiles\\acc_4\\profile\\DevToolsActivePort does not exist"
time="2026-01-06T10:54:49+08:00" level=info msg="cleanupUserDataLocks: cleaned 0 lock files"
time="2026-01-06T10:54:49+08:00" level=info msg="browser launch: lock cleanup completed"
time="2026-01-06T10:54:49+08:00" level=info msg="browser launch: about to call l.Launch()..."
time="2026-01-06T10:54:49+08:00" level=info msg="browser launch: ===== Attempt 1 EXECUTING LAUNCH ====="
DevTools listening on ws://127.0.0.1:1196/devtools/browser/aa4c5022-0219-4e44-a67e-d9306383b9a1
time="2026-01-06T10:54:49+08:00" level=info msg="browser launch: ===== Attempt 1 LAUNCH RETURNED (duration: 285.2043ms) ====="
time="2026-01-06T10:54:49+08:00" level=info msg="browser launch: SUCCESS! control url=ws://127.0.0.1:1196/devtools/browser/aa4c5022-0219-4e44-a67e-d9306383b9a1"
time="2026-01-06T10:54:49+08:00" level=info msg="browser launch: ===== Attempt 1 COMPLETED SUCCESSFULLY ====="
time="2026-01-06T10:54:49+08:00" level=info msg="browser connect: connecting to Chromium"
time="2026-01-06T10:54:49+08:00" level=info msg="browser connect: success"
time="2026-01-06T10:54:49+08:00" level=debug msg="loaded cookies from D:\\test\\xhs-data\\cookies\\acc_4\\cookies.json"
time="2026-01-06T10:54:49+08:00" level=warning msg="apply fingerprint failed: eval js error: TypeError: Cannot read properties of undefined (reading 'apply')\n    at <anonymous>:29:7 <nil>"
time="2026-01-06T10:54:49+08:00" level=info msg="打开 feed 详情页: https://www.xiaohongshu.com/explore/67e7b7d7000000001c02c6c9?xsec_token=ABaTUCDsQe7JWr94MkdXK0AbjM4TZatUmz-lXzWvThZtA=&xsec_source=pc_feed"
time="2026-01-06T10:54:49+08:00" level=info msg="配置: 点击更多=false, 回复阈值=10, 最大评论数=0, 滚动速度=normal"
[6620:24148:0106/105452.764:ERROR:components\device_event_log\device_event_log_impl.cc:198] [10:54:52.764] USB: usb_service_win.cc:105 SetupDiGetDeviceProperty({{A45C254E-DF1C-4EFD-8020-67D146A850E0}, 6}) failed: 找不到元素。 (0x490)
[6620:2504:0106/105453.862:ERROR:google_apis\gcm\engine\registration_request.cc:292] Registration response error message: DEPRECATED_ENDPOINT
[GIN] 2026/01/06 - 10:54:57 | 200 |    8.2665411s |       127.0.0.1 | POST     "/mcp"
[GIN] 2026/01/06 - 10:54:57 | 200 |    8.2748467s |       127.0.0.1 | GET      "/mcp"
[GIN] 2026/01/06 - 10:55:06 | 200 |          5m0s |       127.0.0.1 | GET      "/mcp"
[GIN] 2026/01/06 - 10:55:56 | 200 |          5m0s |       127.0.0.1 | GET      "/mcp"
[GIN] 2026/01/06 - 10:55:56 | 200 |            0s |       127.0.0.1 | POST     "/mcp"
[GIN] 2026/01/06 - 10:55:56 | 202 |            0s |       127.0.0.1 | POST     "/mcp"
[GIN] 2026/01/06 - 10:55:56 | 200 |         524µs |       127.0.0.1 | POST     "/mcp"
time="2026-01-06T10:55:56+08:00" level=info msg="MCP: 获取Feed详情"
time="2026-01-06T10:55:56+08:00" level=info msg="MCP: 获取Feed详情 - Feed ID: 69464186000000000d00f72a, loadAllComments=false, config={ClickMoreReplies:false MaxRepliesThreshold:10 MaxCommentItems:0 ScrollSpeed:normal}"
time="2026-01-06T10:55:56+08:00" level=info msg="browser launch: using attempt-level timeout control"
time="2026-01-06T10:55:56+08:00" level=info msg="cleanupUserDataLocks: cleaning dir=D:\\test\\xhs-data\\profiles\\acc_4\\profile"
time="2026-01-06T10:55:56+08:00" level=debug msg="cleanupUserDataLocks: D:\\test\\xhs-data\\profiles\\acc_4\\profile\\SingletonLock does not exist"
time="2026-01-06T10:55:56+08:00" level=debug msg="cleanupUserDataLocks: D:\\test\\xhs-data\\profiles\\acc_4\\profile\\SingletonCookie does not exist"
time="2026-01-06T10:55:56+08:00" level=debug msg="cleanupUserDataLocks: D:\\test\\xhs-data\\profiles\\acc_4\\profile\\SingletonSocket does not exist"
time="2026-01-06T10:55:56+08:00" level=info msg="cleanupUserDataLocks: removed D:\\test\\xhs-data\\profiles\\acc_4\\profile\\DevToolsActivePort"
time="2026-01-06T10:55:56+08:00" level=info msg="cleanupUserDataLocks: cleaned 1 lock files"
time="2026-01-06T10:55:56+08:00" level=info msg="browser launch: ===== Attempt 1 START ====="
time="2026-01-06T10:55:56+08:00" level=info msg="browser launch: created independent attempt context with 30s timeout"
time="2026-01-06T10:55:56+08:00" level=info msg="browser launch: created launcher"
time="2026-01-06T10:55:56+08:00" level=info msg="browser launch: headless=true bin=\"D:\\\\test\\\\chromium\\\\chrome-win64\\\\chrome.exe\" userData=\"D:\\\\test\\\\xhs-data\\\\profiles\\\\acc_4\\\\profile\" proxy=\"\" (attempt 1)"
time="2026-01-06T10:55:56+08:00" level=info msg="browser launch args: --disable-background-networking --disable-background-timer-throttling --disable-backgrounding-occluded-windows --disable-breakpad --disable-client-side-phishing-detection --disable-component-extensions-with-background-pages --disable-default-apps --disable-dev-shm-usage --disable-features=site-per-process,TranslateUI --disable-hang-monitor --disable-ipc-flooding-protection --disable-popup-blocking --disable-prompt-on-repost --disable-renderer-backgrounding --disable-site-isolation-trials --disable-sync --enable-automation --enable-features=NetworkService,NetworkServiceInProcess --force-color-profile=srgb --headless --lang=zh-CN --metrics-recording-only --no-default-browser-check --no-first-run --no-sandbox --no-startup-window --remote-debugging-port=0 --use-mock-keychain --user-agent=Mozilla/5.0 (Macintosh; Intel Mac OS X 10_15_7) AppleWebKit/537.36 (KHTML, like Gecko) Chrome/125.0.0.144 Safari/537.36 --user-data-dir=D:\\test\\xhs-data\\profiles\\acc_4\\profile"
time="2026-01-06T10:55:56+08:00" level=info msg="browser launch: cleaning locks before launch"
time="2026-01-06T10:55:56+08:00" level=info msg="cleanupUserDataLocks: cleaning dir=D:\\test\\xhs-data\\profiles\\acc_4\\profile"
time="2026-01-06T10:55:56+08:00" level=debug msg="cleanupUserDataLocks: D:\\test\\xhs-data\\profiles\\acc_4\\profile\\SingletonLock does not exist"
time="2026-01-06T10:55:56+08:00" level=debug msg="cleanupUserDataLocks: D:\\test\\xhs-data\\profiles\\acc_4\\profile\\SingletonCookie does not exist"
time="2026-01-06T10:55:56+08:00" level=debug msg="cleanupUserDataLocks: D:\\test\\xhs-data\\profiles\\acc_4\\profile\\SingletonSocket does not exist"
time="2026-01-06T10:55:56+08:00" level=debug msg="cleanupUserDataLocks: D:\\test\\xhs-data\\profiles\\acc_4\\profile\\DevToolsActivePort does not exist"
time="2026-01-06T10:55:56+08:00" level=info msg="cleanupUserDataLocks: cleaned 0 lock files"
time="2026-01-06T10:55:56+08:00" level=info msg="browser launch: lock cleanup completed"
time="2026-01-06T10:55:56+08:00" level=info msg="browser launch: about to call l.Launch()..."
time="2026-01-06T10:55:56+08:00" level=info msg="browser launch: ===== Attempt 1 EXECUTING LAUNCH ====="
DevTools listening on ws://127.0.0.1:4525/devtools/browser/88eb7fe4-b4eb-4a01-ab19-6305832df3b2
time="2026-01-06T10:55:57+08:00" level=info msg="browser launch: ===== Attempt 1 LAUNCH RETURNED (duration: 297.6985ms) ====="
time="2026-01-06T10:55:57+08:00" level=info msg="browser launch: SUCCESS! control url=ws://127.0.0.1:4525/devtools/browser/88eb7fe4-b4eb-4a01-ab19-6305832df3b2"
time="2026-01-06T10:55:57+08:00" level=info msg="browser launch: ===== Attempt 1 COMPLETED SUCCESSFULLY ====="
time="2026-01-06T10:55:57+08:00" level=info msg="browser connect: connecting to Chromium"
time="2026-01-06T10:55:57+08:00" level=info msg="browser connect: success"
time="2026-01-06T10:55:57+08:00" level=debug msg="loaded cookies from D:\\test\\xhs-data\\cookies\\acc_4\\cookies.json"
time="2026-01-06T10:55:57+08:00" level=warning msg="apply fingerprint failed: eval js error: TypeError: Cannot read properties of undefined (reading 'apply')\n    at <anonymous>:29:7 <nil>"
time="2026-01-06T10:55:57+08:00" level=info msg="打开 feed 详情页: https://www.xiaohongshu.com/explore/69464186000000000d00f72a?xsec_token=ABp2xtJYBk3jNPBgMSmTPfNEmw6q4iIJimtkoOpcCJE1s=&xsec_source=pc_feed"
time="2026-01-06T10:55:57+08:00" level=info msg="配置: 点击更多=false, 回复阈值=10, 最大评论数=0, 滚动速度=normal"
[3800:11764:0106/105600.138:ERROR:components\device_event_log\device_event_log_impl.cc:198] [10:56:00.138] USB: usb_service_win.cc:105 SetupDiGetDeviceProperty({{A45C254E-DF1C-4EFD-8020-67D146A850E0}, 6}) failed: 找不到元素。 (0x490)
time="2026-01-06T10:56:01+08:00" level=warning msg="笔记不可访问: 当前笔记暂时无法浏览"
[GIN] 2026/01/06 - 10:56:02 | 200 |    5.4389078s |       127.0.0.1 | POST     "/mcp"
[GIN] 2026/01/06 - 10:56:02 | 200 |    5.4467188s |       127.0.0.1 | GET      "/mcp"
[GIN] 2026/01/06 - 10:56:26 | 200 |          5m0s |       127.0.0.1 | GET      "/mcp"
[GIN] 2026/01/06 - 10:56:32 | 200 |       518.4µs |       127.0.0.1 | POST     "/mcp"
[GIN] 2026/01/06 - 10:56:32 | 202 |       517.2µs |       127.0.0.1 | POST     "/mcp"
[GIN] 2026/01/06 - 10:56:32 | 200 |         518µs |       127.0.0.1 | POST     "/mcp"
time="2026-01-06T10:56:32+08:00" level=info msg="MCP: 获取Feed详情"
time="2026-01-06T10:56:32+08:00" level=info msg="MCP: 获取Feed详情 - Feed ID: 69464186000000000d00f72a, loadAllComments=false, config={ClickMoreReplies:false MaxRepliesThreshold:10 MaxCommentItems:0 ScrollSpeed:normal}"
time="2026-01-06T10:56:32+08:00" level=info msg="browser launch: using attempt-level timeout control"
time="2026-01-06T10:56:32+08:00" level=info msg="cleanupUserDataLocks: cleaning dir=D:\\test\\xhs-data\\profiles\\acc_4\\profile"
time="2026-01-06T10:56:32+08:00" level=debug msg="cleanupUserDataLocks: D:\\test\\xhs-data\\profiles\\acc_4\\profile\\SingletonLock does not exist"
time="2026-01-06T10:56:32+08:00" level=debug msg="cleanupUserDataLocks: D:\\test\\xhs-data\\profiles\\acc_4\\profile\\SingletonCookie does not exist"
time="2026-01-06T10:56:32+08:00" level=debug msg="cleanupUserDataLocks: D:\\test\\xhs-data\\profiles\\acc_4\\profile\\SingletonSocket does not exist"
time="2026-01-06T10:56:32+08:00" level=info msg="cleanupUserDataLocks: removed D:\\test\\xhs-data\\profiles\\acc_4\\profile\\DevToolsActivePort"
time="2026-01-06T10:56:32+08:00" level=info msg="cleanupUserDataLocks: cleaned 1 lock files"
time="2026-01-06T10:56:32+08:00" level=info msg="browser launch: ===== Attempt 1 START ====="
time="2026-01-06T10:56:32+08:00" level=info msg="browser launch: created independent attempt context with 30s timeout"
time="2026-01-06T10:56:32+08:00" level=info msg="browser launch: created launcher"
time="2026-01-06T10:56:32+08:00" level=info msg="browser launch: headless=true bin=\"D:\\\\test\\\\chromium\\\\chrome-win64\\\\chrome.exe\" userData=\"D:\\\\test\\\\xhs-data\\\\profiles\\\\acc_4\\\\profile\" proxy=\"\" (attempt 1)"
time="2026-01-06T10:56:32+08:00" level=info msg="browser launch args: --disable-background-networking --disable-background-timer-throttling --disable-backgrounding-occluded-windows --disable-breakpad --disable-client-side-phishing-detection --disable-component-extensions-with-background-pages --disable-default-apps --disable-dev-shm-usage --disable-features=site-per-process,TranslateUI --disable-hang-monitor --disable-ipc-flooding-protection --disable-popup-blocking --disable-prompt-on-repost --disable-renderer-backgrounding --disable-site-isolation-trials --disable-sync --enable-automation --enable-features=NetworkService,NetworkServiceInProcess --force-color-profile=srgb --headless --lang=zh-CN --metrics-recording-only --no-default-browser-check --no-first-run --no-sandbox --no-startup-window --remote-debugging-port=0 --use-mock-keychain --user-agent=Mozilla/5.0 (Macintosh; Intel Mac OS X 10_15_7) AppleWebKit/537.36 (KHTML, like Gecko) Chrome/125.0.0.144 Safari/537.36 --user-data-dir=D:\\test\\xhs-data\\profiles\\acc_4\\profile"
time="2026-01-06T10:56:32+08:00" level=info msg="browser launch: cleaning locks before launch"
time="2026-01-06T10:56:32+08:00" level=info msg="cleanupUserDataLocks: cleaning dir=D:\\test\\xhs-data\\profiles\\acc_4\\profile"
time="2026-01-06T10:56:32+08:00" level=debug msg="cleanupUserDataLocks: D:\\test\\xhs-data\\profiles\\acc_4\\profile\\SingletonLock does not exist"
time="2026-01-06T10:56:32+08:00" level=debug msg="cleanupUserDataLocks: D:\\test\\xhs-data\\profiles\\acc_4\\profile\\SingletonCookie does not exist"
time="2026-01-06T10:56:32+08:00" level=debug msg="cleanupUserDataLocks: D:\\test\\xhs-data\\profiles\\acc_4\\profile\\SingletonSocket does not exist"
time="2026-01-06T10:56:32+08:00" level=debug msg="cleanupUserDataLocks: D:\\test\\xhs-data\\profiles\\acc_4\\profile\\DevToolsActivePort does not exist"
time="2026-01-06T10:56:32+08:00" level=info msg="cleanupUserDataLocks: cleaned 0 lock files"
time="2026-01-06T10:56:32+08:00" level=info msg="browser launch: lock cleanup completed"
time="2026-01-06T10:56:32+08:00" level=info msg="browser launch: about to call l.Launch()..."
time="2026-01-06T10:56:32+08:00" level=info msg="browser launch: ===== Attempt 1 EXECUTING LAUNCH ====="
DevTools listening on ws://127.0.0.1:7274/devtools/browser/2686bfb7-3d7e-416e-93a7-f6553c695baa
time="2026-01-06T10:56:32+08:00" level=info msg="browser launch: ===== Attempt 1 LAUNCH RETURNED (duration: 289.5143ms) ====="
time="2026-01-06T10:56:32+08:00" level=info msg="browser launch: SUCCESS! control url=ws://127.0.0.1:7274/devtools/browser/2686bfb7-3d7e-416e-93a7-f6553c695baa"
time="2026-01-06T10:56:32+08:00" level=info msg="browser launch: ===== Attempt 1 COMPLETED SUCCESSFULLY ====="
time="2026-01-06T10:56:32+08:00" level=info msg="browser connect: connecting to Chromium"
time="2026-01-06T10:56:32+08:00" level=info msg="browser connect: success"
time="2026-01-06T10:56:32+08:00" level=debug msg="loaded cookies from D:\\test\\xhs-data\\cookies\\acc_4\\cookies.json"
time="2026-01-06T10:56:32+08:00" level=warning msg="apply fingerprint failed: eval js error: TypeError: Cannot read properties of undefined (reading 'apply')\n    at <anonymous>:29:7 <nil>"
time="2026-01-06T10:56:32+08:00" level=info msg="打开 feed 详情页: https://www.xiaohongshu.com/explore/69464186000000000d00f72a?xsec_token=ABp2xtJYBk3jNPBgMSmTPfNEmw6q4iIJimtkoOpcCJE1s=&xsec_source=pc_feed"
time="2026-01-06T10:56:32+08:00" level=info msg="配置: 点击更多=false, 回复阈值=10, 最大评论数=0, 滚动速度=normal"
[GIN] 2026/01/06 - 10:56:33 | 200 |          5m0s |       127.0.0.1 | GET      "/mcp"
[20996:23028:0106/105636.643:ERROR:components\device_event_log\device_event_log_impl.cc:198] [10:56:36.644] USB: usb_service_win.cc:105 SetupDiGetDeviceProperty({{A45C254E-DF1C-4EFD-8020-67D146A850E0}, 6}) failed: 找不到元素。 (0x490)
[20996:5452:0106/105637.709:ERROR:google_apis\gcm\engine\registration_request.cc:292] Registration response error message: DEPRECATED_ENDPOINT
[GIN] 2026/01/06 - 10:56:40 | 200 |    8.3670829s |       127.0.0.1 | POST     "/mcp"
[GIN] 2026/01/06 - 10:56:40 | 200 |    8.3754561s |       127.0.0.1 | GET      "/mcp"
[GIN] 2026/01/06 - 10:58:00 | 200 |          5m0s |       127.0.0.1 | GET      "/mcp"
[GIN] 2026/01/06 - 10:58:15 | 200 |            0s |       127.0.0.1 | POST     "/mcp"
[GIN] 2026/01/06 - 10:58:15 | 202 |            0s |       127.0.0.1 | POST     "/mcp"
[GIN] 2026/01/06 - 10:58:15 | 200 |       528.4µs |       127.0.0.1 | POST     "/mcp"
time="2026-01-06T10:58:15+08:00" level=info msg="MCP: 获取Feed详情"
time="2026-01-06T10:58:15+08:00" level=info msg="MCP: 获取Feed详情 - Feed ID: 65d36385000000000700456e, loadAllComments=false, config={ClickMoreReplies:false MaxRepliesThreshold:10 MaxCommentItems:0 ScrollSpeed:normal}"
time="2026-01-06T10:58:15+08:00" level=info msg="browser launch: using attempt-level timeout control"
time="2026-01-06T10:58:15+08:00" level=info msg="cleanupUserDataLocks: cleaning dir=D:\\test\\xhs-data\\profiles\\acc_4\\profile"
time="2026-01-06T10:58:15+08:00" level=debug msg="cleanupUserDataLocks: D:\\test\\xhs-data\\profiles\\acc_4\\profile\\SingletonLock does not exist"
time="2026-01-06T10:58:15+08:00" level=debug msg="cleanupUserDataLocks: D:\\test\\xhs-data\\profiles\\acc_4\\profile\\SingletonCookie does not exist"
time="2026-01-06T10:58:15+08:00" level=debug msg="cleanupUserDataLocks: D:\\test\\xhs-data\\profiles\\acc_4\\profile\\SingletonSocket does not exist"
time="2026-01-06T10:58:15+08:00" level=info msg="cleanupUserDataLocks: removed D:\\test\\xhs-data\\profiles\\acc_4\\profile\\DevToolsActivePort"
time="2026-01-06T10:58:15+08:00" level=info msg="cleanupUserDataLocks: cleaned 1 lock files"
time="2026-01-06T10:58:15+08:00" level=info msg="browser launch: ===== Attempt 1 START ====="
time="2026-01-06T10:58:15+08:00" level=info msg="browser launch: created independent attempt context with 30s timeout"
time="2026-01-06T10:58:15+08:00" level=info msg="browser launch: created launcher"
time="2026-01-06T10:58:15+08:00" level=info msg="browser launch: headless=true bin=\"D:\\\\test\\\\chromium\\\\chrome-win64\\\\chrome.exe\" userData=\"D:\\\\test\\\\xhs-data\\\\profiles\\\\acc_4\\\\profile\" proxy=\"\" (attempt 1)"
time="2026-01-06T10:58:15+08:00" level=info msg="browser launch args: --disable-background-networking --disable-background-timer-throttling --disable-backgrounding-occluded-windows --disable-breakpad --disable-client-side-phishing-detection --disable-component-extensions-with-background-pages --disable-default-apps --disable-dev-shm-usage --disable-features=site-per-process,TranslateUI --disable-hang-monitor --disable-ipc-flooding-protection --disable-popup-blocking --disable-prompt-on-repost --disable-renderer-backgrounding --disable-site-isolation-trials --disable-sync --enable-automation --enable-features=NetworkService,NetworkServiceInProcess --force-color-profile=srgb --headless --lang=zh-CN --metrics-recording-only --no-default-browser-check --no-first-run --no-sandbox --no-startup-window --remote-debugging-port=0 --use-mock-keychain --user-agent=Mozilla/5.0 (Macintosh; Intel Mac OS X 10_15_7) AppleWebKit/537.36 (KHTML, like Gecko) Chrome/125.0.0.144 Safari/537.36 --user-data-dir=D:\\test\\xhs-data\\profiles\\acc_4\\profile"
time="2026-01-06T10:58:15+08:00" level=info msg="browser launch: cleaning locks before launch"
time="2026-01-06T10:58:15+08:00" level=info msg="cleanupUserDataLocks: cleaning dir=D:\\test\\xhs-data\\profiles\\acc_4\\profile"
time="2026-01-06T10:58:15+08:00" level=debug msg="cleanupUserDataLocks: D:\\test\\xhs-data\\profiles\\acc_4\\profile\\SingletonLock does not exist"
time="2026-01-06T10:58:15+08:00" level=debug msg="cleanupUserDataLocks: D:\\test\\xhs-data\\profiles\\acc_4\\profile\\SingletonCookie does not exist"
time="2026-01-06T10:58:15+08:00" level=debug msg="cleanupUserDataLocks: D:\\test\\xhs-data\\profiles\\acc_4\\profile\\SingletonSocket does not exist"
time="2026-01-06T10:58:15+08:00" level=debug msg="cleanupUserDataLocks: D:\\test\\xhs-data\\profiles\\acc_4\\profile\\DevToolsActivePort does not exist"
time="2026-01-06T10:58:15+08:00" level=info msg="cleanupUserDataLocks: cleaned 0 lock files"
time="2026-01-06T10:58:15+08:00" level=info msg="browser launch: lock cleanup completed"
time="2026-01-06T10:58:15+08:00" level=info msg="browser launch: about to call l.Launch()..."
time="2026-01-06T10:58:15+08:00" level=info msg="browser launch: ===== Attempt 1 EXECUTING LAUNCH ====="
DevTools listening on ws://127.0.0.1:8307/devtools/browser/33bec0a8-6dd2-4cfe-bcda-4fd229f6761c
time="2026-01-06T10:58:15+08:00" level=info msg="browser launch: ===== Attempt 1 LAUNCH RETURNED (duration: 271.0181ms) ====="
time="2026-01-06T10:58:15+08:00" level=info msg="browser launch: SUCCESS! control url=ws://127.0.0.1:8307/devtools/browser/33bec0a8-6dd2-4cfe-bcda-4fd229f6761c"
time="2026-01-06T10:58:15+08:00" level=info msg="browser launch: ===== Attempt 1 COMPLETED SUCCESSFULLY ====="
time="2026-01-06T10:58:15+08:00" level=info msg="browser connect: connecting to Chromium"
time="2026-01-06T10:58:15+08:00" level=info msg="browser connect: success"
time="2026-01-06T10:58:15+08:00" level=debug msg="loaded cookies from D:\\test\\xhs-data\\cookies\\acc_4\\cookies.json"
time="2026-01-06T10:58:15+08:00" level=warning msg="apply fingerprint failed: eval js error: TypeError: Cannot read properties of undefined (reading 'apply')\n    at <anonymous>:29:7 <nil>"
time="2026-01-06T10:58:15+08:00" level=info msg="打开 feed 详情页: https://www.xiaohongshu.com/explore/65d36385000000000700456e?xsec_token=ABOxDjMQSEGrK4r5snWROKSloJVu9ZLPCnGZlCkKTWYM8=&xsec_source=pc_feed"
time="2026-01-06T10:58:15+08:00" level=info msg="配置: 点击更多=false, 回复阈值=10, 最大评论数=0, 滚动速度=normal"
[25072:25256:0106/105819.379:ERROR:components\device_event_log\device_event_log_impl.cc:198] [10:58:19.379] USB: usb_service_win.cc:105 SetupDiGetDeviceProperty({{A45C254E-DF1C-4EFD-8020-67D146A850E0}, 6}) failed: 找不到元素。 (0x490)
[25072:24548:0106/105820.485:ERROR:google_apis\gcm\engine\registration_request.cc:292] Registration response error message: DEPRECATED_ENDPOINT
[GIN] 2026/01/06 - 10:58:23 | 200 |    8.2884163s |       127.0.0.1 | POST     "/mcp"
[GIN] 2026/01/06 - 10:58:23 | 200 |     8.298635s |       127.0.0.1 | GET      "/mcp"
[GIN] 2026/01/06 - 10:58:26 | 200 |          5m0s |       127.0.0.1 | GET      "/mcp"
[GIN] 2026/01/06 - 10:59:00 | 200 |         519µs |       127.0.0.1 | POST     "/mcp"
[GIN] 2026/01/06 - 10:59:00 | 202 |            0s |       127.0.0.1 | POST     "/mcp"
[GIN] 2026/01/06 - 10:59:00 | 200 |       536.7µs |       127.0.0.1 | POST     "/mcp"
time="2026-01-06T10:59:00+08:00" level=info msg="MCP: 获取Feed详情"
time="2026-01-06T10:59:00+08:00" level=info msg="MCP: 获取Feed详情 - Feed ID: 6935443f000000001d03f715, loadAllComments=false, config={ClickMoreReplies:false MaxRepliesThreshold:10 MaxCommentItems:0 ScrollSpeed:normal}"
time="2026-01-06T10:59:00+08:00" level=info msg="browser launch: using attempt-level timeout control"
time="2026-01-06T10:59:00+08:00" level=info msg="cleanupUserDataLocks: cleaning dir=D:\\test\\xhs-data\\profiles\\acc_4\\profile"
time="2026-01-06T10:59:00+08:00" level=debug msg="cleanupUserDataLocks: D:\\test\\xhs-data\\profiles\\acc_4\\profile\\SingletonLock does not exist"
time="2026-01-06T10:59:00+08:00" level=debug msg="cleanupUserDataLocks: D:\\test\\xhs-data\\profiles\\acc_4\\profile\\SingletonCookie does not exist"
time="2026-01-06T10:59:00+08:00" level=debug msg="cleanupUserDataLocks: D:\\test\\xhs-data\\profiles\\acc_4\\profile\\SingletonSocket does not exist"
time="2026-01-06T10:59:00+08:00" level=info msg="cleanupUserDataLocks: removed D:\\test\\xhs-data\\profiles\\acc_4\\profile\\DevToolsActivePort"
time="2026-01-06T10:59:00+08:00" level=info msg="cleanupUserDataLocks: cleaned 1 lock files"
time="2026-01-06T10:59:00+08:00" level=info msg="browser launch: ===== Attempt 1 START ====="
time="2026-01-06T10:59:00+08:00" level=info msg="browser launch: created independent attempt context with 30s timeout"
time="2026-01-06T10:59:00+08:00" level=info msg="browser launch: created launcher"
time="2026-01-06T10:59:00+08:00" level=info msg="browser launch: headless=true bin=\"D:\\\\test\\\\chromium\\\\chrome-win64\\\\chrome.exe\" userData=\"D:\\\\test\\\\xhs-data\\\\profiles\\\\acc_4\\\\profile\" proxy=\"\" (attempt 1)"
time="2026-01-06T10:59:00+08:00" level=info msg="browser launch args: --disable-background-networking --disable-background-timer-throttling --disable-backgrounding-occluded-windows --disable-breakpad --disable-client-side-phishing-detection --disable-component-extensions-with-background-pages --disable-default-apps --disable-dev-shm-usage --disable-features=site-per-process,TranslateUI --disable-hang-monitor --disable-ipc-flooding-protection --disable-popup-blocking --disable-prompt-on-repost --disable-renderer-backgrounding --disable-site-isolation-trials --disable-sync --enable-automation --enable-features=NetworkService,NetworkServiceInProcess --force-color-profile=srgb --headless --lang=zh-CN --metrics-recording-only --no-default-browser-check --no-first-run --no-sandbox --no-startup-window --remote-debugging-port=0 --use-mock-keychain --user-agent=Mozilla/5.0 (Macintosh; Intel Mac OS X 10_15_7) AppleWebKit/537.36 (KHTML, like Gecko) Chrome/125.0.0.144 Safari/537.36 --user-data-dir=D:\\test\\xhs-data\\profiles\\acc_4\\profile"
time="2026-01-06T10:59:00+08:00" level=info msg="browser launch: cleaning locks before launch"
time="2026-01-06T10:59:00+08:00" level=info msg="cleanupUserDataLocks: cleaning dir=D:\\test\\xhs-data\\profiles\\acc_4\\profile"
time="2026-01-06T10:59:00+08:00" level=debug msg="cleanupUserDataLocks: D:\\test\\xhs-data\\profiles\\acc_4\\profile\\SingletonLock does not exist"
time="2026-01-06T10:59:00+08:00" level=debug msg="cleanupUserDataLocks: D:\\test\\xhs-data\\profiles\\acc_4\\profile\\SingletonCookie does not exist"
time="2026-01-06T10:59:00+08:00" level=debug msg="cleanupUserDataLocks: D:\\test\\xhs-data\\profiles\\acc_4\\profile\\SingletonSocket does not exist"
time="2026-01-06T10:59:00+08:00" level=debug msg="cleanupUserDataLocks: D:\\test\\xhs-data\\profiles\\acc_4\\profile\\DevToolsActivePort does not exist"
time="2026-01-06T10:59:00+08:00" level=info msg="cleanupUserDataLocks: cleaned 0 lock files"
time="2026-01-06T10:59:00+08:00" level=info msg="browser launch: lock cleanup completed"
time="2026-01-06T10:59:00+08:00" level=info msg="browser launch: about to call l.Launch()..."
time="2026-01-06T10:59:00+08:00" level=info msg="browser launch: ===== Attempt 1 EXECUTING LAUNCH ====="
DevTools listening on ws://127.0.0.1:8482/devtools/browser/fdb48089-7548-4142-a181-5db7d0396912
time="2026-01-06T10:59:01+08:00" level=info msg="browser launch: ===== Attempt 1 LAUNCH RETURNED (duration: 276.4062ms) ====="
time="2026-01-06T10:59:01+08:00" level=info msg="browser launch: SUCCESS! control url=ws://127.0.0.1:8482/devtools/browser/fdb48089-7548-4142-a181-5db7d0396912"
time="2026-01-06T10:59:01+08:00" level=info msg="browser launch: ===== Attempt 1 COMPLETED SUCCESSFULLY ====="
time="2026-01-06T10:59:01+08:00" level=info msg="browser connect: connecting to Chromium"
time="2026-01-06T10:59:01+08:00" level=info msg="browser connect: success"
time="2026-01-06T10:59:01+08:00" level=debug msg="loaded cookies from D:\\test\\xhs-data\\cookies\\acc_4\\cookies.json"
time="2026-01-06T10:59:01+08:00" level=warning msg="apply fingerprint failed: eval js error: TypeError: Cannot read properties of undefined (reading 'apply')\n    at <anonymous>:29:7 <nil>"
time="2026-01-06T10:59:01+08:00" level=info msg="打开 feed 详情页: https://www.xiaohongshu.com/explore/6935443f000000001d03f715?xsec_token=AB2I9wtNXP5YQbiGbau8mfdqBXeKAyWN4aoEPHgYHKwFg=&xsec_source=pc_feed"
time="2026-01-06T10:59:01+08:00" level=info msg="配置: 点击更多=false, 回复阈值=10, 最大评论数=0, 滚动速度=normal"
[20884:24632:0106/105904.362:ERROR:components\device_event_log\device_event_log_impl.cc:198] [10:59:04.362] USB: usb_service_win.cc:105 SetupDiGetDeviceProperty({{A45C254E-DF1C-4EFD-8020-67D146A850E0}, 6}) failed: 找不到元素。 (0x490)
time="2026-01-06T10:59:05+08:00" level=warning msg="笔记不可访问: 当前笔记暂时无法浏览"
[GIN] 2026/01/06 - 10:59:06 | 200 |    5.2858287s |       127.0.0.1 | POST     "/mcp"
[GIN] 2026/01/06 - 10:59:06 | 200 |    5.2926288s |       127.0.0.1 | GET      "/mcp"
[GIN] 2026/01/06 - 10:59:36 | 200 |            0s |       127.0.0.1 | POST     "/mcp"
[GIN] 2026/01/06 - 10:59:36 | 202 |            0s |       127.0.0.1 | POST     "/mcp"
[GIN] 2026/01/06 - 10:59:36 | 200 |       536.8µs |       127.0.0.1 | POST     "/mcp"
time="2026-01-06T10:59:36+08:00" level=info msg="MCP: 获取Feed详情"
time="2026-01-06T10:59:36+08:00" level=info msg="MCP: 获取Feed详情 - Feed ID: 6935443f000000001d03f715, loadAllComments=false, config={ClickMoreReplies:false MaxRepliesThreshold:10 MaxCommentItems:0 ScrollSpeed:normal}"
time="2026-01-06T10:59:36+08:00" level=info msg="browser launch: using attempt-level timeout control"
time="2026-01-06T10:59:36+08:00" level=info msg="cleanupUserDataLocks: cleaning dir=D:\\test\\xhs-data\\profiles\\acc_4\\profile"
time="2026-01-06T10:59:36+08:00" level=debug msg="cleanupUserDataLocks: D:\\test\\xhs-data\\profiles\\acc_4\\profile\\SingletonLock does not exist"
time="2026-01-06T10:59:36+08:00" level=debug msg="cleanupUserDataLocks: D:\\test\\xhs-data\\profiles\\acc_4\\profile\\SingletonCookie does not exist"
time="2026-01-06T10:59:36+08:00" level=debug msg="cleanupUserDataLocks: D:\\test\\xhs-data\\profiles\\acc_4\\profile\\SingletonSocket does not exist"
time="2026-01-06T10:59:36+08:00" level=info msg="cleanupUserDataLocks: removed D:\\test\\xhs-data\\profiles\\acc_4\\profile\\DevToolsActivePort"
time="2026-01-06T10:59:36+08:00" level=info msg="cleanupUserDataLocks: cleaned 1 lock files"
time="2026-01-06T10:59:36+08:00" level=info msg="browser launch: ===== Attempt 1 START ====="
time="2026-01-06T10:59:36+08:00" level=info msg="browser launch: created independent attempt context with 30s timeout"
time="2026-01-06T10:59:36+08:00" level=info msg="browser launch: created launcher"
time="2026-01-06T10:59:36+08:00" level=info msg="browser launch: headless=true bin=\"D:\\\\test\\\\chromium\\\\chrome-win64\\\\chrome.exe\" userData=\"D:\\\\test\\\\xhs-data\\\\profiles\\\\acc_4\\\\profile\" proxy=\"\" (attempt 1)"
time="2026-01-06T10:59:36+08:00" level=info msg="browser launch args: --disable-background-networking --disable-background-timer-throttling --disable-backgrounding-occluded-windows --disable-breakpad --disable-client-side-phishing-detection --disable-component-extensions-with-background-pages --disable-default-apps --disable-dev-shm-usage --disable-features=site-per-process,TranslateUI --disable-hang-monitor --disable-ipc-flooding-protection --disable-popup-blocking --disable-prompt-on-repost --disable-renderer-backgrounding --disable-site-isolation-trials --disable-sync --enable-automation --enable-features=NetworkService,NetworkServiceInProcess --force-color-profile=srgb --headless --lang=zh-CN --metrics-recording-only --no-default-browser-check --no-first-run --no-sandbox --no-startup-window --remote-debugging-port=0 --use-mock-keychain --user-agent=Mozilla/5.0 (Macintosh; Intel Mac OS X 10_15_7) AppleWebKit/537.36 (KHTML, like Gecko) Chrome/125.0.0.144 Safari/537.36 --user-data-dir=D:\\test\\xhs-data\\profiles\\acc_4\\profile"
time="2026-01-06T10:59:36+08:00" level=info msg="browser launch: cleaning locks before launch"
time="2026-01-06T10:59:36+08:00" level=info msg="cleanupUserDataLocks: cleaning dir=D:\\test\\xhs-data\\profiles\\acc_4\\profile"
time="2026-01-06T10:59:36+08:00" level=debug msg="cleanupUserDataLocks: D:\\test\\xhs-data\\profiles\\acc_4\\profile\\SingletonLock does not exist"
time="2026-01-06T10:59:36+08:00" level=debug msg="cleanupUserDataLocks: D:\\test\\xhs-data\\profiles\\acc_4\\profile\\SingletonCookie does not exist"
time="2026-01-06T10:59:36+08:00" level=debug msg="cleanupUserDataLocks: D:\\test\\xhs-data\\profiles\\acc_4\\profile\\SingletonSocket does not exist"
time="2026-01-06T10:59:36+08:00" level=debug msg="cleanupUserDataLocks: D:\\test\\xhs-data\\profiles\\acc_4\\profile\\DevToolsActivePort does not exist"
time="2026-01-06T10:59:36+08:00" level=info msg="cleanupUserDataLocks: cleaned 0 lock files"
time="2026-01-06T10:59:36+08:00" level=info msg="browser launch: lock cleanup completed"
time="2026-01-06T10:59:36+08:00" level=info msg="browser launch: about to call l.Launch()..."
time="2026-01-06T10:59:36+08:00" level=info msg="browser launch: ===== Attempt 1 EXECUTING LAUNCH ====="
DevTools listening on ws://127.0.0.1:2318/devtools/browser/aba21189-f749-4cc5-a800-e1b9d95eb4df
time="2026-01-06T10:59:36+08:00" level=info msg="browser launch: ===== Attempt 1 LAUNCH RETURNED (duration: 297.7034ms) ====="
time="2026-01-06T10:59:36+08:00" level=info msg="browser launch: SUCCESS! control url=ws://127.0.0.1:2318/devtools/browser/aba21189-f749-4cc5-a800-e1b9d95eb4df"
time="2026-01-06T10:59:36+08:00" level=info msg="browser launch: ===== Attempt 1 COMPLETED SUCCESSFULLY ====="
time="2026-01-06T10:59:36+08:00" level=info msg="browser connect: connecting to Chromium"
time="2026-01-06T10:59:36+08:00" level=info msg="browser connect: success"
time="2026-01-06T10:59:36+08:00" level=debug msg="loaded cookies from D:\\test\\xhs-data\\cookies\\acc_4\\cookies.json"
time="2026-01-06T10:59:36+08:00" level=warning msg="apply fingerprint failed: eval js error: TypeError: Cannot read properties of undefined (reading 'apply')\n    at <anonymous>:29:7 <nil>"
time="2026-01-06T10:59:36+08:00" level=info msg="打开 feed 详情页: https://www.xiaohongshu.com/explore/6935443f000000001d03f715?xsec_token=AB2I9wtNXP5YQbiGbau8mfdqBXeKAyWN4aoEPHgYHKwFg=&xsec_source=pc_feed"
time="2026-01-06T10:59:36+08:00" level=info msg="配置: 点击更多=false, 回复阈值=10, 最大评论数=0, 滚动速度=normal"
[23092:24760:0106/105939.671:ERROR:components\device_event_log\device_event_log_impl.cc:198] [10:59:39.671] USB: usb_service_win.cc:105 SetupDiGetDeviceProperty({{A45C254E-DF1C-4EFD-8020-67D146A850E0}, 6}) failed: 找不到元素。 (0x490)
time="2026-01-06T10:59:40+08:00" level=warning msg="笔记不可访问: 当前笔记暂时无法浏览"
[GIN] 2026/01/06 - 10:59:41 | 200 |    5.2965277s |       127.0.0.1 | POST     "/mcp"
[GIN] 2026/01/06 - 10:59:41 | 200 |    5.3040038s |       127.0.0.1 | GET      "/mcp"
[GIN] 2026/01/06 - 11:00:08 | 200 |          5m0s |       127.0.0.1 | GET      "/mcp"
[GIN] 2026/01/06 - 11:00:11 | 200 |       518.4µs |       127.0.0.1 | POST     "/mcp"
[GIN] 2026/01/06 - 11:00:11 | 202 |            0s |       127.0.0.1 | POST     "/mcp"
[GIN] 2026/01/06 - 11:00:11 | 200 |       519.8µs |       127.0.0.1 | POST     "/mcp"
time="2026-01-06T11:00:11+08:00" level=info msg="MCP: 获取Feed详情"
time="2026-01-06T11:00:11+08:00" level=info msg="MCP: 获取Feed详情 - Feed ID: 6935443f000000001d03f715, loadAllComments=false, config={ClickMoreReplies:false MaxRepliesThreshold:10 MaxCommentItems:0 ScrollSpeed:normal}"
time="2026-01-06T11:00:11+08:00" level=info msg="browser launch: using attempt-level timeout control"
time="2026-01-06T11:00:11+08:00" level=info msg="cleanupUserDataLocks: cleaning dir=D:\\test\\xhs-data\\profiles\\acc_4\\profile"
time="2026-01-06T11:00:11+08:00" level=debug msg="cleanupUserDataLocks: D:\\test\\xhs-data\\profiles\\acc_4\\profile\\SingletonLock does not exist"
time="2026-01-06T11:00:11+08:00" level=debug msg="cleanupUserDataLocks: D:\\test\\xhs-data\\profiles\\acc_4\\profile\\SingletonCookie does not exist"
time="2026-01-06T11:00:11+08:00" level=debug msg="cleanupUserDataLocks: D:\\test\\xhs-data\\profiles\\acc_4\\profile\\SingletonSocket does not exist"
time="2026-01-06T11:00:11+08:00" level=info msg="cleanupUserDataLocks: removed D:\\test\\xhs-data\\profiles\\acc_4\\profile\\DevToolsActivePort"
time="2026-01-06T11:00:11+08:00" level=info msg="cleanupUserDataLocks: cleaned 1 lock files"
time="2026-01-06T11:00:11+08:00" level=info msg="browser launch: ===== Attempt 1 START ====="
time="2026-01-06T11:00:11+08:00" level=info msg="browser launch: created independent attempt context with 30s timeout"
time="2026-01-06T11:00:11+08:00" level=info msg="browser launch: created launcher"
time="2026-01-06T11:00:11+08:00" level=info msg="browser launch: headless=true bin=\"D:\\\\test\\\\chromium\\\\chrome-win64\\\\chrome.exe\" userData=\"D:\\\\test\\\\xhs-data\\\\profiles\\\\acc_4\\\\profile\" proxy=\"\" (attempt 1)"
time="2026-01-06T11:00:11+08:00" level=info msg="browser launch args: --disable-background-networking --disable-background-timer-throttling --disable-backgrounding-occluded-windows --disable-breakpad --disable-client-side-phishing-detection --disable-component-extensions-with-background-pages --disable-default-apps --disable-dev-shm-usage --disable-features=site-per-process,TranslateUI --disable-hang-monitor --disable-ipc-flooding-protection --disable-popup-blocking --disable-prompt-on-repost --disable-renderer-backgrounding --disable-site-isolation-trials --disable-sync --enable-automation --enable-features=NetworkService,NetworkServiceInProcess --force-color-profile=srgb --headless --lang=zh-CN --metrics-recording-only --no-default-browser-check --no-first-run --no-sandbox --no-startup-window --remote-debugging-port=0 --use-mock-keychain --user-agent=Mozilla/5.0 (Macintosh; Intel Mac OS X 10_15_7) AppleWebKit/537.36 (KHTML, like Gecko) Chrome/125.0.0.144 Safari/537.36 --user-data-dir=D:\\test\\xhs-data\\profiles\\acc_4\\profile"
time="2026-01-06T11:00:11+08:00" level=info msg="browser launch: cleaning locks before launch"
time="2026-01-06T11:00:11+08:00" level=info msg="cleanupUserDataLocks: cleaning dir=D:\\test\\xhs-data\\profiles\\acc_4\\profile"
time="2026-01-06T11:00:11+08:00" level=debug msg="cleanupUserDataLocks: D:\\test\\xhs-data\\profiles\\acc_4\\profile\\SingletonLock does not exist"
time="2026-01-06T11:00:11+08:00" level=debug msg="cleanupUserDataLocks: D:\\test\\xhs-data\\profiles\\acc_4\\profile\\SingletonCookie does not exist"
time="2026-01-06T11:00:11+08:00" level=debug msg="cleanupUserDataLocks: D:\\test\\xhs-data\\profiles\\acc_4\\profile\\SingletonSocket does not exist"
time="2026-01-06T11:00:11+08:00" level=debug msg="cleanupUserDataLocks: D:\\test\\xhs-data\\profiles\\acc_4\\profile\\DevToolsActivePort does not exist"
time="2026-01-06T11:00:11+08:00" level=info msg="cleanupUserDataLocks: cleaned 0 lock files"
time="2026-01-06T11:00:11+08:00" level=info msg="browser launch: lock cleanup completed"
time="2026-01-06T11:00:11+08:00" level=info msg="browser launch: about to call l.Launch()..."
time="2026-01-06T11:00:11+08:00" level=info msg="browser launch: ===== Attempt 1 EXECUTING LAUNCH ====="
DevTools listening on ws://127.0.0.1:10153/devtools/browser/24e81006-dd11-4409-b336-5fe3573711ab
time="2026-01-06T11:00:11+08:00" level=info msg="browser launch: ===== Attempt 1 LAUNCH RETURNED (duration: 285.589ms) ====="
time="2026-01-06T11:00:11+08:00" level=info msg="browser launch: SUCCESS! control url=ws://127.0.0.1:10153/devtools/browser/24e81006-dd11-4409-b336-5fe3573711ab"
time="2026-01-06T11:00:11+08:00" level=info msg="browser launch: ===== Attempt 1 COMPLETED SUCCESSFULLY ====="
time="2026-01-06T11:00:11+08:00" level=info msg="browser connect: connecting to Chromium"
time="2026-01-06T11:00:11+08:00" level=info msg="browser connect: success"
time="2026-01-06T11:00:11+08:00" level=debug msg="loaded cookies from D:\\test\\xhs-data\\cookies\\acc_4\\cookies.json"
time="2026-01-06T11:00:12+08:00" level=warning msg="apply fingerprint failed: eval js error: TypeError: Cannot read properties of undefined (reading 'apply')\n    at <anonymous>:29:7 <nil>"
time="2026-01-06T11:00:12+08:00" level=info msg="打开 feed 详情页: https://www.xiaohongshu.com/explore/6935443f000000001d03f715?xsec_token=AB2I9wtNXP5YQbiGbau8mfdqBXeKAyWN4aoEPHgYHKwFg=&xsec_source=pc_feed"
time="2026-01-06T11:00:12+08:00" level=info msg="配置: 点击更多=false, 回复阈值=10, 最大评论数=0, 滚动速度=normal"
[7044:24220:0106/110015.059:ERROR:components\device_event_log\device_event_log_impl.cc:198] [11:00:15.060] USB: usb_service_win.cc:105 SetupDiGetDeviceProperty({{A45C254E-DF1C-4EFD-8020-67D146A850E0}, 6}) failed: 找不到元素。 (0x490)
[7044:2432:0106/110016.189:ERROR:google_apis\gcm\engine\registration_request.cc:292] Registration response error message: DEPRECATED_ENDPOINT
[GIN] 2026/01/06 - 11:00:19 | 200 |    8.3213837s |       127.0.0.1 | POST     "/mcp"
[GIN] 2026/01/06 - 11:00:19 | 200 |    8.3312532s |       127.0.0.1 | GET      "/mcp"
[GIN] 2026/01/06 - 11:00:57 | 200 |          5m0s |       127.0.0.1 | GET      "/mcp"
[GIN] 2026/01/06 - 11:01:12 | 200 |            0s |       127.0.0.1 | POST     "/mcp"
[GIN] 2026/01/06 - 11:01:12 | 202 |            0s |       127.0.0.1 | POST     "/mcp"
[GIN] 2026/01/06 - 11:01:12 | 200 |       503.1µs |       127.0.0.1 | POST     "/mcp"
time="2026-01-06T11:01:12+08:00" level=info msg="MCP: 获取Feed详情"
time="2026-01-06T11:01:12+08:00" level=info msg="MCP: 获取Feed详情 - Feed ID: 66ce1697000000001d03b5ee, loadAllComments=false, config={ClickMoreReplies:false MaxRepliesThreshold:10 MaxCommentItems:0 ScrollSpeed:normal}"
time="2026-01-06T11:01:12+08:00" level=info msg="browser launch: using attempt-level timeout control"
time="2026-01-06T11:01:12+08:00" level=info msg="cleanupUserDataLocks: cleaning dir=D:\\test\\xhs-data\\profiles\\acc_4\\profile"
time="2026-01-06T11:01:12+08:00" level=debug msg="cleanupUserDataLocks: D:\\test\\xhs-data\\profiles\\acc_4\\profile\\SingletonLock does not exist"
time="2026-01-06T11:01:12+08:00" level=debug msg="cleanupUserDataLocks: D:\\test\\xhs-data\\profiles\\acc_4\\profile\\SingletonCookie does not exist"
time="2026-01-06T11:01:12+08:00" level=debug msg="cleanupUserDataLocks: D:\\test\\xhs-data\\profiles\\acc_4\\profile\\SingletonSocket does not exist"
time="2026-01-06T11:01:12+08:00" level=info msg="cleanupUserDataLocks: removed D:\\test\\xhs-data\\profiles\\acc_4\\profile\\DevToolsActivePort"
time="2026-01-06T11:01:12+08:00" level=info msg="cleanupUserDataLocks: cleaned 1 lock files"
time="2026-01-06T11:01:12+08:00" level=info msg="browser launch: ===== Attempt 1 START ====="
time="2026-01-06T11:01:12+08:00" level=info msg="browser launch: created independent attempt context with 30s timeout"
time="2026-01-06T11:01:12+08:00" level=info msg="browser launch: created launcher"
time="2026-01-06T11:01:12+08:00" level=info msg="browser launch: headless=true bin=\"D:\\\\test\\\\chromium\\\\chrome-win64\\\\chrome.exe\" userData=\"D:\\\\test\\\\xhs-data\\\\profiles\\\\acc_4\\\\profile\" proxy=\"\" (attempt 1)"
time="2026-01-06T11:01:12+08:00" level=info msg="browser launch args: --disable-background-networking --disable-background-timer-throttling --disable-backgrounding-occluded-windows --disable-breakpad --disable-client-side-phishing-detection --disable-component-extensions-with-background-pages --disable-default-apps --disable-dev-shm-usage --disable-features=site-per-process,TranslateUI --disable-hang-monitor --disable-ipc-flooding-protection --disable-popup-blocking --disable-prompt-on-repost --disable-renderer-backgrounding --disable-site-isolation-trials --disable-sync --enable-automation --enable-features=NetworkService,NetworkServiceInProcess --force-color-profile=srgb --headless --lang=zh-CN --metrics-recording-only --no-default-browser-check --no-first-run --no-sandbox --no-startup-window --remote-debugging-port=0 --use-mock-keychain --user-agent=Mozilla/5.0 (Macintosh; Intel Mac OS X 10_15_7) AppleWebKit/537.36 (KHTML, like Gecko) Chrome/125.0.0.144 Safari/537.36 --user-data-dir=D:\\test\\xhs-data\\profiles\\acc_4\\profile"
time="2026-01-06T11:01:12+08:00" level=info msg="browser launch: cleaning locks before launch"
time="2026-01-06T11:01:12+08:00" level=info msg="cleanupUserDataLocks: cleaning dir=D:\\test\\xhs-data\\profiles\\acc_4\\profile"
time="2026-01-06T11:01:12+08:00" level=debug msg="cleanupUserDataLocks: D:\\test\\xhs-data\\profiles\\acc_4\\profile\\SingletonLock does not exist"
time="2026-01-06T11:01:12+08:00" level=debug msg="cleanupUserDataLocks: D:\\test\\xhs-data\\profiles\\acc_4\\profile\\SingletonCookie does not exist"
time="2026-01-06T11:01:12+08:00" level=debug msg="cleanupUserDataLocks: D:\\test\\xhs-data\\profiles\\acc_4\\profile\\SingletonSocket does not exist"
time="2026-01-06T11:01:12+08:00" level=debug msg="cleanupUserDataLocks: D:\\test\\xhs-data\\profiles\\acc_4\\profile\\DevToolsActivePort does not exist"
time="2026-01-06T11:01:12+08:00" level=info msg="cleanupUserDataLocks: cleaned 0 lock files"
time="2026-01-06T11:01:12+08:00" level=info msg="browser launch: lock cleanup completed"
time="2026-01-06T11:01:12+08:00" level=info msg="browser launch: about to call l.Launch()..."
time="2026-01-06T11:01:12+08:00" level=info msg="browser launch: ===== Attempt 1 EXECUTING LAUNCH ====="
DevTools listening on ws://127.0.0.1:4666/devtools/browser/64d847e2-cafe-439c-989c-ab62292f8eb9
time="2026-01-06T11:01:13+08:00" level=info msg="browser launch: ===== Attempt 1 LAUNCH RETURNED (duration: 284.0958ms) ====="
time="2026-01-06T11:01:13+08:00" level=info msg="browser launch: SUCCESS! control url=ws://127.0.0.1:4666/devtools/browser/64d847e2-cafe-439c-989c-ab62292f8eb9"
time="2026-01-06T11:01:13+08:00" level=info msg="browser launch: ===== Attempt 1 COMPLETED SUCCESSFULLY ====="
time="2026-01-06T11:01:13+08:00" level=info msg="browser connect: connecting to Chromium"
time="2026-01-06T11:01:13+08:00" level=info msg="browser connect: success"
time="2026-01-06T11:01:13+08:00" level=debug msg="loaded cookies from D:\\test\\xhs-data\\cookies\\acc_4\\cookies.json"
time="2026-01-06T11:01:13+08:00" level=warning msg="apply fingerprint failed: eval js error: TypeError: Cannot read properties of undefined (reading 'apply')\n    at <anonymous>:29:7 <nil>"
time="2026-01-06T11:01:13+08:00" level=info msg="打开 feed 详情页: https://www.xiaohongshu.com/explore/66ce1697000000001d03b5ee?xsec_token=ABretUAO7RebQlHilqXQaEPvKemzyk2BXtEuHf37mEl3I=&xsec_source=pc_feed"
time="2026-01-06T11:01:13+08:00" level=info msg="配置: 点击更多=false, 回复阈值=10, 最大评论数=0, 滚动速度=normal"
[24128:3684:0106/110117.316:ERROR:components\device_event_log\device_event_log_impl.cc:198] [11:01:17.316] USB: usb_service_win.cc:105 SetupDiGetDeviceProperty({{A45C254E-DF1C-4EFD-8020-67D146A850E0}, 6}) failed: 找不到元素。 (0x490)
[24128:1564:0106/110118.328:ERROR:google_apis\gcm\engine\registration_request.cc:292] Registration response error message: DEPRECATED_ENDPOINT
[GIN] 2026/01/06 - 11:01:21 | 200 |    8.3404419s |       127.0.0.1 | POST     "/mcp"
[GIN] 2026/01/06 - 11:01:21 | 200 |    8.3491958s |       127.0.0.1 | GET      "/mcp"
[GIN] 2026/01/06 - 11:01:28 | 200 |          5m0s |       127.0.0.1 | GET      "/mcp"
[GIN] 2026/01/06 - 11:01:34 | 200 |          5m0s |       127.0.0.1 | GET      "/mcp"
[GIN] 2026/01/06 - 11:01:58 | 200 |            0s |       127.0.0.1 | POST     "/mcp"
[GIN] 2026/01/06 - 11:01:58 | 202 |            0s |       127.0.0.1 | POST     "/mcp"
[GIN] 2026/01/06 - 11:01:58 | 200 |       513.1µs |       127.0.0.1 | POST     "/mcp"
time="2026-01-06T11:01:58+08:00" level=info msg="MCP: 获取Feed详情"
time="2026-01-06T11:01:58+08:00" level=info msg="MCP: 获取Feed详情 - Feed ID: 682469ef0000000022004fa0, loadAllComments=false, config={ClickMoreReplies:false MaxRepliesThreshold:10 MaxCommentItems:0 ScrollSpeed:normal}"
time="2026-01-06T11:01:58+08:00" level=info msg="browser launch: using attempt-level timeout control"
time="2026-01-06T11:01:58+08:00" level=info msg="cleanupUserDataLocks: cleaning dir=D:\\test\\xhs-data\\profiles\\acc_4\\profile"
time="2026-01-06T11:01:58+08:00" level=debug msg="cleanupUserDataLocks: D:\\test\\xhs-data\\profiles\\acc_4\\profile\\SingletonLock does not exist"
time="2026-01-06T11:01:58+08:00" level=debug msg="cleanupUserDataLocks: D:\\test\\xhs-data\\profiles\\acc_4\\profile\\SingletonCookie does not exist"
time="2026-01-06T11:01:58+08:00" level=debug msg="cleanupUserDataLocks: D:\\test\\xhs-data\\profiles\\acc_4\\profile\\SingletonSocket does not exist"
time="2026-01-06T11:01:58+08:00" level=info msg="cleanupUserDataLocks: removed D:\\test\\xhs-data\\profiles\\acc_4\\profile\\DevToolsActivePort"
time="2026-01-06T11:01:58+08:00" level=info msg="cleanupUserDataLocks: cleaned 1 lock files"
time="2026-01-06T11:01:58+08:00" level=info msg="browser launch: ===== Attempt 1 START ====="
time="2026-01-06T11:01:58+08:00" level=info msg="browser launch: created independent attempt context with 30s timeout"
time="2026-01-06T11:01:58+08:00" level=info msg="browser launch: created launcher"
time="2026-01-06T11:01:58+08:00" level=info msg="browser launch: headless=true bin=\"D:\\\\test\\\\chromium\\\\chrome-win64\\\\chrome.exe\" userData=\"D:\\\\test\\\\xhs-data\\\\profiles\\\\acc_4\\\\profile\" proxy=\"\" (attempt 1)"
time="2026-01-06T11:01:58+08:00" level=info msg="browser launch args: --disable-background-networking --disable-background-timer-throttling --disable-backgrounding-occluded-windows --disable-breakpad --disable-client-side-phishing-detection --disable-component-extensions-with-background-pages --disable-default-apps --disable-dev-shm-usage --disable-features=site-per-process,TranslateUI --disable-hang-monitor --disable-ipc-flooding-protection --disable-popup-blocking --disable-prompt-on-repost --disable-renderer-backgrounding --disable-site-isolation-trials --disable-sync --enable-automation --enable-features=NetworkService,NetworkServiceInProcess --force-color-profile=srgb --headless --lang=zh-CN --metrics-recording-only --no-default-browser-check --no-first-run --no-sandbox --no-startup-window --remote-debugging-port=0 --use-mock-keychain --user-agent=Mozilla/5.0 (Macintosh; Intel Mac OS X 10_15_7) AppleWebKit/537.36 (KHTML, like Gecko) Chrome/125.0.0.144 Safari/537.36 --user-data-dir=D:\\test\\xhs-data\\profiles\\acc_4\\profile"
time="2026-01-06T11:01:58+08:00" level=info msg="browser launch: cleaning locks before launch"
time="2026-01-06T11:01:58+08:00" level=info msg="cleanupUserDataLocks: cleaning dir=D:\\test\\xhs-data\\profiles\\acc_4\\profile"
time="2026-01-06T11:01:58+08:00" level=debug msg="cleanupUserDataLocks: D:\\test\\xhs-data\\profiles\\acc_4\\profile\\SingletonLock does not exist"
time="2026-01-06T11:01:58+08:00" level=debug msg="cleanupUserDataLocks: D:\\test\\xhs-data\\profiles\\acc_4\\profile\\SingletonCookie does not exist"
time="2026-01-06T11:01:58+08:00" level=debug msg="cleanupUserDataLocks: D:\\test\\xhs-data\\profiles\\acc_4\\profile\\SingletonSocket does not exist"
time="2026-01-06T11:01:58+08:00" level=debug msg="cleanupUserDataLocks: D:\\test\\xhs-data\\profiles\\acc_4\\profile\\DevToolsActivePort does not exist"
time="2026-01-06T11:01:58+08:00" level=info msg="cleanupUserDataLocks: cleaned 0 lock files"
time="2026-01-06T11:01:58+08:00" level=info msg="browser launch: lock cleanup completed"
time="2026-01-06T11:01:58+08:00" level=info msg="browser launch: about to call l.Launch()..."
time="2026-01-06T11:01:58+08:00" level=info msg="browser launch: ===== Attempt 1 EXECUTING LAUNCH ====="
DevTools listening on ws://127.0.0.1:13435/devtools/browser/89d1161a-efd0-4a9b-81b3-c826397e0b21
time="2026-01-06T11:01:58+08:00" level=info msg="browser launch: ===== Attempt 1 LAUNCH RETURNED (duration: 271.8105ms) ====="
time="2026-01-06T11:01:58+08:00" level=info msg="browser launch: SUCCESS! control url=ws://127.0.0.1:13435/devtools/browser/89d1161a-efd0-4a9b-81b3-c826397e0b21"
time="2026-01-06T11:01:58+08:00" level=info msg="browser launch: ===== Attempt 1 COMPLETED SUCCESSFULLY ====="
time="2026-01-06T11:01:58+08:00" level=info msg="browser connect: connecting to Chromium"
time="2026-01-06T11:01:58+08:00" level=info msg="browser connect: success"
time="2026-01-06T11:01:58+08:00" level=debug msg="loaded cookies from D:\\test\\xhs-data\\cookies\\acc_4\\cookies.json"
time="2026-01-06T11:01:58+08:00" level=warning msg="apply fingerprint failed: eval js error: TypeError: Cannot read properties of undefined (reading 'apply')\n    at <anonymous>:29:7 <nil>"
time="2026-01-06T11:01:58+08:00" level=info msg="打开 feed 详情页: https://www.xiaohongshu.com/explore/682469ef0000000022004fa0?xsec_token=ABdGnc6piMpxWg9FgAMvWmTNromeQwASBNU6_6hDs4z5E=&xsec_source=pc_feed"
time="2026-01-06T11:01:58+08:00" level=info msg="配置: 点击更多=false, 回复阈值=10, 最大评论数=0, 滚动速度=normal"
[23808:22136:0106/110202.560:ERROR:components\device_event_log\device_event_log_impl.cc:198] [11:02:02.560] USB: usb_service_win.cc:105 SetupDiGetDeviceProperty({{A45C254E-DF1C-4EFD-8020-67D146A850E0}, 6}) failed: 找不到元素。 (0x490)
[23808:7544:0106/110203.666:ERROR:google_apis\gcm\engine\registration_request.cc:292] Registration response error message: DEPRECATED_ENDPOINT
[GIN] 2026/01/06 - 11:02:06 | 200 |    8.3091294s |       127.0.0.1 | POST     "/mcp"
[GIN] 2026/01/06 - 11:02:06 | 200 |    8.3189676s |       127.0.0.1 | GET      "/mcp"
[GIN] 2026/01/06 - 11:03:02 | 200 |          5m0s |       127.0.0.1 | GET      "/mcp"
[GIN] 2026/01/06 - 11:03:28 | 200 |          5m0s |       127.0.0.1 | GET      "/mcp"
[GIN] 2026/01/06 - 11:03:46 | 200 |            0s |       127.0.0.1 | POST     "/mcp"
[GIN] 2026/01/06 - 11:03:46 | 202 |            0s |       127.0.0.1 | POST     "/mcp"
[GIN] 2026/01/06 - 11:03:46 | 200 |            0s |       127.0.0.1 | POST     "/mcp"
time="2026-01-06T11:03:46+08:00" level=info msg="MCP: 获取Feed详情"
time="2026-01-06T11:03:46+08:00" level=info msg="MCP: 获取Feed详情 - Feed ID: 67f8895e000000001b026dba, loadAllComments=false, config={ClickMoreReplies:false MaxRepliesThreshold:10 MaxCommentItems:0 ScrollSpeed:normal}"
time="2026-01-06T11:03:46+08:00" level=info msg="browser launch: using attempt-level timeout control"
time="2026-01-06T11:03:46+08:00" level=info msg="cleanupUserDataLocks: cleaning dir=D:\\test\\xhs-data\\profiles\\acc_4\\profile"
time="2026-01-06T11:03:46+08:00" level=debug msg="cleanupUserDataLocks: D:\\test\\xhs-data\\profiles\\acc_4\\profile\\SingletonLock does not exist"
time="2026-01-06T11:03:46+08:00" level=debug msg="cleanupUserDataLocks: D:\\test\\xhs-data\\profiles\\acc_4\\profile\\SingletonCookie does not exist"
time="2026-01-06T11:03:46+08:00" level=debug msg="cleanupUserDataLocks: D:\\test\\xhs-data\\profiles\\acc_4\\profile\\SingletonSocket does not exist"
time="2026-01-06T11:03:46+08:00" level=info msg="cleanupUserDataLocks: removed D:\\test\\xhs-data\\profiles\\acc_4\\profile\\DevToolsActivePort"
time="2026-01-06T11:03:46+08:00" level=info msg="cleanupUserDataLocks: cleaned 1 lock files"
time="2026-01-06T11:03:46+08:00" level=info msg="browser launch: ===== Attempt 1 START ====="
time="2026-01-06T11:03:46+08:00" level=info msg="browser launch: created independent attempt context with 30s timeout"
time="2026-01-06T11:03:46+08:00" level=info msg="browser launch: created launcher"
time="2026-01-06T11:03:46+08:00" level=info msg="browser launch: headless=true bin=\"D:\\\\test\\\\chromium\\\\chrome-win64\\\\chrome.exe\" userData=\"D:\\\\test\\\\xhs-data\\\\profiles\\\\acc_4\\\\profile\" proxy=\"\" (attempt 1)"
time="2026-01-06T11:03:46+08:00" level=info msg="browser launch args: --disable-background-networking --disable-background-timer-throttling --disable-backgrounding-occluded-windows --disable-breakpad --disable-client-side-phishing-detection --disable-component-extensions-with-background-pages --disable-default-apps --disable-dev-shm-usage --disable-features=site-per-process,TranslateUI --disable-hang-monitor --disable-ipc-flooding-protection --disable-popup-blocking --disable-prompt-on-repost --disable-renderer-backgrounding --disable-site-isolation-trials --disable-sync --enable-automation --enable-features=NetworkService,NetworkServiceInProcess --force-color-profile=srgb --headless --lang=zh-CN --metrics-recording-only --no-default-browser-check --no-first-run --no-sandbox --no-startup-window --remote-debugging-port=0 --use-mock-keychain --user-agent=Mozilla/5.0 (Macintosh; Intel Mac OS X 10_15_7) AppleWebKit/537.36 (KHTML, like Gecko) Chrome/125.0.0.144 Safari/537.36 --user-data-dir=D:\\test\\xhs-data\\profiles\\acc_4\\profile"
time="2026-01-06T11:03:46+08:00" level=info msg="browser launch: cleaning locks before launch"
time="2026-01-06T11:03:46+08:00" level=info msg="cleanupUserDataLocks: cleaning dir=D:\\test\\xhs-data\\profiles\\acc_4\\profile"
time="2026-01-06T11:03:46+08:00" level=debug msg="cleanupUserDataLocks: D:\\test\\xhs-data\\profiles\\acc_4\\profile\\SingletonLock does not exist"
time="2026-01-06T11:03:46+08:00" level=debug msg="cleanupUserDataLocks: D:\\test\\xhs-data\\profiles\\acc_4\\profile\\SingletonCookie does not exist"
time="2026-01-06T11:03:46+08:00" level=debug msg="cleanupUserDataLocks: D:\\test\\xhs-data\\profiles\\acc_4\\profile\\SingletonSocket does not exist"
time="2026-01-06T11:03:46+08:00" level=debug msg="cleanupUserDataLocks: D:\\test\\xhs-data\\profiles\\acc_4\\profile\\DevToolsActivePort does not exist"
time="2026-01-06T11:03:46+08:00" level=info msg="cleanupUserDataLocks: cleaned 0 lock files"
time="2026-01-06T11:03:46+08:00" level=info msg="browser launch: lock cleanup completed"
time="2026-01-06T11:03:46+08:00" level=info msg="browser launch: about to call l.Launch()..."
time="2026-01-06T11:03:46+08:00" level=info msg="browser launch: ===== Attempt 1 EXECUTING LAUNCH ====="
DevTools listening on ws://127.0.0.1:1856/devtools/browser/c24be4c4-8e6f-4aed-a3f3-de2877777800
time="2026-01-06T11:03:46+08:00" level=info msg="browser launch: ===== Attempt 1 LAUNCH RETURNED (duration: 276.2904ms) ====="
time="2026-01-06T11:03:46+08:00" level=info msg="browser launch: SUCCESS! control url=ws://127.0.0.1:1856/devtools/browser/c24be4c4-8e6f-4aed-a3f3-de2877777800"
time="2026-01-06T11:03:46+08:00" level=info msg="browser launch: ===== Attempt 1 COMPLETED SUCCESSFULLY ====="
time="2026-01-06T11:03:46+08:00" level=info msg="browser connect: connecting to Chromium"
time="2026-01-06T11:03:46+08:00" level=info msg="browser connect: success"
time="2026-01-06T11:03:46+08:00" level=debug msg="loaded cookies from D:\\test\\xhs-data\\cookies\\acc_4\\cookies.json"
time="2026-01-06T11:03:46+08:00" level=warning msg="apply fingerprint failed: eval js error: TypeError: Cannot read properties of undefined (reading 'apply')\n    at <anonymous>:29:7 <nil>"
time="2026-01-06T11:03:46+08:00" level=info msg="打开 feed 详情页: https://www.xiaohongshu.com/explore/67f8895e000000001b026dba?xsec_token=ABE1x63PqiwMfG_cqyP3j1sldPdH6VURpSNaCReAB8ggU=&xsec_source=pc_feed"
time="2026-01-06T11:03:46+08:00" level=info msg="配置: 点击更多=false, 回复阈值=10, 最大评论数=0, 滚动速度=normal"
[24192:25056:0106/110349.671:ERROR:components\device_event_log\device_event_log_impl.cc:198] [11:03:49.671] USB: usb_service_win.cc:105 SetupDiGetDeviceProperty({{A45C254E-DF1C-4EFD-8020-67D146A850E0}, 6}) failed: 找不到元素。 (0x490)
time="2026-01-06T11:03:50+08:00" level=warning msg="笔记不可访问: 当前笔记暂时无法浏览"
[GIN] 2026/01/06 - 11:03:51 | 200 |    5.2791161s |       127.0.0.1 | POST     "/mcp"
[GIN] 2026/01/06 - 11:03:51 | 200 |    5.2882394s |       127.0.0.1 | GET      "/mcp"
[GIN] 2026/01/06 - 11:04:21 | 200 |            0s |       127.0.0.1 | POST     "/mcp"
[GIN] 2026/01/06 - 11:04:21 | 202 |            0s |       127.0.0.1 | POST     "/mcp"
[GIN] 2026/01/06 - 11:04:21 | 200 |         516µs |       127.0.0.1 | POST     "/mcp"
time="2026-01-06T11:04:21+08:00" level=info msg="MCP: 获取Feed详情"
time="2026-01-06T11:04:21+08:00" level=info msg="MCP: 获取Feed详情 - Feed ID: 67f8895e000000001b026dba, loadAllComments=false, config={ClickMoreReplies:false MaxRepliesThreshold:10 MaxCommentItems:0 ScrollSpeed:normal}"
time="2026-01-06T11:04:21+08:00" level=info msg="browser launch: using attempt-level timeout control"
time="2026-01-06T11:04:21+08:00" level=info msg="cleanupUserDataLocks: cleaning dir=D:\\test\\xhs-data\\profiles\\acc_4\\profile"
time="2026-01-06T11:04:21+08:00" level=debug msg="cleanupUserDataLocks: D:\\test\\xhs-data\\profiles\\acc_4\\profile\\SingletonLock does not exist"
time="2026-01-06T11:04:21+08:00" level=debug msg="cleanupUserDataLocks: D:\\test\\xhs-data\\profiles\\acc_4\\profile\\SingletonCookie does not exist"
time="2026-01-06T11:04:21+08:00" level=debug msg="cleanupUserDataLocks: D:\\test\\xhs-data\\profiles\\acc_4\\profile\\SingletonSocket does not exist"
time="2026-01-06T11:04:21+08:00" level=info msg="cleanupUserDataLocks: removed D:\\test\\xhs-data\\profiles\\acc_4\\profile\\DevToolsActivePort"
time="2026-01-06T11:04:21+08:00" level=info msg="cleanupUserDataLocks: cleaned 1 lock files"
time="2026-01-06T11:04:21+08:00" level=info msg="browser launch: ===== Attempt 1 START ====="
time="2026-01-06T11:04:21+08:00" level=info msg="browser launch: created independent attempt context with 30s timeout"
time="2026-01-06T11:04:21+08:00" level=info msg="browser launch: created launcher"
time="2026-01-06T11:04:21+08:00" level=info msg="browser launch: headless=true bin=\"D:\\\\test\\\\chromium\\\\chrome-win64\\\\chrome.exe\" userData=\"D:\\\\test\\\\xhs-data\\\\profiles\\\\acc_4\\\\profile\" proxy=\"\" (attempt 1)"
time="2026-01-06T11:04:21+08:00" level=info msg="browser launch args: --disable-background-networking --disable-background-timer-throttling --disable-backgrounding-occluded-windows --disable-breakpad --disable-client-side-phishing-detection --disable-component-extensions-with-background-pages --disable-default-apps --disable-dev-shm-usage --disable-features=site-per-process,TranslateUI --disable-hang-monitor --disable-ipc-flooding-protection --disable-popup-blocking --disable-prompt-on-repost --disable-renderer-backgrounding --disable-site-isolation-trials --disable-sync --enable-automation --enable-features=NetworkService,NetworkServiceInProcess --force-color-profile=srgb --headless --lang=zh-CN --metrics-recording-only --no-default-browser-check --no-first-run --no-sandbox --no-startup-window --remote-debugging-port=0 --use-mock-keychain --user-agent=Mozilla/5.0 (Macintosh; Intel Mac OS X 10_15_7) AppleWebKit/537.36 (KHTML, like Gecko) Chrome/125.0.0.144 Safari/537.36 --user-data-dir=D:\\test\\xhs-data\\profiles\\acc_4\\profile"
time="2026-01-06T11:04:21+08:00" level=info msg="browser launch: cleaning locks before launch"
time="2026-01-06T11:04:21+08:00" level=info msg="cleanupUserDataLocks: cleaning dir=D:\\test\\xhs-data\\profiles\\acc_4\\profile"
time="2026-01-06T11:04:21+08:00" level=debug msg="cleanupUserDataLocks: D:\\test\\xhs-data\\profiles\\acc_4\\profile\\SingletonLock does not exist"
time="2026-01-06T11:04:21+08:00" level=debug msg="cleanupUserDataLocks: D:\\test\\xhs-data\\profiles\\acc_4\\profile\\SingletonCookie does not exist"
time="2026-01-06T11:04:21+08:00" level=debug msg="cleanupUserDataLocks: D:\\test\\xhs-data\\profiles\\acc_4\\profile\\SingletonSocket does not exist"
time="2026-01-06T11:04:21+08:00" level=debug msg="cleanupUserDataLocks: D:\\test\\xhs-data\\profiles\\acc_4\\profile\\DevToolsActivePort does not exist"
time="2026-01-06T11:04:21+08:00" level=info msg="cleanupUserDataLocks: cleaned 0 lock files"
time="2026-01-06T11:04:21+08:00" level=info msg="browser launch: lock cleanup completed"
time="2026-01-06T11:04:21+08:00" level=info msg="browser launch: about to call l.Launch()..."
time="2026-01-06T11:04:21+08:00" level=info msg="browser launch: ===== Attempt 1 EXECUTING LAUNCH ====="
DevTools listening on ws://127.0.0.1:8798/devtools/browser/d281f946-b3d2-4cd3-ac7e-3d2f411a0203
time="2026-01-06T11:04:21+08:00" level=info msg="browser launch: ===== Attempt 1 LAUNCH RETURNED (duration: 277.4814ms) ====="
time="2026-01-06T11:04:21+08:00" level=info msg="browser launch: SUCCESS! control url=ws://127.0.0.1:8798/devtools/browser/d281f946-b3d2-4cd3-ac7e-3d2f411a0203"
time="2026-01-06T11:04:21+08:00" level=info msg="browser launch: ===== Attempt 1 COMPLETED SUCCESSFULLY ====="
time="2026-01-06T11:04:21+08:00" level=info msg="browser connect: connecting to Chromium"
time="2026-01-06T11:04:21+08:00" level=info msg="browser connect: success"
time="2026-01-06T11:04:21+08:00" level=debug msg="loaded cookies from D:\\test\\xhs-data\\cookies\\acc_4\\cookies.json"
time="2026-01-06T11:04:21+08:00" level=warning msg="apply fingerprint failed: eval js error: TypeError: Cannot read properties of undefined (reading 'apply')\n    at <anonymous>:29:7 <nil>"
time="2026-01-06T11:04:21+08:00" level=info msg="打开 feed 详情页: https://www.xiaohongshu.com/explore/67f8895e000000001b026dba?xsec_token=ABE1x63PqiwMfG_cqyP3j1sldPdH6VURpSNaCReAB8ggU=&xsec_source=pc_feed"
time="2026-01-06T11:04:21+08:00" level=info msg="配置: 点击更多=false, 回复阈值=10, 最大评论数=0, 滚动速度=normal"
[24848:18512:0106/110424.974:ERROR:components\device_event_log\device_event_log_impl.cc:198] [11:04:24.974] USB: usb_service_win.cc:105 SetupDiGetDeviceProperty({{A45C254E-DF1C-4EFD-8020-67D146A850E0}, 6}) failed: 找不到元素。 (0x490)
[24848:8548:0106/110426.031:ERROR:google_apis\gcm\engine\registration_request.cc:292] Registration response error message: DEPRECATED_ENDPOINT
[GIN] 2026/01/06 - 11:04:29 | 200 |    8.2708296s |       127.0.0.1 | POST     "/mcp"
[GIN] 2026/01/06 - 11:04:29 | 200 |    8.2799538s |       127.0.0.1 | GET      "/mcp"
[GIN] 2026/01/06 - 11:05:09 | 200 |          5m0s |       127.0.0.1 | GET      "/mcp"
[GIN] 2026/01/06 - 11:05:25 | 200 |            0s |       127.0.0.1 | POST     "/mcp"
[GIN] 2026/01/06 - 11:05:25 | 202 |            0s |       127.0.0.1 | POST     "/mcp"
[GIN] 2026/01/06 - 11:05:25 | 200 |       536.4µs |       127.0.0.1 | POST     "/mcp"
time="2026-01-06T11:05:25+08:00" level=info msg="MCP: 获取Feed详情"
time="2026-01-06T11:05:25+08:00" level=info msg="MCP: 获取Feed详情 - Feed ID: 66ab5cc1000000002701fc19, loadAllComments=false, config={ClickMoreReplies:false MaxRepliesThreshold:10 MaxCommentItems:0 ScrollSpeed:normal}"
time="2026-01-06T11:05:25+08:00" level=info msg="browser launch: using attempt-level timeout control"
time="2026-01-06T11:05:25+08:00" level=info msg="cleanupUserDataLocks: cleaning dir=D:\\test\\xhs-data\\profiles\\acc_4\\profile"
time="2026-01-06T11:05:25+08:00" level=debug msg="cleanupUserDataLocks: D:\\test\\xhs-data\\profiles\\acc_4\\profile\\SingletonLock does not exist"
time="2026-01-06T11:05:25+08:00" level=debug msg="cleanupUserDataLocks: D:\\test\\xhs-data\\profiles\\acc_4\\profile\\SingletonCookie does not exist"
time="2026-01-06T11:05:25+08:00" level=debug msg="cleanupUserDataLocks: D:\\test\\xhs-data\\profiles\\acc_4\\profile\\SingletonSocket does not exist"
time="2026-01-06T11:05:25+08:00" level=info msg="cleanupUserDataLocks: removed D:\\test\\xhs-data\\profiles\\acc_4\\profile\\DevToolsActivePort"
time="2026-01-06T11:05:25+08:00" level=info msg="cleanupUserDataLocks: cleaned 1 lock files"
time="2026-01-06T11:05:25+08:00" level=info msg="browser launch: ===== Attempt 1 START ====="
time="2026-01-06T11:05:25+08:00" level=info msg="browser launch: created independent attempt context with 30s timeout"
time="2026-01-06T11:05:25+08:00" level=info msg="browser launch: created launcher"
time="2026-01-06T11:05:25+08:00" level=info msg="browser launch: headless=true bin=\"D:\\\\test\\\\chromium\\\\chrome-win64\\\\chrome.exe\" userData=\"D:\\\\test\\\\xhs-data\\\\profiles\\\\acc_4\\\\profile\" proxy=\"\" (attempt 1)"
time="2026-01-06T11:05:25+08:00" level=info msg="browser launch args: --disable-background-networking --disable-background-timer-throttling --disable-backgrounding-occluded-windows --disable-breakpad --disable-client-side-phishing-detection --disable-component-extensions-with-background-pages --disable-default-apps --disable-dev-shm-usage --disable-features=site-per-process,TranslateUI --disable-hang-monitor --disable-ipc-flooding-protection --disable-popup-blocking --disable-prompt-on-repost --disable-renderer-backgrounding --disable-site-isolation-trials --disable-sync --enable-automation --enable-features=NetworkService,NetworkServiceInProcess --force-color-profile=srgb --headless --lang=zh-CN --metrics-recording-only --no-default-browser-check --no-first-run --no-sandbox --no-startup-window --remote-debugging-port=0 --use-mock-keychain --user-agent=Mozilla/5.0 (Macintosh; Intel Mac OS X 10_15_7) AppleWebKit/537.36 (KHTML, like Gecko) Chrome/125.0.0.144 Safari/537.36 --user-data-dir=D:\\test\\xhs-data\\profiles\\acc_4\\profile"
time="2026-01-06T11:05:25+08:00" level=info msg="browser launch: cleaning locks before launch"
time="2026-01-06T11:05:25+08:00" level=info msg="cleanupUserDataLocks: cleaning dir=D:\\test\\xhs-data\\profiles\\acc_4\\profile"
time="2026-01-06T11:05:25+08:00" level=debug msg="cleanupUserDataLocks: D:\\test\\xhs-data\\profiles\\acc_4\\profile\\SingletonLock does not exist"
time="2026-01-06T11:05:25+08:00" level=debug msg="cleanupUserDataLocks: D:\\test\\xhs-data\\profiles\\acc_4\\profile\\SingletonCookie does not exist"
time="2026-01-06T11:05:25+08:00" level=debug msg="cleanupUserDataLocks: D:\\test\\xhs-data\\profiles\\acc_4\\profile\\SingletonSocket does not exist"
time="2026-01-06T11:05:25+08:00" level=debug msg="cleanupUserDataLocks: D:\\test\\xhs-data\\profiles\\acc_4\\profile\\DevToolsActivePort does not exist"
time="2026-01-06T11:05:25+08:00" level=info msg="cleanupUserDataLocks: cleaned 0 lock files"
time="2026-01-06T11:05:25+08:00" level=info msg="browser launch: lock cleanup completed"
time="2026-01-06T11:05:25+08:00" level=info msg="browser launch: about to call l.Launch()..."
time="2026-01-06T11:05:25+08:00" level=info msg="browser launch: ===== Attempt 1 EXECUTING LAUNCH ====="
DevTools listening on ws://127.0.0.1:13387/devtools/browser/0b4e9e62-10a1-4f8b-a64a-132bc349ba64
time="2026-01-06T11:05:25+08:00" level=info msg="browser launch: ===== Attempt 1 LAUNCH RETURNED (duration: 289.5882ms) ====="
time="2026-01-06T11:05:25+08:00" level=info msg="browser launch: SUCCESS! control url=ws://127.0.0.1:13387/devtools/browser/0b4e9e62-10a1-4f8b-a64a-132bc349ba64"
time="2026-01-06T11:05:25+08:00" level=info msg="browser launch: ===== Attempt 1 COMPLETED SUCCESSFULLY ====="
time="2026-01-06T11:05:25+08:00" level=info msg="browser connect: connecting to Chromium"
time="2026-01-06T11:05:25+08:00" level=info msg="browser connect: success"
time="2026-01-06T11:05:25+08:00" level=debug msg="loaded cookies from D:\\test\\xhs-data\\cookies\\acc_4\\cookies.json"
time="2026-01-06T11:05:25+08:00" level=warning msg="apply fingerprint failed: eval js error: TypeError: Cannot read properties of undefined (reading 'apply')\n    at <anonymous>:29:7 <nil>"
time="2026-01-06T11:05:25+08:00" level=info msg="打开 feed 详情页: https://www.xiaohongshu.com/explore/66ab5cc1000000002701fc19?xsec_token=ABvfb9IteJDWGdvGhbrVMfwKatdOEB8Kw1o7eE3ebBIvc=&xsec_source=pc_feed"
time="2026-01-06T11:05:25+08:00" level=info msg="配置: 点击更多=false, 回复阈值=10, 最大评论数=0, 滚动速度=normal"
[20676:1032:0106/110528.973:ERROR:components\device_event_log\device_event_log_impl.cc:198] [11:05:28.973] USB: usb_service_win.cc:105 SetupDiGetDeviceProperty({{A45C254E-DF1C-4EFD-8020-67D146A850E0}, 6}) failed: 找不到元素。 (0x490)
[20676:7808:0106/110530.067:ERROR:google_apis\gcm\engine\registration_request.cc:292] Registration response error message: DEPRECATED_ENDPOINT
[GIN] 2026/01/06 - 11:05:35 | 200 |   10.3625603s |       127.0.0.1 | POST     "/mcp"
[GIN] 2026/01/06 - 11:05:35 | 200 |    10.371863s |       127.0.0.1 | GET      "/mcp"
[GIN] 2026/01/06 - 11:05:59 | 200 |          5m0s |       127.0.0.1 | GET      "/mcp"
[GIN] 2026/01/06 - 11:06:29 | 200 |          5m0s |       127.0.0.1 | GET      "/mcp"
[GIN] 2026/01/06 - 11:06:30 | 200 |            0s |       127.0.0.1 | POST     "/mcp"
[GIN] 2026/01/06 - 11:06:30 | 202 |            0s |       127.0.0.1 | POST     "/mcp"
[GIN] 2026/01/06 - 11:06:30 | 200 |       526.4µs |       127.0.0.1 | POST     "/mcp"
time="2026-01-06T11:06:30+08:00" level=info msg="MCP: 获取Feed详情"
time="2026-01-06T11:06:30+08:00" level=info msg="MCP: 获取Feed详情 - Feed ID: 68d4d98a0000000012017dd3, loadAllComments=false, config={ClickMoreReplies:false MaxRepliesThreshold:10 MaxCommentItems:0 ScrollSpeed:normal}"
time="2026-01-06T11:06:30+08:00" level=info msg="browser launch: using attempt-level timeout control"
time="2026-01-06T11:06:30+08:00" level=info msg="cleanupUserDataLocks: cleaning dir=D:\\test\\xhs-data\\profiles\\acc_4\\profile"
time="2026-01-06T11:06:30+08:00" level=debug msg="cleanupUserDataLocks: D:\\test\\xhs-data\\profiles\\acc_4\\profile\\SingletonLock does not exist"
time="2026-01-06T11:06:30+08:00" level=debug msg="cleanupUserDataLocks: D:\\test\\xhs-data\\profiles\\acc_4\\profile\\SingletonCookie does not exist"
time="2026-01-06T11:06:30+08:00" level=debug msg="cleanupUserDataLocks: D:\\test\\xhs-data\\profiles\\acc_4\\profile\\SingletonSocket does not exist"
time="2026-01-06T11:06:30+08:00" level=info msg="cleanupUserDataLocks: removed D:\\test\\xhs-data\\profiles\\acc_4\\profile\\DevToolsActivePort"
time="2026-01-06T11:06:30+08:00" level=info msg="cleanupUserDataLocks: cleaned 1 lock files"
time="2026-01-06T11:06:30+08:00" level=info msg="browser launch: ===== Attempt 1 START ====="
time="2026-01-06T11:06:30+08:00" level=info msg="browser launch: created independent attempt context with 30s timeout"
time="2026-01-06T11:06:30+08:00" level=info msg="browser launch: created launcher"
time="2026-01-06T11:06:30+08:00" level=info msg="browser launch: headless=true bin=\"D:\\\\test\\\\chromium\\\\chrome-win64\\\\chrome.exe\" userData=\"D:\\\\test\\\\xhs-data\\\\profiles\\\\acc_4\\\\profile\" proxy=\"\" (attempt 1)"
time="2026-01-06T11:06:30+08:00" level=info msg="browser launch args: --disable-background-networking --disable-background-timer-throttling --disable-backgrounding-occluded-windows --disable-breakpad --disable-client-side-phishing-detection --disable-component-extensions-with-background-pages --disable-default-apps --disable-dev-shm-usage --disable-features=site-per-process,TranslateUI --disable-hang-monitor --disable-ipc-flooding-protection --disable-popup-blocking --disable-prompt-on-repost --disable-renderer-backgrounding --disable-site-isolation-trials --disable-sync --enable-automation --enable-features=NetworkService,NetworkServiceInProcess --force-color-profile=srgb --headless --lang=zh-CN --metrics-recording-only --no-default-browser-check --no-first-run --no-sandbox --no-startup-window --remote-debugging-port=0 --use-mock-keychain --user-agent=Mozilla/5.0 (Macintosh; Intel Mac OS X 10_15_7) AppleWebKit/537.36 (KHTML, like Gecko) Chrome/125.0.0.144 Safari/537.36 --user-data-dir=D:\\test\\xhs-data\\profiles\\acc_4\\profile"
time="2026-01-06T11:06:30+08:00" level=info msg="browser launch: cleaning locks before launch"
time="2026-01-06T11:06:30+08:00" level=info msg="cleanupUserDataLocks: cleaning dir=D:\\test\\xhs-data\\profiles\\acc_4\\profile"
time="2026-01-06T11:06:30+08:00" level=debug msg="cleanupUserDataLocks: D:\\test\\xhs-data\\profiles\\acc_4\\profile\\SingletonLock does not exist"
time="2026-01-06T11:06:30+08:00" level=debug msg="cleanupUserDataLocks: D:\\test\\xhs-data\\profiles\\acc_4\\profile\\SingletonCookie does not exist"
time="2026-01-06T11:06:30+08:00" level=debug msg="cleanupUserDataLocks: D:\\test\\xhs-data\\profiles\\acc_4\\profile\\SingletonSocket does not exist"
time="2026-01-06T11:06:30+08:00" level=debug msg="cleanupUserDataLocks: D:\\test\\xhs-data\\profiles\\acc_4\\profile\\DevToolsActivePort does not exist"
time="2026-01-06T11:06:30+08:00" level=info msg="cleanupUserDataLocks: cleaned 0 lock files"
time="2026-01-06T11:06:30+08:00" level=info msg="browser launch: lock cleanup completed"
time="2026-01-06T11:06:30+08:00" level=info msg="browser launch: about to call l.Launch()..."
time="2026-01-06T11:06:30+08:00" level=info msg="browser launch: ===== Attempt 1 EXECUTING LAUNCH ====="
DevTools listening on ws://127.0.0.1:5701/devtools/browser/41b5d6ad-1684-4173-b53b-a57926bf0578
time="2026-01-06T11:06:30+08:00" level=info msg="browser launch: ===== Attempt 1 LAUNCH RETURNED (duration: 251.5054ms) ====="
time="2026-01-06T11:06:30+08:00" level=info msg="browser launch: SUCCESS! control url=ws://127.0.0.1:5701/devtools/browser/41b5d6ad-1684-4173-b53b-a57926bf0578"
time="2026-01-06T11:06:30+08:00" level=info msg="browser launch: ===== Attempt 1 COMPLETED SUCCESSFULLY ====="
time="2026-01-06T11:06:30+08:00" level=info msg="browser connect: connecting to Chromium"
time="2026-01-06T11:06:30+08:00" level=info msg="browser connect: success"
time="2026-01-06T11:06:30+08:00" level=debug msg="loaded cookies from D:\\test\\xhs-data\\cookies\\acc_4\\cookies.json"
time="2026-01-06T11:06:30+08:00" level=warning msg="apply fingerprint failed: eval js error: TypeError: Cannot read properties of undefined (reading 'apply')\n    at <anonymous>:29:7 <nil>"
time="2026-01-06T11:06:30+08:00" level=info msg="打开 feed 详情页: https://www.xiaohongshu.com/explore/68d4d98a0000000012017dd3?xsec_token=ABtRx2oxEn1m-AchnT-jtcZTGicHlhYY6ssJHg0vvAL40=&xsec_source=pc_feed"
time="2026-01-06T11:06:30+08:00" level=info msg="配置: 点击更多=false, 回复阈值=10, 最大评论数=0, 滚动速度=normal"
[24164:5112:0106/110633.875:ERROR:components\device_event_log\device_event_log_impl.cc:198] [11:06:33.875] USB: usb_service_win.cc:105 SetupDiGetDeviceProperty({{A45C254E-DF1C-4EFD-8020-67D146A850E0}, 6}) failed: 找不到元素。 (0x490)
[24164:25560:0106/110635.616:ERROR:google_apis\gcm\engine\registration_request.cc:292] Registration response error message: DEPRECATED_ENDPOINT
[GIN] 2026/01/06 - 11:06:36 | 200 |          5m0s |       127.0.0.1 | GET      "/mcp"
[GIN] 2026/01/06 - 11:06:38 | 200 |    8.2467356s |       127.0.0.1 | POST     "/mcp"
[GIN] 2026/01/06 - 11:06:38 | 200 |    8.2566708s |       127.0.0.1 | GET      "/mcp"
[GIN] 2026/01/06 - 11:07:53 | 200 |       530.2µs |       127.0.0.1 | POST     "/mcp"
[GIN] 2026/01/06 - 11:07:53 | 202 |            0s |       127.0.0.1 | POST     "/mcp"
[GIN] 2026/01/06 - 11:07:53 | 200 |       514.5µs |       127.0.0.1 | POST     "/mcp"
time="2026-01-06T11:07:53+08:00" level=info msg="MCP: 获取Feed详情"
time="2026-01-06T11:07:53+08:00" level=info msg="MCP: 获取Feed详情 - Feed ID: 68b2b7f8000000001b03e075, loadAllComments=false, config={ClickMoreReplies:false MaxRepliesThreshold:10 MaxCommentItems:0 ScrollSpeed:normal}"
time="2026-01-06T11:07:53+08:00" level=info msg="browser launch: using attempt-level timeout control"
time="2026-01-06T11:07:53+08:00" level=info msg="cleanupUserDataLocks: cleaning dir=D:\\test\\xhs-data\\profiles\\acc_4\\profile"
time="2026-01-06T11:07:53+08:00" level=debug msg="cleanupUserDataLocks: D:\\test\\xhs-data\\profiles\\acc_4\\profile\\SingletonLock does not exist"
time="2026-01-06T11:07:53+08:00" level=debug msg="cleanupUserDataLocks: D:\\test\\xhs-data\\profiles\\acc_4\\profile\\SingletonCookie does not exist"
time="2026-01-06T11:07:53+08:00" level=debug msg="cleanupUserDataLocks: D:\\test\\xhs-data\\profiles\\acc_4\\profile\\SingletonSocket does not exist"
time="2026-01-06T11:07:53+08:00" level=info msg="cleanupUserDataLocks: removed D:\\test\\xhs-data\\profiles\\acc_4\\profile\\DevToolsActivePort"
time="2026-01-06T11:07:53+08:00" level=info msg="cleanupUserDataLocks: cleaned 1 lock files"
time="2026-01-06T11:07:53+08:00" level=info msg="browser launch: ===== Attempt 1 START ====="
time="2026-01-06T11:07:53+08:00" level=info msg="browser launch: created independent attempt context with 30s timeout"
time="2026-01-06T11:07:53+08:00" level=info msg="browser launch: created launcher"
time="2026-01-06T11:07:53+08:00" level=info msg="browser launch: headless=true bin=\"D:\\\\test\\\\chromium\\\\chrome-win64\\\\chrome.exe\" userData=\"D:\\\\test\\\\xhs-data\\\\profiles\\\\acc_4\\\\profile\" proxy=\"\" (attempt 1)"
time="2026-01-06T11:07:53+08:00" level=info msg="browser launch args: --disable-background-networking --disable-background-timer-throttling --disable-backgrounding-occluded-windows --disable-breakpad --disable-client-side-phishing-detection --disable-component-extensions-with-background-pages --disable-default-apps --disable-dev-shm-usage --disable-features=site-per-process,TranslateUI --disable-hang-monitor --disable-ipc-flooding-protection --disable-popup-blocking --disable-prompt-on-repost --disable-renderer-backgrounding --disable-site-isolation-trials --disable-sync --enable-automation --enable-features=NetworkService,NetworkServiceInProcess --force-color-profile=srgb --headless --lang=zh-CN --metrics-recording-only --no-default-browser-check --no-first-run --no-sandbox --no-startup-window --remote-debugging-port=0 --use-mock-keychain --user-agent=Mozilla/5.0 (Macintosh; Intel Mac OS X 10_15_7) AppleWebKit/537.36 (KHTML, like Gecko) Chrome/125.0.0.144 Safari/537.36 --user-data-dir=D:\\test\\xhs-data\\profiles\\acc_4\\profile"
time="2026-01-06T11:07:53+08:00" level=info msg="browser launch: cleaning locks before launch"
time="2026-01-06T11:07:53+08:00" level=info msg="cleanupUserDataLocks: cleaning dir=D:\\test\\xhs-data\\profiles\\acc_4\\profile"
time="2026-01-06T11:07:53+08:00" level=debug msg="cleanupUserDataLocks: D:\\test\\xhs-data\\profiles\\acc_4\\profile\\SingletonLock does not exist"
time="2026-01-06T11:07:53+08:00" level=debug msg="cleanupUserDataLocks: D:\\test\\xhs-data\\profiles\\acc_4\\profile\\SingletonCookie does not exist"
time="2026-01-06T11:07:53+08:00" level=debug msg="cleanupUserDataLocks: D:\\test\\xhs-data\\profiles\\acc_4\\profile\\SingletonSocket does not exist"
time="2026-01-06T11:07:53+08:00" level=debug msg="cleanupUserDataLocks: D:\\test\\xhs-data\\profiles\\acc_4\\profile\\DevToolsActivePort does not exist"
time="2026-01-06T11:07:53+08:00" level=info msg="cleanupUserDataLocks: cleaned 0 lock files"
time="2026-01-06T11:07:53+08:00" level=info msg="browser launch: lock cleanup completed"
time="2026-01-06T11:07:53+08:00" level=info msg="browser launch: about to call l.Launch()..."
time="2026-01-06T11:07:53+08:00" level=info msg="browser launch: ===== Attempt 1 EXECUTING LAUNCH ====="
DevTools listening on ws://127.0.0.1:3870/devtools/browser/992ea1a1-8d73-4e92-b25d-bae33607dc29
time="2026-01-06T11:07:53+08:00" level=info msg="browser launch: ===== Attempt 1 LAUNCH RETURNED (duration: 273.542ms) ====="
time="2026-01-06T11:07:53+08:00" level=info msg="browser launch: SUCCESS! control url=ws://127.0.0.1:3870/devtools/browser/992ea1a1-8d73-4e92-b25d-bae33607dc29"
time="2026-01-06T11:07:53+08:00" level=info msg="browser launch: ===== Attempt 1 COMPLETED SUCCESSFULLY ====="
time="2026-01-06T11:07:53+08:00" level=info msg="browser connect: connecting to Chromium"
time="2026-01-06T11:07:53+08:00" level=info msg="browser connect: success"
time="2026-01-06T11:07:53+08:00" level=debug msg="loaded cookies from D:\\test\\xhs-data\\cookies\\acc_4\\cookies.json"
time="2026-01-06T11:07:53+08:00" level=warning msg="apply fingerprint failed: eval js error: TypeError: Cannot read properties of undefined (reading 'apply')\n    at <anonymous>:29:7 <nil>"
time="2026-01-06T11:07:53+08:00" level=info msg="打开 feed 详情页: https://www.xiaohongshu.com/explore/68b2b7f8000000001b03e075?xsec_token=ABosZ-v3Nc04MwZscQPscjmeOce24eGcHQ_cVmv0OmJzQ=&xsec_source=pc_feed"
time="2026-01-06T11:07:53+08:00" level=info msg="配置: 点击更多=false, 回复阈值=10, 最大评论数=0, 滚动速度=normal"
[24828:23068:0106/110758.630:ERROR:components\device_event_log\device_event_log_impl.cc:198] [11:07:58.631] USB: usb_service_win.cc:105 SetupDiGetDeviceProperty({{A45C254E-DF1C-4EFD-8020-67D146A850E0}, 6}) failed: 找不到元素。 (0x490)
[24828:22132:0106/110759.693:ERROR:google_apis\gcm\engine\registration_request.cc:292] Registration response error message: DEPRECATED_ENDPOINT
[GIN] 2026/01/06 - 11:08:01 | 200 |    8.3549832s |       127.0.0.1 | POST     "/mcp"
[GIN] 2026/01/06 - 11:08:01 | 200 |    8.3623962s |       127.0.0.1 | GET      "/mcp"
[GIN] 2026/01/06 - 11:08:03 | 200 |          5m0s |       127.0.0.1 | GET      "/mcp"
[GIN] 2026/01/06 - 11:08:30 | 200 |          5m0s |       127.0.0.1 | GET      "/mcp"
[GIN] 2026/01/06 - 11:09:49 | 200 |            0s |       127.0.0.1 | POST     "/mcp"
[GIN] 2026/01/06 - 11:09:49 | 202 |       521.7µs |       127.0.0.1 | POST     "/mcp"
[GIN] 2026/01/06 - 11:09:49 | 200 |            0s |       127.0.0.1 | POST     "/mcp"
time="2026-01-06T11:09:49+08:00" level=info msg="MCP: 获取Feed详情"
time="2026-01-06T11:09:49+08:00" level=info msg="MCP: 获取Feed详情 - Feed ID: 690acbed000000000401004e, loadAllComments=false, config={ClickMoreReplies:false MaxRepliesThreshold:10 MaxCommentItems:0 ScrollSpeed:normal}"
time="2026-01-06T11:09:49+08:00" level=info msg="browser launch: using attempt-level timeout control"
time="2026-01-06T11:09:49+08:00" level=info msg="cleanupUserDataLocks: cleaning dir=D:\\test\\xhs-data\\profiles\\acc_4\\profile"
time="2026-01-06T11:09:49+08:00" level=debug msg="cleanupUserDataLocks: D:\\test\\xhs-data\\profiles\\acc_4\\profile\\SingletonLock does not exist"
time="2026-01-06T11:09:49+08:00" level=debug msg="cleanupUserDataLocks: D:\\test\\xhs-data\\profiles\\acc_4\\profile\\SingletonCookie does not exist"
time="2026-01-06T11:09:49+08:00" level=debug msg="cleanupUserDataLocks: D:\\test\\xhs-data\\profiles\\acc_4\\profile\\SingletonSocket does not exist"
time="2026-01-06T11:09:49+08:00" level=info msg="cleanupUserDataLocks: removed D:\\test\\xhs-data\\profiles\\acc_4\\profile\\DevToolsActivePort"
time="2026-01-06T11:09:49+08:00" level=info msg="cleanupUserDataLocks: cleaned 1 lock files"
time="2026-01-06T11:09:49+08:00" level=info msg="browser launch: ===== Attempt 1 START ====="
time="2026-01-06T11:09:49+08:00" level=info msg="browser launch: created independent attempt context with 30s timeout"
time="2026-01-06T11:09:49+08:00" level=info msg="browser launch: created launcher"
time="2026-01-06T11:09:49+08:00" level=info msg="browser launch: headless=true bin=\"D:\\\\test\\\\chromium\\\\chrome-win64\\\\chrome.exe\" userData=\"D:\\\\test\\\\xhs-data\\\\profiles\\\\acc_4\\\\profile\" proxy=\"\" (attempt 1)"
time="2026-01-06T11:09:49+08:00" level=info msg="browser launch args: --disable-background-networking --disable-background-timer-throttling --disable-backgrounding-occluded-windows --disable-breakpad --disable-client-side-phishing-detection --disable-component-extensions-with-background-pages --disable-default-apps --disable-dev-shm-usage --disable-features=site-per-process,TranslateUI --disable-hang-monitor --disable-ipc-flooding-protection --disable-popup-blocking --disable-prompt-on-repost --disable-renderer-backgrounding --disable-site-isolation-trials --disable-sync --enable-automation --enable-features=NetworkService,NetworkServiceInProcess --force-color-profile=srgb --headless --lang=zh-CN --metrics-recording-only --no-default-browser-check --no-first-run --no-sandbox --no-startup-window --remote-debugging-port=0 --use-mock-keychain --user-agent=Mozilla/5.0 (Macintosh; Intel Mac OS X 10_15_7) AppleWebKit/537.36 (KHTML, like Gecko) Chrome/125.0.0.144 Safari/537.36 --user-data-dir=D:\\test\\xhs-data\\profiles\\acc_4\\profile"
time="2026-01-06T11:09:49+08:00" level=info msg="browser launch: cleaning locks before launch"
time="2026-01-06T11:09:49+08:00" level=info msg="cleanupUserDataLocks: cleaning dir=D:\\test\\xhs-data\\profiles\\acc_4\\profile"
time="2026-01-06T11:09:49+08:00" level=debug msg="cleanupUserDataLocks: D:\\test\\xhs-data\\profiles\\acc_4\\profile\\SingletonLock does not exist"
time="2026-01-06T11:09:49+08:00" level=debug msg="cleanupUserDataLocks: D:\\test\\xhs-data\\profiles\\acc_4\\profile\\SingletonCookie does not exist"
time="2026-01-06T11:09:49+08:00" level=debug msg="cleanupUserDataLocks: D:\\test\\xhs-data\\profiles\\acc_4\\profile\\SingletonSocket does not exist"
time="2026-01-06T11:09:49+08:00" level=debug msg="cleanupUserDataLocks: D:\\test\\xhs-data\\profiles\\acc_4\\profile\\DevToolsActivePort does not exist"
time="2026-01-06T11:09:49+08:00" level=info msg="cleanupUserDataLocks: cleaned 0 lock files"
time="2026-01-06T11:09:49+08:00" level=info msg="browser launch: lock cleanup completed"
time="2026-01-06T11:09:49+08:00" level=info msg="browser launch: about to call l.Launch()..."
time="2026-01-06T11:09:49+08:00" level=info msg="browser launch: ===== Attempt 1 EXECUTING LAUNCH ====="
DevTools listening on ws://127.0.0.1:9547/devtools/browser/9d1da97f-ffb5-404e-b0cc-313a0795331b
time="2026-01-06T11:09:49+08:00" level=info msg="browser launch: ===== Attempt 1 LAUNCH RETURNED (duration: 268.4413ms) ====="
time="2026-01-06T11:09:49+08:00" level=info msg="browser launch: SUCCESS! control url=ws://127.0.0.1:9547/devtools/browser/9d1da97f-ffb5-404e-b0cc-313a0795331b"
time="2026-01-06T11:09:49+08:00" level=info msg="browser launch: ===== Attempt 1 COMPLETED SUCCESSFULLY ====="
time="2026-01-06T11:09:49+08:00" level=info msg="browser connect: connecting to Chromium"
time="2026-01-06T11:09:49+08:00" level=info msg="browser connect: success"
time="2026-01-06T11:09:49+08:00" level=debug msg="loaded cookies from D:\\test\\xhs-data\\cookies\\acc_4\\cookies.json"
time="2026-01-06T11:09:49+08:00" level=warning msg="apply fingerprint failed: eval js error: TypeError: Cannot read properties of undefined (reading 'apply')\n    at <anonymous>:29:7 <nil>"
time="2026-01-06T11:09:49+08:00" level=info msg="打开 feed 详情页: https://www.xiaohongshu.com/explore/690acbed000000000401004e?xsec_token=ABXRjs5g2LvpNN3zp4X77E-slMoQ8CoYY-vkXlSWSZW5g=&xsec_source=pc_feed"
time="2026-01-06T11:09:49+08:00" level=info msg="配置: 点击更多=false, 回复阈值=10, 最大评论数=0, 滚动速度=normal"
[26444:24924:0106/110952.778:ERROR:components\device_event_log\device_event_log_impl.cc:198] [11:09:52.779] USB: usb_service_win.cc:105 SetupDiGetDeviceProperty({{A45C254E-DF1C-4EFD-8020-67D146A850E0}, 6}) failed: 找不到元素。 (0x490)
[26444:25956:0106/110953.808:ERROR:google_apis\gcm\engine\registration_request.cc:292] Registration response error message: DEPRECATED_ENDPOINT
[GIN] 2026/01/06 - 11:09:57 | 200 |    8.2733356s |       127.0.0.1 | POST     "/mcp"
[GIN] 2026/01/06 - 11:09:57 | 200 |    8.2812321s |       127.0.0.1 | GET      "/mcp"
[GIN] 2026/01/06 - 11:10:12 | 200 |          5m1s |       127.0.0.1 | GET      "/mcp"
[GIN] 2026/01/06 - 11:10:40 | 200 |            0s |       127.0.0.1 | POST     "/mcp"
[GIN] 2026/01/06 - 11:10:40 | 202 |            0s |       127.0.0.1 | POST     "/mcp"
[GIN] 2026/01/06 - 11:10:40 | 200 |      1.0847ms |       127.0.0.1 | POST     "/mcp"
time="2026-01-06T11:10:40+08:00" level=info msg="MCP: 获取Feed详情"
time="2026-01-06T11:10:40+08:00" level=info msg="MCP: 获取Feed详情 - Feed ID: 68a41305000000001d00ae7d, loadAllComments=false, config={ClickMoreReplies:false MaxRepliesThreshold:10 MaxCommentItems:0 ScrollSpeed:normal}"
time="2026-01-06T11:10:40+08:00" level=info msg="browser launch: using attempt-level timeout control"
time="2026-01-06T11:10:40+08:00" level=info msg="cleanupUserDataLocks: cleaning dir=D:\\test\\xhs-data\\profiles\\acc_4\\profile"
time="2026-01-06T11:10:40+08:00" level=debug msg="cleanupUserDataLocks: D:\\test\\xhs-data\\profiles\\acc_4\\profile\\SingletonLock does not exist"
time="2026-01-06T11:10:40+08:00" level=debug msg="cleanupUserDataLocks: D:\\test\\xhs-data\\profiles\\acc_4\\profile\\SingletonCookie does not exist"
time="2026-01-06T11:10:40+08:00" level=debug msg="cleanupUserDataLocks: D:\\test\\xhs-data\\profiles\\acc_4\\profile\\SingletonSocket does not exist"
time="2026-01-06T11:10:40+08:00" level=info msg="cleanupUserDataLocks: removed D:\\test\\xhs-data\\profiles\\acc_4\\profile\\DevToolsActivePort"
time="2026-01-06T11:10:40+08:00" level=info msg="cleanupUserDataLocks: cleaned 1 lock files"
time="2026-01-06T11:10:40+08:00" level=info msg="browser launch: ===== Attempt 1 START ====="
time="2026-01-06T11:10:40+08:00" level=info msg="browser launch: created independent attempt context with 30s timeout"
time="2026-01-06T11:10:40+08:00" level=info msg="browser launch: created launcher"
time="2026-01-06T11:10:40+08:00" level=info msg="browser launch: headless=true bin=\"D:\\\\test\\\\chromium\\\\chrome-win64\\\\chrome.exe\" userData=\"D:\\\\test\\\\xhs-data\\\\profiles\\\\acc_4\\\\profile\" proxy=\"\" (attempt 1)"
time="2026-01-06T11:10:40+08:00" level=info msg="browser launch args: --disable-background-networking --disable-background-timer-throttling --disable-backgrounding-occluded-windows --disable-breakpad --disable-client-side-phishing-detection --disable-component-extensions-with-background-pages --disable-default-apps --disable-dev-shm-usage --disable-features=site-per-process,TranslateUI --disable-hang-monitor --disable-ipc-flooding-protection --disable-popup-blocking --disable-prompt-on-repost --disable-renderer-backgrounding --disable-site-isolation-trials --disable-sync --enable-automation --enable-features=NetworkService,NetworkServiceInProcess --force-color-profile=srgb --headless --lang=zh-CN --metrics-recording-only --no-default-browser-check --no-first-run --no-sandbox --no-startup-window --remote-debugging-port=0 --use-mock-keychain --user-agent=Mozilla/5.0 (Macintosh; Intel Mac OS X 10_15_7) AppleWebKit/537.36 (KHTML, like Gecko) Chrome/125.0.0.144 Safari/537.36 --user-data-dir=D:\\test\\xhs-data\\profiles\\acc_4\\profile"
time="2026-01-06T11:10:40+08:00" level=info msg="browser launch: cleaning locks before launch"
time="2026-01-06T11:10:40+08:00" level=info msg="cleanupUserDataLocks: cleaning dir=D:\\test\\xhs-data\\profiles\\acc_4\\profile"
time="2026-01-06T11:10:40+08:00" level=debug msg="cleanupUserDataLocks: D:\\test\\xhs-data\\profiles\\acc_4\\profile\\SingletonLock does not exist"
time="2026-01-06T11:10:40+08:00" level=debug msg="cleanupUserDataLocks: D:\\test\\xhs-data\\profiles\\acc_4\\profile\\SingletonCookie does not exist"
time="2026-01-06T11:10:40+08:00" level=debug msg="cleanupUserDataLocks: D:\\test\\xhs-data\\profiles\\acc_4\\profile\\SingletonSocket does not exist"
time="2026-01-06T11:10:40+08:00" level=debug msg="cleanupUserDataLocks: D:\\test\\xhs-data\\profiles\\acc_4\\profile\\DevToolsActivePort does not exist"
time="2026-01-06T11:10:40+08:00" level=info msg="cleanupUserDataLocks: cleaned 0 lock files"
time="2026-01-06T11:10:40+08:00" level=info msg="browser launch: lock cleanup completed"
time="2026-01-06T11:10:40+08:00" level=info msg="browser launch: about to call l.Launch()..."
time="2026-01-06T11:10:40+08:00" level=info msg="browser launch: ===== Attempt 1 EXECUTING LAUNCH ====="
DevTools listening on ws://127.0.0.1:2862/devtools/browser/41783904-e887-40ef-b798-ddef6eedcded
time="2026-01-06T11:10:40+08:00" level=info msg="browser launch: ===== Attempt 1 LAUNCH RETURNED (duration: 290.4646ms) ====="
time="2026-01-06T11:10:40+08:00" level=info msg="browser launch: SUCCESS! control url=ws://127.0.0.1:2862/devtools/browser/41783904-e887-40ef-b798-ddef6eedcded"
time="2026-01-06T11:10:40+08:00" level=info msg="browser launch: ===== Attempt 1 COMPLETED SUCCESSFULLY ====="
time="2026-01-06T11:10:40+08:00" level=info msg="browser connect: connecting to Chromium"
time="2026-01-06T11:10:40+08:00" level=info msg="browser connect: success"
time="2026-01-06T11:10:40+08:00" level=debug msg="loaded cookies from D:\\test\\xhs-data\\cookies\\acc_4\\cookies.json"
time="2026-01-06T11:10:40+08:00" level=warning msg="apply fingerprint failed: eval js error: TypeError: Cannot read properties of undefined (reading 'apply')\n    at <anonymous>:29:7 <nil>"
time="2026-01-06T11:10:40+08:00" level=info msg="打开 feed 详情页: https://www.xiaohongshu.com/explore/68a41305000000001d00ae7d?xsec_token=ABlvq0b4EsUUeaQ1JP3qaG689h_qa5agEAgXiUNunRCJA=&xsec_source=pc_feed"
time="2026-01-06T11:10:40+08:00" level=info msg="配置: 点击更多=false, 回复阈值=10, 最大评论数=0, 滚动速度=normal"
[12396:20996:0106/111043.831:ERROR:components\device_event_log\device_event_log_impl.cc:198] [11:10:43.831] USB: usb_service_win.cc:105 SetupDiGetDeviceProperty({{A45C254E-DF1C-4EFD-8020-67D146A850E0}, 6}) failed: 找不到元素。 (0x490)
time="2026-01-06T11:10:44+08:00" level=warning msg="笔记不可访问: 当前笔记暂时无法浏览"
[GIN] 2026/01/06 - 11:10:45 | 200 |    5.3903756s |       127.0.0.1 | POST     "/mcp"
[GIN] 2026/01/06 - 11:10:45 | 200 |    5.4025574s |       127.0.0.1 | GET      "/mcp"
[GIN] 2026/01/06 - 11:11:01 | 200 |          5m1s |       127.0.0.1 | GET      "/mcp"
[GIN] 2026/01/06 - 11:11:15 | 200 |            0s |       127.0.0.1 | POST     "/mcp"
[GIN] 2026/01/06 - 11:11:15 | 202 |            0s |       127.0.0.1 | POST     "/mcp"
[GIN] 2026/01/06 - 11:11:15 | 200 |       502.4µs |       127.0.0.1 | POST     "/mcp"
time="2026-01-06T11:11:15+08:00" level=info msg="MCP: 获取Feed详情"
time="2026-01-06T11:11:15+08:00" level=info msg="MCP: 获取Feed详情 - Feed ID: 68a41305000000001d00ae7d, loadAllComments=false, config={ClickMoreReplies:false MaxRepliesThreshold:10 MaxCommentItems:0 ScrollSpeed:normal}"
time="2026-01-06T11:11:15+08:00" level=info msg="browser launch: using attempt-level timeout control"
time="2026-01-06T11:11:15+08:00" level=info msg="cleanupUserDataLocks: cleaning dir=D:\\test\\xhs-data\\profiles\\acc_4\\profile"
time="2026-01-06T11:11:15+08:00" level=debug msg="cleanupUserDataLocks: D:\\test\\xhs-data\\profiles\\acc_4\\profile\\SingletonLock does not exist"
time="2026-01-06T11:11:15+08:00" level=debug msg="cleanupUserDataLocks: D:\\test\\xhs-data\\profiles\\acc_4\\profile\\SingletonCookie does not exist"
time="2026-01-06T11:11:15+08:00" level=debug msg="cleanupUserDataLocks: D:\\test\\xhs-data\\profiles\\acc_4\\profile\\SingletonSocket does not exist"
time="2026-01-06T11:11:15+08:00" level=info msg="cleanupUserDataLocks: removed D:\\test\\xhs-data\\profiles\\acc_4\\profile\\DevToolsActivePort"
time="2026-01-06T11:11:15+08:00" level=info msg="cleanupUserDataLocks: cleaned 1 lock files"
time="2026-01-06T11:11:15+08:00" level=info msg="browser launch: ===== Attempt 1 START ====="
time="2026-01-06T11:11:15+08:00" level=info msg="browser launch: created independent attempt context with 30s timeout"
time="2026-01-06T11:11:15+08:00" level=info msg="browser launch: created launcher"
time="2026-01-06T11:11:15+08:00" level=info msg="browser launch: headless=true bin=\"D:\\\\test\\\\chromium\\\\chrome-win64\\\\chrome.exe\" userData=\"D:\\\\test\\\\xhs-data\\\\profiles\\\\acc_4\\\\profile\" proxy=\"\" (attempt 1)"
time="2026-01-06T11:11:15+08:00" level=info msg="browser launch args: --disable-background-networking --disable-background-timer-throttling --disable-backgrounding-occluded-windows --disable-breakpad --disable-client-side-phishing-detection --disable-component-extensions-with-background-pages --disable-default-apps --disable-dev-shm-usage --disable-features=site-per-process,TranslateUI --disable-hang-monitor --disable-ipc-flooding-protection --disable-popup-blocking --disable-prompt-on-repost --disable-renderer-backgrounding --disable-site-isolation-trials --disable-sync --enable-automation --enable-features=NetworkService,NetworkServiceInProcess --force-color-profile=srgb --headless --lang=zh-CN --metrics-recording-only --no-default-browser-check --no-first-run --no-sandbox --no-startup-window --remote-debugging-port=0 --use-mock-keychain --user-agent=Mozilla/5.0 (Macintosh; Intel Mac OS X 10_15_7) AppleWebKit/537.36 (KHTML, like Gecko) Chrome/125.0.0.144 Safari/537.36 --user-data-dir=D:\\test\\xhs-data\\profiles\\acc_4\\profile"
time="2026-01-06T11:11:15+08:00" level=info msg="browser launch: cleaning locks before launch"
time="2026-01-06T11:11:15+08:00" level=info msg="cleanupUserDataLocks: cleaning dir=D:\\test\\xhs-data\\profiles\\acc_4\\profile"
time="2026-01-06T11:11:15+08:00" level=debug msg="cleanupUserDataLocks: D:\\test\\xhs-data\\profiles\\acc_4\\profile\\SingletonLock does not exist"
time="2026-01-06T11:11:15+08:00" level=debug msg="cleanupUserDataLocks: D:\\test\\xhs-data\\profiles\\acc_4\\profile\\SingletonCookie does not exist"
time="2026-01-06T11:11:15+08:00" level=debug msg="cleanupUserDataLocks: D:\\test\\xhs-data\\profiles\\acc_4\\profile\\SingletonSocket does not exist"
time="2026-01-06T11:11:15+08:00" level=debug msg="cleanupUserDataLocks: D:\\test\\xhs-data\\profiles\\acc_4\\profile\\DevToolsActivePort does not exist"
time="2026-01-06T11:11:15+08:00" level=info msg="cleanupUserDataLocks: cleaned 0 lock files"
time="2026-01-06T11:11:15+08:00" level=info msg="browser launch: lock cleanup completed"
time="2026-01-06T11:11:15+08:00" level=info msg="browser launch: about to call l.Launch()..."
time="2026-01-06T11:11:15+08:00" level=info msg="browser launch: ===== Attempt 1 EXECUTING LAUNCH ====="
DevTools listening on ws://127.0.0.1:9524/devtools/browser/004e5407-f095-4ac9-a747-37ba2af1ba20
time="2026-01-06T11:11:16+08:00" level=info msg="browser launch: ===== Attempt 1 LAUNCH RETURNED (duration: 304.6875ms) ====="
time="2026-01-06T11:11:16+08:00" level=info msg="browser launch: SUCCESS! control url=ws://127.0.0.1:9524/devtools/browser/004e5407-f095-4ac9-a747-37ba2af1ba20"
time="2026-01-06T11:11:16+08:00" level=info msg="browser launch: ===== Attempt 1 COMPLETED SUCCESSFULLY ====="
time="2026-01-06T11:11:16+08:00" level=info msg="browser connect: connecting to Chromium"
time="2026-01-06T11:11:16+08:00" level=info msg="browser connect: success"
time="2026-01-06T11:11:16+08:00" level=debug msg="loaded cookies from D:\\test\\xhs-data\\cookies\\acc_4\\cookies.json"
time="2026-01-06T11:11:16+08:00" level=warning msg="apply fingerprint failed: eval js error: TypeError: Cannot read properties of undefined (reading 'apply')\n    at <anonymous>:29:7 <nil>"
time="2026-01-06T11:11:16+08:00" level=info msg="打开 feed 详情页: https://www.xiaohongshu.com/explore/68a41305000000001d00ae7d?xsec_token=ABlvq0b4EsUUeaQ1JP3qaG689h_qa5agEAgXiUNunRCJA=&xsec_source=pc_feed"
time="2026-01-06T11:11:16+08:00" level=info msg="配置: 点击更多=false, 回复阈值=10, 最大评论数=0, 滚动速度=normal"
[26352:26388:0106/111119.328:ERROR:components\device_event_log\device_event_log_impl.cc:198] [11:11:19.329] USB: usb_service_win.cc:105 SetupDiGetDeviceProperty({{A45C254E-DF1C-4EFD-8020-67D146A850E0}, 6}) failed: 找不到元素。 (0x490)
[26352:25824:0106/111120.364:ERROR:google_apis\gcm\engine\registration_request.cc:292] Registration response error message: DEPRECATED_ENDPOINT
[GIN] 2026/01/06 - 11:11:24 | 200 |    8.2943017s |       127.0.0.1 | POST     "/mcp"
[GIN] 2026/01/06 - 11:11:24 | 200 |    8.3032703s |       127.0.0.1 | GET      "/mcp"
[GIN] 2026/01/06 - 11:11:32 | 200 |          5m1s |       127.0.0.1 | GET      "/mcp"
[GIN] 2026/01/06 - 11:11:38 | 200 |          5m1s |       127.0.0.1 | GET      "/mcp"
[GIN] 2026/01/06 - 11:12:01 | 200 |            0s |       127.0.0.1 | POST     "/mcp"
[GIN] 2026/01/06 - 11:12:01 | 202 |            0s |       127.0.0.1 | POST     "/mcp"
[GIN] 2026/01/06 - 11:12:01 | 200 |         513µs |       127.0.0.1 | POST     "/mcp"
time="2026-01-06T11:12:01+08:00" level=info msg="MCP: 获取Feed详情"
time="2026-01-06T11:12:01+08:00" level=info msg="MCP: 获取Feed详情 - Feed ID: 67a35d40000000001801280e, loadAllComments=false, config={ClickMoreReplies:false MaxRepliesThreshold:10 MaxCommentItems:0 ScrollSpeed:normal}"
time="2026-01-06T11:12:01+08:00" level=info msg="browser launch: using attempt-level timeout control"
time="2026-01-06T11:12:01+08:00" level=info msg="cleanupUserDataLocks: cleaning dir=D:\\test\\xhs-data\\profiles\\acc_4\\profile"
time="2026-01-06T11:12:01+08:00" level=debug msg="cleanupUserDataLocks: D:\\test\\xhs-data\\profiles\\acc_4\\profile\\SingletonLock does not exist"
time="2026-01-06T11:12:01+08:00" level=debug msg="cleanupUserDataLocks: D:\\test\\xhs-data\\profiles\\acc_4\\profile\\SingletonCookie does not exist"
time="2026-01-06T11:12:01+08:00" level=debug msg="cleanupUserDataLocks: D:\\test\\xhs-data\\profiles\\acc_4\\profile\\SingletonSocket does not exist"
time="2026-01-06T11:12:01+08:00" level=info msg="cleanupUserDataLocks: removed D:\\test\\xhs-data\\profiles\\acc_4\\profile\\DevToolsActivePort"
time="2026-01-06T11:12:01+08:00" level=info msg="cleanupUserDataLocks: cleaned 1 lock files"
time="2026-01-06T11:12:01+08:00" level=info msg="browser launch: ===== Attempt 1 START ====="
time="2026-01-06T11:12:01+08:00" level=info msg="browser launch: created independent attempt context with 30s timeout"
time="2026-01-06T11:12:01+08:00" level=info msg="browser launch: created launcher"
time="2026-01-06T11:12:01+08:00" level=info msg="browser launch: headless=true bin=\"D:\\\\test\\\\chromium\\\\chrome-win64\\\\chrome.exe\" userData=\"D:\\\\test\\\\xhs-data\\\\profiles\\\\acc_4\\\\profile\" proxy=\"\" (attempt 1)"
time="2026-01-06T11:12:01+08:00" level=info msg="browser launch args: --disable-background-networking --disable-background-timer-throttling --disable-backgrounding-occluded-windows --disable-breakpad --disable-client-side-phishing-detection --disable-component-extensions-with-background-pages --disable-default-apps --disable-dev-shm-usage --disable-features=site-per-process,TranslateUI --disable-hang-monitor --disable-ipc-flooding-protection --disable-popup-blocking --disable-prompt-on-repost --disable-renderer-backgrounding --disable-site-isolation-trials --disable-sync --enable-automation --enable-features=NetworkService,NetworkServiceInProcess --force-color-profile=srgb --headless --lang=zh-CN --metrics-recording-only --no-default-browser-check --no-first-run --no-sandbox --no-startup-window --remote-debugging-port=0 --use-mock-keychain --user-agent=Mozilla/5.0 (Macintosh; Intel Mac OS X 10_15_7) AppleWebKit/537.36 (KHTML, like Gecko) Chrome/125.0.0.144 Safari/537.36 --user-data-dir=D:\\test\\xhs-data\\profiles\\acc_4\\profile"
time="2026-01-06T11:12:01+08:00" level=info msg="browser launch: cleaning locks before launch"
time="2026-01-06T11:12:01+08:00" level=info msg="cleanupUserDataLocks: cleaning dir=D:\\test\\xhs-data\\profiles\\acc_4\\profile"
time="2026-01-06T11:12:01+08:00" level=debug msg="cleanupUserDataLocks: D:\\test\\xhs-data\\profiles\\acc_4\\profile\\SingletonLock does not exist"
time="2026-01-06T11:12:01+08:00" level=debug msg="cleanupUserDataLocks: D:\\test\\xhs-data\\profiles\\acc_4\\profile\\SingletonCookie does not exist"
time="2026-01-06T11:12:01+08:00" level=debug msg="cleanupUserDataLocks: D:\\test\\xhs-data\\profiles\\acc_4\\profile\\SingletonSocket does not exist"
time="2026-01-06T11:12:01+08:00" level=debug msg="cleanupUserDataLocks: D:\\test\\xhs-data\\profiles\\acc_4\\profile\\DevToolsActivePort does not exist"
time="2026-01-06T11:12:01+08:00" level=info msg="cleanupUserDataLocks: cleaned 0 lock files"
time="2026-01-06T11:12:01+08:00" level=info msg="browser launch: lock cleanup completed"
time="2026-01-06T11:12:01+08:00" level=info msg="browser launch: about to call l.Launch()..."
time="2026-01-06T11:12:01+08:00" level=info msg="browser launch: ===== Attempt 1 EXECUTING LAUNCH ====="
DevTools listening on ws://127.0.0.1:2456/devtools/browser/ecc22fe6-684d-4984-868b-8a849b5ee51d
time="2026-01-06T11:12:02+08:00" level=info msg="browser launch: ===== Attempt 1 LAUNCH RETURNED (duration: 258.1893ms) ====="
time="2026-01-06T11:12:02+08:00" level=info msg="browser launch: SUCCESS! control url=ws://127.0.0.1:2456/devtools/browser/ecc22fe6-684d-4984-868b-8a849b5ee51d"
time="2026-01-06T11:12:02+08:00" level=info msg="browser launch: ===== Attempt 1 COMPLETED SUCCESSFULLY ====="
time="2026-01-06T11:12:02+08:00" level=info msg="browser connect: connecting to Chromium"
time="2026-01-06T11:12:02+08:00" level=info msg="browser connect: success"
time="2026-01-06T11:12:02+08:00" level=debug msg="loaded cookies from D:\\test\\xhs-data\\cookies\\acc_4\\cookies.json"
time="2026-01-06T11:12:02+08:00" level=warning msg="apply fingerprint failed: eval js error: TypeError: Cannot read properties of undefined (reading 'apply')\n    at <anonymous>:29:7 <nil>"
time="2026-01-06T11:12:02+08:00" level=info msg="打开 feed 详情页: https://www.xiaohongshu.com/explore/67a35d40000000001801280e?xsec_token=ABWn-sh8-B-SW3p8VJP9WZDqQKHzEkFlyWW-IOBbuqSZo=&xsec_source=pc_feed"
time="2026-01-06T11:12:02+08:00" level=info msg="配置: 点击更多=false, 回复阈值=10, 最大评论数=0, 滚动速度=normal"
[25968:5364:0106/111206.384:ERROR:components\device_event_log\device_event_log_impl.cc:198] [11:12:06.385] USB: usb_service_win.cc:105 SetupDiGetDeviceProperty({{A45C254E-DF1C-4EFD-8020-67D146A850E0}, 6}) failed: 找不到元素。 (0x490)
[25968:2836:0106/111207.413:ERROR:google_apis\gcm\engine\registration_request.cc:292] Registration response error message: DEPRECATED_ENDPOINT
[GIN] 2026/01/06 - 11:12:10 | 200 |     8.269897s |       127.0.0.1 | POST     "/mcp"
[GIN] 2026/01/06 - 11:12:10 | 200 |    8.2821329s |       127.0.0.1 | GET      "/mcp"
[GIN] 2026/01/06 - 11:13:06 | 200 |          5m1s |       127.0.0.1 | GET      "/mcp"
[GIN] 2026/01/06 - 11:13:08 | 200 |            0s |       127.0.0.1 | POST     "/mcp"
[GIN] 2026/01/06 - 11:13:08 | 202 |            0s |       127.0.0.1 | POST     "/mcp"
[GIN] 2026/01/06 - 11:13:08 | 200 |       530.1µs |       127.0.0.1 | POST     "/mcp"
time="2026-01-06T11:13:08+08:00" level=info msg="MCP: 获取Feed详情"
time="2026-01-06T11:13:08+08:00" level=info msg="MCP: 获取Feed详情 - Feed ID: 67ff8c88000000001200da82, loadAllComments=false, config={ClickMoreReplies:false MaxRepliesThreshold:10 MaxCommentItems:0 ScrollSpeed:normal}"
time="2026-01-06T11:13:08+08:00" level=info msg="browser launch: using attempt-level timeout control"
time="2026-01-06T11:13:08+08:00" level=info msg="cleanupUserDataLocks: cleaning dir=D:\\test\\xhs-data\\profiles\\acc_4\\profile"
time="2026-01-06T11:13:08+08:00" level=debug msg="cleanupUserDataLocks: D:\\test\\xhs-data\\profiles\\acc_4\\profile\\SingletonLock does not exist"
time="2026-01-06T11:13:08+08:00" level=debug msg="cleanupUserDataLocks: D:\\test\\xhs-data\\profiles\\acc_4\\profile\\SingletonCookie does not exist"
time="2026-01-06T11:13:08+08:00" level=debug msg="cleanupUserDataLocks: D:\\test\\xhs-data\\profiles\\acc_4\\profile\\SingletonSocket does not exist"
time="2026-01-06T11:13:08+08:00" level=info msg="cleanupUserDataLocks: removed D:\\test\\xhs-data\\profiles\\acc_4\\profile\\DevToolsActivePort"
time="2026-01-06T11:13:08+08:00" level=info msg="cleanupUserDataLocks: cleaned 1 lock files"
time="2026-01-06T11:13:08+08:00" level=info msg="browser launch: ===== Attempt 1 START ====="
time="2026-01-06T11:13:08+08:00" level=info msg="browser launch: created independent attempt context with 30s timeout"
time="2026-01-06T11:13:08+08:00" level=info msg="browser launch: created launcher"
time="2026-01-06T11:13:08+08:00" level=info msg="browser launch: headless=true bin=\"D:\\\\test\\\\chromium\\\\chrome-win64\\\\chrome.exe\" userData=\"D:\\\\test\\\\xhs-data\\\\profiles\\\\acc_4\\\\profile\" proxy=\"\" (attempt 1)"
time="2026-01-06T11:13:08+08:00" level=info msg="browser launch args: --disable-background-networking --disable-background-timer-throttling --disable-backgrounding-occluded-windows --disable-breakpad --disable-client-side-phishing-detection --disable-component-extensions-with-background-pages --disable-default-apps --disable-dev-shm-usage --disable-features=site-per-process,TranslateUI --disable-hang-monitor --disable-ipc-flooding-protection --disable-popup-blocking --disable-prompt-on-repost --disable-renderer-backgrounding --disable-site-isolation-trials --disable-sync --enable-automation --enable-features=NetworkService,NetworkServiceInProcess --force-color-profile=srgb --headless --lang=zh-CN --metrics-recording-only --no-default-browser-check --no-first-run --no-sandbox --no-startup-window --remote-debugging-port=0 --use-mock-keychain --user-agent=Mozilla/5.0 (Macintosh; Intel Mac OS X 10_15_7) AppleWebKit/537.36 (KHTML, like Gecko) Chrome/125.0.0.144 Safari/537.36 --user-data-dir=D:\\test\\xhs-data\\profiles\\acc_4\\profile"
time="2026-01-06T11:13:08+08:00" level=info msg="browser launch: cleaning locks before launch"
time="2026-01-06T11:13:08+08:00" level=info msg="cleanupUserDataLocks: cleaning dir=D:\\test\\xhs-data\\profiles\\acc_4\\profile"
time="2026-01-06T11:13:08+08:00" level=debug msg="cleanupUserDataLocks: D:\\test\\xhs-data\\profiles\\acc_4\\profile\\SingletonLock does not exist"
time="2026-01-06T11:13:08+08:00" level=debug msg="cleanupUserDataLocks: D:\\test\\xhs-data\\profiles\\acc_4\\profile\\SingletonCookie does not exist"
time="2026-01-06T11:13:08+08:00" level=debug msg="cleanupUserDataLocks: D:\\test\\xhs-data\\profiles\\acc_4\\profile\\SingletonSocket does not exist"
time="2026-01-06T11:13:08+08:00" level=debug msg="cleanupUserDataLocks: D:\\test\\xhs-data\\profiles\\acc_4\\profile\\DevToolsActivePort does not exist"
time="2026-01-06T11:13:08+08:00" level=info msg="cleanupUserDataLocks: cleaned 0 lock files"
time="2026-01-06T11:13:08+08:00" level=info msg="browser launch: lock cleanup completed"
time="2026-01-06T11:13:08+08:00" level=info msg="browser launch: about to call l.Launch()..."
time="2026-01-06T11:13:08+08:00" level=info msg="browser launch: ===== Attempt 1 EXECUTING LAUNCH ====="
DevTools listening on ws://127.0.0.1:14189/devtools/browser/45d4c81e-871d-47ae-bc82-46e63dda58a6
time="2026-01-06T11:13:09+08:00" level=info msg="browser launch: ===== Attempt 1 LAUNCH RETURNED (duration: 297.1995ms) ====="
time="2026-01-06T11:13:09+08:00" level=info msg="browser launch: SUCCESS! control url=ws://127.0.0.1:14189/devtools/browser/45d4c81e-871d-47ae-bc82-46e63dda58a6"
time="2026-01-06T11:13:09+08:00" level=info msg="browser launch: ===== Attempt 1 COMPLETED SUCCESSFULLY ====="
time="2026-01-06T11:13:09+08:00" level=info msg="browser connect: connecting to Chromium"
time="2026-01-06T11:13:09+08:00" level=info msg="browser connect: success"
time="2026-01-06T11:13:09+08:00" level=debug msg="loaded cookies from D:\\test\\xhs-data\\cookies\\acc_4\\cookies.json"
time="2026-01-06T11:13:09+08:00" level=warning msg="apply fingerprint failed: eval js error: TypeError: Cannot read properties of undefined (reading 'apply')\n    at <anonymous>:29:7 <nil>"
time="2026-01-06T11:13:09+08:00" level=info msg="打开 feed 详情页: https://www.xiaohongshu.com/explore/67ff8c88000000001200da82?xsec_token=ABeF53UqsSKh7xjsxdQSiJSSzCMkNSa3c_WpF0yV2vCQc=&xsec_source=pc_feed"
time="2026-01-06T11:13:09+08:00" level=info msg="配置: 点击更多=false, 回复阈值=10, 最大评论数=0, 滚动速度=normal"
[24992:24660:0106/111312.316:ERROR:components\device_event_log\device_event_log_impl.cc:198] [11:13:12.316] USB: usb_service_win.cc:105 SetupDiGetDeviceProperty({{A45C254E-DF1C-4EFD-8020-67D146A850E0}, 6}) failed: 找不到元素。 (0x490)
time="2026-01-06T11:13:13+08:00" level=warning msg="笔记不可访问: 当前笔记暂时无法浏览"
[GIN] 2026/01/06 - 11:13:14 | 200 |    5.3408893s |       127.0.0.1 | POST     "/mcp"
[GIN] 2026/01/06 - 11:13:14 | 200 |    5.3496094s |       127.0.0.1 | GET      "/mcp"
[GIN] 2026/01/06 - 11:13:32 | 200 |          5m1s |       127.0.0.1 | GET      "/mcp"
[GIN] 2026/01/06 - 11:13:44 | 200 |            0s |       127.0.0.1 | POST     "/mcp"
[GIN] 2026/01/06 - 11:13:44 | 202 |            0s |       127.0.0.1 | POST     "/mcp"
[GIN] 2026/01/06 - 11:13:44 | 200 |       517.8µs |       127.0.0.1 | POST     "/mcp"
time="2026-01-06T11:13:44+08:00" level=info msg="MCP: 获取Feed详情"
time="2026-01-06T11:13:44+08:00" level=info msg="MCP: 获取Feed详情 - Feed ID: 67ff8c88000000001200da82, loadAllComments=false, config={ClickMoreReplies:false MaxRepliesThreshold:10 MaxCommentItems:0 ScrollSpeed:normal}"
time="2026-01-06T11:13:44+08:00" level=info msg="browser launch: using attempt-level timeout control"
time="2026-01-06T11:13:44+08:00" level=info msg="cleanupUserDataLocks: cleaning dir=D:\\test\\xhs-data\\profiles\\acc_4\\profile"
time="2026-01-06T11:13:44+08:00" level=debug msg="cleanupUserDataLocks: D:\\test\\xhs-data\\profiles\\acc_4\\profile\\SingletonLock does not exist"
time="2026-01-06T11:13:44+08:00" level=debug msg="cleanupUserDataLocks: D:\\test\\xhs-data\\profiles\\acc_4\\profile\\SingletonCookie does not exist"
time="2026-01-06T11:13:44+08:00" level=debug msg="cleanupUserDataLocks: D:\\test\\xhs-data\\profiles\\acc_4\\profile\\SingletonSocket does not exist"
time="2026-01-06T11:13:44+08:00" level=info msg="cleanupUserDataLocks: removed D:\\test\\xhs-data\\profiles\\acc_4\\profile\\DevToolsActivePort"
time="2026-01-06T11:13:44+08:00" level=info msg="cleanupUserDataLocks: cleaned 1 lock files"
time="2026-01-06T11:13:44+08:00" level=info msg="browser launch: ===== Attempt 1 START ====="
time="2026-01-06T11:13:44+08:00" level=info msg="browser launch: created independent attempt context with 30s timeout"
time="2026-01-06T11:13:44+08:00" level=info msg="browser launch: created launcher"
time="2026-01-06T11:13:44+08:00" level=info msg="browser launch: headless=true bin=\"D:\\\\test\\\\chromium\\\\chrome-win64\\\\chrome.exe\" userData=\"D:\\\\test\\\\xhs-data\\\\profiles\\\\acc_4\\\\profile\" proxy=\"\" (attempt 1)"
time="2026-01-06T11:13:44+08:00" level=info msg="browser launch args: --disable-background-networking --disable-background-timer-throttling --disable-backgrounding-occluded-windows --disable-breakpad --disable-client-side-phishing-detection --disable-component-extensions-with-background-pages --disable-default-apps --disable-dev-shm-usage --disable-features=site-per-process,TranslateUI --disable-hang-monitor --disable-ipc-flooding-protection --disable-popup-blocking --disable-prompt-on-repost --disable-renderer-backgrounding --disable-site-isolation-trials --disable-sync --enable-automation --enable-features=NetworkService,NetworkServiceInProcess --force-color-profile=srgb --headless --lang=zh-CN --metrics-recording-only --no-default-browser-check --no-first-run --no-sandbox --no-startup-window --remote-debugging-port=0 --use-mock-keychain --user-agent=Mozilla/5.0 (Macintosh; Intel Mac OS X 10_15_7) AppleWebKit/537.36 (KHTML, like Gecko) Chrome/125.0.0.144 Safari/537.36 --user-data-dir=D:\\test\\xhs-data\\profiles\\acc_4\\profile"
time="2026-01-06T11:13:44+08:00" level=info msg="browser launch: cleaning locks before launch"
time="2026-01-06T11:13:44+08:00" level=info msg="cleanupUserDataLocks: cleaning dir=D:\\test\\xhs-data\\profiles\\acc_4\\profile"
time="2026-01-06T11:13:44+08:00" level=debug msg="cleanupUserDataLocks: D:\\test\\xhs-data\\profiles\\acc_4\\profile\\SingletonLock does not exist"
time="2026-01-06T11:13:44+08:00" level=debug msg="cleanupUserDataLocks: D:\\test\\xhs-data\\profiles\\acc_4\\profile\\SingletonCookie does not exist"
time="2026-01-06T11:13:44+08:00" level=debug msg="cleanupUserDataLocks: D:\\test\\xhs-data\\profiles\\acc_4\\profile\\SingletonSocket does not exist"
time="2026-01-06T11:13:44+08:00" level=debug msg="cleanupUserDataLocks: D:\\test\\xhs-data\\profiles\\acc_4\\profile\\DevToolsActivePort does not exist"
time="2026-01-06T11:13:44+08:00" level=info msg="cleanupUserDataLocks: cleaned 0 lock files"
time="2026-01-06T11:13:44+08:00" level=info msg="browser launch: lock cleanup completed"
time="2026-01-06T11:13:44+08:00" level=info msg="browser launch: about to call l.Launch()..."
time="2026-01-06T11:13:44+08:00" level=info msg="browser launch: ===== Attempt 1 EXECUTING LAUNCH ====="
DevTools listening on ws://127.0.0.1:7147/devtools/browser/971f203f-bdf7-4ba2-8203-62f883aec385
time="2026-01-06T11:13:44+08:00" level=info msg="browser launch: ===== Attempt 1 LAUNCH RETURNED (duration: 287.0094ms) ====="
time="2026-01-06T11:13:44+08:00" level=info msg="browser launch: SUCCESS! control url=ws://127.0.0.1:7147/devtools/browser/971f203f-bdf7-4ba2-8203-62f883aec385"
time="2026-01-06T11:13:44+08:00" level=info msg="browser launch: ===== Attempt 1 COMPLETED SUCCESSFULLY ====="
time="2026-01-06T11:13:44+08:00" level=info msg="browser connect: connecting to Chromium"
time="2026-01-06T11:13:44+08:00" level=info msg="browser connect: success"
time="2026-01-06T11:13:44+08:00" level=debug msg="loaded cookies from D:\\test\\xhs-data\\cookies\\acc_4\\cookies.json"
time="2026-01-06T11:13:44+08:00" level=warning msg="apply fingerprint failed: eval js error: TypeError: Cannot read properties of undefined (reading 'apply')\n    at <anonymous>:29:7 <nil>"
time="2026-01-06T11:13:44+08:00" level=info msg="打开 feed 详情页: https://www.xiaohongshu.com/explore/67ff8c88000000001200da82?xsec_token=ABeF53UqsSKh7xjsxdQSiJSSzCMkNSa3c_WpF0yV2vCQc=&xsec_source=pc_feed"
time="2026-01-06T11:13:44+08:00" level=info msg="配置: 点击更多=false, 回复阈值=10, 最大评论数=0, 滚动速度=normal"
[25888:11160:0106/111347.695:ERROR:components\device_event_log\device_event_log_impl.cc:198] [11:13:47.695] USB: usb_service_win.cc:105 SetupDiGetDeviceProperty({{A45C254E-DF1C-4EFD-8020-67D146A850E0}, 6}) failed: 找不到元素。 (0x490)
time="2026-01-06T11:13:48+08:00" level=warning msg="笔记不可访问: 当前笔记暂时无法浏览"
[GIN] 2026/01/06 - 11:13:49 | 200 |    5.4329306s |       127.0.0.1 | POST     "/mcp"
[GIN] 2026/01/06 - 11:13:49 | 200 |     5.440573s |       127.0.0.1 | GET      "/mcp"
[GIN] 2026/01/06 - 11:14:19 | 200 |       903.6µs |       127.0.0.1 | POST     "/mcp"
[GIN] 2026/01/06 - 11:14:19 | 202 |            0s |       127.0.0.1 | POST     "/mcp"
[GIN] 2026/01/06 - 11:14:19 | 200 |       531.9µs |       127.0.0.1 | POST     "/mcp"
time="2026-01-06T11:14:19+08:00" level=info msg="MCP: 获取Feed详情"
time="2026-01-06T11:14:19+08:00" level=info msg="MCP: 获取Feed详情 - Feed ID: 67ff8c88000000001200da82, loadAllComments=false, config={ClickMoreReplies:false MaxRepliesThreshold:10 MaxCommentItems:0 ScrollSpeed:normal}"
time="2026-01-06T11:14:19+08:00" level=info msg="browser launch: using attempt-level timeout control"
time="2026-01-06T11:14:19+08:00" level=info msg="cleanupUserDataLocks: cleaning dir=D:\\test\\xhs-data\\profiles\\acc_4\\profile"
time="2026-01-06T11:14:19+08:00" level=debug msg="cleanupUserDataLocks: D:\\test\\xhs-data\\profiles\\acc_4\\profile\\SingletonLock does not exist"
time="2026-01-06T11:14:19+08:00" level=debug msg="cleanupUserDataLocks: D:\\test\\xhs-data\\profiles\\acc_4\\profile\\SingletonCookie does not exist"
time="2026-01-06T11:14:19+08:00" level=debug msg="cleanupUserDataLocks: D:\\test\\xhs-data\\profiles\\acc_4\\profile\\SingletonSocket does not exist"
time="2026-01-06T11:14:19+08:00" level=info msg="cleanupUserDataLocks: removed D:\\test\\xhs-data\\profiles\\acc_4\\profile\\DevToolsActivePort"
time="2026-01-06T11:14:19+08:00" level=info msg="cleanupUserDataLocks: cleaned 1 lock files"
time="2026-01-06T11:14:19+08:00" level=info msg="browser launch: ===== Attempt 1 START ====="
time="2026-01-06T11:14:19+08:00" level=info msg="browser launch: created independent attempt context with 30s timeout"
time="2026-01-06T11:14:19+08:00" level=info msg="browser launch: created launcher"
time="2026-01-06T11:14:19+08:00" level=info msg="browser launch: headless=true bin=\"D:\\\\test\\\\chromium\\\\chrome-win64\\\\chrome.exe\" userData=\"D:\\\\test\\\\xhs-data\\\\profiles\\\\acc_4\\\\profile\" proxy=\"\" (attempt 1)"
time="2026-01-06T11:14:19+08:00" level=info msg="browser launch args: --disable-background-networking --disable-background-timer-throttling --disable-backgrounding-occluded-windows --disable-breakpad --disable-client-side-phishing-detection --disable-component-extensions-with-background-pages --disable-default-apps --disable-dev-shm-usage --disable-features=site-per-process,TranslateUI --disable-hang-monitor --disable-ipc-flooding-protection --disable-popup-blocking --disable-prompt-on-repost --disable-renderer-backgrounding --disable-site-isolation-trials --disable-sync --enable-automation --enable-features=NetworkService,NetworkServiceInProcess --force-color-profile=srgb --headless --lang=zh-CN --metrics-recording-only --no-default-browser-check --no-first-run --no-sandbox --no-startup-window --remote-debugging-port=0 --use-mock-keychain --user-agent=Mozilla/5.0 (Macintosh; Intel Mac OS X 10_15_7) AppleWebKit/537.36 (KHTML, like Gecko) Chrome/125.0.0.144 Safari/537.36 --user-data-dir=D:\\test\\xhs-data\\profiles\\acc_4\\profile"
time="2026-01-06T11:14:19+08:00" level=info msg="browser launch: cleaning locks before launch"
time="2026-01-06T11:14:19+08:00" level=info msg="cleanupUserDataLocks: cleaning dir=D:\\test\\xhs-data\\profiles\\acc_4\\profile"
time="2026-01-06T11:14:19+08:00" level=debug msg="cleanupUserDataLocks: D:\\test\\xhs-data\\profiles\\acc_4\\profile\\SingletonLock does not exist"
time="2026-01-06T11:14:19+08:00" level=debug msg="cleanupUserDataLocks: D:\\test\\xhs-data\\profiles\\acc_4\\profile\\SingletonCookie does not exist"
time="2026-01-06T11:14:19+08:00" level=debug msg="cleanupUserDataLocks: D:\\test\\xhs-data\\profiles\\acc_4\\profile\\SingletonSocket does not exist"
time="2026-01-06T11:14:19+08:00" level=debug msg="cleanupUserDataLocks: D:\\test\\xhs-data\\profiles\\acc_4\\profile\\DevToolsActivePort does not exist"
time="2026-01-06T11:14:19+08:00" level=info msg="cleanupUserDataLocks: cleaned 0 lock files"
time="2026-01-06T11:14:19+08:00" level=info msg="browser launch: lock cleanup completed"
time="2026-01-06T11:14:19+08:00" level=info msg="browser launch: about to call l.Launch()..."
time="2026-01-06T11:14:19+08:00" level=info msg="browser launch: ===== Attempt 1 EXECUTING LAUNCH ====="
DevTools listening on ws://127.0.0.1:10828/devtools/browser/57277684-db92-484f-9ced-07382b53001d
time="2026-01-06T11:14:20+08:00" level=info msg="browser launch: ===== Attempt 1 LAUNCH RETURNED (duration: 270.3734ms) ====="
time="2026-01-06T11:14:20+08:00" level=info msg="browser launch: SUCCESS! control url=ws://127.0.0.1:10828/devtools/browser/57277684-db92-484f-9ced-07382b53001d"
time="2026-01-06T11:14:20+08:00" level=info msg="browser launch: ===== Attempt 1 COMPLETED SUCCESSFULLY ====="
time="2026-01-06T11:14:20+08:00" level=info msg="browser connect: connecting to Chromium"
time="2026-01-06T11:14:20+08:00" level=info msg="browser connect: success"
time="2026-01-06T11:14:20+08:00" level=debug msg="loaded cookies from D:\\test\\xhs-data\\cookies\\acc_4\\cookies.json"
time="2026-01-06T11:14:20+08:00" level=warning msg="apply fingerprint failed: eval js error: TypeError: Cannot read properties of undefined (reading 'apply')\n    at <anonymous>:29:7 <nil>"
time="2026-01-06T11:14:20+08:00" level=info msg="打开 feed 详情页: https://www.xiaohongshu.com/explore/67ff8c88000000001200da82?xsec_token=ABeF53UqsSKh7xjsxdQSiJSSzCMkNSa3c_WpF0yV2vCQc=&xsec_source=pc_feed"
time="2026-01-06T11:14:20+08:00" level=info msg="配置: 点击更多=false, 回复阈值=10, 最大评论数=0, 滚动速度=normal"
[24804:22408:0106/111423.185:ERROR:components\device_event_log\device_event_log_impl.cc:198] [11:14:23.185] USB: usb_service_win.cc:105 SetupDiGetDeviceProperty({{A45C254E-DF1C-4EFD-8020-67D146A850E0}, 6}) failed: 找不到元素。 (0x490)
[24804:10128:0106/111424.237:ERROR:google_apis\gcm\engine\registration_request.cc:292] Registration response error message: DEPRECATED_ENDPOINT
[GIN] 2026/01/06 - 11:14:28 | 200 |    8.3062187s |       127.0.0.1 | POST     "/mcp"
[GIN] 2026/01/06 - 11:14:28 | 200 |    8.3146089s |       127.0.0.1 | GET      "/mcp"
[GIN] 2026/01/06 - 11:15:06 | 200 |            0s |       127.0.0.1 | POST     "/mcp"
[GIN] 2026/01/06 - 11:15:06 | 202 |            0s |       127.0.0.1 | POST     "/mcp"
[GIN] 2026/01/06 - 11:15:06 | 200 |            0s |       127.0.0.1 | POST     "/mcp"
time="2026-01-06T11:15:06+08:00" level=info msg="MCP: 获取Feed详情"
time="2026-01-06T11:15:06+08:00" level=info msg="MCP: 获取Feed详情 - Feed ID: 6670568b000000001c036bff, loadAllComments=false, config={ClickMoreReplies:false MaxRepliesThreshold:10 MaxCommentItems:0 ScrollSpeed:normal}"
time="2026-01-06T11:15:06+08:00" level=info msg="browser launch: using attempt-level timeout control"
time="2026-01-06T11:15:06+08:00" level=info msg="cleanupUserDataLocks: cleaning dir=D:\\test\\xhs-data\\profiles\\acc_4\\profile"
time="2026-01-06T11:15:06+08:00" level=debug msg="cleanupUserDataLocks: D:\\test\\xhs-data\\profiles\\acc_4\\profile\\SingletonLock does not exist"
time="2026-01-06T11:15:06+08:00" level=debug msg="cleanupUserDataLocks: D:\\test\\xhs-data\\profiles\\acc_4\\profile\\SingletonCookie does not exist"
time="2026-01-06T11:15:06+08:00" level=debug msg="cleanupUserDataLocks: D:\\test\\xhs-data\\profiles\\acc_4\\profile\\SingletonSocket does not exist"
time="2026-01-06T11:15:06+08:00" level=info msg="cleanupUserDataLocks: removed D:\\test\\xhs-data\\profiles\\acc_4\\profile\\DevToolsActivePort"
time="2026-01-06T11:15:06+08:00" level=info msg="cleanupUserDataLocks: cleaned 1 lock files"
time="2026-01-06T11:15:06+08:00" level=info msg="browser launch: ===== Attempt 1 START ====="
time="2026-01-06T11:15:06+08:00" level=info msg="browser launch: created independent attempt context with 30s timeout"
time="2026-01-06T11:15:06+08:00" level=info msg="browser launch: created launcher"
time="2026-01-06T11:15:06+08:00" level=info msg="browser launch: headless=true bin=\"D:\\\\test\\\\chromium\\\\chrome-win64\\\\chrome.exe\" userData=\"D:\\\\test\\\\xhs-data\\\\profiles\\\\acc_4\\\\profile\" proxy=\"\" (attempt 1)"
time="2026-01-06T11:15:06+08:00" level=info msg="browser launch args: --disable-background-networking --disable-background-timer-throttling --disable-backgrounding-occluded-windows --disable-breakpad --disable-client-side-phishing-detection --disable-component-extensions-with-background-pages --disable-default-apps --disable-dev-shm-usage --disable-features=site-per-process,TranslateUI --disable-hang-monitor --disable-ipc-flooding-protection --disable-popup-blocking --disable-prompt-on-repost --disable-renderer-backgrounding --disable-site-isolation-trials --disable-sync --enable-automation --enable-features=NetworkService,NetworkServiceInProcess --force-color-profile=srgb --headless --lang=zh-CN --metrics-recording-only --no-default-browser-check --no-first-run --no-sandbox --no-startup-window --remote-debugging-port=0 --use-mock-keychain --user-agent=Mozilla/5.0 (Macintosh; Intel Mac OS X 10_15_7) AppleWebKit/537.36 (KHTML, like Gecko) Chrome/125.0.0.144 Safari/537.36 --user-data-dir=D:\\test\\xhs-data\\profiles\\acc_4\\profile"
time="2026-01-06T11:15:06+08:00" level=info msg="browser launch: cleaning locks before launch"
time="2026-01-06T11:15:06+08:00" level=info msg="cleanupUserDataLocks: cleaning dir=D:\\test\\xhs-data\\profiles\\acc_4\\profile"
time="2026-01-06T11:15:06+08:00" level=debug msg="cleanupUserDataLocks: D:\\test\\xhs-data\\profiles\\acc_4\\profile\\SingletonLock does not exist"
time="2026-01-06T11:15:06+08:00" level=debug msg="cleanupUserDataLocks: D:\\test\\xhs-data\\profiles\\acc_4\\profile\\SingletonCookie does not exist"
time="2026-01-06T11:15:06+08:00" level=debug msg="cleanupUserDataLocks: D:\\test\\xhs-data\\profiles\\acc_4\\profile\\SingletonSocket does not exist"
time="2026-01-06T11:15:06+08:00" level=debug msg="cleanupUserDataLocks: D:\\test\\xhs-data\\profiles\\acc_4\\profile\\DevToolsActivePort does not exist"
time="2026-01-06T11:15:06+08:00" level=info msg="cleanupUserDataLocks: cleaned 0 lock files"
time="2026-01-06T11:15:06+08:00" level=info msg="browser launch: lock cleanup completed"
time="2026-01-06T11:15:06+08:00" level=info msg="browser launch: about to call l.Launch()..."
time="2026-01-06T11:15:06+08:00" level=info msg="browser launch: ===== Attempt 1 EXECUTING LAUNCH ====="
DevTools listening on ws://127.0.0.1:10217/devtools/browser/03fac5b6-0e1c-467a-953d-ce4b85ea4676
time="2026-01-06T11:15:06+08:00" level=info msg="browser launch: ===== Attempt 1 LAUNCH RETURNED (duration: 281.4479ms) ====="
time="2026-01-06T11:15:06+08:00" level=info msg="browser launch: SUCCESS! control url=ws://127.0.0.1:10217/devtools/browser/03fac5b6-0e1c-467a-953d-ce4b85ea4676"
time="2026-01-06T11:15:06+08:00" level=info msg="browser launch: ===== Attempt 1 COMPLETED SUCCESSFULLY ====="
time="2026-01-06T11:15:06+08:00" level=info msg="browser connect: connecting to Chromium"
time="2026-01-06T11:15:06+08:00" level=info msg="browser connect: success"
time="2026-01-06T11:15:06+08:00" level=debug msg="loaded cookies from D:\\test\\xhs-data\\cookies\\acc_4\\cookies.json"
time="2026-01-06T11:15:06+08:00" level=warning msg="apply fingerprint failed: eval js error: TypeError: Cannot read properties of undefined (reading 'apply')\n    at <anonymous>:29:7 <nil>"
time="2026-01-06T11:15:06+08:00" level=info msg="打开 feed 详情页: https://www.xiaohongshu.com/explore/6670568b000000001c036bff?xsec_token=ABPYNPF7arwmtgHBcXgAQ-gxtE0-oNTcuIQGSROaJn0qE=&xsec_source=pc_feed"
time="2026-01-06T11:15:06+08:00" level=info msg="配置: 点击更多=false, 回复阈值=10, 最大评论数=0, 滚动速度=normal"
[13400:11524:0106/111509.486:ERROR:components\device_event_log\device_event_log_impl.cc:198] [11:15:09.488] USB: usb_service_win.cc:105 SetupDiGetDeviceProperty({{A45C254E-DF1C-4EFD-8020-67D146A850E0}, 6}) failed: 找不到元素。 (0x490)
time="2026-01-06T11:15:10+08:00" level=warning msg="笔记不可访问: 当前笔记暂时无法浏览"
[GIN] 2026/01/06 - 11:15:11 | 200 |    5.4046472s |       127.0.0.1 | POST     "/mcp"
[GIN] 2026/01/06 - 11:15:11 | 200 |    5.4123191s |       127.0.0.1 | GET      "/mcp"
[GIN] 2026/01/06 - 11:15:14 | 200 |          5m1s |       127.0.0.1 | GET      "/mcp"
[GIN] 2026/01/06 - 11:15:41 | 200 |            0s |       127.0.0.1 | POST     "/mcp"
[GIN] 2026/01/06 - 11:15:41 | 202 |            0s |       127.0.0.1 | POST     "/mcp"
[GIN] 2026/01/06 - 11:15:41 | 200 |       515.8µs |       127.0.0.1 | POST     "/mcp"
time="2026-01-06T11:15:41+08:00" level=info msg="MCP: 获取Feed详情"
time="2026-01-06T11:15:41+08:00" level=info msg="MCP: 获取Feed详情 - Feed ID: 6670568b000000001c036bff, loadAllComments=false, config={ClickMoreReplies:false MaxRepliesThreshold:10 MaxCommentItems:0 ScrollSpeed:normal}"
time="2026-01-06T11:15:41+08:00" level=info msg="browser launch: using attempt-level timeout control"
time="2026-01-06T11:15:41+08:00" level=info msg="cleanupUserDataLocks: cleaning dir=D:\\test\\xhs-data\\profiles\\acc_4\\profile"
time="2026-01-06T11:15:41+08:00" level=debug msg="cleanupUserDataLocks: D:\\test\\xhs-data\\profiles\\acc_4\\profile\\SingletonLock does not exist"
time="2026-01-06T11:15:41+08:00" level=debug msg="cleanupUserDataLocks: D:\\test\\xhs-data\\profiles\\acc_4\\profile\\SingletonCookie does not exist"
time="2026-01-06T11:15:41+08:00" level=debug msg="cleanupUserDataLocks: D:\\test\\xhs-data\\profiles\\acc_4\\profile\\SingletonSocket does not exist"
time="2026-01-06T11:15:41+08:00" level=info msg="cleanupUserDataLocks: removed D:\\test\\xhs-data\\profiles\\acc_4\\profile\\DevToolsActivePort"
time="2026-01-06T11:15:41+08:00" level=info msg="cleanupUserDataLocks: cleaned 1 lock files"
time="2026-01-06T11:15:41+08:00" level=info msg="browser launch: ===== Attempt 1 START ====="
time="2026-01-06T11:15:41+08:00" level=info msg="browser launch: created independent attempt context with 30s timeout"
time="2026-01-06T11:15:41+08:00" level=info msg="browser launch: created launcher"
time="2026-01-06T11:15:41+08:00" level=info msg="browser launch: headless=true bin=\"D:\\\\test\\\\chromium\\\\chrome-win64\\\\chrome.exe\" userData=\"D:\\\\test\\\\xhs-data\\\\profiles\\\\acc_4\\\\profile\" proxy=\"\" (attempt 1)"
time="2026-01-06T11:15:41+08:00" level=info msg="browser launch args: --disable-background-networking --disable-background-timer-throttling --disable-backgrounding-occluded-windows --disable-breakpad --disable-client-side-phishing-detection --disable-component-extensions-with-background-pages --disable-default-apps --disable-dev-shm-usage --disable-features=site-per-process,TranslateUI --disable-hang-monitor --disable-ipc-flooding-protection --disable-popup-blocking --disable-prompt-on-repost --disable-renderer-backgrounding --disable-site-isolation-trials --disable-sync --enable-automation --enable-features=NetworkService,NetworkServiceInProcess --force-color-profile=srgb --headless --lang=zh-CN --metrics-recording-only --no-default-browser-check --no-first-run --no-sandbox --no-startup-window --remote-debugging-port=0 --use-mock-keychain --user-agent=Mozilla/5.0 (Macintosh; Intel Mac OS X 10_15_7) AppleWebKit/537.36 (KHTML, like Gecko) Chrome/125.0.0.144 Safari/537.36 --user-data-dir=D:\\test\\xhs-data\\profiles\\acc_4\\profile"
time="2026-01-06T11:15:41+08:00" level=info msg="browser launch: cleaning locks before launch"
time="2026-01-06T11:15:41+08:00" level=info msg="cleanupUserDataLocks: cleaning dir=D:\\test\\xhs-data\\profiles\\acc_4\\profile"
time="2026-01-06T11:15:41+08:00" level=debug msg="cleanupUserDataLocks: D:\\test\\xhs-data\\profiles\\acc_4\\profile\\SingletonLock does not exist"
time="2026-01-06T11:15:41+08:00" level=debug msg="cleanupUserDataLocks: D:\\test\\xhs-data\\profiles\\acc_4\\profile\\SingletonCookie does not exist"
time="2026-01-06T11:15:41+08:00" level=debug msg="cleanupUserDataLocks: D:\\test\\xhs-data\\profiles\\acc_4\\profile\\SingletonSocket does not exist"
time="2026-01-06T11:15:41+08:00" level=debug msg="cleanupUserDataLocks: D:\\test\\xhs-data\\profiles\\acc_4\\profile\\DevToolsActivePort does not exist"
time="2026-01-06T11:15:41+08:00" level=info msg="cleanupUserDataLocks: cleaned 0 lock files"
time="2026-01-06T11:15:41+08:00" level=info msg="browser launch: lock cleanup completed"
time="2026-01-06T11:15:41+08:00" level=info msg="browser launch: about to call l.Launch()..."
time="2026-01-06T11:15:41+08:00" level=info msg="browser launch: ===== Attempt 1 EXECUTING LAUNCH ====="
DevTools listening on ws://127.0.0.1:9053/devtools/browser/593e627d-5254-484f-83ae-e7d66c9b4884
time="2026-01-06T11:15:41+08:00" level=info msg="browser launch: ===== Attempt 1 LAUNCH RETURNED (duration: 284.9041ms) ====="
time="2026-01-06T11:15:41+08:00" level=info msg="browser launch: SUCCESS! control url=ws://127.0.0.1:9053/devtools/browser/593e627d-5254-484f-83ae-e7d66c9b4884"
time="2026-01-06T11:15:41+08:00" level=info msg="browser launch: ===== Attempt 1 COMPLETED SUCCESSFULLY ====="
time="2026-01-06T11:15:41+08:00" level=info msg="browser connect: connecting to Chromium"
time="2026-01-06T11:15:41+08:00" level=info msg="browser connect: success"
time="2026-01-06T11:15:41+08:00" level=debug msg="loaded cookies from D:\\test\\xhs-data\\cookies\\acc_4\\cookies.json"
time="2026-01-06T11:15:41+08:00" level=warning msg="apply fingerprint failed: eval js error: TypeError: Cannot read properties of undefined (reading 'apply')\n    at <anonymous>:29:7 <nil>"
time="2026-01-06T11:15:41+08:00" level=info msg="打开 feed 详情页: https://www.xiaohongshu.com/explore/6670568b000000001c036bff?xsec_token=ABPYNPF7arwmtgHBcXgAQ-gxtE0-oNTcuIQGSROaJn0qE=&xsec_source=pc_feed"
time="2026-01-06T11:15:41+08:00" level=info msg="配置: 点击更多=false, 回复阈值=10, 最大评论数=0, 滚动速度=normal"
[21772:21216:0106/111545.011:ERROR:components\device_event_log\device_event_log_impl.cc:198] [11:15:45.011] USB: usb_service_win.cc:105 SetupDiGetDeviceProperty({{A45C254E-DF1C-4EFD-8020-67D146A850E0}, 6}) failed: 找不到元素。 (0x490)
[21772:25796:0106/111546.006:ERROR:google_apis\gcm\engine\registration_request.cc:292] Registration response error message: DEPRECATED_ENDPOINT
[GIN] 2026/01/06 - 11:15:49 | 200 |    8.2938839s |       127.0.0.1 | POST     "/mcp"
[GIN] 2026/01/06 - 11:15:49 | 200 |    8.3043527s |       127.0.0.1 | GET      "/mcp"
[GIN] 2026/01/06 - 11:16:03 | 200 |          5m1s |       127.0.0.1 | GET      "/mcp"
[GIN] 2026/01/06 - 11:16:34 | 200 |          5m1s |       127.0.0.1 | GET      "/mcp"
[GIN] 2026/01/06 - 11:16:40 | 200 |          5m1s |       127.0.0.1 | GET      "/mcp"
[GIN] 2026/01/06 - 11:16:52 | 200 |            0s |       127.0.0.1 | POST     "/mcp"
[GIN] 2026/01/06 - 11:16:52 | 202 |            0s |       127.0.0.1 | POST     "/mcp"
time="2026-01-06T11:16:52+08:00" level=info msg="MCP: 搜索Feeds"
time="2026-01-06T11:16:52+08:00" level=info msg="MCP: 搜索Feeds - 关键词: 戒烟药"
time="2026-01-06T11:16:52+08:00" level=info msg="browser launch: using attempt-level timeout control"
time="2026-01-06T11:16:52+08:00" level=info msg="cleanupUserDataLocks: cleaning dir=D:\\test\\xhs-data\\profiles\\acc_5\\profile"
time="2026-01-06T11:16:52+08:00" level=debug msg="cleanupUserDataLocks: D:\\test\\xhs-data\\profiles\\acc_5\\profile\\SingletonLock does not exist"
time="2026-01-06T11:16:52+08:00" level=debug msg="cleanupUserDataLocks: D:\\test\\xhs-data\\profiles\\acc_5\\profile\\SingletonCookie does not exist"
time="2026-01-06T11:16:52+08:00" level=debug msg="cleanupUserDataLocks: D:\\test\\xhs-data\\profiles\\acc_5\\profile\\SingletonSocket does not exist"
time="2026-01-06T11:16:52+08:00" level=info msg="cleanupUserDataLocks: removed D:\\test\\xhs-data\\profiles\\acc_5\\profile\\DevToolsActivePort"
time="2026-01-06T11:16:52+08:00" level=info msg="cleanupUserDataLocks: cleaned 1 lock files"
time="2026-01-06T11:16:52+08:00" level=info msg="browser launch: ===== Attempt 1 START ====="
time="2026-01-06T11:16:52+08:00" level=info msg="browser launch: created independent attempt context with 30s timeout"
time="2026-01-06T11:16:52+08:00" level=info msg="browser launch: created launcher"
time="2026-01-06T11:16:52+08:00" level=info msg="browser launch: headless=true bin=\"D:\\\\test\\\\chromium\\\\chrome-win64\\\\chrome.exe\" userData=\"D:\\\\test\\\\xhs-data\\\\profiles\\\\acc_5\\\\profile\" proxy=\"http://127.0.0.1:2188\" (attempt 1)"
time="2026-01-06T11:16:52+08:00" level=info msg="browser launch args: --disable-background-networking --disable-background-timer-throttling --disable-backgrounding-occluded-windows --disable-breakpad --disable-client-side-phishing-detection --disable-component-extensions-with-background-pages --disable-default-apps --disable-dev-shm-usage --disable-features=site-per-process,TranslateUI --disable-hang-monitor --disable-ipc-flooding-protection --disable-popup-blocking --disable-prompt-on-repost --disable-renderer-backgrounding --disable-site-isolation-trials --disable-sync --enable-automation --enable-features=NetworkService,NetworkServiceInProcess --force-color-profile=srgb --headless --lang=zh-CN --metrics-recording-only --no-default-browser-check --no-first-run --no-sandbox --no-startup-window --proxy-server=http://127.0.0.1:2188 --remote-debugging-port=0 --use-mock-keychain --user-agent=Mozilla/5.0 (Macintosh; Intel Mac OS X 10_15_7) AppleWebKit/537.36 (KHTML, like Gecko) Chrome/126.0.0.187 Safari/537.36 --user-data-dir=D:\\test\\xhs-data\\profiles\\acc_5\\profile"
time="2026-01-06T11:16:52+08:00" level=info msg="browser launch: cleaning locks before launch"
time="2026-01-06T11:16:52+08:00" level=info msg="cleanupUserDataLocks: cleaning dir=D:\\test\\xhs-data\\profiles\\acc_5\\profile"
time="2026-01-06T11:16:52+08:00" level=debug msg="cleanupUserDataLocks: D:\\test\\xhs-data\\profiles\\acc_5\\profile\\SingletonLock does not exist"
time="2026-01-06T11:16:52+08:00" level=debug msg="cleanupUserDataLocks: D:\\test\\xhs-data\\profiles\\acc_5\\profile\\SingletonCookie does not exist"
time="2026-01-06T11:16:52+08:00" level=debug msg="cleanupUserDataLocks: D:\\test\\xhs-data\\profiles\\acc_5\\profile\\SingletonSocket does not exist"
time="2026-01-06T11:16:52+08:00" level=debug msg="cleanupUserDataLocks: D:\\test\\xhs-data\\profiles\\acc_5\\profile\\DevToolsActivePort does not exist"
time="2026-01-06T11:16:52+08:00" level=info msg="cleanupUserDataLocks: cleaned 0 lock files"
time="2026-01-06T11:16:52+08:00" level=info msg="browser launch: lock cleanup completed"
time="2026-01-06T11:16:52+08:00" level=info msg="browser launch: about to call l.Launch()..."
time="2026-01-06T11:16:52+08:00" level=info msg="browser launch: ===== Attempt 1 EXECUTING LAUNCH ====="
DevTools listening on ws://127.0.0.1:2191/devtools/browser/b222c566-d1eb-444e-a480-01de5f0e89c1
time="2026-01-06T11:16:53+08:00" level=info msg="browser launch: ===== Attempt 1 LAUNCH RETURNED (duration: 302.5114ms) ====="
time="2026-01-06T11:16:53+08:00" level=info msg="browser launch: SUCCESS! control url=ws://127.0.0.1:2191/devtools/browser/b222c566-d1eb-444e-a480-01de5f0e89c1"
time="2026-01-06T11:16:53+08:00" level=info msg="browser launch: ===== Attempt 1 COMPLETED SUCCESSFULLY ====="
time="2026-01-06T11:16:53+08:00" level=info msg="browser connect: connecting to Chromium"
time="2026-01-06T11:16:53+08:00" level=info msg="browser connect: success"
time="2026-01-06T11:16:53+08:00" level=debug msg="loaded cookies from D:\\test\\xhs-data\\cookies\\acc_5\\cookies.json"
time="2026-01-06T11:16:53+08:00" level=warning msg="apply fingerprint failed: eval js error: TypeError: Cannot read properties of undefined (reading 'apply')\n    at <anonymous>:29:7 <nil>"
[25484:8704:0106/111701.255:ERROR:components\device_event_log\device_event_log_impl.cc:198] [11:17:01.255] USB: usb_service_win.cc:105 SetupDiGetDeviceProperty({{A45C254E-DF1C-4EFD-8020-67D146A850E0}, 6}) failed: 找不到元素。 (0x490)
[GIN] 2026/01/06 - 11:17:08 | 200 |   15.4247245s |       127.0.0.1 | POST     "/mcp"
[GIN] 2026/01/06 - 11:17:08 | 200 |            0s |       127.0.0.1 | POST     "/mcp"
[GIN] 2026/01/06 - 11:17:08 | 202 |            0s |       127.0.0.1 | POST     "/mcp"
[GIN] 2026/01/06 - 11:17:08 | 200 |       514.9µs |       127.0.0.1 | POST     "/mcp"
time="2026-01-06T11:17:08+08:00" level=info msg="MCP: 获取Feed详情"
time="2026-01-06T11:17:08+08:00" level=info msg="MCP: 获取Feed详情 - Feed ID: 681cb83c00000000220042cf, loadAllComments=false, config={ClickMoreReplies:false MaxRepliesThreshold:10 MaxCommentItems:0 ScrollSpeed:normal}"
time="2026-01-06T11:17:08+08:00" level=info msg="browser launch: using attempt-level timeout control"
time="2026-01-06T11:17:08+08:00" level=info msg="cleanupUserDataLocks: cleaning dir=D:\\test\\xhs-data\\profiles\\acc_5\\profile"
time="2026-01-06T11:17:08+08:00" level=debug msg="cleanupUserDataLocks: D:\\test\\xhs-data\\profiles\\acc_5\\profile\\SingletonLock does not exist"
time="2026-01-06T11:17:08+08:00" level=debug msg="cleanupUserDataLocks: D:\\test\\xhs-data\\profiles\\acc_5\\profile\\SingletonCookie does not exist"
time="2026-01-06T11:17:08+08:00" level=debug msg="cleanupUserDataLocks: D:\\test\\xhs-data\\profiles\\acc_5\\profile\\SingletonSocket does not exist"
time="2026-01-06T11:17:08+08:00" level=info msg="cleanupUserDataLocks: removed D:\\test\\xhs-data\\profiles\\acc_5\\profile\\DevToolsActivePort"
time="2026-01-06T11:17:08+08:00" level=info msg="cleanupUserDataLocks: cleaned 1 lock files"
time="2026-01-06T11:17:08+08:00" level=info msg="browser launch: ===== Attempt 1 START ====="
time="2026-01-06T11:17:08+08:00" level=info msg="browser launch: created independent attempt context with 30s timeout"
time="2026-01-06T11:17:08+08:00" level=info msg="browser launch: created launcher"
time="2026-01-06T11:17:08+08:00" level=info msg="browser launch: headless=true bin=\"D:\\\\test\\\\chromium\\\\chrome-win64\\\\chrome.exe\" userData=\"D:\\\\test\\\\xhs-data\\\\profiles\\\\acc_5\\\\profile\" proxy=\"http://127.0.0.1:3119\" (attempt 1)"
time="2026-01-06T11:17:08+08:00" level=info msg="browser launch args: --disable-background-networking --disable-background-timer-throttling --disable-backgrounding-occluded-windows --disable-breakpad --disable-client-side-phishing-detection --disable-component-extensions-with-background-pages --disable-default-apps --disable-dev-shm-usage --disable-features=site-per-process,TranslateUI --disable-hang-monitor --disable-ipc-flooding-protection --disable-popup-blocking --disable-prompt-on-repost --disable-renderer-backgrounding --disable-site-isolation-trials --disable-sync --enable-automation --enable-features=NetworkService,NetworkServiceInProcess --force-color-profile=srgb --headless --lang=zh-CN --metrics-recording-only --no-default-browser-check --no-first-run --no-sandbox --no-startup-window --proxy-server=http://127.0.0.1:3119 --remote-debugging-port=0 --use-mock-keychain --user-agent=Mozilla/5.0 (Macintosh; Intel Mac OS X 10_15_7) AppleWebKit/537.36 (KHTML, like Gecko) Chrome/126.0.0.187 Safari/537.36 --user-data-dir=D:\\test\\xhs-data\\profiles\\acc_5\\profile"
time="2026-01-06T11:17:08+08:00" level=info msg="browser launch: cleaning locks before launch"
time="2026-01-06T11:17:08+08:00" level=info msg="cleanupUserDataLocks: cleaning dir=D:\\test\\xhs-data\\profiles\\acc_5\\profile"
time="2026-01-06T11:17:08+08:00" level=debug msg="cleanupUserDataLocks: D:\\test\\xhs-data\\profiles\\acc_5\\profile\\SingletonLock does not exist"
time="2026-01-06T11:17:08+08:00" level=debug msg="cleanupUserDataLocks: D:\\test\\xhs-data\\profiles\\acc_5\\profile\\SingletonCookie does not exist"
time="2026-01-06T11:17:08+08:00" level=debug msg="cleanupUserDataLocks: D:\\test\\xhs-data\\profiles\\acc_5\\profile\\SingletonSocket does not exist"
time="2026-01-06T11:17:08+08:00" level=debug msg="cleanupUserDataLocks: D:\\test\\xhs-data\\profiles\\acc_5\\profile\\DevToolsActivePort does not exist"
time="2026-01-06T11:17:08+08:00" level=info msg="cleanupUserDataLocks: cleaned 0 lock files"
time="2026-01-06T11:17:08+08:00" level=info msg="browser launch: lock cleanup completed"
time="2026-01-06T11:17:08+08:00" level=info msg="browser launch: about to call l.Launch()..."
time="2026-01-06T11:17:08+08:00" level=info msg="browser launch: ===== Attempt 1 EXECUTING LAUNCH ====="
DevTools listening on ws://127.0.0.1:4236/devtools/browser/0702658c-b839-4fea-8376-f0aa9f14ef8f
time="2026-01-06T11:17:08+08:00" level=info msg="browser launch: ===== Attempt 1 LAUNCH RETURNED (duration: 286.91ms) ====="
time="2026-01-06T11:17:08+08:00" level=info msg="browser launch: SUCCESS! control url=ws://127.0.0.1:4236/devtools/browser/0702658c-b839-4fea-8376-f0aa9f14ef8f"
time="2026-01-06T11:17:08+08:00" level=info msg="browser launch: ===== Attempt 1 COMPLETED SUCCESSFULLY ====="
time="2026-01-06T11:17:08+08:00" level=info msg="browser connect: connecting to Chromium"
time="2026-01-06T11:17:08+08:00" level=info msg="browser connect: success"
time="2026-01-06T11:17:08+08:00" level=debug msg="loaded cookies from D:\\test\\xhs-data\\cookies\\acc_5\\cookies.json"
time="2026-01-06T11:17:08+08:00" level=warning msg="apply fingerprint failed: eval js error: TypeError: Cannot read properties of undefined (reading 'apply')\n    at <anonymous>:29:7 <nil>"
time="2026-01-06T11:17:08+08:00" level=info msg="打开 feed 详情页: https://www.xiaohongshu.com/explore/681cb83c00000000220042cf?xsec_token=ABgpbA0hRDFoSj3hDdMX7mIgtyWVFlvv6Q1z-YNdCAwPQ=&xsec_source=pc_feed"
time="2026-01-06T11:17:08+08:00" level=info msg="配置: 点击更多=false, 回复阈值=10, 最大评论数=0, 滚动速度=normal"
[30604:30608:0106/111713.875:ERROR:components\device_event_log\device_event_log_impl.cc:198] [11:17:13.875] USB: usb_service_win.cc:105 SetupDiGetDeviceProperty({{A45C254E-DF1C-4EFD-8020-67D146A850E0}, 6}) failed: 找不到元素。 (0x490)
[GIN] 2026/01/06 - 11:17:18 | 200 |    9.6365467s |       127.0.0.1 | POST     "/mcp"
[GIN] 2026/01/06 - 11:17:18 | 200 |     9.646264s |       127.0.0.1 | GET      "/mcp"
[GIN] 2026/01/06 - 11:17:56 | 200 |       256.3µs |       127.0.0.1 | POST     "/mcp"
[GIN] 2026/01/06 - 11:17:56 | 202 |            0s |       127.0.0.1 | POST     "/mcp"
[GIN] 2026/01/06 - 11:17:56 | 200 |       517.2µs |       127.0.0.1 | POST     "/mcp"
time="2026-01-06T11:17:56+08:00" level=info msg="MCP: 获取Feed详情"
time="2026-01-06T11:17:56+08:00" level=info msg="MCP: 获取Feed详情 - Feed ID: 686d0ff0000000001d00d724, loadAllComments=false, config={ClickMoreReplies:false MaxRepliesThreshold:10 MaxCommentItems:0 ScrollSpeed:normal}"
time="2026-01-06T11:17:56+08:00" level=info msg="browser launch: using attempt-level timeout control"
time="2026-01-06T11:17:56+08:00" level=info msg="cleanupUserDataLocks: cleaning dir=D:\\test\\xhs-data\\profiles\\acc_5\\profile"
time="2026-01-06T11:17:56+08:00" level=debug msg="cleanupUserDataLocks: D:\\test\\xhs-data\\profiles\\acc_5\\profile\\SingletonLock does not exist"
time="2026-01-06T11:17:56+08:00" level=debug msg="cleanupUserDataLocks: D:\\test\\xhs-data\\profiles\\acc_5\\profile\\SingletonCookie does not exist"
time="2026-01-06T11:17:56+08:00" level=debug msg="cleanupUserDataLocks: D:\\test\\xhs-data\\profiles\\acc_5\\profile\\SingletonSocket does not exist"
time="2026-01-06T11:17:56+08:00" level=info msg="cleanupUserDataLocks: removed D:\\test\\xhs-data\\profiles\\acc_5\\profile\\DevToolsActivePort"
time="2026-01-06T11:17:56+08:00" level=info msg="cleanupUserDataLocks: cleaned 1 lock files"
time="2026-01-06T11:17:56+08:00" level=info msg="browser launch: ===== Attempt 1 START ====="
time="2026-01-06T11:17:56+08:00" level=info msg="browser launch: created independent attempt context with 30s timeout"
time="2026-01-06T11:17:56+08:00" level=info msg="browser launch: created launcher"
time="2026-01-06T11:17:56+08:00" level=info msg="browser launch: headless=true bin=\"D:\\\\test\\\\chromium\\\\chrome-win64\\\\chrome.exe\" userData=\"D:\\\\test\\\\xhs-data\\\\profiles\\\\acc_5\\\\profile\" proxy=\"http://127.0.0.1:10460\" (attempt 1)"
time="2026-01-06T11:17:56+08:00" level=info msg="browser launch args: --disable-background-networking --disable-background-timer-throttling --disable-backgrounding-occluded-windows --disable-breakpad --disable-client-side-phishing-detection --disable-component-extensions-with-background-pages --disable-default-apps --disable-dev-shm-usage --disable-features=site-per-process,TranslateUI --disable-hang-monitor --disable-ipc-flooding-protection --disable-popup-blocking --disable-prompt-on-repost --disable-renderer-backgrounding --disable-site-isolation-trials --disable-sync --enable-automation --enable-features=NetworkService,NetworkServiceInProcess --force-color-profile=srgb --headless --lang=zh-CN --metrics-recording-only --no-default-browser-check --no-first-run --no-sandbox --no-startup-window --proxy-server=http://127.0.0.1:10460 --remote-debugging-port=0 --use-mock-keychain --user-agent=Mozilla/5.0 (Macintosh; Intel Mac OS X 10_15_7) AppleWebKit/537.36 (KHTML, like Gecko) Chrome/126.0.0.187 Safari/537.36 --user-data-dir=D:\\test\\xhs-data\\profiles\\acc_5\\profile"
time="2026-01-06T11:17:56+08:00" level=info msg="browser launch: cleaning locks before launch"
time="2026-01-06T11:17:56+08:00" level=info msg="cleanupUserDataLocks: cleaning dir=D:\\test\\xhs-data\\profiles\\acc_5\\profile"
time="2026-01-06T11:17:56+08:00" level=debug msg="cleanupUserDataLocks: D:\\test\\xhs-data\\profiles\\acc_5\\profile\\SingletonLock does not exist"
time="2026-01-06T11:17:56+08:00" level=debug msg="cleanupUserDataLocks: D:\\test\\xhs-data\\profiles\\acc_5\\profile\\SingletonCookie does not exist"
time="2026-01-06T11:17:56+08:00" level=debug msg="cleanupUserDataLocks: D:\\test\\xhs-data\\profiles\\acc_5\\profile\\SingletonSocket does not exist"
time="2026-01-06T11:17:56+08:00" level=debug msg="cleanupUserDataLocks: D:\\test\\xhs-data\\profiles\\acc_5\\profile\\DevToolsActivePort does not exist"
time="2026-01-06T11:17:56+08:00" level=info msg="cleanupUserDataLocks: cleaned 0 lock files"
time="2026-01-06T11:17:56+08:00" level=info msg="browser launch: lock cleanup completed"
time="2026-01-06T11:17:56+08:00" level=info msg="browser launch: about to call l.Launch()..."
time="2026-01-06T11:17:56+08:00" level=info msg="browser launch: ===== Attempt 1 EXECUTING LAUNCH ====="
DevTools listening on ws://127.0.0.1:9383/devtools/browser/75e607c7-53f1-4a54-9426-85a60b63f35e
time="2026-01-06T11:17:56+08:00" level=info msg="browser launch: ===== Attempt 1 LAUNCH RETURNED (duration: 306.4932ms) ====="
time="2026-01-06T11:17:56+08:00" level=info msg="browser launch: SUCCESS! control url=ws://127.0.0.1:9383/devtools/browser/75e607c7-53f1-4a54-9426-85a60b63f35e"
time="2026-01-06T11:17:56+08:00" level=info msg="browser launch: ===== Attempt 1 COMPLETED SUCCESSFULLY ====="
time="2026-01-06T11:17:56+08:00" level=info msg="browser connect: connecting to Chromium"
time="2026-01-06T11:17:56+08:00" level=info msg="browser connect: success"
time="2026-01-06T11:17:56+08:00" level=debug msg="loaded cookies from D:\\test\\xhs-data\\cookies\\acc_5\\cookies.json"
time="2026-01-06T11:17:57+08:00" level=warning msg="apply fingerprint failed: eval js error: TypeError: Cannot read properties of undefined (reading 'apply')\n    at <anonymous>:29:7 <nil>"
time="2026-01-06T11:17:57+08:00" level=info msg="打开 feed 详情页: https://www.xiaohongshu.com/explore/686d0ff0000000001d00d724?xsec_token=ABJWumoauxP9_2HQ42OUeXGSdj44Vxy7MaxiwqhVlbOBU=&xsec_source=pc_feed"
time="2026-01-06T11:17:57+08:00" level=info msg="配置: 点击更多=false, 回复阈值=10, 最大评论数=0, 滚动速度=normal"
[30656:30692:0106/111803.344:ERROR:components\device_event_log\device_event_log_impl.cc:198] [11:18:03.344] USB: usb_service_win.cc:105 SetupDiGetDeviceProperty({{A45C254E-DF1C-4EFD-8020-67D146A850E0}, 6}) failed: 找不到元素。 (0x490)
[GIN] 2026/01/06 - 11:18:05 | 200 |    8.5828446s |       127.0.0.1 | POST     "/mcp"
[GIN] 2026/01/06 - 11:18:05 | 200 |    8.5907675s |       127.0.0.1 | GET      "/mcp"
[GIN] 2026/01/06 - 11:18:08 | 200 |          5m1s |       127.0.0.1 | GET      "/mcp"
[GIN] 2026/01/06 - 11:18:34 | 200 |          5m1s |       127.0.0.1 | GET      "/mcp"
[GIN] 2026/01/06 - 11:18:43 | 200 |       503.4µs |       127.0.0.1 | POST     "/mcp"
[GIN] 2026/01/06 - 11:18:43 | 202 |            0s |       127.0.0.1 | POST     "/mcp"
[GIN] 2026/01/06 - 11:18:43 | 200 |       508.9µs |       127.0.0.1 | POST     "/mcp"
time="2026-01-06T11:18:43+08:00" level=info msg="MCP: 获取Feed详情"
time="2026-01-06T11:18:43+08:00" level=info msg="MCP: 获取Feed详情 - Feed ID: 695b247f000000001e017633, loadAllComments=false, config={ClickMoreReplies:false MaxRepliesThreshold:10 MaxCommentItems:0 ScrollSpeed:normal}"
time="2026-01-06T11:18:43+08:00" level=info msg="browser launch: using attempt-level timeout control"
time="2026-01-06T11:18:43+08:00" level=info msg="cleanupUserDataLocks: cleaning dir=D:\\test\\xhs-data\\profiles\\acc_5\\profile"
time="2026-01-06T11:18:43+08:00" level=debug msg="cleanupUserDataLocks: D:\\test\\xhs-data\\profiles\\acc_5\\profile\\SingletonLock does not exist"
time="2026-01-06T11:18:43+08:00" level=debug msg="cleanupUserDataLocks: D:\\test\\xhs-data\\profiles\\acc_5\\profile\\SingletonCookie does not exist"
time="2026-01-06T11:18:43+08:00" level=debug msg="cleanupUserDataLocks: D:\\test\\xhs-data\\profiles\\acc_5\\profile\\SingletonSocket does not exist"
time="2026-01-06T11:18:43+08:00" level=info msg="cleanupUserDataLocks: removed D:\\test\\xhs-data\\profiles\\acc_5\\profile\\DevToolsActivePort"
time="2026-01-06T11:18:43+08:00" level=info msg="cleanupUserDataLocks: cleaned 1 lock files"
time="2026-01-06T11:18:43+08:00" level=info msg="browser launch: ===== Attempt 1 START ====="
time="2026-01-06T11:18:43+08:00" level=info msg="browser launch: created independent attempt context with 30s timeout"
time="2026-01-06T11:18:43+08:00" level=info msg="browser launch: created launcher"
time="2026-01-06T11:18:43+08:00" level=info msg="browser launch: headless=true bin=\"D:\\\\test\\\\chromium\\\\chrome-win64\\\\chrome.exe\" userData=\"D:\\\\test\\\\xhs-data\\\\profiles\\\\acc_5\\\\profile\" proxy=\"http://127.0.0.1:3877\" (attempt 1)"
time="2026-01-06T11:18:43+08:00" level=info msg="browser launch args: --disable-background-networking --disable-background-timer-throttling --disable-backgrounding-occluded-windows --disable-breakpad --disable-client-side-phishing-detection --disable-component-extensions-with-background-pages --disable-default-apps --disable-dev-shm-usage --disable-features=site-per-process,TranslateUI --disable-hang-monitor --disable-ipc-flooding-protection --disable-popup-blocking --disable-prompt-on-repost --disable-renderer-backgrounding --disable-site-isolation-trials --disable-sync --enable-automation --enable-features=NetworkService,NetworkServiceInProcess --force-color-profile=srgb --headless --lang=zh-CN --metrics-recording-only --no-default-browser-check --no-first-run --no-sandbox --no-startup-window --proxy-server=http://127.0.0.1:3877 --remote-debugging-port=0 --use-mock-keychain --user-agent=Mozilla/5.0 (Macintosh; Intel Mac OS X 10_15_7) AppleWebKit/537.36 (KHTML, like Gecko) Chrome/126.0.0.187 Safari/537.36 --user-data-dir=D:\\test\\xhs-data\\profiles\\acc_5\\profile"
time="2026-01-06T11:18:43+08:00" level=info msg="browser launch: cleaning locks before launch"
time="2026-01-06T11:18:43+08:00" level=info msg="cleanupUserDataLocks: cleaning dir=D:\\test\\xhs-data\\profiles\\acc_5\\profile"
time="2026-01-06T11:18:43+08:00" level=debug msg="cleanupUserDataLocks: D:\\test\\xhs-data\\profiles\\acc_5\\profile\\SingletonLock does not exist"
time="2026-01-06T11:18:43+08:00" level=debug msg="cleanupUserDataLocks: D:\\test\\xhs-data\\profiles\\acc_5\\profile\\SingletonCookie does not exist"
time="2026-01-06T11:18:43+08:00" level=debug msg="cleanupUserDataLocks: D:\\test\\xhs-data\\profiles\\acc_5\\profile\\SingletonSocket does not exist"
time="2026-01-06T11:18:43+08:00" level=debug msg="cleanupUserDataLocks: D:\\test\\xhs-data\\profiles\\acc_5\\profile\\DevToolsActivePort does not exist"
time="2026-01-06T11:18:43+08:00" level=info msg="cleanupUserDataLocks: cleaned 0 lock files"
time="2026-01-06T11:18:43+08:00" level=info msg="browser launch: lock cleanup completed"
time="2026-01-06T11:18:43+08:00" level=info msg="browser launch: about to call l.Launch()..."
time="2026-01-06T11:18:43+08:00" level=info msg="browser launch: ===== Attempt 1 EXECUTING LAUNCH ====="
DevTools listening on ws://127.0.0.1:3879/devtools/browser/fd8c6801-7067-49c5-a2ac-d9b4ad7e73ed
time="2026-01-06T11:18:43+08:00" level=info msg="browser launch: ===== Attempt 1 LAUNCH RETURNED (duration: 286.7906ms) ====="
time="2026-01-06T11:18:43+08:00" level=info msg="browser launch: SUCCESS! control url=ws://127.0.0.1:3879/devtools/browser/fd8c6801-7067-49c5-a2ac-d9b4ad7e73ed"
time="2026-01-06T11:18:43+08:00" level=info msg="browser launch: ===== Attempt 1 COMPLETED SUCCESSFULLY ====="
time="2026-01-06T11:18:43+08:00" level=info msg="browser connect: connecting to Chromium"
time="2026-01-06T11:18:43+08:00" level=info msg="browser connect: success"
time="2026-01-06T11:18:44+08:00" level=debug msg="loaded cookies from D:\\test\\xhs-data\\cookies\\acc_5\\cookies.json"
time="2026-01-06T11:18:44+08:00" level=warning msg="apply fingerprint failed: eval js error: TypeError: Cannot read properties of undefined (reading 'apply')\n    at <anonymous>:29:7 <nil>"
time="2026-01-06T11:18:44+08:00" level=info msg="打开 feed 详情页: https://www.xiaohongshu.com/explore/695b247f000000001e017633?xsec_token=ABPapmJY5yafGS0KcE3g1CoiU_tVreGdo9VEdWzzJCX0E=&xsec_source=pc_feed"
time="2026-01-06T11:18:44+08:00" level=info msg="配置: 点击更多=false, 回复阈值=10, 最大评论数=0, 滚动速度=normal"
[28880:30044:0106/111850.272:ERROR:components\device_event_log\device_event_log_impl.cc:198] [11:18:50.272] USB: usb_service_win.cc:105 SetupDiGetDeviceProperty({{A45C254E-DF1C-4EFD-8020-67D146A850E0}, 6}) failed: 找不到元素。 (0x490)
[GIN] 2026/01/06 - 11:18:53 | 200 |    9.5511871s |       127.0.0.1 | POST     "/mcp"
[GIN] 2026/01/06 - 11:18:53 | 200 |    9.5609733s |       127.0.0.1 | GET      "/mcp"
[GIN] 2026/01/06 - 11:19:58 | 200 |            0s |       127.0.0.1 | POST     "/mcp"
[GIN] 2026/01/06 - 11:19:58 | 202 |            0s |       127.0.0.1 | POST     "/mcp"
[GIN] 2026/01/06 - 11:19:58 | 200 |       516.4µs |       127.0.0.1 | POST     "/mcp"
time="2026-01-06T11:19:58+08:00" level=info msg="MCP: 获取Feed详情"
time="2026-01-06T11:19:58+08:00" level=info msg="MCP: 获取Feed详情 - Feed ID: 6811e804000000002001e7f1, loadAllComments=false, config={ClickMoreReplies:false MaxRepliesThreshold:10 MaxCommentItems:0 ScrollSpeed:normal}"
time="2026-01-06T11:19:58+08:00" level=info msg="browser launch: using attempt-level timeout control"
time="2026-01-06T11:19:58+08:00" level=info msg="cleanupUserDataLocks: cleaning dir=D:\\test\\xhs-data\\profiles\\acc_5\\profile"
time="2026-01-06T11:19:58+08:00" level=debug msg="cleanupUserDataLocks: D:\\test\\xhs-data\\profiles\\acc_5\\profile\\SingletonLock does not exist"
time="2026-01-06T11:19:58+08:00" level=debug msg="cleanupUserDataLocks: D:\\test\\xhs-data\\profiles\\acc_5\\profile\\SingletonCookie does not exist"
time="2026-01-06T11:19:58+08:00" level=debug msg="cleanupUserDataLocks: D:\\test\\xhs-data\\profiles\\acc_5\\profile\\SingletonSocket does not exist"
time="2026-01-06T11:19:58+08:00" level=info msg="cleanupUserDataLocks: removed D:\\test\\xhs-data\\profiles\\acc_5\\profile\\DevToolsActivePort"
time="2026-01-06T11:19:58+08:00" level=info msg="cleanupUserDataLocks: cleaned 1 lock files"
time="2026-01-06T11:19:58+08:00" level=info msg="browser launch: ===== Attempt 1 START ====="
time="2026-01-06T11:19:58+08:00" level=info msg="browser launch: created independent attempt context with 30s timeout"
time="2026-01-06T11:19:58+08:00" level=info msg="browser launch: created launcher"
time="2026-01-06T11:19:58+08:00" level=info msg="browser launch: headless=true bin=\"D:\\\\test\\\\chromium\\\\chrome-win64\\\\chrome.exe\" userData=\"D:\\\\test\\\\xhs-data\\\\profiles\\\\acc_5\\\\profile\" proxy=\"http://127.0.0.1:11388\" (attempt 1)"
time="2026-01-06T11:19:58+08:00" level=info msg="browser launch args: --disable-background-networking --disable-background-timer-throttling --disable-backgrounding-occluded-windows --disable-breakpad --disable-client-side-phishing-detection --disable-component-extensions-with-background-pages --disable-default-apps --disable-dev-shm-usage --disable-features=site-per-process,TranslateUI --disable-hang-monitor --disable-ipc-flooding-protection --disable-popup-blocking --disable-prompt-on-repost --disable-renderer-backgrounding --disable-site-isolation-trials --disable-sync --enable-automation --enable-features=NetworkService,NetworkServiceInProcess --force-color-profile=srgb --headless --lang=zh-CN --metrics-recording-only --no-default-browser-check --no-first-run --no-sandbox --no-startup-window --proxy-server=http://127.0.0.1:11388 --remote-debugging-port=0 --use-mock-keychain --user-agent=Mozilla/5.0 (Macintosh; Intel Mac OS X 10_15_7) AppleWebKit/537.36 (KHTML, like Gecko) Chrome/126.0.0.187 Safari/537.36 --user-data-dir=D:\\test\\xhs-data\\profiles\\acc_5\\profile"
time="2026-01-06T11:19:58+08:00" level=info msg="browser launch: cleaning locks before launch"
time="2026-01-06T11:19:58+08:00" level=info msg="cleanupUserDataLocks: cleaning dir=D:\\test\\xhs-data\\profiles\\acc_5\\profile"
time="2026-01-06T11:19:58+08:00" level=debug msg="cleanupUserDataLocks: D:\\test\\xhs-data\\profiles\\acc_5\\profile\\SingletonLock does not exist"
time="2026-01-06T11:19:58+08:00" level=debug msg="cleanupUserDataLocks: D:\\test\\xhs-data\\profiles\\acc_5\\profile\\SingletonCookie does not exist"
time="2026-01-06T11:19:58+08:00" level=debug msg="cleanupUserDataLocks: D:\\test\\xhs-data\\profiles\\acc_5\\profile\\SingletonSocket does not exist"
time="2026-01-06T11:19:58+08:00" level=debug msg="cleanupUserDataLocks: D:\\test\\xhs-data\\profiles\\acc_5\\profile\\DevToolsActivePort does not exist"
time="2026-01-06T11:19:58+08:00" level=info msg="cleanupUserDataLocks: cleaned 0 lock files"
time="2026-01-06T11:19:58+08:00" level=info msg="browser launch: lock cleanup completed"
time="2026-01-06T11:19:58+08:00" level=info msg="browser launch: about to call l.Launch()..."
time="2026-01-06T11:19:58+08:00" level=info msg="browser launch: ===== Attempt 1 EXECUTING LAUNCH ====="
DevTools listening on ws://127.0.0.1:11393/devtools/browser/a49d538c-826f-46ba-a3c7-e497228ebac7
time="2026-01-06T11:19:59+08:00" level=info msg="browser launch: ===== Attempt 1 LAUNCH RETURNED (duration: 262.8931ms) ====="
time="2026-01-06T11:19:59+08:00" level=info msg="browser launch: SUCCESS! control url=ws://127.0.0.1:11393/devtools/browser/a49d538c-826f-46ba-a3c7-e497228ebac7"
time="2026-01-06T11:19:59+08:00" level=info msg="browser launch: ===== Attempt 1 COMPLETED SUCCESSFULLY ====="
time="2026-01-06T11:19:59+08:00" level=info msg="browser connect: connecting to Chromium"
time="2026-01-06T11:19:59+08:00" level=info msg="browser connect: success"
time="2026-01-06T11:19:59+08:00" level=debug msg="loaded cookies from D:\\test\\xhs-data\\cookies\\acc_5\\cookies.json"
time="2026-01-06T11:19:59+08:00" level=warning msg="apply fingerprint failed: eval js error: TypeError: Cannot read properties of undefined (reading 'apply')\n    at <anonymous>:29:7 <nil>"
time="2026-01-06T11:19:59+08:00" level=info msg="打开 feed 详情页: https://www.xiaohongshu.com/explore/6811e804000000002001e7f1?xsec_token=ABjIK5kFu3d4BmxPN8nY6S-x_QbFb2M2BlFhiJ3XOXmjQ=&xsec_source=pc_feed"
time="2026-01-06T11:19:59+08:00" level=info msg="配置: 点击更多=false, 回复阈值=10, 最大评论数=0, 滚动速度=normal"
[GIN] 2026/01/06 - 11:20:09 | 200 |   10.6590035s |       127.0.0.1 | POST     "/mcp"
[GIN] 2026/01/06 - 11:20:09 | 200 |   10.6683688s |       127.0.0.1 | GET      "/mcp"
[GIN] 2026/01/06 - 11:20:15 | 200 |          5m0s |       127.0.0.1 | GET      "/mcp"
[GIN] 2026/01/06 - 11:20:39 | 200 |       523.8µs |       127.0.0.1 | POST     "/mcp"
[GIN] 2026/01/06 - 11:20:39 | 202 |            0s |       127.0.0.1 | POST     "/mcp"
[GIN] 2026/01/06 - 11:20:39 | 200 |       549.7µs |       127.0.0.1 | POST     "/mcp"
time="2026-01-06T11:20:39+08:00" level=info msg="MCP: 获取Feed详情"
time="2026-01-06T11:20:39+08:00" level=info msg="MCP: 获取Feed详情 - Feed ID: 6811e804000000002001e7f1, loadAllComments=false, config={ClickMoreReplies:false MaxRepliesThreshold:10 MaxCommentItems:0 ScrollSpeed:normal}"
time="2026-01-06T11:20:39+08:00" level=info msg="browser launch: using attempt-level timeout control"
time="2026-01-06T11:20:39+08:00" level=info msg="cleanupUserDataLocks: cleaning dir=D:\\test\\xhs-data\\profiles\\acc_5\\profile"
time="2026-01-06T11:20:39+08:00" level=debug msg="cleanupUserDataLocks: D:\\test\\xhs-data\\profiles\\acc_5\\profile\\SingletonLock does not exist"
time="2026-01-06T11:20:39+08:00" level=debug msg="cleanupUserDataLocks: D:\\test\\xhs-data\\profiles\\acc_5\\profile\\SingletonCookie does not exist"
time="2026-01-06T11:20:39+08:00" level=debug msg="cleanupUserDataLocks: D:\\test\\xhs-data\\profiles\\acc_5\\profile\\SingletonSocket does not exist"
time="2026-01-06T11:20:39+08:00" level=info msg="cleanupUserDataLocks: removed D:\\test\\xhs-data\\profiles\\acc_5\\profile\\DevToolsActivePort"
time="2026-01-06T11:20:39+08:00" level=info msg="cleanupUserDataLocks: cleaned 1 lock files"
time="2026-01-06T11:20:39+08:00" level=info msg="browser launch: ===== Attempt 1 START ====="
time="2026-01-06T11:20:39+08:00" level=info msg="browser launch: created independent attempt context with 30s timeout"
time="2026-01-06T11:20:39+08:00" level=info msg="browser launch: created launcher"
time="2026-01-06T11:20:39+08:00" level=info msg="browser launch: headless=true bin=\"D:\\\\test\\\\chromium\\\\chrome-win64\\\\chrome.exe\" userData=\"D:\\\\test\\\\xhs-data\\\\profiles\\\\acc_5\\\\profile\" proxy=\"http://127.0.0.1:4624\" (attempt 1)"
time="2026-01-06T11:20:39+08:00" level=info msg="browser launch args: --disable-background-networking --disable-background-timer-throttling --disable-backgrounding-occluded-windows --disable-breakpad --disable-client-side-phishing-detection --disable-component-extensions-with-background-pages --disable-default-apps --disable-dev-shm-usage --disable-features=site-per-process,TranslateUI --disable-hang-monitor --disable-ipc-flooding-protection --disable-popup-blocking --disable-prompt-on-repost --disable-renderer-backgrounding --disable-site-isolation-trials --disable-sync --enable-automation --enable-features=NetworkService,NetworkServiceInProcess --force-color-profile=srgb --headless --lang=zh-CN --metrics-recording-only --no-default-browser-check --no-first-run --no-sandbox --no-startup-window --proxy-server=http://127.0.0.1:4624 --remote-debugging-port=0 --use-mock-keychain --user-agent=Mozilla/5.0 (Macintosh; Intel Mac OS X 10_15_7) AppleWebKit/537.36 (KHTML, like Gecko) Chrome/126.0.0.187 Safari/537.36 --user-data-dir=D:\\test\\xhs-data\\profiles\\acc_5\\profile"
time="2026-01-06T11:20:39+08:00" level=info msg="browser launch: cleaning locks before launch"
time="2026-01-06T11:20:39+08:00" level=info msg="cleanupUserDataLocks: cleaning dir=D:\\test\\xhs-data\\profiles\\acc_5\\profile"
time="2026-01-06T11:20:39+08:00" level=debug msg="cleanupUserDataLocks: D:\\test\\xhs-data\\profiles\\acc_5\\profile\\SingletonLock does not exist"
time="2026-01-06T11:20:39+08:00" level=debug msg="cleanupUserDataLocks: D:\\test\\xhs-data\\profiles\\acc_5\\profile\\SingletonCookie does not exist"
time="2026-01-06T11:20:39+08:00" level=debug msg="cleanupUserDataLocks: D:\\test\\xhs-data\\profiles\\acc_5\\profile\\SingletonSocket does not exist"
time="2026-01-06T11:20:39+08:00" level=debug msg="cleanupUserDataLocks: D:\\test\\xhs-data\\profiles\\acc_5\\profile\\DevToolsActivePort does not exist"
time="2026-01-06T11:20:39+08:00" level=info msg="cleanupUserDataLocks: cleaned 0 lock files"
time="2026-01-06T11:20:39+08:00" level=info msg="browser launch: lock cleanup completed"
time="2026-01-06T11:20:39+08:00" level=info msg="browser launch: about to call l.Launch()..."
time="2026-01-06T11:20:39+08:00" level=info msg="browser launch: ===== Attempt 1 EXECUTING LAUNCH ====="
DevTools listening on ws://127.0.0.1:4628/devtools/browser/71ce912d-a45c-407a-837f-208f556fc520
time="2026-01-06T11:20:39+08:00" level=info msg="browser launch: ===== Attempt 1 LAUNCH RETURNED (duration: 264.9917ms) ====="
time="2026-01-06T11:20:39+08:00" level=info msg="browser launch: SUCCESS! control url=ws://127.0.0.1:4628/devtools/browser/71ce912d-a45c-407a-837f-208f556fc520"
time="2026-01-06T11:20:39+08:00" level=info msg="browser launch: ===== Attempt 1 COMPLETED SUCCESSFULLY ====="
time="2026-01-06T11:20:39+08:00" level=info msg="browser connect: connecting to Chromium"
time="2026-01-06T11:20:39+08:00" level=info msg="browser connect: success"
time="2026-01-06T11:20:39+08:00" level=debug msg="loaded cookies from D:\\test\\xhs-data\\cookies\\acc_5\\cookies.json"
time="2026-01-06T11:20:39+08:00" level=warning msg="apply fingerprint failed: eval js error: TypeError: Cannot read properties of undefined (reading 'apply')\n    at <anonymous>:29:7 <nil>"
time="2026-01-06T11:20:39+08:00" level=info msg="打开 feed 详情页: https://www.xiaohongshu.com/explore/6811e804000000002001e7f1?xsec_token=ABjIK5kFu3d4BmxPN8nY6S-x_QbFb2M2BlFhiJ3XOXmjQ=&xsec_source=pc_feed"
time="2026-01-06T11:20:39+08:00" level=info msg="配置: 点击更多=false, 回复阈值=10, 最大评论数=0, 滚动速度=normal"
[28860:29172:0106/112046.420:ERROR:components\device_event_log\device_event_log_impl.cc:198] [11:20:46.420] USB: usb_service_win.cc:105 SetupDiGetDeviceProperty({{A45C254E-DF1C-4EFD-8020-67D146A850E0}, 6}) failed: 找不到元素。 (0x490)
[GIN] 2026/01/06 - 11:20:48 | 200 |    8.5744584s |       127.0.0.1 | POST     "/mcp"
[GIN] 2026/01/06 - 11:20:48 | 200 |    8.5818496s |       127.0.0.1 | GET      "/mcp"
[GIN] 2026/01/06 - 11:21:05 | 200 |          5m0s |       127.0.0.1 | GET      "/mcp"
[GIN] 2026/01/06 - 11:21:35 | 200 |          5m0s |       127.0.0.1 | GET      "/mcp"
[GIN] 2026/01/06 - 11:21:42 | 200 |          5m0s |       127.0.0.1 | GET      "/mcp"
[GIN] 2026/01/06 - 11:21:47 | 200 |            0s |       127.0.0.1 | POST     "/mcp"
[GIN] 2026/01/06 - 11:21:47 | 202 |            0s |       127.0.0.1 | POST     "/mcp"
[GIN] 2026/01/06 - 11:21:47 | 200 |       515.2µs |       127.0.0.1 | POST     "/mcp"
time="2026-01-06T11:21:47+08:00" level=info msg="MCP: 获取Feed详情"
time="2026-01-06T11:21:47+08:00" level=info msg="MCP: 获取Feed详情 - Feed ID: 681e0ab4000000000f038fb8, loadAllComments=false, config={ClickMoreReplies:false MaxRepliesThreshold:10 MaxCommentItems:0 ScrollSpeed:normal}"
time="2026-01-06T11:21:47+08:00" level=info msg="browser launch: using attempt-level timeout control"
time="2026-01-06T11:21:47+08:00" level=info msg="cleanupUserDataLocks: cleaning dir=D:\\test\\xhs-data\\profiles\\acc_5\\profile"
time="2026-01-06T11:21:47+08:00" level=debug msg="cleanupUserDataLocks: D:\\test\\xhs-data\\profiles\\acc_5\\profile\\SingletonLock does not exist"
time="2026-01-06T11:21:47+08:00" level=debug msg="cleanupUserDataLocks: D:\\test\\xhs-data\\profiles\\acc_5\\profile\\SingletonCookie does not exist"
time="2026-01-06T11:21:47+08:00" level=debug msg="cleanupUserDataLocks: D:\\test\\xhs-data\\profiles\\acc_5\\profile\\SingletonSocket does not exist"
time="2026-01-06T11:21:47+08:00" level=info msg="cleanupUserDataLocks: removed D:\\test\\xhs-data\\profiles\\acc_5\\profile\\DevToolsActivePort"
time="2026-01-06T11:21:47+08:00" level=info msg="cleanupUserDataLocks: cleaned 1 lock files"
time="2026-01-06T11:21:47+08:00" level=info msg="browser launch: ===== Attempt 1 START ====="
time="2026-01-06T11:21:47+08:00" level=info msg="browser launch: created independent attempt context with 30s timeout"
time="2026-01-06T11:21:47+08:00" level=info msg="browser launch: created launcher"
time="2026-01-06T11:21:47+08:00" level=info msg="browser launch: headless=true bin=\"D:\\\\test\\\\chromium\\\\chrome-win64\\\\chrome.exe\" userData=\"D:\\\\test\\\\xhs-data\\\\profiles\\\\acc_5\\\\profile\" proxy=\"http://127.0.0.1:6406\" (attempt 1)"
time="2026-01-06T11:21:47+08:00" level=info msg="browser launch args: --disable-background-networking --disable-background-timer-throttling --disable-backgrounding-occluded-windows --disable-breakpad --disable-client-side-phishing-detection --disable-component-extensions-with-background-pages --disable-default-apps --disable-dev-shm-usage --disable-features=site-per-process,TranslateUI --disable-hang-monitor --disable-ipc-flooding-protection --disable-popup-blocking --disable-prompt-on-repost --disable-renderer-backgrounding --disable-site-isolation-trials --disable-sync --enable-automation --enable-features=NetworkService,NetworkServiceInProcess --force-color-profile=srgb --headless --lang=zh-CN --metrics-recording-only --no-default-browser-check --no-first-run --no-sandbox --no-startup-window --proxy-server=http://127.0.0.1:6406 --remote-debugging-port=0 --use-mock-keychain --user-agent=Mozilla/5.0 (Macintosh; Intel Mac OS X 10_15_7) AppleWebKit/537.36 (KHTML, like Gecko) Chrome/126.0.0.187 Safari/537.36 --user-data-dir=D:\\test\\xhs-data\\profiles\\acc_5\\profile"
time="2026-01-06T11:21:47+08:00" level=info msg="browser launch: cleaning locks before launch"
time="2026-01-06T11:21:47+08:00" level=info msg="cleanupUserDataLocks: cleaning dir=D:\\test\\xhs-data\\profiles\\acc_5\\profile"
time="2026-01-06T11:21:47+08:00" level=debug msg="cleanupUserDataLocks: D:\\test\\xhs-data\\profiles\\acc_5\\profile\\SingletonLock does not exist"
time="2026-01-06T11:21:47+08:00" level=debug msg="cleanupUserDataLocks: D:\\test\\xhs-data\\profiles\\acc_5\\profile\\SingletonCookie does not exist"
time="2026-01-06T11:21:47+08:00" level=debug msg="cleanupUserDataLocks: D:\\test\\xhs-data\\profiles\\acc_5\\profile\\SingletonSocket does not exist"
time="2026-01-06T11:21:47+08:00" level=debug msg="cleanupUserDataLocks: D:\\test\\xhs-data\\profiles\\acc_5\\profile\\DevToolsActivePort does not exist"
time="2026-01-06T11:21:47+08:00" level=info msg="cleanupUserDataLocks: cleaned 0 lock files"
time="2026-01-06T11:21:47+08:00" level=info msg="browser launch: lock cleanup completed"
time="2026-01-06T11:21:47+08:00" level=info msg="browser launch: about to call l.Launch()..."
time="2026-01-06T11:21:47+08:00" level=info msg="browser launch: ===== Attempt 1 EXECUTING LAUNCH ====="
DevTools listening on ws://127.0.0.1:6408/devtools/browser/ace231e5-cc53-438c-a2cf-e3d68cf7e1ee
time="2026-01-06T11:21:48+08:00" level=info msg="browser launch: ===== Attempt 1 LAUNCH RETURNED (duration: 264.0648ms) ====="
time="2026-01-06T11:21:48+08:00" level=info msg="browser launch: SUCCESS! control url=ws://127.0.0.1:6408/devtools/browser/ace231e5-cc53-438c-a2cf-e3d68cf7e1ee"
time="2026-01-06T11:21:48+08:00" level=info msg="browser launch: ===== Attempt 1 COMPLETED SUCCESSFULLY ====="
time="2026-01-06T11:21:48+08:00" level=info msg="browser connect: connecting to Chromium"
time="2026-01-06T11:21:48+08:00" level=info msg="browser connect: success"
time="2026-01-06T11:21:48+08:00" level=debug msg="loaded cookies from D:\\test\\xhs-data\\cookies\\acc_5\\cookies.json"
time="2026-01-06T11:21:48+08:00" level=warning msg="apply fingerprint failed: eval js error: TypeError: Cannot read properties of undefined (reading 'apply')\n    at <anonymous>:29:7 <nil>"
time="2026-01-06T11:21:48+08:00" level=info msg="打开 feed 详情页: https://www.xiaohongshu.com/explore/681e0ab4000000000f038fb8?xsec_token=ABzatGdeSc97qpL5ce3suTDcj3ntlVpZZLyR5w-xcln0s=&xsec_source=pc_feed"
time="2026-01-06T11:21:48+08:00" level=info msg="配置: 点击更多=false, 回复阈值=10, 最大评论数=0, 滚动速度=normal"
[GIN] 2026/01/06 - 11:21:53 | 200 |          5m0s |       127.0.0.1 | GET      "/mcp"
[28784:2836:0106/112154.665:ERROR:components\device_event_log\device_event_log_impl.cc:198] [11:21:54.665] USB: usb_service_win.cc:105 SetupDiGetDeviceProperty({{A45C254E-DF1C-4EFD-8020-67D146A850E0}, 6}) failed: 找不到元素。 (0x490)
[GIN] 2026/01/06 - 11:21:57 | 200 |    9.5739876s |       127.0.0.1 | POST     "/mcp"
[GIN] 2026/01/06 - 11:21:57 | 200 |    9.5843623s |       127.0.0.1 | GET      "/mcp"
[GIN] 2026/01/06 - 11:22:43 | 200 |       505.1µs |       127.0.0.1 | POST     "/mcp"
[GIN] 2026/01/06 - 11:22:43 | 202 |       543.6µs |       127.0.0.1 | POST     "/mcp"
[GIN] 2026/01/06 - 11:22:43 | 200 |       511.2µs |       127.0.0.1 | POST     "/mcp"
time="2026-01-06T11:22:43+08:00" level=info msg="MCP: 获取Feed详情"
time="2026-01-06T11:22:43+08:00" level=info msg="MCP: 获取Feed详情 - Feed ID: 67dd007d000000001d01d29e, loadAllComments=false, config={ClickMoreReplies:false MaxRepliesThreshold:10 MaxCommentItems:0 ScrollSpeed:normal}"
time="2026-01-06T11:22:43+08:00" level=info msg="browser launch: using attempt-level timeout control"
time="2026-01-06T11:22:43+08:00" level=info msg="cleanupUserDataLocks: cleaning dir=D:\\test\\xhs-data\\profiles\\acc_5\\profile"
time="2026-01-06T11:22:43+08:00" level=debug msg="cleanupUserDataLocks: D:\\test\\xhs-data\\profiles\\acc_5\\profile\\SingletonLock does not exist"
time="2026-01-06T11:22:43+08:00" level=debug msg="cleanupUserDataLocks: D:\\test\\xhs-data\\profiles\\acc_5\\profile\\SingletonCookie does not exist"
time="2026-01-06T11:22:43+08:00" level=debug msg="cleanupUserDataLocks: D:\\test\\xhs-data\\profiles\\acc_5\\profile\\SingletonSocket does not exist"
time="2026-01-06T11:22:43+08:00" level=info msg="cleanupUserDataLocks: removed D:\\test\\xhs-data\\profiles\\acc_5\\profile\\DevToolsActivePort"
time="2026-01-06T11:22:43+08:00" level=info msg="cleanupUserDataLocks: cleaned 1 lock files"
time="2026-01-06T11:22:43+08:00" level=info msg="browser launch: ===== Attempt 1 START ====="
time="2026-01-06T11:22:43+08:00" level=info msg="browser launch: created independent attempt context with 30s timeout"
time="2026-01-06T11:22:43+08:00" level=info msg="browser launch: created launcher"
time="2026-01-06T11:22:43+08:00" level=info msg="browser launch: headless=true bin=\"D:\\\\test\\\\chromium\\\\chrome-win64\\\\chrome.exe\" userData=\"D:\\\\test\\\\xhs-data\\\\profiles\\\\acc_5\\\\profile\" proxy=\"http://127.0.0.1:10556\" (attempt 1)"
time="2026-01-06T11:22:43+08:00" level=info msg="browser launch args: --disable-background-networking --disable-background-timer-throttling --disable-backgrounding-occluded-windows --disable-breakpad --disable-client-side-phishing-detection --disable-component-extensions-with-background-pages --disable-default-apps --disable-dev-shm-usage --disable-features=site-per-process,TranslateUI --disable-hang-monitor --disable-ipc-flooding-protection --disable-popup-blocking --disable-prompt-on-repost --disable-renderer-backgrounding --disable-site-isolation-trials --disable-sync --enable-automation --enable-features=NetworkService,NetworkServiceInProcess --force-color-profile=srgb --headless --lang=zh-CN --metrics-recording-only --no-default-browser-check --no-first-run --no-sandbox --no-startup-window --proxy-server=http://127.0.0.1:10556 --remote-debugging-port=0 --use-mock-keychain --user-agent=Mozilla/5.0 (Macintosh; Intel Mac OS X 10_15_7) AppleWebKit/537.36 (KHTML, like Gecko) Chrome/126.0.0.187 Safari/537.36 --user-data-dir=D:\\test\\xhs-data\\profiles\\acc_5\\profile"
time="2026-01-06T11:22:43+08:00" level=info msg="browser launch: cleaning locks before launch"
time="2026-01-06T11:22:43+08:00" level=info msg="cleanupUserDataLocks: cleaning dir=D:\\test\\xhs-data\\profiles\\acc_5\\profile"
time="2026-01-06T11:22:43+08:00" level=debug msg="cleanupUserDataLocks: D:\\test\\xhs-data\\profiles\\acc_5\\profile\\SingletonLock does not exist"
time="2026-01-06T11:22:43+08:00" level=debug msg="cleanupUserDataLocks: D:\\test\\xhs-data\\profiles\\acc_5\\profile\\SingletonCookie does not exist"
time="2026-01-06T11:22:43+08:00" level=debug msg="cleanupUserDataLocks: D:\\test\\xhs-data\\profiles\\acc_5\\profile\\SingletonSocket does not exist"
time="2026-01-06T11:22:43+08:00" level=debug msg="cleanupUserDataLocks: D:\\test\\xhs-data\\profiles\\acc_5\\profile\\DevToolsActivePort does not exist"
time="2026-01-06T11:22:43+08:00" level=info msg="cleanupUserDataLocks: cleaned 0 lock files"
time="2026-01-06T11:22:43+08:00" level=info msg="browser launch: lock cleanup completed"
time="2026-01-06T11:22:43+08:00" level=info msg="browser launch: about to call l.Launch()..."
time="2026-01-06T11:22:43+08:00" level=info msg="browser launch: ===== Attempt 1 EXECUTING LAUNCH ====="
DevTools listening on ws://127.0.0.1:10559/devtools/browser/bde02598-56ec-4999-a9f4-03d40eec9618
time="2026-01-06T11:22:43+08:00" level=info msg="browser launch: ===== Attempt 1 LAUNCH RETURNED (duration: 282.3328ms) ====="
time="2026-01-06T11:22:43+08:00" level=info msg="browser launch: SUCCESS! control url=ws://127.0.0.1:10559/devtools/browser/bde02598-56ec-4999-a9f4-03d40eec9618"
time="2026-01-06T11:22:43+08:00" level=info msg="browser launch: ===== Attempt 1 COMPLETED SUCCESSFULLY ====="
time="2026-01-06T11:22:43+08:00" level=info msg="browser connect: connecting to Chromium"
time="2026-01-06T11:22:43+08:00" level=info msg="browser connect: success"
time="2026-01-06T11:22:43+08:00" level=debug msg="loaded cookies from D:\\test\\xhs-data\\cookies\\acc_5\\cookies.json"
time="2026-01-06T11:22:43+08:00" level=warning msg="apply fingerprint failed: eval js error: TypeError: Cannot read properties of undefined (reading 'apply')\n    at <anonymous>:29:7 <nil>"
time="2026-01-06T11:22:43+08:00" level=info msg="打开 feed 详情页: https://www.xiaohongshu.com/explore/67dd007d000000001d01d29e?xsec_token=ABlBH39izo6HNUuz28x2ZN2x6_aftsS0neNGL84q1vLK4=&xsec_source=pc_feed"
time="2026-01-06T11:22:43+08:00" level=info msg="配置: 点击更多=false, 回复阈值=10, 最大评论数=0, 滚动速度=normal"
[22256:28340:0106/112248.230:ERROR:components\device_event_log\device_event_log_impl.cc:198] [11:22:48.230] USB: usb_service_win.cc:105 SetupDiGetDeviceProperty({{A45C254E-DF1C-4EFD-8020-67D146A850E0}, 6}) failed: 找不到元素。 (0x490)
[GIN] 2026/01/06 - 11:22:52 | 200 |    9.5974279s |       127.0.0.1 | POST     "/mcp"
[GIN] 2026/01/06 - 11:22:52 | 200 |     9.606305s |       127.0.0.1 | GET      "/mcp"
[GIN] 2026/01/06 - 11:23:09 | 200 |          5m0s |       127.0.0.1 | GET      "/mcp"
[GIN] 2026/01/06 - 11:23:33 | 200 |            0s |       127.0.0.1 | POST     "/mcp"
[GIN] 2026/01/06 - 11:23:33 | 202 |       536.1µs |       127.0.0.1 | POST     "/mcp"
[GIN] 2026/01/06 - 11:23:33 | 200 |       520.1µs |       127.0.0.1 | POST     "/mcp"
time="2026-01-06T11:23:33+08:00" level=info msg="MCP: 获取Feed详情"
time="2026-01-06T11:23:33+08:00" level=info msg="MCP: 获取Feed详情 - Feed ID: 6806f3d0000000001c02f3e1, loadAllComments=false, config={ClickMoreReplies:false MaxRepliesThreshold:10 MaxCommentItems:0 ScrollSpeed:normal}"
time="2026-01-06T11:23:33+08:00" level=info msg="browser launch: using attempt-level timeout control"
time="2026-01-06T11:23:33+08:00" level=info msg="cleanupUserDataLocks: cleaning dir=D:\\test\\xhs-data\\profiles\\acc_5\\profile"
time="2026-01-06T11:23:33+08:00" level=debug msg="cleanupUserDataLocks: D:\\test\\xhs-data\\profiles\\acc_5\\profile\\SingletonLock does not exist"
time="2026-01-06T11:23:33+08:00" level=debug msg="cleanupUserDataLocks: D:\\test\\xhs-data\\profiles\\acc_5\\profile\\SingletonCookie does not exist"
time="2026-01-06T11:23:33+08:00" level=debug msg="cleanupUserDataLocks: D:\\test\\xhs-data\\profiles\\acc_5\\profile\\SingletonSocket does not exist"
time="2026-01-06T11:23:33+08:00" level=info msg="cleanupUserDataLocks: removed D:\\test\\xhs-data\\profiles\\acc_5\\profile\\DevToolsActivePort"
time="2026-01-06T11:23:33+08:00" level=info msg="cleanupUserDataLocks: cleaned 1 lock files"
time="2026-01-06T11:23:33+08:00" level=info msg="browser launch: ===== Attempt 1 START ====="
time="2026-01-06T11:23:33+08:00" level=info msg="browser launch: created independent attempt context with 30s timeout"
time="2026-01-06T11:23:33+08:00" level=info msg="browser launch: created launcher"
time="2026-01-06T11:23:33+08:00" level=info msg="browser launch: headless=true bin=\"D:\\\\test\\\\chromium\\\\chrome-win64\\\\chrome.exe\" userData=\"D:\\\\test\\\\xhs-data\\\\profiles\\\\acc_5\\\\profile\" proxy=\"http://127.0.0.1:14513\" (attempt 1)"
time="2026-01-06T11:23:33+08:00" level=info msg="browser launch args: --disable-background-networking --disable-background-timer-throttling --disable-backgrounding-occluded-windows --disable-breakpad --disable-client-side-phishing-detection --disable-component-extensions-with-background-pages --disable-default-apps --disable-dev-shm-usage --disable-features=site-per-process,TranslateUI --disable-hang-monitor --disable-ipc-flooding-protection --disable-popup-blocking --disable-prompt-on-repost --disable-renderer-backgrounding --disable-site-isolation-trials --disable-sync --enable-automation --enable-features=NetworkService,NetworkServiceInProcess --force-color-profile=srgb --headless --lang=zh-CN --metrics-recording-only --no-default-browser-check --no-first-run --no-sandbox --no-startup-window --proxy-server=http://127.0.0.1:14513 --remote-debugging-port=0 --use-mock-keychain --user-agent=Mozilla/5.0 (Macintosh; Intel Mac OS X 10_15_7) AppleWebKit/537.36 (KHTML, like Gecko) Chrome/126.0.0.187 Safari/537.36 --user-data-dir=D:\\test\\xhs-data\\profiles\\acc_5\\profile"
time="2026-01-06T11:23:33+08:00" level=info msg="browser launch: cleaning locks before launch"
time="2026-01-06T11:23:33+08:00" level=info msg="cleanupUserDataLocks: cleaning dir=D:\\test\\xhs-data\\profiles\\acc_5\\profile"
time="2026-01-06T11:23:33+08:00" level=debug msg="cleanupUserDataLocks: D:\\test\\xhs-data\\profiles\\acc_5\\profile\\SingletonLock does not exist"
time="2026-01-06T11:23:33+08:00" level=debug msg="cleanupUserDataLocks: D:\\test\\xhs-data\\profiles\\acc_5\\profile\\SingletonCookie does not exist"
time="2026-01-06T11:23:33+08:00" level=debug msg="cleanupUserDataLocks: D:\\test\\xhs-data\\profiles\\acc_5\\profile\\SingletonSocket does not exist"
time="2026-01-06T11:23:33+08:00" level=debug msg="cleanupUserDataLocks: D:\\test\\xhs-data\\profiles\\acc_5\\profile\\DevToolsActivePort does not exist"
time="2026-01-06T11:23:33+08:00" level=info msg="cleanupUserDataLocks: cleaned 0 lock files"
time="2026-01-06T11:23:33+08:00" level=info msg="browser launch: lock cleanup completed"
time="2026-01-06T11:23:33+08:00" level=info msg="browser launch: about to call l.Launch()..."
time="2026-01-06T11:23:33+08:00" level=info msg="browser launch: ===== Attempt 1 EXECUTING LAUNCH ====="
DevTools listening on ws://127.0.0.1:14515/devtools/browser/7bbc9e4c-a7fe-4f23-aac0-b1e7c594f289
time="2026-01-06T11:23:34+08:00" level=info msg="browser launch: ===== Attempt 1 LAUNCH RETURNED (duration: 283.2079ms) ====="
time="2026-01-06T11:23:34+08:00" level=info msg="browser launch: SUCCESS! control url=ws://127.0.0.1:14515/devtools/browser/7bbc9e4c-a7fe-4f23-aac0-b1e7c594f289"
time="2026-01-06T11:23:34+08:00" level=info msg="browser launch: ===== Attempt 1 COMPLETED SUCCESSFULLY ====="
time="2026-01-06T11:23:34+08:00" level=info msg="browser connect: connecting to Chromium"
time="2026-01-06T11:23:34+08:00" level=info msg="browser connect: success"
time="2026-01-06T11:23:34+08:00" level=debug msg="loaded cookies from D:\\test\\xhs-data\\cookies\\acc_5\\cookies.json"
time="2026-01-06T11:23:34+08:00" level=warning msg="apply fingerprint failed: eval js error: TypeError: Cannot read properties of undefined (reading 'apply')\n    at <anonymous>:29:7 <nil>"
time="2026-01-06T11:23:34+08:00" level=info msg="打开 feed 详情页: https://www.xiaohongshu.com/explore/6806f3d0000000001c02f3e1?xsec_token=AB7_NqX4GeR3f0G7XXhAahvKeeDgJshVhpGO6WiRsJLJs=&xsec_source=pc_feed"
time="2026-01-06T11:23:34+08:00" level=info msg="配置: 点击更多=false, 回复阈值=10, 最大评论数=0, 滚动速度=normal"
[GIN] 2026/01/06 - 11:23:36 | 200 |          5m0s |       127.0.0.1 | GET      "/mcp"
[29880:30488:0106/112339.217:ERROR:components\device_event_log\device_event_log_impl.cc:198] [11:23:39.218] USB: usb_service_win.cc:105 SetupDiGetDeviceProperty({{A45C254E-DF1C-4EFD-8020-67D146A850E0}, 6}) failed: 找不到元素。 (0x490)
time="2026-01-06T11:23:54+08:00" level=error msg="Tool handler panicked" panic="navigation failed: net::ERR_EMPTY_RESPONSE" tool=get_feed_detail
time="2026-01-06T11:23:54+08:00" level=error msg="Stack trace:\ngoroutine 3938 [running]:\nruntime/debug.Stack()\n\tD:/software/go/src/runtime/debug/stack.go:26 +0x5e\nmain.registerTools.withPanicRecovery[...].func28.1()\n\tD:/xhs-mcp/backend/mcp_server.go:187 +0x1c5\npanic({0x7ff7a5d9cfc0?, 0xc00135b3d0?})\n\tD:/software/go/src/runtime/panic.go:783 +0x132\ngithub.com/go-rod/rod/lib/utils.init.func2({0x7ff7a5d9cfc0?, 0xc00135b3d0?})\n\tC:/Users/Administrator/go/pkg/mod/github.com/go-rod/rod@v0.116.2/lib/utils/utils.go:68 +0x1d\ngithub.com/xpzouying/xiaohongshu-mcp/browser.New.New.(*Browser).WithPanic.genE.func5({0xc00135b3e0?, 0xc000e982d0?, 0x8a?})\n\tC:/Users/Administrator/go/pkg/mod/github.com/go-rod/rod@v0.116.2/must.go:36 +0x5c\ngithub.com/go-rod/rod.(*Page).MustNavigate(0xc0001a1760, {0xc000e982d0?, 0x7ff7a5777511?})\n\tC:/Users/Administrator/go/pkg/mod/github.com/go-rod/rod@v0.116.2/must.go:232 +0x89\ngithub.com/xpzouying/xiaohongshu-mcp/xiaohongshu.(*FeedDetailAction).GetFeedDetailWithConfig.func1()\n\tD:/xhs-mcp/backend/xiaohongshu/feed_detail.go:90 +0x25\ngithub.com/avast/retry-go/v4.Do.func1()\n\tC:/Users/Administrator/go/pkg/mod/github.com/avast/retry-go/v4@v4.7.0/retry.go:116 +0x13\ngithub.com/avast/retry-go/v4.DoWithData[...](0xc000867390?, {0xc000867528, 0x4, 0x10})\n\tC:/Users/Administrator/go/pkg/mod/github.com/avast/retry-go/v4@v4.7.0/retry.go:180 +0x63d\ngithub.com/avast/retry-go/v4.Do(0x7ff7a6573de0?, {0xc000867528?, 0x7ff7a5eee9d4?, 0x4d?})\n\tC:/Users/Administrator/go/pkg/mod/github.com/avast/retry-go/v4@v4.7.0/retry.go:119 +0x3e\ngithub.com/xpzouying/xiaohongshu-mcp/xiaohongshu.(*FeedDetailAction).GetFeedDetailWithConfig(0xc000867628, {0x7ff7a610df38?, 0xc0011faf90?}, {0xc0005281e0, 0x18}, {0xc000458120, 0x2e}, 0x0, {0x0, 0xa, ...})\n\tD:/xhs-mcp/backend/xiaohongshu/feed_detail.go:88 +0x348\nmain.(*XiaohongshuService).GetFeedDetailWithConfig(0x3?, {0x7ff7a610df38, 0xc0011faf90}, {0xc0005281e0, 0x18}, {0xc000458120, 0x2e}, 0x0, {0x0, 0xa, ...})\n\tD:/xhs-mcp/backend/service.go:793 +0x15b\nmain.(*AppServer).handleGetFeedDetail(0xc0006958f0, {0x7ff7a610df38, 0xc0011faf90}, 0xc000867988)\n\tD:/xhs-mcp/backend/mcp_handlers.go:612 +0x94e\nmain.registerTools.func10({0x7ff7a610df38?, 0xc0011fac90?}, 0x16?, {0x5, {0xc0005281e0, 0x18}, {0xc000458120, 0x2e}, 0x0, 0x0, ...})\n\tD:/xhs-mcp/backend/mcp_server.go:395 +0x4b9\nmain.registerTools.withPanicRecovery[...].func28(0xc0003277b8?, {0x5, {0xc0005281e0, 0x18}, {0xc000458120, 0x2e}, 0x0, 0x0, 0x0, 0x0, ...})\n\tD:/xhs-mcp/backend/mcp_server.go:202 +0x139\ngithub.com/modelcontextprotocol/go-sdk/mcp.toolForErr[...].func1(0xc000076330)\n\tC:/Users/Administrator/go/pkg/mod/github.com/modelcontextprotocol/go-sdk@v0.7.0/mcp/server.go:259 +0x28e\ngithub.com/modelcontextprotocol/go-sdk/mcp.(*Server).callTool(0xc000165500, {0x7ff7a610df38, 0xc0011fac90}, 0xc000076330)\n\tC:/Users/Administrator/go/pkg/mod/github.com/modelcontextprotocol/go-sdk@v0.7.0/mcp/server.go:527 +0xf9\ngithub.com/modelcontextprotocol/go-sdk/mcp.init.serverMethod[...].func19(0xa?)\n\tC:/Users/Administrator/go/pkg/mod/github.com/modelcontextprotocol/go-sdk@v0.7.0/mcp/shared.go:305 +0x34\ngithub.com/modelcontextprotocol/go-sdk/mcp.newServerMethodInfo[...].func2({0xc000c7e320?, 0xa?}, {0x7ff7a610e5a0?, 0xc000076330?})\n\tC:/Users/Administrator/go/pkg/mod/github.com/modelcontextprotocol/go-sdk@v0.7.0/mcp/shared.go:261 +0x42\ngithub.com/modelcontextprotocol/go-sdk/mcp.defaultReceivingMethodHandler[...]({0x7ff7a610df38?, 0xc0011fac90}, {0xc000c7e320, 0xa}, {0x7ff7a610e5a0, 0xc000076330})\n\tC:/Users/Administrator/go/pkg/mod/github.com/modelcontextprotocol/go-sdk@v0.7.0/mcp/shared.go:141 +0x103\ngithub.com/modelcontextprotocol/go-sdk/mcp.handleReceive[...]({0x7ff7a610df38, 0xc0011fac90}, 0xc000b7c3c0, 0xc000467c20)\n\tC:/Users/Administrator/go/pkg/mod/github.com/modelcontextprotocol/go-sdk@v0.7.0/mcp/shared.go:158 +0x228\ngithub.com/modelcontextprotocol/go-sdk/mcp.(*ServerSession).handle(0xc000b7c3c0, {0x7ff7a610df38, 0xc0011fab10}, 0xc000467c20)\n\tC:/Users/Administrator/go/pkg/mod/github.com/modelcontextprotocol/go-sdk@v0.7.0/mcp/server.go:1070 +0x205\ngithub.com/modelcontextprotocol/go-sdk/internal/jsonrpc2.HandlerFunc.Handle(0xc00044cd01?, {0x7ff7a610df38?, 0xc0011fab10?}, 0x7ff7a6112bf8?)\n\tC:/Users/Administrator/go/pkg/mod/github.com/modelcontextprotocol/go-sdk@v0.7.0/internal/jsonrpc2/jsonrpc2.go:84 +0x29\ngithub.com/modelcontextprotocol/go-sdk/internal/jsonrpc2.(*Connection).handleAsync.func3()\n\tC:/Users/Administrator/go/pkg/mod/github.com/modelcontextprotocol/go-sdk@v0.7.0/internal/jsonrpc2/conn.go:696 +0x76\ncreated by github.com/modelcontextprotocol/go-sdk/internal/jsonrpc2.(*Connection).handleAsync in goroutine 3889\n\tC:/Users/Administrator/go/pkg/mod/github.com/modelcontextprotocol/go-sdk@v0.7.0/internal/jsonrpc2/conn.go:694 +0x205\n"
[GIN] 2026/01/06 - 11:23:54 | 200 |   20.7593299s |       127.0.0.1 | POST     "/mcp"
[GIN] 2026/01/06 - 11:23:54 | 200 |   20.7675803s |       127.0.0.1 | GET      "/mcp"
[GIN] 2026/01/06 - 11:24:25 | 200 |            0s |       127.0.0.1 | POST     "/mcp"
[GIN] 2026/01/06 - 11:24:25 | 202 |            0s |       127.0.0.1 | POST     "/mcp"
[GIN] 2026/01/06 - 11:24:25 | 200 |            0s |       127.0.0.1 | POST     "/mcp"
time="2026-01-06T11:24:25+08:00" level=info msg="MCP: 获取Feed详情"
time="2026-01-06T11:24:25+08:00" level=info msg="MCP: 获取Feed详情 - Feed ID: 66ab5cc1000000002701fc19, loadAllComments=false, config={ClickMoreReplies:false MaxRepliesThreshold:10 MaxCommentItems:0 ScrollSpeed:normal}"
time="2026-01-06T11:24:25+08:00" level=info msg="browser launch: using attempt-level timeout control"
time="2026-01-06T11:24:25+08:00" level=info msg="cleanupUserDataLocks: cleaning dir=D:\\test\\xhs-data\\profiles\\acc_5\\profile"
time="2026-01-06T11:24:25+08:00" level=debug msg="cleanupUserDataLocks: D:\\test\\xhs-data\\profiles\\acc_5\\profile\\SingletonLock does not exist"
time="2026-01-06T11:24:25+08:00" level=debug msg="cleanupUserDataLocks: D:\\test\\xhs-data\\profiles\\acc_5\\profile\\SingletonCookie does not exist"
time="2026-01-06T11:24:25+08:00" level=debug msg="cleanupUserDataLocks: D:\\test\\xhs-data\\profiles\\acc_5\\profile\\SingletonSocket does not exist"
time="2026-01-06T11:24:25+08:00" level=info msg="cleanupUserDataLocks: removed D:\\test\\xhs-data\\profiles\\acc_5\\profile\\DevToolsActivePort"
time="2026-01-06T11:24:25+08:00" level=info msg="cleanupUserDataLocks: cleaned 1 lock files"
time="2026-01-06T11:24:25+08:00" level=info msg="browser launch: ===== Attempt 1 START ====="
time="2026-01-06T11:24:25+08:00" level=info msg="browser launch: created independent attempt context with 30s timeout"
time="2026-01-06T11:24:25+08:00" level=info msg="browser launch: created launcher"
time="2026-01-06T11:24:25+08:00" level=info msg="browser launch: headless=true bin=\"D:\\\\test\\\\chromium\\\\chrome-win64\\\\chrome.exe\" userData=\"D:\\\\test\\\\xhs-data\\\\profiles\\\\acc_5\\\\profile\" proxy=\"http://127.0.0.1:6800\" (attempt 1)"
time="2026-01-06T11:24:25+08:00" level=info msg="browser launch args: --disable-background-networking --disable-background-timer-throttling --disable-backgrounding-occluded-windows --disable-breakpad --disable-client-side-phishing-detection --disable-component-extensions-with-background-pages --disable-default-apps --disable-dev-shm-usage --disable-features=site-per-process,TranslateUI --disable-hang-monitor --disable-ipc-flooding-protection --disable-popup-blocking --disable-prompt-on-repost --disable-renderer-backgrounding --disable-site-isolation-trials --disable-sync --enable-automation --enable-features=NetworkService,NetworkServiceInProcess --force-color-profile=srgb --headless --lang=zh-CN --metrics-recording-only --no-default-browser-check --no-first-run --no-sandbox --no-startup-window --proxy-server=http://127.0.0.1:6800 --remote-debugging-port=0 --use-mock-keychain --user-agent=Mozilla/5.0 (Macintosh; Intel Mac OS X 10_15_7) AppleWebKit/537.36 (KHTML, like Gecko) Chrome/126.0.0.187 Safari/537.36 --user-data-dir=D:\\test\\xhs-data\\profiles\\acc_5\\profile"
time="2026-01-06T11:24:25+08:00" level=info msg="browser launch: cleaning locks before launch"
time="2026-01-06T11:24:25+08:00" level=info msg="cleanupUserDataLocks: cleaning dir=D:\\test\\xhs-data\\profiles\\acc_5\\profile"
time="2026-01-06T11:24:25+08:00" level=debug msg="cleanupUserDataLocks: D:\\test\\xhs-data\\profiles\\acc_5\\profile\\SingletonLock does not exist"
time="2026-01-06T11:24:25+08:00" level=debug msg="cleanupUserDataLocks: D:\\test\\xhs-data\\profiles\\acc_5\\profile\\SingletonCookie does not exist"
time="2026-01-06T11:24:25+08:00" level=debug msg="cleanupUserDataLocks: D:\\test\\xhs-data\\profiles\\acc_5\\profile\\SingletonSocket does not exist"
time="2026-01-06T11:24:25+08:00" level=debug msg="cleanupUserDataLocks: D:\\test\\xhs-data\\profiles\\acc_5\\profile\\DevToolsActivePort does not exist"
time="2026-01-06T11:24:25+08:00" level=info msg="cleanupUserDataLocks: cleaned 0 lock files"
time="2026-01-06T11:24:25+08:00" level=info msg="browser launch: lock cleanup completed"
time="2026-01-06T11:24:25+08:00" level=info msg="browser launch: about to call l.Launch()..."
time="2026-01-06T11:24:25+08:00" level=info msg="browser launch: ===== Attempt 1 EXECUTING LAUNCH ====="
DevTools listening on ws://127.0.0.1:6813/devtools/browser/1f75efc6-8cee-4fb0-9df2-73dd3f583f42
time="2026-01-06T11:24:26+08:00" level=info msg="browser launch: ===== Attempt 1 LAUNCH RETURNED (duration: 264.3278ms) ====="
time="2026-01-06T11:24:26+08:00" level=info msg="browser launch: SUCCESS! control url=ws://127.0.0.1:6813/devtools/browser/1f75efc6-8cee-4fb0-9df2-73dd3f583f42"
time="2026-01-06T11:24:26+08:00" level=info msg="browser launch: ===== Attempt 1 COMPLETED SUCCESSFULLY ====="
time="2026-01-06T11:24:26+08:00" level=info msg="browser connect: connecting to Chromium"
time="2026-01-06T11:24:26+08:00" level=info msg="browser connect: success"
time="2026-01-06T11:24:26+08:00" level=debug msg="loaded cookies from D:\\test\\xhs-data\\cookies\\acc_5\\cookies.json"
time="2026-01-06T11:24:26+08:00" level=warning msg="apply fingerprint failed: eval js error: TypeError: Cannot read properties of undefined (reading 'apply')\n    at <anonymous>:29:7 <nil>"
time="2026-01-06T11:24:26+08:00" level=info msg="打开 feed 详情页: https://www.xiaohongshu.com/explore/66ab5cc1000000002701fc19?xsec_token=AB3-bsh1uP3duGGxtxIDsGs4uAvh6L2Fil122gRi7Iqvg=&xsec_source=pc_feed"
time="2026-01-06T11:24:26+08:00" level=info msg="配置: 点击更多=false, 回复阈值=10, 最大评论数=0, 滚动速度=normal"
[GIN] 2026/01/06 - 11:24:36 | 200 |   10.7105379s |       127.0.0.1 | POST     "/mcp"
[GIN] 2026/01/06 - 11:24:36 | 200 |   10.7192015s |       127.0.0.1 | GET      "/mcp"
[GIN] 2026/01/06 - 11:25:06 | 200 |            0s |       127.0.0.1 | POST     "/mcp"
[GIN] 2026/01/06 - 11:25:06 | 202 |            0s |       127.0.0.1 | POST     "/mcp"
[GIN] 2026/01/06 - 11:25:06 | 200 |         520µs |       127.0.0.1 | POST     "/mcp"
time="2026-01-06T11:25:06+08:00" level=info msg="MCP: 获取Feed详情"
time="2026-01-06T11:25:06+08:00" level=info msg="MCP: 获取Feed详情 - Feed ID: 66ab5cc1000000002701fc19, loadAllComments=false, config={ClickMoreReplies:false MaxRepliesThreshold:10 MaxCommentItems:0 ScrollSpeed:normal}"
time="2026-01-06T11:25:06+08:00" level=info msg="browser launch: using attempt-level timeout control"
time="2026-01-06T11:25:06+08:00" level=info msg="cleanupUserDataLocks: cleaning dir=D:\\test\\xhs-data\\profiles\\acc_5\\profile"
time="2026-01-06T11:25:06+08:00" level=debug msg="cleanupUserDataLocks: D:\\test\\xhs-data\\profiles\\acc_5\\profile\\SingletonLock does not exist"
time="2026-01-06T11:25:06+08:00" level=debug msg="cleanupUserDataLocks: D:\\test\\xhs-data\\profiles\\acc_5\\profile\\SingletonCookie does not exist"
time="2026-01-06T11:25:06+08:00" level=debug msg="cleanupUserDataLocks: D:\\test\\xhs-data\\profiles\\acc_5\\profile\\SingletonSocket does not exist"
time="2026-01-06T11:25:06+08:00" level=info msg="cleanupUserDataLocks: removed D:\\test\\xhs-data\\profiles\\acc_5\\profile\\DevToolsActivePort"
time="2026-01-06T11:25:06+08:00" level=info msg="cleanupUserDataLocks: cleaned 1 lock files"
time="2026-01-06T11:25:06+08:00" level=info msg="browser launch: ===== Attempt 1 START ====="
time="2026-01-06T11:25:06+08:00" level=info msg="browser launch: created independent attempt context with 30s timeout"
time="2026-01-06T11:25:06+08:00" level=info msg="browser launch: created launcher"
time="2026-01-06T11:25:06+08:00" level=info msg="browser launch: headless=true bin=\"D:\\\\test\\\\chromium\\\\chrome-win64\\\\chrome.exe\" userData=\"D:\\\\test\\\\xhs-data\\\\profiles\\\\acc_5\\\\profile\" proxy=\"http://127.0.0.1:7239\" (attempt 1)"
time="2026-01-06T11:25:06+08:00" level=info msg="browser launch args: --disable-background-networking --disable-background-timer-throttling --disable-backgrounding-occluded-windows --disable-breakpad --disable-client-side-phishing-detection --disable-component-extensions-with-background-pages --disable-default-apps --disable-dev-shm-usage --disable-features=site-per-process,TranslateUI --disable-hang-monitor --disable-ipc-flooding-protection --disable-popup-blocking --disable-prompt-on-repost --disable-renderer-backgrounding --disable-site-isolation-trials --disable-sync --enable-automation --enable-features=NetworkService,NetworkServiceInProcess --force-color-profile=srgb --headless --lang=zh-CN --metrics-recording-only --no-default-browser-check --no-first-run --no-sandbox --no-startup-window --proxy-server=http://127.0.0.1:7239 --remote-debugging-port=0 --use-mock-keychain --user-agent=Mozilla/5.0 (Macintosh; Intel Mac OS X 10_15_7) AppleWebKit/537.36 (KHTML, like Gecko) Chrome/126.0.0.187 Safari/537.36 --user-data-dir=D:\\test\\xhs-data\\profiles\\acc_5\\profile"
time="2026-01-06T11:25:06+08:00" level=info msg="browser launch: cleaning locks before launch"
time="2026-01-06T11:25:06+08:00" level=info msg="cleanupUserDataLocks: cleaning dir=D:\\test\\xhs-data\\profiles\\acc_5\\profile"
time="2026-01-06T11:25:06+08:00" level=debug msg="cleanupUserDataLocks: D:\\test\\xhs-data\\profiles\\acc_5\\profile\\SingletonLock does not exist"
time="2026-01-06T11:25:06+08:00" level=debug msg="cleanupUserDataLocks: D:\\test\\xhs-data\\profiles\\acc_5\\profile\\SingletonCookie does not exist"
time="2026-01-06T11:25:06+08:00" level=debug msg="cleanupUserDataLocks: D:\\test\\xhs-data\\profiles\\acc_5\\profile\\SingletonSocket does not exist"
time="2026-01-06T11:25:06+08:00" level=debug msg="cleanupUserDataLocks: D:\\test\\xhs-data\\profiles\\acc_5\\profile\\DevToolsActivePort does not exist"
time="2026-01-06T11:25:06+08:00" level=info msg="cleanupUserDataLocks: cleaned 0 lock files"
time="2026-01-06T11:25:06+08:00" level=info msg="browser launch: lock cleanup completed"
time="2026-01-06T11:25:06+08:00" level=info msg="browser launch: about to call l.Launch()..."
time="2026-01-06T11:25:06+08:00" level=info msg="browser launch: ===== Attempt 1 EXECUTING LAUNCH ====="
DevTools listening on ws://127.0.0.1:7245/devtools/browser/839ac0ac-003f-4183-8dd2-10e4cfde9fa3
time="2026-01-06T11:25:06+08:00" level=info msg="browser launch: ===== Attempt 1 LAUNCH RETURNED (duration: 318.6083ms) ====="
time="2026-01-06T11:25:06+08:00" level=info msg="browser launch: SUCCESS! control url=ws://127.0.0.1:7245/devtools/browser/839ac0ac-003f-4183-8dd2-10e4cfde9fa3"
time="2026-01-06T11:25:06+08:00" level=info msg="browser launch: ===== Attempt 1 COMPLETED SUCCESSFULLY ====="
time="2026-01-06T11:25:06+08:00" level=info msg="browser connect: connecting to Chromium"
time="2026-01-06T11:25:06+08:00" level=info msg="browser connect: success"
time="2026-01-06T11:25:07+08:00" level=debug msg="loaded cookies from D:\\test\\xhs-data\\cookies\\acc_5\\cookies.json"
time="2026-01-06T11:25:07+08:00" level=warning msg="apply fingerprint failed: eval js error: TypeError: Cannot read properties of undefined (reading 'apply')\n    at <anonymous>:29:7 <nil>"
time="2026-01-06T11:25:07+08:00" level=info msg="打开 feed 详情页: https://www.xiaohongshu.com/explore/66ab5cc1000000002701fc19?xsec_token=AB3-bsh1uP3duGGxtxIDsGs4uAvh6L2Fil122gRi7Iqvg=&xsec_source=pc_feed"
time="2026-01-06T11:25:07+08:00" level=info msg="配置: 点击更多=false, 回复阈值=10, 最大评论数=0, 滚动速度=normal"
[28668:10132:0106/112513.746:ERROR:components\device_event_log\device_event_log_impl.cc:198] [11:25:13.746] USB: usb_service_win.cc:105 SetupDiGetDeviceProperty({{A45C254E-DF1C-4EFD-8020-67D146A850E0}, 6}) failed: 找不到元素。 (0x490)
[GIN] 2026/01/06 - 11:25:17 | 200 |          5m0s |       127.0.0.1 | GET      "/mcp"
[GIN] 2026/01/06 - 11:25:18 | 200 |   11.5998486s |       127.0.0.1 | POST     "/mcp"
[GIN] 2026/01/06 - 11:25:18 | 200 |   11.6122031s |       127.0.0.1 | GET      "/mcp"
[GIN] 2026/01/06 - 11:26:06 | 200 |          5m0s |       127.0.0.1 | GET      "/mcp"
[GIN] 2026/01/06 - 11:26:10 | 200 |       522.4µs |       127.0.0.1 | POST     "/mcp"
[GIN] 2026/01/06 - 11:26:10 | 202 |            0s |       127.0.0.1 | POST     "/mcp"
[GIN] 2026/01/06 - 11:26:10 | 200 |       561.4µs |       127.0.0.1 | POST     "/mcp"
time="2026-01-06T11:26:10+08:00" level=info msg="MCP: 获取Feed详情"
time="2026-01-06T11:26:10+08:00" level=info msg="MCP: 获取Feed详情 - Feed ID: 6935443f000000001d03f715, loadAllComments=false, config={ClickMoreReplies:false MaxRepliesThreshold:10 MaxCommentItems:0 ScrollSpeed:normal}"
time="2026-01-06T11:26:10+08:00" level=info msg="browser launch: using attempt-level timeout control"
time="2026-01-06T11:26:10+08:00" level=info msg="cleanupUserDataLocks: cleaning dir=D:\\test\\xhs-data\\profiles\\acc_5\\profile"
time="2026-01-06T11:26:10+08:00" level=debug msg="cleanupUserDataLocks: D:\\test\\xhs-data\\profiles\\acc_5\\profile\\SingletonLock does not exist"
time="2026-01-06T11:26:10+08:00" level=debug msg="cleanupUserDataLocks: D:\\test\\xhs-data\\profiles\\acc_5\\profile\\SingletonCookie does not exist"
time="2026-01-06T11:26:10+08:00" level=debug msg="cleanupUserDataLocks: D:\\test\\xhs-data\\profiles\\acc_5\\profile\\SingletonSocket does not exist"
time="2026-01-06T11:26:10+08:00" level=info msg="cleanupUserDataLocks: removed D:\\test\\xhs-data\\profiles\\acc_5\\profile\\DevToolsActivePort"
time="2026-01-06T11:26:10+08:00" level=info msg="cleanupUserDataLocks: cleaned 1 lock files"
time="2026-01-06T11:26:10+08:00" level=info msg="browser launch: ===== Attempt 1 START ====="
time="2026-01-06T11:26:10+08:00" level=info msg="browser launch: created independent attempt context with 30s timeout"
time="2026-01-06T11:26:10+08:00" level=info msg="browser launch: created launcher"
time="2026-01-06T11:26:10+08:00" level=info msg="browser launch: headless=true bin=\"D:\\\\test\\\\chromium\\\\chrome-win64\\\\chrome.exe\" userData=\"D:\\\\test\\\\xhs-data\\\\profiles\\\\acc_5\\\\profile\" proxy=\"http://127.0.0.1:2185\" (attempt 1)"
time="2026-01-06T11:26:10+08:00" level=info msg="browser launch args: --disable-background-networking --disable-background-timer-throttling --disable-backgrounding-occluded-windows --disable-breakpad --disable-client-side-phishing-detection --disable-component-extensions-with-background-pages --disable-default-apps --disable-dev-shm-usage --disable-features=site-per-process,TranslateUI --disable-hang-monitor --disable-ipc-flooding-protection --disable-popup-blocking --disable-prompt-on-repost --disable-renderer-backgrounding --disable-site-isolation-trials --disable-sync --enable-automation --enable-features=NetworkService,NetworkServiceInProcess --force-color-profile=srgb --headless --lang=zh-CN --metrics-recording-only --no-default-browser-check --no-first-run --no-sandbox --no-startup-window --proxy-server=http://127.0.0.1:2185 --remote-debugging-port=0 --use-mock-keychain --user-agent=Mozilla/5.0 (Macintosh; Intel Mac OS X 10_15_7) AppleWebKit/537.36 (KHTML, like Gecko) Chrome/126.0.0.187 Safari/537.36 --user-data-dir=D:\\test\\xhs-data\\profiles\\acc_5\\profile"
time="2026-01-06T11:26:10+08:00" level=info msg="browser launch: cleaning locks before launch"
time="2026-01-06T11:26:10+08:00" level=info msg="cleanupUserDataLocks: cleaning dir=D:\\test\\xhs-data\\profiles\\acc_5\\profile"
time="2026-01-06T11:26:10+08:00" level=debug msg="cleanupUserDataLocks: D:\\test\\xhs-data\\profiles\\acc_5\\profile\\SingletonLock does not exist"
time="2026-01-06T11:26:10+08:00" level=debug msg="cleanupUserDataLocks: D:\\test\\xhs-data\\profiles\\acc_5\\profile\\SingletonCookie does not exist"
time="2026-01-06T11:26:10+08:00" level=debug msg="cleanupUserDataLocks: D:\\test\\xhs-data\\profiles\\acc_5\\profile\\SingletonSocket does not exist"
time="2026-01-06T11:26:10+08:00" level=debug msg="cleanupUserDataLocks: D:\\test\\xhs-data\\profiles\\acc_5\\profile\\DevToolsActivePort does not exist"
time="2026-01-06T11:26:10+08:00" level=info msg="cleanupUserDataLocks: cleaned 0 lock files"
time="2026-01-06T11:26:10+08:00" level=info msg="browser launch: lock cleanup completed"
time="2026-01-06T11:26:10+08:00" level=info msg="browser launch: about to call l.Launch()..."
time="2026-01-06T11:26:10+08:00" level=info msg="browser launch: ===== Attempt 1 EXECUTING LAUNCH ====="
DevTools listening on ws://127.0.0.1:2187/devtools/browser/f9c84147-1aee-44e1-99f2-4a66097c7f54
time="2026-01-06T11:26:10+08:00" level=info msg="browser launch: ===== Attempt 1 LAUNCH RETURNED (duration: 283.493ms) ====="
time="2026-01-06T11:26:10+08:00" level=info msg="browser launch: SUCCESS! control url=ws://127.0.0.1:2187/devtools/browser/f9c84147-1aee-44e1-99f2-4a66097c7f54"
time="2026-01-06T11:26:10+08:00" level=info msg="browser launch: ===== Attempt 1 COMPLETED SUCCESSFULLY ====="
time="2026-01-06T11:26:10+08:00" level=info msg="browser connect: connecting to Chromium"
time="2026-01-06T11:26:10+08:00" level=info msg="browser connect: success"
time="2026-01-06T11:26:10+08:00" level=debug msg="loaded cookies from D:\\test\\xhs-data\\cookies\\acc_5\\cookies.json"
time="2026-01-06T11:26:10+08:00" level=warning msg="apply fingerprint failed: eval js error: TypeError: Cannot read properties of undefined (reading 'apply')\n    at <anonymous>:29:7 <nil>"
time="2026-01-06T11:26:10+08:00" level=info msg="打开 feed 详情页: https://www.xiaohongshu.com/explore/6935443f000000001d03f715?xsec_token=ABIQSFjWEzt5DH1A2c6VXffivrvCoUP-klMiTJggbPpGw=&xsec_source=pc_feed"
time="2026-01-06T11:26:10+08:00" level=info msg="配置: 点击更多=false, 回复阈值=10, 最大评论数=0, 滚动速度=normal"
[29968:22720:0106/112616.987:ERROR:components\device_event_log\device_event_log_impl.cc:198] [11:26:16.988] USB: usb_service_win.cc:105 SetupDiGetDeviceProperty({{A45C254E-DF1C-4EFD-8020-67D146A850E0}, 6}) failed: 找不到元素。 (0x490)
[GIN] 2026/01/06 - 11:26:20 | 200 |    9.5920956s |       127.0.0.1 | POST     "/mcp"
[GIN] 2026/01/06 - 11:26:20 | 200 |     9.603656s |       127.0.0.1 | GET      "/mcp"
[GIN] 2026/01/06 - 11:26:37 | 200 |          5m0s |       127.0.0.1 | GET      "/mcp"
[GIN] 2026/01/06 - 11:26:43 | 200 |          5m0s |       127.0.0.1 | GET      "/mcp"
[GIN] 2026/01/06 - 11:26:54 | 200 |          5m0s |       127.0.0.1 | GET      "/mcp"
[GIN] 2026/01/06 - 11:27:10 | 200 |            0s |       127.0.0.1 | POST     "/mcp"
[GIN] 2026/01/06 - 11:27:10 | 202 |         524µs |       127.0.0.1 | POST     "/mcp"
[GIN] 2026/01/06 - 11:27:10 | 200 |       502.8µs |       127.0.0.1 | POST     "/mcp"
time="2026-01-06T11:27:10+08:00" level=info msg="MCP: 获取Feed详情"
time="2026-01-06T11:27:10+08:00" level=info msg="MCP: 获取Feed详情 - Feed ID: 6925145c000000000d037e10, loadAllComments=false, config={ClickMoreReplies:false MaxRepliesThreshold:10 MaxCommentItems:0 ScrollSpeed:normal}"
time="2026-01-06T11:27:10+08:00" level=info msg="browser launch: using attempt-level timeout control"
time="2026-01-06T11:27:10+08:00" level=info msg="cleanupUserDataLocks: cleaning dir=D:\\test\\xhs-data\\profiles\\acc_5\\profile"
time="2026-01-06T11:27:10+08:00" level=debug msg="cleanupUserDataLocks: D:\\test\\xhs-data\\profiles\\acc_5\\profile\\SingletonLock does not exist"
time="2026-01-06T11:27:10+08:00" level=debug msg="cleanupUserDataLocks: D:\\test\\xhs-data\\profiles\\acc_5\\profile\\SingletonCookie does not exist"
time="2026-01-06T11:27:10+08:00" level=debug msg="cleanupUserDataLocks: D:\\test\\xhs-data\\profiles\\acc_5\\profile\\SingletonSocket does not exist"
time="2026-01-06T11:27:10+08:00" level=info msg="cleanupUserDataLocks: removed D:\\test\\xhs-data\\profiles\\acc_5\\profile\\DevToolsActivePort"
time="2026-01-06T11:27:10+08:00" level=info msg="cleanupUserDataLocks: cleaned 1 lock files"
time="2026-01-06T11:27:10+08:00" level=info msg="browser launch: ===== Attempt 1 START ====="
time="2026-01-06T11:27:10+08:00" level=info msg="browser launch: created independent attempt context with 30s timeout"
time="2026-01-06T11:27:10+08:00" level=info msg="browser launch: created launcher"
time="2026-01-06T11:27:10+08:00" level=info msg="browser launch: headless=true bin=\"D:\\\\test\\\\chromium\\\\chrome-win64\\\\chrome.exe\" userData=\"D:\\\\test\\\\xhs-data\\\\profiles\\\\acc_5\\\\profile\" proxy=\"http://127.0.0.1:11881\" (attempt 1)"
time="2026-01-06T11:27:10+08:00" level=info msg="browser launch args: --disable-background-networking --disable-background-timer-throttling --disable-backgrounding-occluded-windows --disable-breakpad --disable-client-side-phishing-detection --disable-component-extensions-with-background-pages --disable-default-apps --disable-dev-shm-usage --disable-features=site-per-process,TranslateUI --disable-hang-monitor --disable-ipc-flooding-protection --disable-popup-blocking --disable-prompt-on-repost --disable-renderer-backgrounding --disable-site-isolation-trials --disable-sync --enable-automation --enable-features=NetworkService,NetworkServiceInProcess --force-color-profile=srgb --headless --lang=zh-CN --metrics-recording-only --no-default-browser-check --no-first-run --no-sandbox --no-startup-window --proxy-server=http://127.0.0.1:11881 --remote-debugging-port=0 --use-mock-keychain --user-agent=Mozilla/5.0 (Macintosh; Intel Mac OS X 10_15_7) AppleWebKit/537.36 (KHTML, like Gecko) Chrome/126.0.0.187 Safari/537.36 --user-data-dir=D:\\test\\xhs-data\\profiles\\acc_5\\profile"
time="2026-01-06T11:27:10+08:00" level=info msg="browser launch: cleaning locks before launch"
time="2026-01-06T11:27:10+08:00" level=info msg="cleanupUserDataLocks: cleaning dir=D:\\test\\xhs-data\\profiles\\acc_5\\profile"
time="2026-01-06T11:27:10+08:00" level=debug msg="cleanupUserDataLocks: D:\\test\\xhs-data\\profiles\\acc_5\\profile\\SingletonLock does not exist"
time="2026-01-06T11:27:10+08:00" level=debug msg="cleanupUserDataLocks: D:\\test\\xhs-data\\profiles\\acc_5\\profile\\SingletonCookie does not exist"
time="2026-01-06T11:27:10+08:00" level=debug msg="cleanupUserDataLocks: D:\\test\\xhs-data\\profiles\\acc_5\\profile\\SingletonSocket does not exist"
time="2026-01-06T11:27:10+08:00" level=debug msg="cleanupUserDataLocks: D:\\test\\xhs-data\\profiles\\acc_5\\profile\\DevToolsActivePort does not exist"
time="2026-01-06T11:27:10+08:00" level=info msg="cleanupUserDataLocks: cleaned 0 lock files"
time="2026-01-06T11:27:10+08:00" level=info msg="browser launch: lock cleanup completed"
time="2026-01-06T11:27:10+08:00" level=info msg="browser launch: about to call l.Launch()..."
time="2026-01-06T11:27:10+08:00" level=info msg="browser launch: ===== Attempt 1 EXECUTING LAUNCH ====="
DevTools listening on ws://127.0.0.1:11883/devtools/browser/de6daa3a-7fad-4186-8963-3f0daa8810d1
time="2026-01-06T11:27:10+08:00" level=info msg="browser launch: ===== Attempt 1 LAUNCH RETURNED (duration: 257.6333ms) ====="
time="2026-01-06T11:27:10+08:00" level=info msg="browser launch: SUCCESS! control url=ws://127.0.0.1:11883/devtools/browser/de6daa3a-7fad-4186-8963-3f0daa8810d1"
time="2026-01-06T11:27:10+08:00" level=info msg="browser launch: ===== Attempt 1 COMPLETED SUCCESSFULLY ====="
time="2026-01-06T11:27:10+08:00" level=info msg="browser connect: connecting to Chromium"
time="2026-01-06T11:27:10+08:00" level=info msg="browser connect: success"
time="2026-01-06T11:27:10+08:00" level=debug msg="loaded cookies from D:\\test\\xhs-data\\cookies\\acc_5\\cookies.json"
time="2026-01-06T11:27:11+08:00" level=warning msg="apply fingerprint failed: eval js error: TypeError: Cannot read properties of undefined (reading 'apply')\n    at <anonymous>:29:7 <nil>"
time="2026-01-06T11:27:11+08:00" level=info msg="打开 feed 详情页: https://www.xiaohongshu.com/explore/6925145c000000000d037e10?xsec_token=ABNfKUC6ACAGk8fg4vuW181vkAtjbW3x6zjjRw8hEmY5I=&xsec_source=pc_feed"
time="2026-01-06T11:27:11+08:00" level=info msg="配置: 点击更多=false, 回复阈值=10, 最大评论数=0, 滚动速度=normal"
[GIN] 2026/01/06 - 11:27:21 | 200 |   10.7024444s |       127.0.0.1 | POST     "/mcp"
[GIN] 2026/01/06 - 11:27:21 | 200 |   10.7103628s |       127.0.0.1 | GET      "/mcp"
[GIN] 2026/01/06 - 11:27:51 | 200 |            0s |       127.0.0.1 | POST     "/mcp"
[GIN] 2026/01/06 - 11:27:51 | 202 |         515µs |       127.0.0.1 | POST     "/mcp"
[GIN] 2026/01/06 - 11:27:51 | 200 |       521.4µs |       127.0.0.1 | POST     "/mcp"
time="2026-01-06T11:27:51+08:00" level=info msg="MCP: 获取Feed详情"
time="2026-01-06T11:27:51+08:00" level=info msg="MCP: 获取Feed详情 - Feed ID: 6925145c000000000d037e10, loadAllComments=false, config={ClickMoreReplies:false MaxRepliesThreshold:10 MaxCommentItems:0 ScrollSpeed:normal}"
time="2026-01-06T11:27:51+08:00" level=info msg="browser launch: using attempt-level timeout control"
time="2026-01-06T11:27:51+08:00" level=info msg="cleanupUserDataLocks: cleaning dir=D:\\test\\xhs-data\\profiles\\acc_5\\profile"
time="2026-01-06T11:27:51+08:00" level=debug msg="cleanupUserDataLocks: D:\\test\\xhs-data\\profiles\\acc_5\\profile\\SingletonLock does not exist"
time="2026-01-06T11:27:51+08:00" level=debug msg="cleanupUserDataLocks: D:\\test\\xhs-data\\profiles\\acc_5\\profile\\SingletonCookie does not exist"
time="2026-01-06T11:27:51+08:00" level=debug msg="cleanupUserDataLocks: D:\\test\\xhs-data\\profiles\\acc_5\\profile\\SingletonSocket does not exist"
time="2026-01-06T11:27:51+08:00" level=info msg="cleanupUserDataLocks: removed D:\\test\\xhs-data\\profiles\\acc_5\\profile\\DevToolsActivePort"
time="2026-01-06T11:27:51+08:00" level=info msg="cleanupUserDataLocks: cleaned 1 lock files"
time="2026-01-06T11:27:51+08:00" level=info msg="browser launch: ===== Attempt 1 START ====="
time="2026-01-06T11:27:51+08:00" level=info msg="browser launch: created independent attempt context with 30s timeout"
time="2026-01-06T11:27:51+08:00" level=info msg="browser launch: created launcher"
time="2026-01-06T11:27:51+08:00" level=info msg="browser launch: headless=true bin=\"D:\\\\test\\\\chromium\\\\chrome-win64\\\\chrome.exe\" userData=\"D:\\\\test\\\\xhs-data\\\\profiles\\\\acc_5\\\\profile\" proxy=\"http://127.0.0.1:4713\" (attempt 1)"
time="2026-01-06T11:27:51+08:00" level=info msg="browser launch args: --disable-background-networking --disable-background-timer-throttling --disable-backgrounding-occluded-windows --disable-breakpad --disable-client-side-phishing-detection --disable-component-extensions-with-background-pages --disable-default-apps --disable-dev-shm-usage --disable-features=site-per-process,TranslateUI --disable-hang-monitor --disable-ipc-flooding-protection --disable-popup-blocking --disable-prompt-on-repost --disable-renderer-backgrounding --disable-site-isolation-trials --disable-sync --enable-automation --enable-features=NetworkService,NetworkServiceInProcess --force-color-profile=srgb --headless --lang=zh-CN --metrics-recording-only --no-default-browser-check --no-first-run --no-sandbox --no-startup-window --proxy-server=http://127.0.0.1:4713 --remote-debugging-port=0 --use-mock-keychain --user-agent=Mozilla/5.0 (Macintosh; Intel Mac OS X 10_15_7) AppleWebKit/537.36 (KHTML, like Gecko) Chrome/126.0.0.187 Safari/537.36 --user-data-dir=D:\\test\\xhs-data\\profiles\\acc_5\\profile"
time="2026-01-06T11:27:51+08:00" level=info msg="browser launch: cleaning locks before launch"
time="2026-01-06T11:27:51+08:00" level=info msg="cleanupUserDataLocks: cleaning dir=D:\\test\\xhs-data\\profiles\\acc_5\\profile"
time="2026-01-06T11:27:51+08:00" level=debug msg="cleanupUserDataLocks: D:\\test\\xhs-data\\profiles\\acc_5\\profile\\SingletonLock does not exist"
time="2026-01-06T11:27:51+08:00" level=debug msg="cleanupUserDataLocks: D:\\test\\xhs-data\\profiles\\acc_5\\profile\\SingletonCookie does not exist"
time="2026-01-06T11:27:51+08:00" level=debug msg="cleanupUserDataLocks: D:\\test\\xhs-data\\profiles\\acc_5\\profile\\SingletonSocket does not exist"
time="2026-01-06T11:27:51+08:00" level=debug msg="cleanupUserDataLocks: D:\\test\\xhs-data\\profiles\\acc_5\\profile\\DevToolsActivePort does not exist"
time="2026-01-06T11:27:51+08:00" level=info msg="cleanupUserDataLocks: cleaned 0 lock files"
time="2026-01-06T11:27:51+08:00" level=info msg="browser launch: lock cleanup completed"
time="2026-01-06T11:27:51+08:00" level=info msg="browser launch: about to call l.Launch()..."
time="2026-01-06T11:27:51+08:00" level=info msg="browser launch: ===== Attempt 1 EXECUTING LAUNCH ====="
DevTools listening on ws://127.0.0.1:4715/devtools/browser/5af413c4-ef8c-4773-a037-64aecd0091dc
time="2026-01-06T11:27:51+08:00" level=info msg="browser launch: ===== Attempt 1 LAUNCH RETURNED (duration: 298.679ms) ====="
time="2026-01-06T11:27:51+08:00" level=info msg="browser launch: SUCCESS! control url=ws://127.0.0.1:4715/devtools/browser/5af413c4-ef8c-4773-a037-64aecd0091dc"
time="2026-01-06T11:27:51+08:00" level=info msg="browser launch: ===== Attempt 1 COMPLETED SUCCESSFULLY ====="
time="2026-01-06T11:27:51+08:00" level=info msg="browser connect: connecting to Chromium"
time="2026-01-06T11:27:51+08:00" level=info msg="browser connect: success"
time="2026-01-06T11:27:51+08:00" level=debug msg="loaded cookies from D:\\test\\xhs-data\\cookies\\acc_5\\cookies.json"
time="2026-01-06T11:27:51+08:00" level=warning msg="apply fingerprint failed: eval js error: TypeError: Cannot read properties of undefined (reading 'apply')\n    at <anonymous>:29:7 <nil>"
time="2026-01-06T11:27:51+08:00" level=info msg="打开 feed 详情页: https://www.xiaohongshu.com/explore/6925145c000000000d037e10?xsec_token=ABNfKUC6ACAGk8fg4vuW181vkAtjbW3x6zjjRw8hEmY5I=&xsec_source=pc_feed"
time="2026-01-06T11:27:51+08:00" level=info msg="配置: 点击更多=false, 回复阈值=10, 最大评论数=0, 滚动速度=normal"
[GIN] 2026/01/06 - 11:27:59 | 200 |    7.6690556s |       127.0.0.1 | POST     "/mcp"
[GIN] 2026/01/06 - 11:27:59 | 200 |    7.6778826s |       127.0.0.1 | GET      "/mcp"
[GIN] 2026/01/06 - 11:28:11 | 200 |          5m0s |       127.0.0.1 | GET      "/mcp"
[GIN] 2026/01/06 - 11:28:37 | 200 |          5m0s |       127.0.0.1 | GET      "/mcp"
[GIN] 2026/01/06 - 11:29:12 | 200 |            0s |       127.0.0.1 | POST     "/mcp"
[GIN] 2026/01/06 - 11:29:12 | 202 |            0s |       127.0.0.1 | POST     "/mcp"
[GIN] 2026/01/06 - 11:29:12 | 200 |       520.8µs |       127.0.0.1 | POST     "/mcp"
time="2026-01-06T11:29:12+08:00" level=info msg="MCP: 获取Feed详情"
time="2026-01-06T11:29:12+08:00" level=info msg="MCP: 获取Feed详情 - Feed ID: 694b484c000000001f00b45d, loadAllComments=false, config={ClickMoreReplies:false MaxRepliesThreshold:10 MaxCommentItems:0 ScrollSpeed:normal}"
time="2026-01-06T11:29:12+08:00" level=info msg="browser launch: using attempt-level timeout control"
time="2026-01-06T11:29:12+08:00" level=info msg="cleanupUserDataLocks: cleaning dir=D:\\test\\xhs-data\\profiles\\acc_5\\profile"
time="2026-01-06T11:29:12+08:00" level=debug msg="cleanupUserDataLocks: D:\\test\\xhs-data\\profiles\\acc_5\\profile\\SingletonLock does not exist"
time="2026-01-06T11:29:12+08:00" level=debug msg="cleanupUserDataLocks: D:\\test\\xhs-data\\profiles\\acc_5\\profile\\SingletonCookie does not exist"
time="2026-01-06T11:29:12+08:00" level=debug msg="cleanupUserDataLocks: D:\\test\\xhs-data\\profiles\\acc_5\\profile\\SingletonSocket does not exist"
time="2026-01-06T11:29:12+08:00" level=info msg="cleanupUserDataLocks: removed D:\\test\\xhs-data\\profiles\\acc_5\\profile\\DevToolsActivePort"
time="2026-01-06T11:29:12+08:00" level=info msg="cleanupUserDataLocks: cleaned 1 lock files"
time="2026-01-06T11:29:12+08:00" level=info msg="browser launch: ===== Attempt 1 START ====="
time="2026-01-06T11:29:12+08:00" level=info msg="browser launch: created independent attempt context with 30s timeout"
time="2026-01-06T11:29:12+08:00" level=info msg="browser launch: created launcher"
time="2026-01-06T11:29:12+08:00" level=info msg="browser launch: headless=true bin=\"D:\\\\test\\\\chromium\\\\chrome-win64\\\\chrome.exe\" userData=\"D:\\\\test\\\\xhs-data\\\\profiles\\\\acc_5\\\\profile\" proxy=\"http://127.0.0.1:14374\" (attempt 1)"
time="2026-01-06T11:29:12+08:00" level=info msg="browser launch args: --disable-background-networking --disable-background-timer-throttling --disable-backgrounding-occluded-windows --disable-breakpad --disable-client-side-phishing-detection --disable-component-extensions-with-background-pages --disable-default-apps --disable-dev-shm-usage --disable-features=site-per-process,TranslateUI --disable-hang-monitor --disable-ipc-flooding-protection --disable-popup-blocking --disable-prompt-on-repost --disable-renderer-backgrounding --disable-site-isolation-trials --disable-sync --enable-automation --enable-features=NetworkService,NetworkServiceInProcess --force-color-profile=srgb --headless --lang=zh-CN --metrics-recording-only --no-default-browser-check --no-first-run --no-sandbox --no-startup-window --proxy-server=http://127.0.0.1:14374 --remote-debugging-port=0 --use-mock-keychain --user-agent=Mozilla/5.0 (Macintosh; Intel Mac OS X 10_15_7) AppleWebKit/537.36 (KHTML, like Gecko) Chrome/126.0.0.187 Safari/537.36 --user-data-dir=D:\\test\\xhs-data\\profiles\\acc_5\\profile"
time="2026-01-06T11:29:12+08:00" level=info msg="browser launch: cleaning locks before launch"
time="2026-01-06T11:29:12+08:00" level=info msg="cleanupUserDataLocks: cleaning dir=D:\\test\\xhs-data\\profiles\\acc_5\\profile"
time="2026-01-06T11:29:12+08:00" level=debug msg="cleanupUserDataLocks: D:\\test\\xhs-data\\profiles\\acc_5\\profile\\SingletonLock does not exist"
time="2026-01-06T11:29:12+08:00" level=debug msg="cleanupUserDataLocks: D:\\test\\xhs-data\\profiles\\acc_5\\profile\\SingletonCookie does not exist"
time="2026-01-06T11:29:12+08:00" level=debug msg="cleanupUserDataLocks: D:\\test\\xhs-data\\profiles\\acc_5\\profile\\SingletonSocket does not exist"
time="2026-01-06T11:29:12+08:00" level=debug msg="cleanupUserDataLocks: D:\\test\\xhs-data\\profiles\\acc_5\\profile\\DevToolsActivePort does not exist"
time="2026-01-06T11:29:12+08:00" level=info msg="cleanupUserDataLocks: cleaned 0 lock files"
time="2026-01-06T11:29:12+08:00" level=info msg="browser launch: lock cleanup completed"
time="2026-01-06T11:29:12+08:00" level=info msg="browser launch: about to call l.Launch()..."
time="2026-01-06T11:29:12+08:00" level=info msg="browser launch: ===== Attempt 1 EXECUTING LAUNCH ====="
DevTools listening on ws://127.0.0.1:14377/devtools/browser/0f13ad42-d687-4296-ad0d-a1376c72bed5
time="2026-01-06T11:29:12+08:00" level=info msg="browser launch: ===== Attempt 1 LAUNCH RETURNED (duration: 295.2842ms) ====="
time="2026-01-06T11:29:12+08:00" level=info msg="browser launch: SUCCESS! control url=ws://127.0.0.1:14377/devtools/browser/0f13ad42-d687-4296-ad0d-a1376c72bed5"
time="2026-01-06T11:29:12+08:00" level=info msg="browser launch: ===== Attempt 1 COMPLETED SUCCESSFULLY ====="
time="2026-01-06T11:29:12+08:00" level=info msg="browser connect: connecting to Chromium"
time="2026-01-06T11:29:12+08:00" level=info msg="browser connect: success"
time="2026-01-06T11:29:12+08:00" level=debug msg="loaded cookies from D:\\test\\xhs-data\\cookies\\acc_5\\cookies.json"
time="2026-01-06T11:29:12+08:00" level=warning msg="apply fingerprint failed: eval js error: TypeError: Cannot read properties of undefined (reading 'apply')\n    at <anonymous>:29:7 <nil>"
time="2026-01-06T11:29:12+08:00" level=info msg="打开 feed 详情页: https://www.xiaohongshu.com/explore/694b484c000000001f00b45d?xsec_token=ABxb7AUjjJXiooZd2UloeieO6P-lT8V8dz9qJBtAwCGrM=&xsec_source=pc_feed"
time="2026-01-06T11:29:12+08:00" level=info msg="配置: 点击更多=false, 回复阈值=10, 最大评论数=0, 滚动速度=normal"
[24660:24632:0106/112919.035:ERROR:components\device_event_log\device_event_log_impl.cc:198] [11:29:19.035] USB: usb_service_win.cc:105 SetupDiGetDeviceProperty({{A45C254E-DF1C-4EFD-8020-67D146A850E0}, 6}) failed: 找不到元素。 (0x490)
[GIN] 2026/01/06 - 11:29:21 | 200 |     9.652215s |       127.0.0.1 | POST     "/mcp"
[GIN] 2026/01/06 - 11:29:21 | 200 |    9.6606365s |       127.0.0.1 | GET      "/mcp"
[GIN] 2026/01/06 - 11:30:08 | 200 |            0s |       127.0.0.1 | POST     "/mcp"
[GIN] 2026/01/06 - 11:30:08 | 202 |       517.8µs |       127.0.0.1 | POST     "/mcp"
[GIN] 2026/01/06 - 11:30:08 | 200 |       513.5µs |       127.0.0.1 | POST     "/mcp"
time="2026-01-06T11:30:08+08:00" level=info msg="MCP: 获取Feed详情"
time="2026-01-06T11:30:08+08:00" level=info msg="MCP: 获取Feed详情 - Feed ID: 67b1f9f60000000017038f18, loadAllComments=false, config={ClickMoreReplies:false MaxRepliesThreshold:10 MaxCommentItems:0 ScrollSpeed:normal}"
time="2026-01-06T11:30:08+08:00" level=info msg="browser launch: using attempt-level timeout control"
time="2026-01-06T11:30:08+08:00" level=info msg="cleanupUserDataLocks: cleaning dir=D:\\test\\xhs-data\\profiles\\acc_5\\profile"
time="2026-01-06T11:30:08+08:00" level=debug msg="cleanupUserDataLocks: D:\\test\\xhs-data\\profiles\\acc_5\\profile\\SingletonLock does not exist"
time="2026-01-06T11:30:08+08:00" level=debug msg="cleanupUserDataLocks: D:\\test\\xhs-data\\profiles\\acc_5\\profile\\SingletonCookie does not exist"
time="2026-01-06T11:30:08+08:00" level=debug msg="cleanupUserDataLocks: D:\\test\\xhs-data\\profiles\\acc_5\\profile\\SingletonSocket does not exist"
time="2026-01-06T11:30:08+08:00" level=info msg="cleanupUserDataLocks: removed D:\\test\\xhs-data\\profiles\\acc_5\\profile\\DevToolsActivePort"
time="2026-01-06T11:30:08+08:00" level=info msg="cleanupUserDataLocks: cleaned 1 lock files"
time="2026-01-06T11:30:08+08:00" level=info msg="browser launch: ===== Attempt 1 START ====="
time="2026-01-06T11:30:08+08:00" level=info msg="browser launch: created independent attempt context with 30s timeout"
time="2026-01-06T11:30:08+08:00" level=info msg="browser launch: created launcher"
time="2026-01-06T11:30:08+08:00" level=info msg="browser launch: headless=true bin=\"D:\\\\test\\\\chromium\\\\chrome-win64\\\\chrome.exe\" userData=\"D:\\\\test\\\\xhs-data\\\\profiles\\\\acc_5\\\\profile\" proxy=\"http://127.0.0.1:9811\" (attempt 1)"
time="2026-01-06T11:30:08+08:00" level=info msg="browser launch args: --disable-background-networking --disable-background-timer-throttling --disable-backgrounding-occluded-windows --disable-breakpad --disable-client-side-phishing-detection --disable-component-extensions-with-background-pages --disable-default-apps --disable-dev-shm-usage --disable-features=site-per-process,TranslateUI --disable-hang-monitor --disable-ipc-flooding-protection --disable-popup-blocking --disable-prompt-on-repost --disable-renderer-backgrounding --disable-site-isolation-trials --disable-sync --enable-automation --enable-features=NetworkService,NetworkServiceInProcess --force-color-profile=srgb --headless --lang=zh-CN --metrics-recording-only --no-default-browser-check --no-first-run --no-sandbox --no-startup-window --proxy-server=http://127.0.0.1:9811 --remote-debugging-port=0 --use-mock-keychain --user-agent=Mozilla/5.0 (Macintosh; Intel Mac OS X 10_15_7) AppleWebKit/537.36 (KHTML, like Gecko) Chrome/126.0.0.187 Safari/537.36 --user-data-dir=D:\\test\\xhs-data\\profiles\\acc_5\\profile"
time="2026-01-06T11:30:08+08:00" level=info msg="browser launch: cleaning locks before launch"
time="2026-01-06T11:30:08+08:00" level=info msg="cleanupUserDataLocks: cleaning dir=D:\\test\\xhs-data\\profiles\\acc_5\\profile"
time="2026-01-06T11:30:08+08:00" level=debug msg="cleanupUserDataLocks: D:\\test\\xhs-data\\profiles\\acc_5\\profile\\SingletonLock does not exist"
time="2026-01-06T11:30:08+08:00" level=debug msg="cleanupUserDataLocks: D:\\test\\xhs-data\\profiles\\acc_5\\profile\\SingletonCookie does not exist"
time="2026-01-06T11:30:08+08:00" level=debug msg="cleanupUserDataLocks: D:\\test\\xhs-data\\profiles\\acc_5\\profile\\SingletonSocket does not exist"
time="2026-01-06T11:30:08+08:00" level=debug msg="cleanupUserDataLocks: D:\\test\\xhs-data\\profiles\\acc_5\\profile\\DevToolsActivePort does not exist"
time="2026-01-06T11:30:08+08:00" level=info msg="cleanupUserDataLocks: cleaned 0 lock files"
time="2026-01-06T11:30:08+08:00" level=info msg="browser launch: lock cleanup completed"
time="2026-01-06T11:30:08+08:00" level=info msg="browser launch: about to call l.Launch()..."
time="2026-01-06T11:30:08+08:00" level=info msg="browser launch: ===== Attempt 1 EXECUTING LAUNCH ====="
DevTools listening on ws://127.0.0.1:9813/devtools/browser/854da2c2-5578-4588-ab8c-400e543b7433
time="2026-01-06T11:30:09+08:00" level=info msg="browser launch: ===== Attempt 1 LAUNCH RETURNED (duration: 295.6027ms) ====="
time="2026-01-06T11:30:09+08:00" level=info msg="browser launch: SUCCESS! control url=ws://127.0.0.1:9813/devtools/browser/854da2c2-5578-4588-ab8c-400e543b7433"
time="2026-01-06T11:30:09+08:00" level=info msg="browser launch: ===== Attempt 1 COMPLETED SUCCESSFULLY ====="
time="2026-01-06T11:30:09+08:00" level=info msg="browser connect: connecting to Chromium"
time="2026-01-06T11:30:09+08:00" level=info msg="browser connect: success"
time="2026-01-06T11:30:09+08:00" level=debug msg="loaded cookies from D:\\test\\xhs-data\\cookies\\acc_5\\cookies.json"
time="2026-01-06T11:30:09+08:00" level=warning msg="apply fingerprint failed: eval js error: TypeError: Cannot read properties of undefined (reading 'apply')\n    at <anonymous>:29:7 <nil>"
time="2026-01-06T11:30:09+08:00" level=info msg="打开 feed 详情页: https://www.xiaohongshu.com/explore/67b1f9f60000000017038f18?xsec_token=ABTCLQWNddyQG0Ome9v2lzxbjuwDRYq-WskuBY4dIL00Y=&xsec_source=pc_feed"
time="2026-01-06T11:30:09+08:00" level=info msg="配置: 点击更多=false, 回复阈值=10, 最大评论数=0, 滚动速度=normal"
[21560:26104:0106/113015.674:ERROR:components\device_event_log\device_event_log_impl.cc:198] [11:30:15.674] USB: usb_service_win.cc:105 SetupDiGetDeviceProperty({{A45C254E-DF1C-4EFD-8020-67D146A850E0}, 6}) failed: 找不到元素。 (0x490)
[GIN] 2026/01/06 - 11:30:17 | 200 |    8.6088447s |       127.0.0.1 | POST     "/mcp"
[GIN] 2026/01/06 - 11:30:17 | 200 |    8.6167188s |       127.0.0.1 | GET      "/mcp"
[GIN] 2026/01/06 - 11:30:19 | 200 |          5m0s |       127.0.0.1 | GET      "/mcp"
[GIN] 2026/01/06 - 11:31:08 | 200 |          5m0s |       127.0.0.1 | GET      "/mcp"
[GIN] 2026/01/06 - 11:31:39 | 200 |          5m0s |       127.0.0.1 | GET      "/mcp"
[GIN] 2026/01/06 - 11:31:45 | 200 |          5m0s |       127.0.0.1 | GET      "/mcp"
[GIN] 2026/01/06 - 11:31:49 | 200 |       504.6µs |       127.0.0.1 | POST     "/mcp"
[GIN] 2026/01/06 - 11:31:49 | 202 |            0s |       127.0.0.1 | POST     "/mcp"
[GIN] 2026/01/06 - 11:31:49 | 200 |       515.9µs |       127.0.0.1 | POST     "/mcp"
time="2026-01-06T11:31:49+08:00" level=info msg="MCP: 获取Feed详情"
time="2026-01-06T11:31:49+08:00" level=info msg="MCP: 获取Feed详情 - Feed ID: 68f504b0000000000301d010, loadAllComments=false, config={ClickMoreReplies:false MaxRepliesThreshold:10 MaxCommentItems:0 ScrollSpeed:normal}"
time="2026-01-06T11:31:49+08:00" level=info msg="browser launch: using attempt-level timeout control"
time="2026-01-06T11:31:49+08:00" level=info msg="cleanupUserDataLocks: cleaning dir=D:\\test\\xhs-data\\profiles\\acc_5\\profile"
time="2026-01-06T11:31:49+08:00" level=debug msg="cleanupUserDataLocks: D:\\test\\xhs-data\\profiles\\acc_5\\profile\\SingletonLock does not exist"
time="2026-01-06T11:31:49+08:00" level=debug msg="cleanupUserDataLocks: D:\\test\\xhs-data\\profiles\\acc_5\\profile\\SingletonCookie does not exist"
time="2026-01-06T11:31:49+08:00" level=debug msg="cleanupUserDataLocks: D:\\test\\xhs-data\\profiles\\acc_5\\profile\\SingletonSocket does not exist"
time="2026-01-06T11:31:49+08:00" level=info msg="cleanupUserDataLocks: removed D:\\test\\xhs-data\\profiles\\acc_5\\profile\\DevToolsActivePort"
time="2026-01-06T11:31:49+08:00" level=info msg="cleanupUserDataLocks: cleaned 1 lock files"
time="2026-01-06T11:31:49+08:00" level=info msg="browser launch: ===== Attempt 1 START ====="
time="2026-01-06T11:31:49+08:00" level=info msg="browser launch: created independent attempt context with 30s timeout"
time="2026-01-06T11:31:49+08:00" level=info msg="browser launch: created launcher"
time="2026-01-06T11:31:49+08:00" level=info msg="browser launch: headless=true bin=\"D:\\\\test\\\\chromium\\\\chrome-win64\\\\chrome.exe\" userData=\"D:\\\\test\\\\xhs-data\\\\profiles\\\\acc_5\\\\profile\" proxy=\"http://127.0.0.1:2584\" (attempt 1)"
time="2026-01-06T11:31:49+08:00" level=info msg="browser launch args: --disable-background-networking --disable-background-timer-throttling --disable-backgrounding-occluded-windows --disable-breakpad --disable-client-side-phishing-detection --disable-component-extensions-with-background-pages --disable-default-apps --disable-dev-shm-usage --disable-features=site-per-process,TranslateUI --disable-hang-monitor --disable-ipc-flooding-protection --disable-popup-blocking --disable-prompt-on-repost --disable-renderer-backgrounding --disable-site-isolation-trials --disable-sync --enable-automation --enable-features=NetworkService,NetworkServiceInProcess --force-color-profile=srgb --headless --lang=zh-CN --metrics-recording-only --no-default-browser-check --no-first-run --no-sandbox --no-startup-window --proxy-server=http://127.0.0.1:2584 --remote-debugging-port=0 --use-mock-keychain --user-agent=Mozilla/5.0 (Macintosh; Intel Mac OS X 10_15_7) AppleWebKit/537.36 (KHTML, like Gecko) Chrome/126.0.0.187 Safari/537.36 --user-data-dir=D:\\test\\xhs-data\\profiles\\acc_5\\profile"
time="2026-01-06T11:31:49+08:00" level=info msg="browser launch: cleaning locks before launch"
time="2026-01-06T11:31:49+08:00" level=info msg="cleanupUserDataLocks: cleaning dir=D:\\test\\xhs-data\\profiles\\acc_5\\profile"
time="2026-01-06T11:31:49+08:00" level=debug msg="cleanupUserDataLocks: D:\\test\\xhs-data\\profiles\\acc_5\\profile\\SingletonLock does not exist"
time="2026-01-06T11:31:49+08:00" level=debug msg="cleanupUserDataLocks: D:\\test\\xhs-data\\profiles\\acc_5\\profile\\SingletonCookie does not exist"
time="2026-01-06T11:31:49+08:00" level=debug msg="cleanupUserDataLocks: D:\\test\\xhs-data\\profiles\\acc_5\\profile\\SingletonSocket does not exist"
time="2026-01-06T11:31:49+08:00" level=debug msg="cleanupUserDataLocks: D:\\test\\xhs-data\\profiles\\acc_5\\profile\\DevToolsActivePort does not exist"
time="2026-01-06T11:31:49+08:00" level=info msg="cleanupUserDataLocks: cleaned 0 lock files"
time="2026-01-06T11:31:49+08:00" level=info msg="browser launch: lock cleanup completed"
time="2026-01-06T11:31:49+08:00" level=info msg="browser launch: about to call l.Launch()..."
time="2026-01-06T11:31:49+08:00" level=info msg="browser launch: ===== Attempt 1 EXECUTING LAUNCH ====="
DevTools listening on ws://127.0.0.1:2586/devtools/browser/499c5972-bcff-4bfc-994c-696b6a7fcbfc
time="2026-01-06T11:31:49+08:00" level=info msg="browser launch: ===== Attempt 1 LAUNCH RETURNED (duration: 284.6938ms) ====="
time="2026-01-06T11:31:49+08:00" level=info msg="browser launch: SUCCESS! control url=ws://127.0.0.1:2586/devtools/browser/499c5972-bcff-4bfc-994c-696b6a7fcbfc"
time="2026-01-06T11:31:49+08:00" level=info msg="browser launch: ===== Attempt 1 COMPLETED SUCCESSFULLY ====="
time="2026-01-06T11:31:49+08:00" level=info msg="browser connect: connecting to Chromium"
time="2026-01-06T11:31:49+08:00" level=info msg="browser connect: success"
time="2026-01-06T11:31:49+08:00" level=debug msg="loaded cookies from D:\\test\\xhs-data\\cookies\\acc_5\\cookies.json"
time="2026-01-06T11:31:49+08:00" level=warning msg="apply fingerprint failed: eval js error: TypeError: Cannot read properties of undefined (reading 'apply')\n    at <anonymous>:29:7 <nil>"
time="2026-01-06T11:31:49+08:00" level=info msg="打开 feed 详情页: https://www.xiaohongshu.com/explore/68f504b0000000000301d010?xsec_token=AB3vUSUDMRBw25mLDkcM0buOO2A6xO4ZUCpY84TvT3pQk=&xsec_source=pc_feed"
time="2026-01-06T11:31:49+08:00" level=info msg="配置: 点击更多=false, 回复阈值=10, 最大评论数=0, 滚动速度=normal"
[24812:24712:0106/113154.066:ERROR:components\device_event_log\device_event_log_impl.cc:198] [11:31:54.067] USB: usb_service_win.cc:105 SetupDiGetDeviceProperty({{A45C254E-DF1C-4EFD-8020-67D146A850E0}, 6}) failed: 找不到元素。 (0x490)
[GIN] 2026/01/06 - 11:31:56 | 200 |          5m0s |       127.0.0.1 | GET      "/mcp"
[GIN] 2026/01/06 - 11:31:58 | 200 |    9.5651949s |       127.0.0.1 | POST     "/mcp"
[GIN] 2026/01/06 - 11:31:58 | 200 |    9.5793994s |       127.0.0.1 | GET      "/mcp"
[GIN] 2026/01/06 - 11:32:35 | 200 |            0s |       127.0.0.1 | POST     "/mcp"
[GIN] 2026/01/06 - 11:32:35 | 202 |            0s |       127.0.0.1 | POST     "/mcp"
[GIN] 2026/01/06 - 11:32:35 | 200 |         518µs |       127.0.0.1 | POST     "/mcp"
time="2026-01-06T11:32:35+08:00" level=info msg="MCP: 获取Feed详情"
time="2026-01-06T11:32:35+08:00" level=info msg="MCP: 获取Feed详情 - Feed ID: 69577d470000000022022655, loadAllComments=false, config={ClickMoreReplies:false MaxRepliesThreshold:10 MaxCommentItems:0 ScrollSpeed:normal}"
time="2026-01-06T11:32:35+08:00" level=info msg="browser launch: using attempt-level timeout control"
time="2026-01-06T11:32:35+08:00" level=info msg="cleanupUserDataLocks: cleaning dir=D:\\test\\xhs-data\\profiles\\acc_5\\profile"
time="2026-01-06T11:32:35+08:00" level=debug msg="cleanupUserDataLocks: D:\\test\\xhs-data\\profiles\\acc_5\\profile\\SingletonLock does not exist"
time="2026-01-06T11:32:35+08:00" level=debug msg="cleanupUserDataLocks: D:\\test\\xhs-data\\profiles\\acc_5\\profile\\SingletonCookie does not exist"
time="2026-01-06T11:32:35+08:00" level=debug msg="cleanupUserDataLocks: D:\\test\\xhs-data\\profiles\\acc_5\\profile\\SingletonSocket does not exist"
time="2026-01-06T11:32:35+08:00" level=info msg="cleanupUserDataLocks: removed D:\\test\\xhs-data\\profiles\\acc_5\\profile\\DevToolsActivePort"
time="2026-01-06T11:32:35+08:00" level=info msg="cleanupUserDataLocks: cleaned 1 lock files"
time="2026-01-06T11:32:35+08:00" level=info msg="browser launch: ===== Attempt 1 START ====="
time="2026-01-06T11:32:35+08:00" level=info msg="browser launch: created independent attempt context with 30s timeout"
time="2026-01-06T11:32:35+08:00" level=info msg="browser launch: created launcher"
time="2026-01-06T11:32:35+08:00" level=info msg="browser launch: headless=true bin=\"D:\\\\test\\\\chromium\\\\chrome-win64\\\\chrome.exe\" userData=\"D:\\\\test\\\\xhs-data\\\\profiles\\\\acc_5\\\\profile\" proxy=\"http://127.0.0.1:8326\" (attempt 1)"
time="2026-01-06T11:32:35+08:00" level=info msg="browser launch args: --disable-background-networking --disable-background-timer-throttling --disable-backgrounding-occluded-windows --disable-breakpad --disable-client-side-phishing-detection --disable-component-extensions-with-background-pages --disable-default-apps --disable-dev-shm-usage --disable-features=site-per-process,TranslateUI --disable-hang-monitor --disable-ipc-flooding-protection --disable-popup-blocking --disable-prompt-on-repost --disable-renderer-backgrounding --disable-site-isolation-trials --disable-sync --enable-automation --enable-features=NetworkService,NetworkServiceInProcess --force-color-profile=srgb --headless --lang=zh-CN --metrics-recording-only --no-default-browser-check --no-first-run --no-sandbox --no-startup-window --proxy-server=http://127.0.0.1:8326 --remote-debugging-port=0 --use-mock-keychain --user-agent=Mozilla/5.0 (Macintosh; Intel Mac OS X 10_15_7) AppleWebKit/537.36 (KHTML, like Gecko) Chrome/126.0.0.187 Safari/537.36 --user-data-dir=D:\\test\\xhs-data\\profiles\\acc_5\\profile"
time="2026-01-06T11:32:35+08:00" level=info msg="browser launch: cleaning locks before launch"
time="2026-01-06T11:32:35+08:00" level=info msg="cleanupUserDataLocks: cleaning dir=D:\\test\\xhs-data\\profiles\\acc_5\\profile"
time="2026-01-06T11:32:35+08:00" level=debug msg="cleanupUserDataLocks: D:\\test\\xhs-data\\profiles\\acc_5\\profile\\SingletonLock does not exist"
time="2026-01-06T11:32:35+08:00" level=debug msg="cleanupUserDataLocks: D:\\test\\xhs-data\\profiles\\acc_5\\profile\\SingletonCookie does not exist"
time="2026-01-06T11:32:35+08:00" level=debug msg="cleanupUserDataLocks: D:\\test\\xhs-data\\profiles\\acc_5\\profile\\SingletonSocket does not exist"
time="2026-01-06T11:32:35+08:00" level=debug msg="cleanupUserDataLocks: D:\\test\\xhs-data\\profiles\\acc_5\\profile\\DevToolsActivePort does not exist"
time="2026-01-06T11:32:35+08:00" level=info msg="cleanupUserDataLocks: cleaned 0 lock files"
time="2026-01-06T11:32:35+08:00" level=info msg="browser launch: lock cleanup completed"
time="2026-01-06T11:32:35+08:00" level=info msg="browser launch: about to call l.Launch()..."
time="2026-01-06T11:32:35+08:00" level=info msg="browser launch: ===== Attempt 1 EXECUTING LAUNCH ====="
DevTools listening on ws://127.0.0.1:8473/devtools/browser/7c947758-9641-4a53-8bdb-b92bef867d4a
time="2026-01-06T11:32:35+08:00" level=info msg="browser launch: ===== Attempt 1 LAUNCH RETURNED (duration: 304.7434ms) ====="
time="2026-01-06T11:32:35+08:00" level=info msg="browser launch: SUCCESS! control url=ws://127.0.0.1:8473/devtools/browser/7c947758-9641-4a53-8bdb-b92bef867d4a"
time="2026-01-06T11:32:35+08:00" level=info msg="browser launch: ===== Attempt 1 COMPLETED SUCCESSFULLY ====="
time="2026-01-06T11:32:35+08:00" level=info msg="browser connect: connecting to Chromium"
time="2026-01-06T11:32:35+08:00" level=info msg="browser connect: success"
time="2026-01-06T11:32:35+08:00" level=debug msg="loaded cookies from D:\\test\\xhs-data\\cookies\\acc_5\\cookies.json"
time="2026-01-06T11:32:35+08:00" level=warning msg="apply fingerprint failed: eval js error: TypeError: Cannot read properties of undefined (reading 'apply')\n    at <anonymous>:29:7 <nil>"
time="2026-01-06T11:32:35+08:00" level=info msg="打开 feed 详情页: https://www.xiaohongshu.com/explore/69577d470000000022022655?xsec_token=ABqnPzfHmLEQ5K2oG5ltosBT2pB0gfW_d03CFbEvr7-Gg=&xsec_source=pc_feed"
time="2026-01-06T11:32:35+08:00" level=info msg="配置: 点击更多=false, 回复阈值=10, 最大评论数=0, 滚动速度=normal"
[22036:30540:0106/113240.815:ERROR:components\device_event_log\device_event_log_impl.cc:198] [11:32:40.816] USB: usb_service_win.cc:105 SetupDiGetDeviceProperty({{A45C254E-DF1C-4EFD-8020-67D146A850E0}, 6}) failed: 找不到元素。 (0x490)
time="2026-01-06T11:32:56+08:00" level=error msg="Tool handler panicked" panic="navigation failed: net::ERR_EMPTY_RESPONSE" tool=get_feed_detail
time="2026-01-06T11:32:56+08:00" level=error msg="Stack trace:\ngoroutine 5278 [running]:\nruntime/debug.Stack()\n\tD:/software/go/src/runtime/debug/stack.go:26 +0x5e\nmain.registerTools.withPanicRecovery[...].func28.1()\n\tD:/xhs-mcp/backend/mcp_server.go:187 +0x1c5\npanic({0x7ff7a5d9cfc0?, 0xc000c611a0?})\n\tD:/software/go/src/runtime/panic.go:783 +0x132\ngithub.com/go-rod/rod/lib/utils.init.func2({0x7ff7a5d9cfc0?, 0xc000c611a0?})\n\tC:/Users/Administrator/go/pkg/mod/github.com/go-rod/rod@v0.116.2/lib/utils/utils.go:68 +0x1d\ngithub.com/xpzouying/xiaohongshu-mcp/browser.New.New.(*Browser).WithPanic.genE.func5({0xc000c611b0?, 0xc0010e8510?, 0x8a?})\n\tC:/Users/Administrator/go/pkg/mod/github.com/go-rod/rod@v0.116.2/must.go:36 +0x5c\ngithub.com/go-rod/rod.(*Page).MustNavigate(0xc00154e580, {0xc0010e8510?, 0x7ff7a5777511?})\n\tC:/Users/Administrator/go/pkg/mod/github.com/go-rod/rod@v0.116.2/must.go:232 +0x89\ngithub.com/xpzouying/xiaohongshu-mcp/xiaohongshu.(*FeedDetailAction).GetFeedDetailWithConfig.func1()\n\tD:/xhs-mcp/backend/xiaohongshu/feed_detail.go:90 +0x25\ngithub.com/avast/retry-go/v4.Do.func1()\n\tC:/Users/Administrator/go/pkg/mod/github.com/avast/retry-go/v4@v4.7.0/retry.go:116 +0x13\ngithub.com/avast/retry-go/v4.DoWithData[...](0xc000867390?, {0xc000867528, 0x4, 0x10})\n\tC:/Users/Administrator/go/pkg/mod/github.com/avast/retry-go/v4@v4.7.0/retry.go:180 +0x63d\ngithub.com/avast/retry-go/v4.Do(0x7ff7a6573de0?, {0xc000867528?, 0x7ff7a5eee9d4?, 0x4d?})\n\tC:/Users/Administrator/go/pkg/mod/github.com/avast/retry-go/v4@v4.7.0/retry.go:119 +0x3e\ngithub.com/xpzouying/xiaohongshu-mcp/xiaohongshu.(*FeedDetailAction).GetFeedDetailWithConfig(0xc000867628, {0x7ff7a610df38?, 0xc00099c180?}, {0xc000717848, 0x18}, {0xc0002bd4d0, 0x2e}, 0x0, {0x0, 0xa, ...})\n\tD:/xhs-mcp/backend/xiaohongshu/feed_detail.go:88 +0x348\nmain.(*XiaohongshuService).GetFeedDetailWithConfig(0x3?, {0x7ff7a610df38, 0xc00099c180}, {0xc000717848, 0x18}, {0xc0002bd4d0, 0x2e}, 0x0, {0x0, 0xa, ...})\n\tD:/xhs-mcp/backend/service.go:793 +0x15b\nmain.(*AppServer).handleGetFeedDetail(0xc0006958f0, {0x7ff7a610df38, 0xc00099c180}, 0xc000867988)\n\tD:/xhs-mcp/backend/mcp_handlers.go:612 +0x94e\nmain.registerTools.func10({0x7ff7a610df38?, 0xc00049a840?}, 0x16?, {0x5, {0xc000717848, 0x18}, {0xc0002bd4d0, 0x2e}, 0x0, 0x0, ...})\n\tD:/xhs-mcp/backend/mcp_server.go:395 +0x4b9\nmain.registerTools.withPanicRecovery[...].func28(0xc0003277b8?, {0x5, {0xc000717848, 0x18}, {0xc0002bd4d0, 0x2e}, 0x0, 0x0, 0x0, 0x0, ...})\n\tD:/xhs-mcp/backend/mcp_server.go:202 +0x139\ngithub.com/modelcontextprotocol/go-sdk/mcp.toolForErr[...].func1(0xc0006570e0)\n\tC:/Users/Administrator/go/pkg/mod/github.com/modelcontextprotocol/go-sdk@v0.7.0/mcp/server.go:259 +0x28e\ngithub.com/modelcontextprotocol/go-sdk/mcp.(*Server).callTool(0xc000165500, {0x7ff7a610df38, 0xc00049a840}, 0xc0006570e0)\n\tC:/Users/Administrator/go/pkg/mod/github.com/modelcontextprotocol/go-sdk@v0.7.0/mcp/server.go:527 +0xf9\ngithub.com/modelcontextprotocol/go-sdk/mcp.init.serverMethod[...].func19(0xa?)\n\tC:/Users/Administrator/go/pkg/mod/github.com/modelcontextprotocol/go-sdk@v0.7.0/mcp/shared.go:305 +0x34\ngithub.com/modelcontextprotocol/go-sdk/mcp.newServerMethodInfo[...].func2({0xc000898020?, 0xa?}, {0x7ff7a610e5a0?, 0xc0006570e0?})\n\tC:/Users/Administrator/go/pkg/mod/github.com/modelcontextprotocol/go-sdk@v0.7.0/mcp/shared.go:261 +0x42\ngithub.com/modelcontextprotocol/go-sdk/mcp.defaultReceivingMethodHandler[...]({0x7ff7a610df38?, 0xc00049a840}, {0xc000898020, 0xa}, {0x7ff7a610e5a0, 0xc0006570e0})\n\tC:/Users/Administrator/go/pkg/mod/github.com/modelcontextprotocol/go-sdk@v0.7.0/mcp/shared.go:141 +0x103\ngithub.com/modelcontextprotocol/go-sdk/mcp.handleReceive[...]({0x7ff7a610df38, 0xc00049a840}, 0xc000b7cd20, 0xc001b30640)\n\tC:/Users/Administrator/go/pkg/mod/github.com/modelcontextprotocol/go-sdk@v0.7.0/mcp/shared.go:158 +0x228\ngithub.com/modelcontextprotocol/go-sdk/mcp.(*ServerSession).handle(0xc000b7cd20, {0x7ff7a610df38, 0xc000625f50}, 0xc001b30640)\n\tC:/Users/Administrator/go/pkg/mod/github.com/modelcontextprotocol/go-sdk@v0.7.0/mcp/server.go:1070 +0x205\ngithub.com/modelcontextprotocol/go-sdk/internal/jsonrpc2.HandlerFunc.Handle(0xc000ba1101?, {0x7ff7a610df38?, 0xc000625f50?}, 0x7ff7a6112bf8?)\n\tC:/Users/Administrator/go/pkg/mod/github.com/modelcontextprotocol/go-sdk@v0.7.0/internal/jsonrpc2/jsonrpc2.go:84 +0x29\ngithub.com/modelcontextprotocol/go-sdk/internal/jsonrpc2.(*Connection).handleAsync.func3()\n\tC:/Users/Administrator/go/pkg/mod/github.com/modelcontextprotocol/go-sdk@v0.7.0/internal/jsonrpc2/conn.go:696 +0x76\ncreated by github.com/modelcontextprotocol/go-sdk/internal/jsonrpc2.(*Connection).handleAsync in goroutine 5277\n\tC:/Users/Administrator/go/pkg/mod/github.com/modelcontextprotocol/go-sdk@v0.7.0/internal/jsonrpc2/conn.go:694 +0x205\n"
[GIN] 2026/01/06 - 11:32:56 | 200 |   20.8219762s |       127.0.0.1 | POST     "/mcp"
[GIN] 2026/01/06 - 11:32:56 | 200 |   20.8309551s |       127.0.0.1 | GET      "/mcp"
[GIN] 2026/01/06 - 11:33:12 | 200 |          5m0s |       127.0.0.1 | GET      "/mcp"
[GIN] 2026/01/06 - 11:33:27 | 200 |            0s |       127.0.0.1 | POST     "/mcp"
[GIN] 2026/01/06 - 11:33:27 | 202 |            0s |       127.0.0.1 | POST     "/mcp"
[GIN] 2026/01/06 - 11:33:27 | 200 |       521.1µs |       127.0.0.1 | POST     "/mcp"
time="2026-01-06T11:33:27+08:00" level=info msg="MCP: 获取Feed详情"
time="2026-01-06T11:33:27+08:00" level=info msg="MCP: 获取Feed详情 - Feed ID: 67b3295c000000002902bf35, loadAllComments=false, config={ClickMoreReplies:false MaxRepliesThreshold:10 MaxCommentItems:0 ScrollSpeed:normal}"
time="2026-01-06T11:33:27+08:00" level=info msg="browser launch: using attempt-level timeout control"
time="2026-01-06T11:33:27+08:00" level=info msg="cleanupUserDataLocks: cleaning dir=D:\\test\\xhs-data\\profiles\\acc_5\\profile"
time="2026-01-06T11:33:27+08:00" level=debug msg="cleanupUserDataLocks: D:\\test\\xhs-data\\profiles\\acc_5\\profile\\SingletonLock does not exist"
time="2026-01-06T11:33:27+08:00" level=debug msg="cleanupUserDataLocks: D:\\test\\xhs-data\\profiles\\acc_5\\profile\\SingletonCookie does not exist"
time="2026-01-06T11:33:27+08:00" level=debug msg="cleanupUserDataLocks: D:\\test\\xhs-data\\profiles\\acc_5\\profile\\SingletonSocket does not exist"
time="2026-01-06T11:33:27+08:00" level=info msg="cleanupUserDataLocks: removed D:\\test\\xhs-data\\profiles\\acc_5\\profile\\DevToolsActivePort"
time="2026-01-06T11:33:27+08:00" level=info msg="cleanupUserDataLocks: cleaned 1 lock files"
time="2026-01-06T11:33:27+08:00" level=info msg="browser launch: ===== Attempt 1 START ====="
time="2026-01-06T11:33:27+08:00" level=info msg="browser launch: created independent attempt context with 30s timeout"
time="2026-01-06T11:33:27+08:00" level=info msg="browser launch: created launcher"
time="2026-01-06T11:33:27+08:00" level=info msg="browser launch: headless=true bin=\"D:\\\\test\\\\chromium\\\\chrome-win64\\\\chrome.exe\" userData=\"D:\\\\test\\\\xhs-data\\\\profiles\\\\acc_5\\\\profile\" proxy=\"http://127.0.0.1:8334\" (attempt 1)"
time="2026-01-06T11:33:27+08:00" level=info msg="browser launch args: --disable-background-networking --disable-background-timer-throttling --disable-backgrounding-occluded-windows --disable-breakpad --disable-client-side-phishing-detection --disable-component-extensions-with-background-pages --disable-default-apps --disable-dev-shm-usage --disable-features=site-per-process,TranslateUI --disable-hang-monitor --disable-ipc-flooding-protection --disable-popup-blocking --disable-prompt-on-repost --disable-renderer-backgrounding --disable-site-isolation-trials --disable-sync --enable-automation --enable-features=NetworkService,NetworkServiceInProcess --force-color-profile=srgb --headless --lang=zh-CN --metrics-recording-only --no-default-browser-check --no-first-run --no-sandbox --no-startup-window --proxy-server=http://127.0.0.1:8334 --remote-debugging-port=0 --use-mock-keychain --user-agent=Mozilla/5.0 (Macintosh; Intel Mac OS X 10_15_7) AppleWebKit/537.36 (KHTML, like Gecko) Chrome/126.0.0.187 Safari/537.36 --user-data-dir=D:\\test\\xhs-data\\profiles\\acc_5\\profile"
time="2026-01-06T11:33:27+08:00" level=info msg="browser launch: cleaning locks before launch"
time="2026-01-06T11:33:27+08:00" level=info msg="cleanupUserDataLocks: cleaning dir=D:\\test\\xhs-data\\profiles\\acc_5\\profile"
time="2026-01-06T11:33:27+08:00" level=debug msg="cleanupUserDataLocks: D:\\test\\xhs-data\\profiles\\acc_5\\profile\\SingletonLock does not exist"
time="2026-01-06T11:33:27+08:00" level=debug msg="cleanupUserDataLocks: D:\\test\\xhs-data\\profiles\\acc_5\\profile\\SingletonCookie does not exist"
time="2026-01-06T11:33:27+08:00" level=debug msg="cleanupUserDataLocks: D:\\test\\xhs-data\\profiles\\acc_5\\profile\\SingletonSocket does not exist"
time="2026-01-06T11:33:27+08:00" level=debug msg="cleanupUserDataLocks: D:\\test\\xhs-data\\profiles\\acc_5\\profile\\DevToolsActivePort does not exist"
time="2026-01-06T11:33:27+08:00" level=info msg="cleanupUserDataLocks: cleaned 0 lock files"
time="2026-01-06T11:33:27+08:00" level=info msg="browser launch: lock cleanup completed"
time="2026-01-06T11:33:27+08:00" level=info msg="browser launch: about to call l.Launch()..."
time="2026-01-06T11:33:27+08:00" level=info msg="browser launch: ===== Attempt 1 EXECUTING LAUNCH ====="
DevTools listening on ws://127.0.0.1:8336/devtools/browser/a179a491-1dc4-40fc-b263-9e145c4042af
time="2026-01-06T11:33:27+08:00" level=info msg="browser launch: ===== Attempt 1 LAUNCH RETURNED (duration: 267.1152ms) ====="
time="2026-01-06T11:33:27+08:00" level=info msg="browser launch: SUCCESS! control url=ws://127.0.0.1:8336/devtools/browser/a179a491-1dc4-40fc-b263-9e145c4042af"
time="2026-01-06T11:33:27+08:00" level=info msg="browser launch: ===== Attempt 1 COMPLETED SUCCESSFULLY ====="
time="2026-01-06T11:33:27+08:00" level=info msg="browser connect: connecting to Chromium"
time="2026-01-06T11:33:27+08:00" level=info msg="browser connect: success"
time="2026-01-06T11:33:27+08:00" level=debug msg="loaded cookies from D:\\test\\xhs-data\\cookies\\acc_5\\cookies.json"
time="2026-01-06T11:33:27+08:00" level=warning msg="apply fingerprint failed: eval js error: TypeError: Cannot read properties of undefined (reading 'apply')\n    at <anonymous>:29:7 <nil>"
time="2026-01-06T11:33:27+08:00" level=info msg="打开 feed 详情页: https://www.xiaohongshu.com/explore/67b3295c000000002902bf35?xsec_token=ABPVJnIMRFkF1-CSs0QigaSORGtgb771l0v58tyKwSuks=&xsec_source=pc_feed"
time="2026-01-06T11:33:27+08:00" level=info msg="配置: 点击更多=false, 回复阈值=10, 最大评论数=0, 滚动速度=normal"
[25344:28856:0106/113334.032:ERROR:components\device_event_log\device_event_log_impl.cc:198] [11:33:34.033] USB: usb_service_win.cc:105 SetupDiGetDeviceProperty({{A45C254E-DF1C-4EFD-8020-67D146A850E0}, 6}) failed: 找不到元素。 (0x490)
[GIN] 2026/01/06 - 11:33:35 | 200 |    8.5245072s |       127.0.0.1 | POST     "/mcp"
[GIN] 2026/01/06 - 11:33:35 | 200 |    8.5322204s |       127.0.0.1 | GET      "/mcp"
[GIN] 2026/01/06 - 11:33:39 | 200 |          5m0s |       127.0.0.1 | GET      "/mcp"
[GIN] 2026/01/06 - 11:34:35 | 200 |       562.1µs |       127.0.0.1 | POST     "/mcp"
[GIN] 2026/01/06 - 11:34:35 | 202 |            0s |       127.0.0.1 | POST     "/mcp"
[GIN] 2026/01/06 - 11:34:35 | 200 |       523.7µs |       127.0.0.1 | POST     "/mcp"
time="2026-01-06T11:34:35+08:00" level=info msg="MCP: 获取Feed详情"
time="2026-01-06T11:34:35+08:00" level=info msg="MCP: 获取Feed详情 - Feed ID: 690325790000000004002bb0, loadAllComments=false, config={ClickMoreReplies:false MaxRepliesThreshold:10 MaxCommentItems:0 ScrollSpeed:normal}"
time="2026-01-06T11:34:35+08:00" level=info msg="browser launch: using attempt-level timeout control"
time="2026-01-06T11:34:35+08:00" level=info msg="cleanupUserDataLocks: cleaning dir=D:\\test\\xhs-data\\profiles\\acc_5\\profile"
time="2026-01-06T11:34:35+08:00" level=debug msg="cleanupUserDataLocks: D:\\test\\xhs-data\\profiles\\acc_5\\profile\\SingletonLock does not exist"
time="2026-01-06T11:34:35+08:00" level=debug msg="cleanupUserDataLocks: D:\\test\\xhs-data\\profiles\\acc_5\\profile\\SingletonCookie does not exist"
time="2026-01-06T11:34:35+08:00" level=debug msg="cleanupUserDataLocks: D:\\test\\xhs-data\\profiles\\acc_5\\profile\\SingletonSocket does not exist"
time="2026-01-06T11:34:35+08:00" level=info msg="cleanupUserDataLocks: removed D:\\test\\xhs-data\\profiles\\acc_5\\profile\\DevToolsActivePort"
time="2026-01-06T11:34:35+08:00" level=info msg="cleanupUserDataLocks: cleaned 1 lock files"
time="2026-01-06T11:34:35+08:00" level=info msg="browser launch: ===== Attempt 1 START ====="
time="2026-01-06T11:34:35+08:00" level=info msg="browser launch: created independent attempt context with 30s timeout"
time="2026-01-06T11:34:35+08:00" level=info msg="browser launch: created launcher"
time="2026-01-06T11:34:35+08:00" level=info msg="browser launch: headless=true bin=\"D:\\\\test\\\\chromium\\\\chrome-win64\\\\chrome.exe\" userData=\"D:\\\\test\\\\xhs-data\\\\profiles\\\\acc_5\\\\profile\" proxy=\"http://127.0.0.1:4354\" (attempt 1)"
time="2026-01-06T11:34:35+08:00" level=info msg="browser launch args: --disable-background-networking --disable-background-timer-throttling --disable-backgrounding-occluded-windows --disable-breakpad --disable-client-side-phishing-detection --disable-component-extensions-with-background-pages --disable-default-apps --disable-dev-shm-usage --disable-features=site-per-process,TranslateUI --disable-hang-monitor --disable-ipc-flooding-protection --disable-popup-blocking --disable-prompt-on-repost --disable-renderer-backgrounding --disable-site-isolation-trials --disable-sync --enable-automation --enable-features=NetworkService,NetworkServiceInProcess --force-color-profile=srgb --headless --lang=zh-CN --metrics-recording-only --no-default-browser-check --no-first-run --no-sandbox --no-startup-window --proxy-server=http://127.0.0.1:4354 --remote-debugging-port=0 --use-mock-keychain --user-agent=Mozilla/5.0 (Macintosh; Intel Mac OS X 10_15_7) AppleWebKit/537.36 (KHTML, like Gecko) Chrome/126.0.0.187 Safari/537.36 --user-data-dir=D:\\test\\xhs-data\\profiles\\acc_5\\profile"
time="2026-01-06T11:34:35+08:00" level=info msg="browser launch: cleaning locks before launch"
time="2026-01-06T11:34:35+08:00" level=info msg="cleanupUserDataLocks: cleaning dir=D:\\test\\xhs-data\\profiles\\acc_5\\profile"
time="2026-01-06T11:34:35+08:00" level=debug msg="cleanupUserDataLocks: D:\\test\\xhs-data\\profiles\\acc_5\\profile\\SingletonLock does not exist"
time="2026-01-06T11:34:35+08:00" level=debug msg="cleanupUserDataLocks: D:\\test\\xhs-data\\profiles\\acc_5\\profile\\SingletonCookie does not exist"
time="2026-01-06T11:34:35+08:00" level=debug msg="cleanupUserDataLocks: D:\\test\\xhs-data\\profiles\\acc_5\\profile\\SingletonSocket does not exist"
time="2026-01-06T11:34:35+08:00" level=debug msg="cleanupUserDataLocks: D:\\test\\xhs-data\\profiles\\acc_5\\profile\\DevToolsActivePort does not exist"
time="2026-01-06T11:34:35+08:00" level=info msg="cleanupUserDataLocks: cleaned 0 lock files"
time="2026-01-06T11:34:35+08:00" level=info msg="browser launch: lock cleanup completed"
time="2026-01-06T11:34:35+08:00" level=info msg="browser launch: about to call l.Launch()..."
time="2026-01-06T11:34:35+08:00" level=info msg="browser launch: ===== Attempt 1 EXECUTING LAUNCH ====="
DevTools listening on ws://127.0.0.1:4357/devtools/browser/6caeb867-aace-45c7-9102-b07bdf173230
time="2026-01-06T11:34:35+08:00" level=info msg="browser launch: ===== Attempt 1 LAUNCH RETURNED (duration: 285.2639ms) ====="
time="2026-01-06T11:34:35+08:00" level=info msg="browser launch: SUCCESS! control url=ws://127.0.0.1:4357/devtools/browser/6caeb867-aace-45c7-9102-b07bdf173230"
time="2026-01-06T11:34:35+08:00" level=info msg="browser launch: ===== Attempt 1 COMPLETED SUCCESSFULLY ====="
time="2026-01-06T11:34:35+08:00" level=info msg="browser connect: connecting to Chromium"
time="2026-01-06T11:34:36+08:00" level=info msg="browser connect: success"
time="2026-01-06T11:34:36+08:00" level=debug msg="loaded cookies from D:\\test\\xhs-data\\cookies\\acc_5\\cookies.json"
time="2026-01-06T11:34:36+08:00" level=warning msg="apply fingerprint failed: eval js error: TypeError: Cannot read properties of undefined (reading 'apply')\n    at <anonymous>:29:7 <nil>"
time="2026-01-06T11:34:36+08:00" level=info msg="打开 feed 详情页: https://www.xiaohongshu.com/explore/690325790000000004002bb0?xsec_token=ABf2X-vPp0-nL7ShFrVGgUB8Rpftw42kY3NqIsWaaMW84=&xsec_source=pc_feed"
time="2026-01-06T11:34:36+08:00" level=info msg="配置: 点击更多=false, 回复阈值=10, 最大评论数=0, 滚动速度=normal"
[30700:6820:0106/113442.345:ERROR:components\device_event_log\device_event_log_impl.cc:198] [11:34:42.345] USB: usb_service_win.cc:105 SetupDiGetDeviceProperty({{A45C254E-DF1C-4EFD-8020-67D146A850E0}, 6}) failed: 找不到元素。 (0x490)
[GIN] 2026/01/06 - 11:34:45 | 200 |    9.5536987s |       127.0.0.1 | POST     "/mcp"
[GIN] 2026/01/06 - 11:34:45 | 200 |    9.5605094s |       127.0.0.1 | GET      "/mcp"
[GIN] 2026/01/06 - 11:35:20 | 200 |          5m0s |       127.0.0.1 | GET      "/mcp"